Renesas Optimizing Linker (W3.03.00 )             05-May-2022 16:34:11

*** Options ***

-subcommand=LinkerControlPCB_HWM.tmp
-MAKEUD=D:\Chieniwa\E2_Studio\ControlPCB_HWM\HardwareDebug/ControlPCB_HWM_l.ud
-device="D:/Chieniwa/E2_Studio/.eclipse/com.renesas.platform_1435879475/DebugComp/RL78/RL78/Common/DR5F104ML.DVF"
-list="ControlPCB_HWM.map"
-show=all
-nooptimize
-entry=_start
-auto_section_layout
-security_id=00000000000000000000
-debug_monitor=7FE00-7FFFF
-user_opt_byte=FFFFF8
-ocdbg=84
-ocdtr
-input=".\generate\cstart.obj"
-input=".\generate\stkinit.obj"
-input=".\src\EEPROM.obj"
-input=".\src\crc32.obj"
-input=".\src\crc8.obj"
-input=".\src/hwm\error_check.obj"
-input=".\src/hwm\hand_sensor_interface.obj"
-input=".\src/hwm\hwm_main.obj"
-input=".\src/hwm\io_control.obj"
-input=".\src/hwm\normal_operation.obj"
-input=".\src/hwm\operation.obj"
-input=".\src/hwm\raspberry_pi_interface.obj"
-input=".\src\interrupt_handle.obj"
-input=".\src\r_cg_adc.obj"
-input=".\src\r_cg_adc_user.obj"
-input=".\src\r_cg_cgc.obj"
-input=".\src\r_cg_cgc_user.obj"
-input=".\src\r_cg_dac.obj"
-input=".\src\r_cg_dac_user.obj"
-input=".\src\r_cg_port.obj"
-input=".\src\r_cg_port_user.obj"
-input=".\src\r_cg_rtc.obj"
-input=".\src\r_cg_rtc_user.obj"
-input=".\src\r_cg_serial.obj"
-input=".\src\r_cg_serial_user.obj"
-input=".\src\r_cg_timer.obj"
-input=".\src\r_cg_timer_user.obj"
-input=".\src\r_cg_wdt.obj"
-input=".\src\r_cg_wdt_user.obj"
-input=".\src\r_main.obj"
-input=".\src\r_systeminit.obj"
-input=".\src\usr_timer.obj"
-library="C:\Program Files (x86)\Renesas Electronics\CS+\CC\CC-RL\V1.10.00\lib\rl78em4s99.lib"
-library="C:\Program Files (x86)\Renesas Electronics\CS+\CC\CC-RL\V1.10.00\lib\rl78em4r.lib"
-library="C:\Program Files (x86)\Renesas Electronics\CS+\CC\CC-RL\V1.10.00\lib\malloc_n.lib"
-output="ControlPCB_HWM.abs"
-debug
-nocompress
-rom=.data=.dataR,.sdata=.sdataR
-nomessage
-nologo

*** Error information ***

*** Mapping List ***

SECTION                            START      END         SIZE   ALIGN
.vect
                                  00000000  0000007f        80   0
.constf
                                  00000080  00000080         0   2
.sdata
                                  00000080  00000080         0   2
.option_byte
                                  000000c0  000000c3         4   1
.security_id
                                  000000c4  000000cd         a   1
.monitor1
                                  000000ce  000000d7         a   1
.data
                                  000000d8  00000193        bc   2
.text
                                  00000194  000004ad       31a   1
.RLIB
                                  000004ae  000009a8       4fb   1
.SLIB
                                  000009a9  000009c4        1c   1
.const
                                  00003000  0000350f       510   2
.textf
                                  00003510  00006bac      369d   1
.monitor2
                                  0007fe00  0007ffff       200   1
.bss
                                  000f4700  000f4b24       425   2
.dataR
                                  000f4b26  000f4be1        bc   2
.sbss
                                  000ffe20  000ffe20         0   2
.sdataR
                                  000ffe20  000ffe20         0   2

*** Total Section Size ***

RAMDATA SECTION:  000004e1 Byte(s)
ROMDATA SECTION:  00000864 Byte(s)
PROGRAM SECTION:  00003ece Byte(s)

*** Symbol List ***

SECTION=
FILE=                               START        END    SIZE
  SYMBOL                            ADDR        SIZE    INFO      COUNTS  OPT
    STRUCT                                      SIZE
      MEMBER                        ADDR        SIZE    INFO

SECTION=.vect
FILE=rlink_generates_04
                                  00000000  0000007f        80

SECTION=.option_byte
FILE=rlink_generates_01
                                  000000c0  000000c3         4

SECTION=.security_id
FILE=rlink_generates_03
                                  000000c4  000000cd         a

SECTION=.monitor1
FILE=rlink_generates_02
                                  000000ce  000000d7         a

SECTION=.data
FILE=.\src\hwm\hand_sensor_interface.obj
                                  000000d8  000000d8         1
FILE=.\src\hwm\hwm_main.obj
                                  000000da  0000016f        96
FILE=.\src\hwm\io_control.obj
                                  00000170  00000170         1
FILE=.\src\hwm\normal_operation.obj
                                  00000172  00000172         1
FILE=.\src\hwm\raspberry_pi_interface.obj
                                  00000174  0000017a         7
FILE=.\src\r_main.obj
                                  0000017c  00000193        18

SECTION=.text
FILE=.\generate\cstart.obj
                                  00000194  000001ed        5a
  _start
                                  00000194         0   entry,g         0
  _exit
                                  000001ec         0   none ,g         1
FILE=.\src\r_cg_adc_user.obj
                                  000001ee  00000207        1a
  _r_adc_interrupt@1
                                  000001ee        1a   func ,l         0
FILE=.\src\r_cg_serial_user.obj
                                  00000208  00000485       27e
  _r_uart1_interrupt_receive@1
                                  00000208        5f   func ,l         0
  _r_uart1_interrupt_send@1
                                  00000267        31   func ,l         0
  _r_csi00_interrupt@1
                                  00000298        49   func ,l         0
  _r_csi01_interrupt@1
                                  000002e1        85   func ,l         0
  _r_uart2_interrupt_receive@1
                                  00000366        5f   func ,l         0
  _r_uart2_interrupt_send@1
                                  000003c5        31   func ,l         0
  _r_uart3_interrupt_receive@1
                                  000003f6        5f   func ,l         0
  _r_uart3_interrupt_send@1
                                  00000455        31   func ,l         0
FILE=.\src\r_cg_timer_user.obj
                                  00000486  000004ab        26
  _r_tau0_channel0_interrupt@1
                                  00000486        1c   func ,l         0
  _r_tau0_channel1_interrupt@1
                                  000004a2         5   func ,l         0
  _r_tau0_channel2_interrupt@1
                                  000004a7         5   func ,l         0
FILE=.\src\r_cg_wdt_user.obj
                                  000004ac  000004ad         2
  _r_wdt_interrupt@1
                                  000004ac         2   func ,l         0

SECTION=.RLIB
FILE=memcpy
                                  000004ae  000004be        11
  _memcpy
                                  000004ae         0   none ,g         6
FILE=_COM_faddsub
                                  000004bf  000005f9       13b
  __COM_fsub
                                  0000051b         0   none ,g         0
  __COM_fadd
                                  00000523         0   none ,g         2
FILE=_COM_fdiv
                                  000005fa  00000727       12e
  __COM_fdiv
                                  00000659         0   none ,g         8
FILE=_COM_fge
                                  00000728  0000073d        16
  __COM_fge
                                  00000728         0   none ,g         3
FILE=_COM_fgt
                                  0000073e  00000753        16
  __COM_fgt
                                  0000073e         0   none ,g         6
FILE=_COM_fle
                                  00000754  00000769        16
  __COM_fle
                                  00000754         0   none ,g         2
FILE=_COM_flt
                                  0000076a  0000077f        16
  __COM_flt
                                  0000076a         0   none ,g         8
FILE=_COM_fmul
                                  00000780  0000086c        ed
  __COM_fmul
                                  000007cb         0   none ,g         c
FILE=_COM_ftoul
                                  0000086d  00000878         c
  __COM_ftoul
                                  0000086d         0   none ,g         4
FILE=_COM_funordered
                                  00000879  00000883         b
  __COM_funordered
                                  00000879         0   none ,g         b
FILE=_COM_ultof
                                  00000884  00000889         6
  __COM_ultof
                                  00000884         0   none ,g         4
FILE=_REL_fcmp
                                  0000088a  000008c1        38
  __REL_fcmp
                                  0000088a         0   none ,g         4
FILE=_REL_fordered_core
                                  000008c2  000008dd        1c
  __REL_fordered_core
                                  000008c2         0   none ,g         5
FILE=_REL_ftol
                                  000008de  00000912        35
  __REL_ftol
                                  000008de         0   none ,g         1
FILE=_REL_f_inf
                                  00000913  0000091a         8
  __REL_f_inf
                                  00000913         0   none ,g         5
FILE=_REL_f_norm
                                  0000091b  0000092a        10
  __REL_f_norm
                                  0000091b         0   none ,g         3
FILE=_REL_f_round
                                  0000092b  0000093d        13
  __REL_f_round
                                  0000092b         0   none ,g         4
FILE=_REL_ltof
                                  0000093e  00000987        4a
  __REL_ltof
                                  0000093e         0   none ,g         1
FILE=_COM_lshr
                                  00000988  000009a8        21
  __COM_lshr
                                  00000992         0   none ,g         1

SECTION=.SLIB
FILE=__fpclassifyf
                                  000009a9  000009c4        1c
  ___fpclassifyf
                                  000009a9         0   none ,g         1

SECTION=.const
FILE=.\src\EEPROM.obj
                                  00003000  00003001         2
FILE=.\src\crc32.obj
                                  00003002  00003401       400
  _crc32_table
                                  00003002       400   data ,g         2
FILE=.\src\crc8.obj
                                  00003402  00003501       100
  _crc_table@1
                                  00003402       100   data ,l         2
FILE=.\src\hwm\raspberry_pi_interface.obj
                                  00003502  00003505         4
  _time_setting_p
                                  00003502         2   data ,g         0
  _number_setting_p
                                  00003504         2   data ,g         0
FILE=.\src\r_main.obj
                                  00003506  0000350f         a

SECTION=.textf
FILE=.\generate\stkinit.obj
                                  00003510  00003553        44
  _stkinit
                                  00003510         0   none ,g         1
  LSTINIT1
                                  0000351e         0   none ,l         1
  LSTINIT2
                                  00003548         0   none ,l         2
  LSTINIT3
                                  00003553         0   none ,l         2
FILE=.\src\EEPROM.obj
                                  00003554  000037b2       25f
  _EEPROM_Init
                                  00003554        2b   func ,g         1
  _rEE_Status
                                  0000357f        1b   func ,g         6
  _sEE_WriteEnable
                                  0000359a        12   func ,g         3
  _sEE_WriteDisable
                                  000035ac        12   func ,g         0
  _EE_SPI_Write
                                  000035be        df   func ,g         5
  _EE_SPI_Read
                                  0000369d        b7   func ,g         3
  _sEE_Block
                                  00003754        11   func ,g         0
  _sEE_SendInstruction
                                  00003765         3   func ,g         0
  _sEE_SendReceiveInstruction
                                  00003768         4   func ,g         0
  _EE_TransmitData
                                  0000376c        2c   func ,g         a
  _sEE_WriteStatusRegister
                                  00003798        1b   func ,g         2
FILE=.\src\crc32.obj
                                  000037b3  00003851        9f
  _xcrc32
                                  000037b3        4e   func ,g         0
  _CRC32
                                  00003801        51   func ,g         0
FILE=.\src\crc8.obj
                                  00003852  000038b1        60
  _crc8_4
                                  00003852        43   func ,g         1
  _crc8_1
                                  00003895        1d   func ,g         6
FILE=.\src\hwm\error_check.obj
                                  000038b2  00004009       758
  _Voltage1Check_waitReset
                                  000038b2        a6   func ,g         1
  _Voltage2Check_nostop
                                  00003958        a8   func ,g         1
  _Voltage3Check_waitReset
                                  00003a00        c7   func ,g         1
  _LowVoltageCheck_waitReset
                                  00003ac7        e7   func ,g         1
  _OverCurrentCheck_waitReset
                                  00003bae       1ae   func ,g         1
  _FlowSensorCheck_nonstop
                                  00003d5c        5a   func ,g         1
  _solenoidCheck_nonstop
                                  00003db6        92   func ,g         0
  _saltWaterTankFullCheck_nonstop
                                  00003e48        6e   func ,g         0
  _saltWaterTankEmptyCheck
                                  00003eb6        2e   func ,g         0
  _acidSkipErrorCheck_nonstop
                                  00003ee4        2c   func ,g         0
  _alkalineSkipErrorCheck
                                  00003f10        2c   func ,g         0
  _waterFullErrorCheck
                                  00003f3c        3f   func ,g         0
  _filterReplacementErrorCheck
                                  00003f7b        3e   func ,g         1
  _levelSkipErrorCheck
                                  00003fb9        51   func ,g         2
FILE=.\src\hwm\hand_sensor_interface.obj
                                  0000400a  00004068        5f
  _handSensorLED
                                  0000400a        30   func ,g        10
  _handSensorLEDBlink
                                  0000403a        21   func ,g         2
  _HandSensorLEDEndBlink
                                  0000405b         e   func ,g         1
FILE=.\src\hwm\hwm_main.obj
                                  00004069  00004cf1       c89
  _setting_default
                                  00004069        a8   func ,g         0
  _sendRS485
                                  00004111        3f   func ,g         3
  _sendR485_7byte
                                  00004150        57   func ,g         2
  _isThisCommand
                                  000041a7        3e   func ,g         0
  _DrainageAcidAndAlkalineTankStart_nostop
                                  000041e5         2   func ,g         0
  _WaterSupplyStart_nostop
                                  000041e7        e8   func ,g         1
  _ElectrolyticOperation_nostop
                                  000042cf        e3   func ,g         3
  _acidWaterTankSkipCheck
                                  000043b2        3c   func ,g         0
  _alkalineWaterTankSkipCheck
                                  000043ee        40   func ,g         0
  _FilterReplacementCheck
                                  0000442e         2   func ,g         0
  _main_init_20211111
                                  00004430        6e   func ,g         1
  _userAuthHandler_nostop
                                  0000449e        48   func ,g         1
  _ElectrolyzeWaterGeneration_nostop
                                  000044e6        67   func ,g         1
  _isSV1andSV2Off8h
                                  0000454d        4e   func ,g         1
  _CallanCleaningMode_nostop
                                  0000459b        6e   func ,g         1
  _DrainageMode_nostop
                                  00004609        e2   func ,g         1
  _NormalMode_nostop
                                  000046eb        53   func ,g         1
  _TestPowerOn_nostop_keepstate
                                  0000473e        d7   func ,g         1
  _FlowRateAdjustmentMode_nostop_keepstate
                                  00004815        7d   func ,g         1
  _CurrentAdjustmentMode_nostop_keepstate
                                  00004892        4f   func ,g         1
  _ElectrolyteAdjustmentOperation
                                  000048e1        57   func ,g         1
  _TestOperation_nostop
                                  00004938        45   func ,g         0
  _NeutralizationTreatment
                                  0000497d        6c   func ,g         0
  _main_loop_20211111
                                  000049e9        51   func ,g         1
  _realTimeResponse
                                  00004a3a        52   func ,g         9
  _UpdateMachineStatus
                                  00004a8c       106   func ,g         4
  _manufactureReset
                                  00004b92       160   func ,g         1
FILE=.\src\hwm\io_control.obj
                                  00004cf2  0000518a       499
  _OutputIO
                                  00004cf2        9f   func ,g         2
  _isAcidTankFull
                                  00004d91        49   func ,g         3
  _isAcidTankAlmostFull
                                  00004dda        49   func ,g         0
  _isAcidTankHasSomething
                                  00004e23        48   func ,g         1
  _isAcidTankEmpty
                                  00004e6b        48   func ,g         4
  _isAlkalineTankFull
                                  00004eb3        49   func ,g         3
  _isAlkalineTankAlmostFull
                                  00004efc        49   func ,g         0
  _isAlkalineTankHasSomething_nonstop
                                  00004f45        48   func ,g         1
  _isAlkalineTankEmpty_nonstop
                                  00004f8d        48   func ,g         4
  _measureFlowSensor
                                  00004fd5        d2   func ,g         1
  _measureFlowSensor_nostop
                                  000050a7        e4   func ,g         3
FILE=.\src\hwm\normal_operation.obj
                                  0000518b  000055b6       42c
  _WaterWashingMode_nostop
                                  0000518b        62   func ,g         1
  _HandWashingMode_nostop
                                  000051ed       1d3   func ,g         1
  _AcidWaterMode_nostop
                                  000053c0        fa   func ,g         1
  _AlkalineWaterMode_nostop
                                  000054ba        fd   func ,g         1
FILE=.\src\hwm\operation.obj
                                  000055b7  00005689        d3
  _electrolyticOperationON
                                  000055b7        2a   func ,g         4
  _isElectrolyticOperationOFF_nostop
                                  000055e1        a5   func ,g         1
  _TestModeOperation
                                  00005686         4   func ,g         0
FILE=.\src\hwm\raspberry_pi_interface.obj
                                  0000568a  00005b96       50d
  _AlarmResponse
                                  0000568a         4   func ,g         0
  _SaveComfirmResponse
                                  0000568e        1e   func ,g         1
  _RaspberryCommunication_nostop
                                  000056ac        5f   func ,g         1
  _sendToRasPi_f
                                  0000570b        28   func ,g        11
  _sendToRasPi_u32
                                  00005733        28   func ,g         8
  _sendToRasPi_Revert_i32
                                  0000575b        38   func ,g         1
  _waitAlarmConfirm_stop
                                  00005793        3c   func ,g         5
  _waitAlarmConfirm_nonstop
                                  000057cf         c   func ,g         0
  _resetAlarm
                                  000057db         4   func ,g         5
  _ResponseHandler
                                  000057df        2e   func ,g         1
  _ResponseWashingMode
                                  0000580d        16   func ,g         1
  _ResponseNextAnimation
                                  00005823        21   func ,g         1
  _MonitoringStatus
                                  00005844        2d   func ,g         1
  _TestIndividual
                                  00005871        27   func ,g         1
  _TestControl
                                  00005898        74   func ,g         1
  _TestMode
                                  0000590c        35   func ,g         1
  _SendTimeSetting
                                  00005941        3c   func ,g         1
  _SendNumberSetting
                                  0000597d        3c   func ,g         1
  _GetAndSaveTimeSetting
                                  000059b9        83   func ,g         1
  _GetAndSaveNumberSetting
                                  00005a3c       15b   func ,g         1
FILE=.\src\interrupt_handle.obj
                                  00005b97  00005e3f       2a9
  _adc_int_handle
                                  00005b97        7c   func ,g         1
  _Raspberry_uart2_handle
                                  00005c13       209   func ,g         1
  _isCommandNeedResponse
                                  00005e1c        24   func ,g         1
FILE=.\src\r_cg_adc.obj
                                  00005e40  00005ea1        62
  _R_ADC_Create
                                  00005e40        33   func ,g         2
  _R_ADC_Start
                                  00005e73         a   func ,g         2
  _R_ADC_Stop
                                  00005e7d         a   func ,g         0
  _R_ADC_Set_OperationOn
                                  00005e87         4   func ,g         1
  _R_ADC_Set_OperationOff
                                  00005e8b         4   func ,g         0
  _R_ADC_Get_Result
                                  00005e8f         7   func ,g         2
  _R_ADC_Set_ADChannel
                                  00005e96         c   func ,g         0
FILE=.\src\r_cg_cgc.obj
                                  00005ea2  00005eb7        16
  _R_CGC_Create
                                  00005ea2        16   func ,g         1
FILE=.\src\r_cg_cgc_user.obj
                                  00005eb8  00005eba         3
  _R_CGC_Get_ResetSource
                                  00005eb8         3   func ,g         1
FILE=.\src\r_cg_dac.obj
                                  00005ebb  00005eed        33
  _R_DAC_Create
                                  00005ebb        1d   func ,g         2
  _R_DAC0_Start
                                  00005ed8         4   func ,g         1
  _R_DAC0_Stop
                                  00005edc         4   func ,g         0
  _R_DAC0_Set_ConversionValue
                                  00005ee0         3   func ,g         2
  _R_DAC1_Start
                                  00005ee3         4   func ,g         1
  _R_DAC1_Stop
                                  00005ee7         4   func ,g         0
  _R_DAC1_Set_ConversionValue
                                  00005eeb         3   func ,g         2
FILE=.\src\r_cg_port.obj
                                  00005eee  00005f35        48
  _R_PORT_Create
                                  00005eee        48   func ,g         1
FILE=.\src\r_cg_port_user.obj
                                  00005f36  00005f36         1
  _R_PORT_Create_UserInit
                                  00005f36         1   func ,g         1
FILE=.\src\r_cg_rtc.obj
                                  00005f37  00006074       13e
  _R_RTC_Create
                                  00005f37        27   func ,g         2
  _R_RTC_Start
                                  00005f5e         4   func ,g         0
  _R_RTC_Stop
                                  00005f62         4   func ,g         0
  _R_RTC_Get_CounterValue
                                  00005f66        51   func ,g         0
  _R_RTC_Set_CounterValue
                                  00005fb7        be   func ,g         0
FILE=.\src\r_cg_serial.obj
                                  00006075  00006567       4f3
  _R_CSI01_Receive
                                  00006075        1a   func ,g         0
  _R_CSI01_Send
                                  0000608f        26   func ,g         0
  _R_SAU0_Create
                                  000060b5        17   func ,g         2
  _R_UART1_Create
                                  000060cc        7e   func ,g         2
  _R_UART1_Start
                                  0000614a        26   func ,g         1
  _R_UART1_Stop
                                  00006170        1e   func ,g         0
  _R_UART1_Receive
                                  0000618e        18   func ,g         0
  _R_UART1_Send
                                  000061a6        29   func ,g         0
  _R_CSI00_Create
                                  000061cf        53   func ,g         2
  _R_CSI00_Start
                                  00006222        26   func ,g         1
  _R_CSI00_Stop
                                  00006248        18   func ,g         0
  _R_CSI00_Send
                                  00006260        28   func ,g         0
  _R_CSI01_Create
                                  00006288        5a   func ,g         3
  _R_CSI01_Start
                                  000062e2        26   func ,g         1
  _R_CSI01_Stop
                                  00006308        18   func ,g         1
  _R_CSI01_Send_Receive
                                  00006320        36   func ,g         1
  _R_SAU1_Create
                                  00006356        14   func ,g         2
  _R_UART2_Create
                                  0000636a        7e   func ,g         2
  _R_UART2_Start
                                  000063e8        26   func ,g         2
  _R_UART2_Stop
                                  0000640e        1e   func ,g         1
  _R_UART2_Receive
                                  0000642c        18   func ,g         6
  _R_UART2_Send
                                  00006444        29   func ,g         7
  _R_UART3_Create
                                  0000646d        76   func ,g         2
  _R_UART3_Start
                                  000064e3        26   func ,g         2
  _R_UART3_Stop
                                  00006509        1e   func ,g         1
  _R_UART3_Receive
                                  00006527        18   func ,g         3
  _R_UART3_Send
                                  0000653f        29   func ,g         2
FILE=.\src\r_cg_serial_user.obj
                                  00006568  000065d4        6d
  _r_uart1_callback_receiveend@1
                                  00006568         1   func ,l         1
  _r_uart1_callback_softwareoverrun@1
                                  00006569         1   func ,l         1
  _r_uart1_callback_sendend@1
                                  0000656a         1   func ,l         1
  _r_uart1_callback_error@1
                                  0000656b         1   func ,l         1
  _r_csi00_callback_sendend@1
                                  0000656c         1   func ,l         1
  _r_csi01_callback_receiveend@1
                                  0000656d         7   func ,l         1
  _r_csi01_callback_error@1
                                  00006574         1   func ,l         1
  _r_csi01_callback_sendend@1
                                  00006575         4   func ,l         1
  _r_uart2_callback_receiveend@1
                                  00006579         4   func ,l         1
  _r_uart2_callback_softwareoverrun@1
                                  0000657d         1   func ,l         1
  _r_uart2_callback_sendend@1
                                  0000657e         4   func ,l         1
  _r_uart2_callback_error@1
                                  00006582         1   func ,l         1
  _r_uart3_callback_receiveend@1
                                  00006583        49   func ,l         1
  _r_uart3_callback_softwareoverrun@1
                                  000065cc         1   func ,l         1
  _r_uart3_callback_sendend@1
                                  000065cd         7   func ,l         1
  _r_uart3_callback_error@1
                                  000065d4         1   func ,l         1
FILE=.\src\r_cg_timer.obj
                                  000065d5  000066e1       10d
  _R_TAU0_Create
                                  000065d5        ad   func ,g         2
  _R_TAU0_Channel0_Start
                                  00006682        10   func ,g         1
  _R_TAU0_Channel0_Stop
                                  00006692        10   func ,g         0
  _R_TAU0_Channel1_Start
                                  000066a2        10   func ,g         0
  _R_TAU0_Channel1_Stop
                                  000066b2        10   func ,g         0
  _R_TAU0_Channel2_Start
                                  000066c2        10   func ,g         0
  _R_TAU0_Channel2_Stop
                                  000066d2        10   func ,g         0
FILE=.\src\r_cg_wdt.obj
                                  000066e2  000066f6        15
  _R_WDT_Create
                                  000066e2        11   func ,g         1
  _R_WDT_Restart
                                  000066f3         4   func ,g         7
FILE=.\src\r_main.obj
                                  000066f7  00006a45       34f
  _nostop_checkHandSensor
                                  000066f7        31   func ,g         0
  _readHS
                                  00006728        15   func ,g         0
  _main
                                  0000673d       2b2   func ,g         1
  _R_MAIN_UserInit
                                  000069ef        57   func ,g         1
FILE=.\src\r_systeminit.obj
                                  00006a46  00006a7c        37
  _R_Systeminit
                                  00006a46        32   func ,g         1
  _hdwinit
                                  00006a78         5   func ,g         1
FILE=.\src\usr_timer.obj
                                  00006a7d  00006bac       130
  _delay_ms
                                  00006a7d        68   func ,g         2
  _delay
                                  00006ae5        18   func ,g         0
  _ns_delay_ms
                                  00006afd        6c   func ,g        44
  _mTask
                                  00006b69        44   func ,g         0

SECTION=.monitor2
FILE=rlink_generates_02
                                  0007fe00  0007ffff       200

SECTION=.bss
FILE=.\src\EEPROM.obj
                                  000f4700  000f4726        27
  _eeprom_status
                                  000f4700         1   data ,g         c
    union  EEPROM_status_u {
                                                   1
      _eeprom_status.refined
                                  000f4700         1
    struct  {
                                                   1
      _eeprom_status.refined.RB
                                  000f4700         1   unsigned char:1(7)
      _eeprom_status.refined.WEN
                                  000f4700         1   unsigned char:1(6)
      _eeprom_status.refined.BP
                                  000f4700         1   unsigned char:2(4)
      _eeprom_status.refined.RSVD
                                  000f4700         1   unsigned char:3(1)
      _eeprom_status.refined.WPEN
                                  000f4700         1   unsigned char:1(0)
    }
      _eeprom_status.raw
                                  000f4700         1   unsigned char
    }
  _spi_flag
                                  000f4702         2   data ,g         3
  _buf
                                  000f4704        23   data ,g        12
FILE=.\src\hwm\error_check.obj
                                  000f4728  000f4734         d
  _g_TimeKeeper@1
                                  000f4728         a   data ,l         5
    struct Tick_Keeper_s {
                                                   a
      _g_TimeKeeper@1.electrolyteOff_h
                                  000f4728         1   unsigned char
      _g_TimeKeeper@1.SV1SV2OnTime_s
                                  000f472a         2   unsigned short
      _g_TimeKeeper@1.SV1SV2OnTime_h
                                  000f472c         2   unsigned short
      _g_TimeKeeper@1.neutralization
                                  000f472e         4   unsigned long
    }
  _g_alarm
                                  000f4732         3   data ,g        1c
    union  Alarm_Flag_u {
                                                   3
      _g_alarm.refined
                                  000f4732         3
    struct  {
                                                   3
      _g_alarm.refined.over_voltage_1
                                  000f4732         1   unsigned char:1(7)
      _g_alarm.refined.over_voltage_2
                                  000f4732         1   unsigned char:1(6)
      _g_alarm.refined.over_voltage_3
                                  000f4732         1   unsigned char:1(5)
      _g_alarm.refined.underVoltage
                                  000f4732         1   unsigned char:1(4)
      _g_alarm.refined.abnormal_flow
                                  000f4732         1   unsigned char:1(3)
      _g_alarm.refined.abnormal_current
                                  000f4732         1   unsigned char:1(2)
      _g_alarm.refined.over_curent
                                  000f4732         1   unsigned char:1(1)
      _g_alarm.refined.solenoid
                                  000f4732         1   unsigned char:1(0)
      _g_alarm.refined.salt_full
                                  000f4733         1   unsigned char:1(7)
      _g_alarm.refined.salt_empty
                                  000f4733         1   unsigned char:1(6)
      _g_alarm.refined.acid_skip
                                  000f4733         1   unsigned char:1(5)
      _g_alarm.refined.alkaline_skip
                                  000f4733         1   unsigned char:1(4)
      _g_alarm.refined.water_full
                                  000f4733         1   unsigned char:1(3)
      _g_alarm.refined.filter
                                  000f4733         1   unsigned char:1(2)
      _g_alarm.refined.cvcc
                                  000f4733         1   unsigned char:1(1)
      _g_alarm.refined.rsvd
                                  000f4734         1   unsigned char:8(0)
    }
    }
FILE=.\src\hwm\hwm_main.obj
                                  000f4736  000f4942       20d
  _g_TimeKeeper@1
                                  000f4736         a   data ,l         5
    struct Tick_Keeper_s {
                                                   a
      _g_TimeKeeper@1.electrolyteOff_h
                                  000f4736         1   unsigned char
      _g_TimeKeeper@1.SV1SV2OnTime_s
                                  000f4738         2   unsigned short
      _g_TimeKeeper@1.SV1SV2OnTime_h
                                  000f473a         2   unsigned short
      _g_TimeKeeper@1.neutralization
                                  000f473c         4   unsigned long
    }
  _g_numberSetting
                                  000f4740        2a   data ,g        5a
    struct Number_Setting_s {
                                                  2a
      _g_numberSetting.upperVoltage1
                                  000f4740         4   float
      _g_numberSetting.upperVoltage2
                                  000f4744         4   float
      _g_numberSetting.upperVoltage3
                                  000f4748         4   float
      _g_numberSetting.lowerVoltage
                                  000f474c         4   float
      _g_numberSetting.upperCurrent
                                  000f4750         4   float
      _g_numberSetting.lowerCurrent
                                  000f4754         4   float
      _g_numberSetting.upperFlow
                                  000f4758         4   float
      _g_numberSetting.lowerFlow
                                  000f475c         4   float
      _g_numberSetting.cvccCurrent
                                  000f4760         4   float
      _g_numberSetting.saltPumpVoltage
                                  000f4764         4   float
      _g_numberSetting.crc
                                  000f4768         1   char
    }
  _g_neutralization_time_s
                                  000f476a         4   data ,g         8
  _g_color
                                  000f476e         1   data ,g         b
  _g_pre_color
                                  000f476f         1   data ,g         3
  _g_flow_value
                                  000f4770         4   data ,g         0
  _g_machine_state
                                  000f4774         f   data ,g        79
    struct Machine_State_u {
                                                   f
      _g_machine_state.akaline
                                  000f4774         1   unsigned char
      _g_machine_state.acid
                                  000f4775         1   unsigned char
      _g_machine_state.water
                                  000f4776         1   unsigned char
      _g_machine_state.handwash
                                  000f4777         1   unsigned char
      _g_machine_state.waterSupply
                                  000f4778         1   unsigned char
      _g_machine_state.flowSensor
                                  000f4779         1   unsigned char
      _g_machine_state.callan
                                  000f477a         1   unsigned char
      _g_machine_state.electrolyteOperation
                                  000f477b         1   unsigned char
      _g_machine_state.electrolyteOFF
                                  000f477c         1   unsigned char
      _g_machine_state.drainage
                                  000f477d         1   unsigned char
      _g_machine_state.isMidNight
                                  000f477e         1   unsigned char
      _g_machine_state.test
                                  000f477f         1   unsigned char
      _g_machine_state.neutrlization
                                  000f4780         1   unsigned char
      _g_machine_state.user
                                  000f4781         1   unsigned char
      _g_machine_state.mode
                                  000f4782         1   unsigned char
    }
  _g_io_status
                                  000f4784        12   data ,g        35
    union  IO_Status_u {
                                                  12
      _g_io_status.refined
                                  000f4784        12
    struct  {
                                                  12
      _g_io_status.refined.io
                                  000f4784         5
    struct IO_Struct {
                                                   5
      _g_io_status.refined.io.AlkalineEmptyLevel
                                  000f4784         1   unsigned char:1(7)
      _g_io_status.refined.io.AlkalineLowLevel
                                  000f4784         1   unsigned char:1(6)
      _g_io_status.refined.io.AlkalineHighLevel
                                  000f4784         1   unsigned char:1(5)
      _g_io_status.refined.io.AcidEmptyLevel
                                  000f4784         1   unsigned char:1(4)
      _g_io_status.refined.io.AcidLowLevel
                                  000f4784         1   unsigned char:1(3)
      _g_io_status.refined.io.AcidHighLevel
                                  000f4784         1   unsigned char:1(2)
      _g_io_status.refined.io.SaltLowLevel
                                  000f4784         1   unsigned char:1(1)
      _g_io_status.refined.io.SaltHighLevel
                                  000f4784         1   unsigned char:1(0)
      _g_io_status.refined.io.Valve
                                  000f4785         2
    struct  {
                                                   2
      _g_io_status.refined.io.Valve.SV1
                                  000f4785         1   unsigned char:1(7)
      _g_io_status.refined.io.Valve.SV2
                                  000f4785         1   unsigned char:1(6)
      _g_io_status.refined.io.Valve.SV3
                                  000f4785         1   unsigned char:1(5)
      _g_io_status.refined.io.Valve.SV4
                                  000f4785         1   unsigned char:1(4)
      _g_io_status.refined.io.Valve.SV5
                                  000f4785         1   unsigned char:1(3)
      _g_io_status.refined.io.Valve.SV6
                                  000f4785         1   unsigned char:1(2)
      _g_io_status.refined.io.Valve.SV7
                                  000f4785         1   unsigned char:1(1)
      _g_io_status.refined.io.Valve.SV8
                                  000f4785         1   unsigned char:1(0)
      _g_io_status.refined.io.Valve.SV9
                                  000f4786         1   unsigned char:1(7)
      _g_io_status.refined.io.Valve.RSVD
                                  000f4786         1   unsigned char:7(0)
    }
      _g_io_status.refined.io.Pump1
                                  000f4787         1   unsigned char:1(7)
      _g_io_status.refined.io.Pump2
                                  000f4787         1   unsigned char:1(6)
      _g_io_status.refined.io.SaltPump
                                  000f4787         1   unsigned char:1(5)
      _g_io_status.refined.io.CVCC_ON
                                  000f4787         1   unsigned char:1(4)
      _g_io_status.refined.io.RSVD1
                                  000f4787         1   unsigned char:4(0)
      _g_io_status.refined.io.MachineMode_RSVD
                                  000f4788         1   unsigned char
    }
      _g_io_status.refined.FlowValue
                                  000f478a         4   float
      _g_io_status.refined.CVCCVoltage
                                  000f478e         4   float
      _g_io_status.refined.CVCCCurrent
                                  000f4792         4   float
    }
    }
  _g_mean_io_status
                                  000f4796        12   data ,g        17
    union  IO_Status_u {
                                                  12
      _g_mean_io_status.refined
                                  000f4796        12
    struct  {
                                                  12
      _g_mean_io_status.refined.io
                                  000f4796         5
    struct IO_Struct {
                                                   5
      _g_mean_io_status.refined.io.AlkalineEmptyLevel
                                  000f4796         1   unsigned char:1(7)
      _g_mean_io_status.refined.io.AlkalineLowLevel
                                  000f4796         1   unsigned char:1(6)
      _g_mean_io_status.refined.io.AlkalineHighLevel
                                  000f4796         1   unsigned char:1(5)
      _g_mean_io_status.refined.io.AcidEmptyLevel
                                  000f4796         1   unsigned char:1(4)
      _g_mean_io_status.refined.io.AcidLowLevel
                                  000f4796         1   unsigned char:1(3)
      _g_mean_io_status.refined.io.AcidHighLevel
                                  000f4796         1   unsigned char:1(2)
      _g_mean_io_status.refined.io.SaltLowLevel
                                  000f4796         1   unsigned char:1(1)
      _g_mean_io_status.refined.io.SaltHighLevel
                                  000f4796         1   unsigned char:1(0)
      _g_mean_io_status.refined.io.Valve
                                  000f4797         2
    struct  {
                                                   2
      _g_mean_io_status.refined.io.Valve.SV1
                                  000f4797         1   unsigned char:1(7)
      _g_mean_io_status.refined.io.Valve.SV2
                                  000f4797         1   unsigned char:1(6)
      _g_mean_io_status.refined.io.Valve.SV3
                                  000f4797         1   unsigned char:1(5)
      _g_mean_io_status.refined.io.Valve.SV4
                                  000f4797         1   unsigned char:1(4)
      _g_mean_io_status.refined.io.Valve.SV5
                                  000f4797         1   unsigned char:1(3)
      _g_mean_io_status.refined.io.Valve.SV6
                                  000f4797         1   unsigned char:1(2)
      _g_mean_io_status.refined.io.Valve.SV7
                                  000f4797         1   unsigned char:1(1)
      _g_mean_io_status.refined.io.Valve.SV8
                                  000f4797         1   unsigned char:1(0)
      _g_mean_io_status.refined.io.Valve.SV9
                                  000f4798         1   unsigned char:1(7)
      _g_mean_io_status.refined.io.Valve.RSVD
                                  000f4798         1   unsigned char:7(0)
    }
      _g_mean_io_status.refined.io.Pump1
                                  000f4799         1   unsigned char:1(7)
      _g_mean_io_status.refined.io.Pump2
                                  000f4799         1   unsigned char:1(6)
      _g_mean_io_status.refined.io.SaltPump
                                  000f4799         1   unsigned char:1(5)
      _g_mean_io_status.refined.io.CVCC_ON
                                  000f4799         1   unsigned char:1(4)
      _g_mean_io_status.refined.io.RSVD1
                                  000f4799         1   unsigned char:4(0)
      _g_mean_io_status.refined.io.MachineMode_RSVD
                                  000f479a         1   unsigned char
    }
      _g_mean_io_status.refined.FlowValue
                                  000f479c         4   float
      _g_mean_io_status.refined.CVCCVoltage
                                  000f47a0         4   float
      _g_mean_io_status.refined.CVCCCurrent
                                  000f47a4         4   float
    }
    }
  _g_res_io_status
                                  000f47a8        12   data ,g         0
    union  IO_Status_u {
                                                  12
      _g_res_io_status.refined
                                  000f47a8        12
    struct  {
                                                  12
      _g_res_io_status.refined.io
                                  000f47a8         5
    struct IO_Struct {
                                                   5
      _g_res_io_status.refined.io.AlkalineEmptyLevel
                                  000f47a8         1   unsigned char:1(7)
      _g_res_io_status.refined.io.AlkalineLowLevel
                                  000f47a8         1   unsigned char:1(6)
      _g_res_io_status.refined.io.AlkalineHighLevel
                                  000f47a8         1   unsigned char:1(5)
      _g_res_io_status.refined.io.AcidEmptyLevel
                                  000f47a8         1   unsigned char:1(4)
      _g_res_io_status.refined.io.AcidLowLevel
                                  000f47a8         1   unsigned char:1(3)
      _g_res_io_status.refined.io.AcidHighLevel
                                  000f47a8         1   unsigned char:1(2)
      _g_res_io_status.refined.io.SaltLowLevel
                                  000f47a8         1   unsigned char:1(1)
      _g_res_io_status.refined.io.SaltHighLevel
                                  000f47a8         1   unsigned char:1(0)
      _g_res_io_status.refined.io.Valve
                                  000f47a9         2
    struct  {
                                                   2
      _g_res_io_status.refined.io.Valve.SV1
                                  000f47a9         1   unsigned char:1(7)
      _g_res_io_status.refined.io.Valve.SV2
                                  000f47a9         1   unsigned char:1(6)
      _g_res_io_status.refined.io.Valve.SV3
                                  000f47a9         1   unsigned char:1(5)
      _g_res_io_status.refined.io.Valve.SV4
                                  000f47a9         1   unsigned char:1(4)
      _g_res_io_status.refined.io.Valve.SV5
                                  000f47a9         1   unsigned char:1(3)
      _g_res_io_status.refined.io.Valve.SV6
                                  000f47a9         1   unsigned char:1(2)
      _g_res_io_status.refined.io.Valve.SV7
                                  000f47a9         1   unsigned char:1(1)
      _g_res_io_status.refined.io.Valve.SV8
                                  000f47a9         1   unsigned char:1(0)
      _g_res_io_status.refined.io.Valve.SV9
                                  000f47aa         1   unsigned char:1(7)
      _g_res_io_status.refined.io.Valve.RSVD
                                  000f47aa         1   unsigned char:7(0)
    }
      _g_res_io_status.refined.io.Pump1
                                  000f47ab         1   unsigned char:1(7)
      _g_res_io_status.refined.io.Pump2
                                  000f47ab         1   unsigned char:1(6)
      _g_res_io_status.refined.io.SaltPump
                                  000f47ab         1   unsigned char:1(5)
      _g_res_io_status.refined.io.CVCC_ON
                                  000f47ab         1   unsigned char:1(4)
      _g_res_io_status.refined.io.RSVD1
                                  000f47ab         1   unsigned char:4(0)
      _g_res_io_status.refined.io.MachineMode_RSVD
                                  000f47ac         1   unsigned char
    }
      _g_res_io_status.refined.FlowValue
                                  000f47ae         4   float
      _g_res_io_status.refined.CVCCVoltage
                                  000f47b2         4   float
      _g_res_io_status.refined.CVCCCurrent
                                  000f47b6         4   float
    }
    }
  __settingTime
                                  000f47ba        96   data ,g         8
    struct Timer_Setting_s {
                                                  96
      __settingTime.t1_initialWaterDrainageOperation_s
                                  000f47ba         4   unsigned long
      __settingTime.t2_flowSensorStartTime_s
                                  000f47be         4   unsigned long
      __settingTime.t3_flowSensorMonitorTime_s
                                  000f47c2         4   unsigned long
      __settingTime.t4_electrolysisOperationStart_s
                                  000f47c6         4   unsigned long
      __settingTime.t5_electrolysisStopDelay_s
                                  000f47ca         4   unsigned long
      __settingTime.t6_drainageOffTime_h
                                  000f47ce         4   unsigned long
      __settingTime.t7_powerOnPreparation_s
                                  000f47d2         4   unsigned long
      __settingTime.t8_flowRateAdjustmentRelease_s
                                  000f47d6         4   unsigned long
      __settingTime.t9_currentAdjustmentRelease_s
                                  000f47da         4   unsigned long
      __settingTime.t10_electrolysisCurrentAlarmSpecified_s
                                  000f47de         4   unsigned long
      __settingTime.t11_overVoltage1Time_s
                                  000f47e2         4   unsigned long
      __settingTime.t12_overVoltage2Time_s
                                  000f47e6         4   unsigned long
      __settingTime.t13_overVoltage3Time_s
                                  000f47ea         4   unsigned long
      __settingTime.t14_lowVoltageStartTime_s
                                  000f47ee         4   unsigned long
      __settingTime.t15_lowVoltageDelayTime_s
                                  000f47f2         4   unsigned long
      __settingTime.t16_currentMonitoringStart_s
                                  000f47f6         4   unsigned long
      __settingTime.t17_solenoidLeakageStartTime_s
                                  000f47fa         4   unsigned long
      __settingTime.t18_fullSaltWaterMonitoringStart_h
                                  000f47fe         4   unsigned long
      __settingTime.t19_waterFilterAlarm_h
                                  000f4802         4   unsigned long
      __settingTime.t20_waterFilterAlarmIgnore_h
                                  000f4806         4   unsigned long
      __settingTime.t26_onDelayEmptyLevel_s
                                  000f480a         4   unsigned long
      __settingTime.t27_onDelayLowLevel_s
                                  000f480e         4   unsigned long
      __settingTime.t28_onDelayHighLevel_s
                                  000f4812         4   unsigned long
      __settingTime.t30_offDelayEmptyLevel_s
                                  000f4816         4   unsigned long
      __settingTime.t31_saltLowLevelDelay_s
                                  000f481a         4   unsigned long
      __settingTime.t32_saltHighLevelDelay_s
                                  000f481e         4   unsigned long
      __settingTime.t51_alkalineWaterSpoutingTime_s
                                  000f4822         4   unsigned long
      __settingTime.t52_acidWaterSpoutingTime_s
                                  000f4826         4   unsigned long
      __settingTime.t53_washingWaterSpoutingTime_s
                                  000f482a         4   unsigned long
      __settingTime.t54_overLapTime_ms
                                  000f482e         4   unsigned long
      __settingTime.t60_waterDischargeDelay_s
                                  000f4832         4   unsigned long
      __settingTime.t56_acidWaterDownTime_s
                                  000f4836         4   unsigned long
      __settingTime.t57_alkalineWaterDownTime_s
                                  000f483a         4   unsigned long
      __settingTime.t61_curranCleaningIntervalTime_h
                                  000f483e         4   unsigned long
      __settingTime.t62_callanWashSpoutingTime_s
                                  000f4842         4   unsigned long
      __settingTime.t33_t63_neutralizationStartTime_h
                                  000f4846         4   unsigned long
      __settingTime.t34_t64_neutralizationOpenTime_s
                                  000f484a         4   unsigned long
      __settingTime.crc
                                  000f484e         1   char
    }
  __settingNumber
                                  000f4850        2a   data ,g         8
    struct Number_Setting_s {
                                                  2a
      __settingNumber.upperVoltage1
                                  000f4850         4   float
      __settingNumber.upperVoltage2
                                  000f4854         4   float
      __settingNumber.upperVoltage3
                                  000f4858         4   float
      __settingNumber.lowerVoltage
                                  000f485c         4   float
      __settingNumber.upperCurrent
                                  000f4860         4   float
      __settingNumber.lowerCurrent
                                  000f4864         4   float
      __settingNumber.upperFlow
                                  000f4868         4   float
      __settingNumber.lowerFlow
                                  000f486c         4   float
      __settingNumber.cvccCurrent
                                  000f4870         4   float
      __settingNumber.saltPumpVoltage
                                  000f4874         4   float
      __settingNumber.crc
                                  000f4878         1   char
    }
  _g_machine_mode
                                  000f487a         1   data ,g         4
  _g_machine_test_mode
                                  000f487b         1   data ,g         0
  _btod
                                  000f487c         4   data ,g         6
    union  BytesToDouble {
                                                   4
      _btod.refined
                                  000f487c         4
    struct  {
                                                   4
      _btod.refined.data
                                  000f487c         4   unsigned char
    }
      _btod.raw
                                  000f487c         4   unsigned long
    }
  _g_Tick
                                  000f4880        bc   data ,g        9c
    struct Tick_s {
                                                  bc
      _g_Tick.tick500ms
                                  000f4880         4   unsigned long
      _g_Tick.tick1s
                                  000f4884         4   unsigned long
      _g_Tick.tick5s
                                  000f4888         4   unsigned long
      _g_Tick.tickBlink
                                  000f488c         4   unsigned long
      _g_Tick.tickAlkaline
                                  000f4890         4   unsigned long
      _g_Tick.tickAcid
                                  000f4894         4   unsigned long
      _g_Tick.tickWater
                                  000f4898         4   unsigned long
      _g_Tick.tickHandWash
                                  000f489c         4   unsigned long
      _g_Tick.tickWaterSupply
                                  000f48a0         4   unsigned long
      _g_Tick.tickFlowMeasurment
                                  000f48a4         4   unsigned long
      _g_Tick.tickDebouceHandSensor
                                  000f48a8         4   unsigned long
      _g_Tick.tickVoltage1Check
                                  000f48ac         4   unsigned long
      _g_Tick.tickVoltage2Check
                                  000f48b0         4   unsigned long
      _g_Tick.tickVoltage3Check
                                  000f48b4         4   unsigned long
      _g_Tick.tickVoltageLowCheck
                                  000f48b8         4   unsigned long
      _g_Tick.tickCurrentCheck
                                  000f48bc         4   unsigned long
      _g_Tick.tickSolenoidCheck
                                  000f48c0         4   unsigned long
      _g_Tick.tickSaltFullCheck
                                  000f48c4         4   unsigned long
      _g_Tick.tickSV1SV2
                                  000f48c8         4   unsigned long
      _g_Tick.tickElectrolyticOff
                                  000f48cc         4   unsigned long
      _g_Tick.tickWaterSoftenerPCB
                                  000f48d0         4   unsigned long
      _g_Tick.tickValvePCB
                                  000f48d4         4   unsigned long
      _g_Tick.tickRS485
                                  000f48d8         4   unsigned long
      _g_Tick.tickAnimation
                                  000f48dc         4   unsigned long
      _g_Tick.tickCallan
                                  000f48e0         4   unsigned long
      _g_Tick.tickDrainage
                                  000f48e4         4   unsigned long
      _g_Tick.tickTestOperation
                                  000f48e8         4   unsigned long
      _g_Tick.tickWaterFull
                                  000f48ec         4   unsigned long
      _g_Tick.tickAcidLevel
                                  000f48f0        10   unsigned long
      _g_Tick.tickAlkalineLevel
                                  000f4900        10   unsigned long
      _g_Tick.tickHandSensor
                                  000f4910         8   unsigned long
      _g_Tick.tickCustom
                                  000f4918        20   unsigned long
      _g_Tick.tickUartTimeout
                                  000f4938         4   unsigned long
    }
  _water_solfner_buf
                                  000f493c         7   data ,g         5
    struct UART3_Buffer_s {
                                                   7
      _water_solfner_buf.busy
                                  000f493c         1   unsigned char
      _water_solfner_buf.head
                                  000f493d         1   unsigned char
      _water_solfner_buf.set_number
                                  000f493e         1   unsigned char
      _water_solfner_buf.set_value
                                  000f493f         4   unsigned char
    }
FILE=.\src\hwm\io_control.obj
                                  000f4944  000f4947         4
  __flow_pulse
                                  000f4944         4   data ,g         8
FILE=.\src\hwm\operation.obj
                                  000f4948  000f4951         a
  _g_TimeKeeper@1
                                  000f4948         a   data ,l         9
    struct Tick_Keeper_s {
                                                   a
      _g_TimeKeeper@1.electrolyteOff_h
                                  000f4948         1   unsigned char
      _g_TimeKeeper@1.SV1SV2OnTime_s
                                  000f494a         2   unsigned short
      _g_TimeKeeper@1.SV1SV2OnTime_h
                                  000f494c         2   unsigned short
      _g_TimeKeeper@1.neutralization
                                  000f494e         4   unsigned long
    }
FILE=.\src\hwm\raspberry_pi_interface.obj
                                  000f4952  000f495c         b
  _g_io_response
                                  000f4952         5   data ,g         2
    struct IO_Struct {
                                                   5
      _g_io_response.AlkalineEmptyLevel
                                  000f4952         1   unsigned char:1(7)
      _g_io_response.AlkalineLowLevel
                                  000f4952         1   unsigned char:1(6)
      _g_io_response.AlkalineHighLevel
                                  000f4952         1   unsigned char:1(5)
      _g_io_response.AcidEmptyLevel
                                  000f4952         1   unsigned char:1(4)
      _g_io_response.AcidLowLevel
                                  000f4952         1   unsigned char:1(3)
      _g_io_response.AcidHighLevel
                                  000f4952         1   unsigned char:1(2)
      _g_io_response.SaltLowLevel
                                  000f4952         1   unsigned char:1(1)
      _g_io_response.SaltHighLevel
                                  000f4952         1   unsigned char:1(0)
      _g_io_response.Valve
                                  000f4953         2
    struct  {
                                                   2
      _g_io_response.Valve.SV1
                                  000f4953         1   unsigned char:1(7)
      _g_io_response.Valve.SV2
                                  000f4953         1   unsigned char:1(6)
      _g_io_response.Valve.SV3
                                  000f4953         1   unsigned char:1(5)
      _g_io_response.Valve.SV4
                                  000f4953         1   unsigned char:1(4)
      _g_io_response.Valve.SV5
                                  000f4953         1   unsigned char:1(3)
      _g_io_response.Valve.SV6
                                  000f4953         1   unsigned char:1(2)
      _g_io_response.Valve.SV7
                                  000f4953         1   unsigned char:1(1)
      _g_io_response.Valve.SV8
                                  000f4953         1   unsigned char:1(0)
      _g_io_response.Valve.SV9
                                  000f4954         1   unsigned char:1(7)
      _g_io_response.Valve.RSVD
                                  000f4954         1   unsigned char:7(0)
    }
      _g_io_response.Pump1
                                  000f4955         1   unsigned char:1(7)
      _g_io_response.Pump2
                                  000f4955         1   unsigned char:1(6)
      _g_io_response.SaltPump
                                  000f4955         1   unsigned char:1(5)
      _g_io_response.CVCC_ON
                                  000f4955         1   unsigned char:1(4)
      _g_io_response.RSVD1
                                  000f4955         1   unsigned char:4(0)
      _g_io_response.MachineMode_RSVD
                                  000f4956         1   unsigned char
    }
  _io_off
                                  000f4957         5   data ,g         1
    struct IO_Struct {
                                                   5
      _io_off.AlkalineEmptyLevel
                                  000f4957         1   unsigned char:1(7)
      _io_off.AlkalineLowLevel
                                  000f4957         1   unsigned char:1(6)
      _io_off.AlkalineHighLevel
                                  000f4957         1   unsigned char:1(5)
      _io_off.AcidEmptyLevel
                                  000f4957         1   unsigned char:1(4)
      _io_off.AcidLowLevel
                                  000f4957         1   unsigned char:1(3)
      _io_off.AcidHighLevel
                                  000f4957         1   unsigned char:1(2)
      _io_off.SaltLowLevel
                                  000f4957         1   unsigned char:1(1)
      _io_off.SaltHighLevel
                                  000f4957         1   unsigned char:1(0)
      _io_off.Valve
                                  000f4958         2
    struct  {
                                                   2
      _io_off.Valve.SV1
                                  000f4958         1   unsigned char:1(7)
      _io_off.Valve.SV2
                                  000f4958         1   unsigned char:1(6)
      _io_off.Valve.SV3
                                  000f4958         1   unsigned char:1(5)
      _io_off.Valve.SV4
                                  000f4958         1   unsigned char:1(4)
      _io_off.Valve.SV5
                                  000f4958         1   unsigned char:1(3)
      _io_off.Valve.SV6
                                  000f4958         1   unsigned char:1(2)
      _io_off.Valve.SV7
                                  000f4958         1   unsigned char:1(1)
      _io_off.Valve.SV8
                                  000f4958         1   unsigned char:1(0)
      _io_off.Valve.SV9
                                  000f4959         1   unsigned char:1(7)
      _io_off.Valve.RSVD
                                  000f4959         1   unsigned char:7(0)
    }
      _io_off.Pump1
                                  000f495a         1   unsigned char:1(7)
      _io_off.Pump2
                                  000f495a         1   unsigned char:1(6)
      _io_off.SaltPump
                                  000f495a         1   unsigned char:1(5)
      _io_off.CVCC_ON
                                  000f495a         1   unsigned char:1(4)
      _io_off.RSVD1
                                  000f495a         1   unsigned char:4(0)
      _io_off.MachineMode_RSVD
                                  000f495b         1   unsigned char
    }
  _g_test_control
                                  000f495c         1   data ,g         d
    union  Control_u {
                                                   1
      _g_test_control.raw
                                  000f495c         1
    struct Cotrol_s {
                                                   1
      _g_test_control.raw.drain
                                  000f495c         1   unsigned char:1(7)
      _g_test_control.raw.power_on
                                  000f495c         1   unsigned char:1(6)
      _g_test_control.raw.filter
                                  000f495c         1   unsigned char:1(5)
      _g_test_control.raw.biomectric
                                  000f495c         1   unsigned char:1(4)
      _g_test_control.raw.RSVD
                                  000f495c         1   unsigned char:4(0)
    }
      _g_test_control.data
                                  000f495c         1   unsigned char
    }
FILE=.\src\interrupt_handle.obj
                                  000f495e  000f4961         4
  _g_adc_value
                                  000f495e         4   data ,g         4
FILE=.\src\r_cg_rtc_user.obj
                                  000f4962  000f4968         7
  _g_rtc
                                  000f4962         7   data ,g         0
    struct  {
                                                   7
      _g_rtc.sec
                                  000f4962         1   unsigned char
      _g_rtc.min
                                  000f4963         1   unsigned char
      _g_rtc.hour
                                  000f4964         1   unsigned char
      _g_rtc.day
                                  000f4965         1   unsigned char
      _g_rtc.week
                                  000f4966         1   unsigned char
      _g_rtc.month
                                  000f4967         1   unsigned char
      _g_rtc.year
                                  000f4968         1   unsigned char
    }
FILE=.\src\r_cg_serial.obj
                                  000f496a  000f499f        36
  _gp_uart1_tx_address
                                  000f496a         2   data ,g         5
  _g_uart1_tx_count
                                  000f496c         2   data ,g         4
  _gp_uart1_rx_address
                                  000f496e         2   data ,g         3
  _g_uart1_rx_count
                                  000f4970         2   data ,g         4
  _g_uart1_rx_length
                                  000f4972         2   data ,g         3
  _gp_csi00_rx_address
                                  000f4974         2   data ,g         0
  _g_csi00_rx_length
                                  000f4976         2   data ,g         0
  _g_csi00_rx_count
                                  000f4978         2   data ,g         0
  _gp_csi00_tx_address
                                  000f497a         2   data ,g         6
  _g_csi00_send_length
                                  000f497c         2   data ,g         0
  _g_csi00_tx_count
                                  000f497e         2   data ,g         4
  _gp_csi01_rx_address
                                  000f4980         2   data ,g         5
  _g_csi01_rx_length
                                  000f4982         2   data ,g         1
  _g_csi01_rx_count
                                  000f4984         2   data ,g         1
  _gp_csi01_tx_address
                                  000f4986         2   data ,g         7
  _g_csi01_send_length
                                  000f4988         2   data ,g         0
  _g_csi01_tx_count
                                  000f498a         2   data ,g         7
  _gp_uart2_tx_address
                                  000f498c         2   data ,g         5
  _g_uart2_tx_count
                                  000f498e         2   data ,g         4
  _gp_uart2_rx_address
                                  000f4990         2   data ,g         3
  _g_uart2_rx_count
                                  000f4992         2   data ,g         4
  _g_uart2_rx_length
                                  000f4994         2   data ,g         3
  _gp_uart3_tx_address
                                  000f4996         2   data ,g         5
  _g_uart3_tx_count
                                  000f4998         2   data ,g         4
  _gp_uart3_rx_address
                                  000f499a         2   data ,g         3
  _g_uart3_rx_count
                                  000f499c         2   data ,g         4
  _g_uart3_rx_length
                                  000f499e         2   data ,g         3
FILE=.\src\r_cg_serial_user.obj
                                  000f49a0  000f4a6b        cc
  _g_uart3_rx_data
                                  000f49a0         8   data ,g         8
  _send_response_flag
                                  000f49a8         1   data ,g         0
  _send_response_time_flag
                                  000f49a9         1   data ,g         0
  _send_response_number_flag
                                  000f49aa         1   data ,g         0
  _recived_time_setting_flag
                                  000f49ab         1   data ,g         0
  _send_respone_status_flag
                                  000f49ac         1   data ,g         0
  _recived_number_setting_flag
                                  000f49ad         1   data ,g         0
  _g_commnunication_flag
                                  000f49ae        15   data ,g        70
    struct Communicaition_flag_s {
                                                  15
      _g_commnunication_flag.send_response_flag
                                  000f49ae         1   unsigned char
      _g_commnunication_flag.send_response_time_flag
                                  000f49af         1   unsigned char
      _g_commnunication_flag.send_response_number_flag
                                  000f49b0         1   unsigned char
      _g_commnunication_flag.recived_number_setting_flag
                                  000f49b1         1   unsigned char
      _g_commnunication_flag.recived_time_setting_flag
                                  000f49b2         1   unsigned char
      _g_commnunication_flag.send_response_status_flag
                                  000f49b3         1   unsigned char
      _g_commnunication_flag.send_response_mode_flag
                                  000f49b4         1   unsigned char
      _g_commnunication_flag.alarm_clear_flag
                                  000f49b5         1   unsigned char
      _g_commnunication_flag.alarm_response_flag
                                  000f49b6         1   unsigned char
      _g_commnunication_flag.recieve_status_flag
                                  000f49b7         1   unsigned char
      _g_commnunication_flag.test_flag
                                  000f49b8         1   unsigned char
      _g_commnunication_flag.next_animation_flag
                                  000f49b9         1   unsigned char
      _g_commnunication_flag.save_confirm_flag
                                  000f49ba         1   unsigned char
      _g_commnunication_flag.rs485_send_to_watersolfner_response_flag
                                  000f49bb         1   unsigned char
      _g_commnunication_flag.rs485_send_to_watersolfner_SV1_flag
                                  000f49bc         1   unsigned char
      _g_commnunication_flag.rs485_send_to_valve_response_flag
                                  000f49bd         1   unsigned char
      _g_commnunication_flag.rs485_get_valve_gesture_flag
                                  000f49be         1   unsigned char
      _g_commnunication_flag.rs485_fault
                                  000f49bf         1   unsigned char
      _g_commnunication_flag.control_test_flag
                                  000f49c0         1   unsigned char
      _g_commnunication_flag.control_test_save_flag
                                  000f49c1         1   unsigned char
      _g_commnunication_flag.uart2_timeout_flag
                                  000f49c2         1   unsigned char
    }
  _g_csi_count
                                  000f49c3         1   data ,g         0
  _g_csi_err
                                  000f49c4         1   data ,g         0
  _g_csi_send_end
                                  000f49c5         1   data ,g         1
  _g_csi_rev_end
                                  000f49c6         1   data ,g         3
  _g_uart1_send
                                  000f49c7         1   data ,g         0
  _g_uart2_sendend
                                  000f49c8         1   data ,g        10
  _g_uart2_receive
                                  000f49c9         1   data ,g         1
  _g_rx_data
                                  000f49ca        a0   data ,g        1e
  _g_uart2_fault
                                  000f4a6a         1   data ,g         1
  _g_uart3_sendend
                                  000f4a6b         1   data ,g         6
FILE=.\src\r_cg_timer_user.obj
                                  000f4a6c  000f4a73         8
  _timer0_ch0_flag
                                  000f4a6c         1   data ,g         1
  _timer0_ch1_flag
                                  000f4a6d         1   data ,g         1
  _timer0_ch2_flag
                                  000f4a6e         1   data ,g         1
  _g_systemTime
                                  000f4a70         4   data ,g        8a
FILE=.\src\r_main.obj
                                  000f4a74  000f4b24        b1
  _g_e_status
                                  000f4a74         1   data ,g         0
    union  EEPROM_status_u {
                                                   1
      _g_e_status.refined
                                  000f4a74         1
    struct  {
                                                   1
      _g_e_status.refined.RB
                                  000f4a74         1   unsigned char:1(7)
      _g_e_status.refined.WEN
                                  000f4a74         1   unsigned char:1(6)
      _g_e_status.refined.BP
                                  000f4a74         1   unsigned char:2(4)
      _g_e_status.refined.RSVD
                                  000f4a74         1   unsigned char:3(1)
      _g_e_status.refined.WPEN
                                  000f4a74         1   unsigned char:1(0)
    }
      _g_e_status.raw
                                  000f4a74         1   unsigned char
    }
  _ret_number_setting
                                  000f4a76        2a   data ,g         0
    struct Number_Setting_s {
                                                  2a
      _ret_number_setting.upperVoltage1
                                  000f4a76         4   float
      _ret_number_setting.upperVoltage2
                                  000f4a7a         4   float
      _ret_number_setting.upperVoltage3
                                  000f4a7e         4   float
      _ret_number_setting.lowerVoltage
                                  000f4a82         4   float
      _ret_number_setting.upperCurrent
                                  000f4a86         4   float
      _ret_number_setting.lowerCurrent
                                  000f4a8a         4   float
      _ret_number_setting.upperFlow
                                  000f4a8e         4   float
      _ret_number_setting.lowerFlow
                                  000f4a92         4   float
      _ret_number_setting.cvccCurrent
                                  000f4a96         4   float
      _ret_number_setting.saltPumpVoltage
                                  000f4a9a         4   float
      _ret_number_setting.crc
                                  000f4a9e         1   char
    }
  _flow_p
                                  000f4aa0         1   data ,g         1
  _salt_h_p
                                  000f4aa1         1   data ,g         0
  _g_eeprom_wren
                                  000f4aa2         1   data ,g         0
  _receive_data
                                  000f4aa3         2   data ,g         0
  _receive_setting
[...]
                                          0032(00006b0e:.textf)
                                          0032(00006b2d:.textf)
                                          0032(00006b33:.textf)
                                          0032(00006b39:.textf)
                                          0032(00006b3c:.textf)
                                          0032(00006b46:.textf)
                                          0032(00006b49:.textf)
                                          0032(00006b71:.textf)
                                          0032(00006b76:.textf)
                                          0032(00006b9f:.textf)
                                          0032(00006ba5:.textf)
     SECTION=.text
0028 r_cg_wdt
     SECTION=.textf
                 _R_WDT_Create
                                 000066e2 0031(00006a69:.textf)
                 _R_WDT_Restart
                                 000066f3 0008(00004a46:.textf)
                                          0009(00005046:.textf)
                                          0012(00005867:.textf)
                                          0012(0000596f:.textf)
                                          0012(000059ab:.textf)
                                          0030(000069e9:.textf)
                                          0032(00006af4:.textf)
0029 r_cg_wdt_user
     SECTION=.text
0030 r_main
     SECTION=.textf
                 _nostop_checkHandSensor
                                 000066f7
                 _readHS
                                 00006728
                 _main
                                 0000673d 0001(000001e8:.text)
                 _R_MAIN_UserInit
                                 000069ef 0030(00006740:.textf)
     SECTION=.bss
                 _g_e_status
                                 000f4a74
                 _ret_number_setting
                                 000f4a76
                 _flow_p
                                 000f4aa0 0030(000069a4:.textf)
                 _salt_h_p
                                 000f4aa1
                 _g_eeprom_wren
                                 000f4aa2
                 _receive_data
                                 000f4aa3
                 _receive_setting
                                 000f4aa6
                 _set
                                 000f4ad0
                 _rx_data
                                 000f4ad2
                 _data_f
                                 000f4ade
                 _data_f_test
                                 000f4ae2
                 _g_control_buffer_f
                                 000f4ae6 0012(0000570d:.textf)
                                          0012(00005711:.textf)
                                          0012(00005715:.textf)
                                          0012(00005719:.textf)
                                          0012(00005724:.textf)
                 _g_control_buffer_u32
                                 000f4aec 0012(00005735:.textf)
                                          0012(00005739:.textf)
                                          0012(0000573d:.textf)
                                          0012(00005741:.textf)
                                          0012(0000574c:.textf)
                 _g_control_buffer_i32
                                 000f4af2 0012(0000575e:.textf)
                                          0012(00005762:.textf)
                                          0012(00005778:.textf)
                                          0012(0000577d:.textf)
                                          0012(00005783:.textf)
                 _handsensor_status
                                 000f4af8
                 _g_handsensor_status
                                 000f4af9 0030(0000670d:.textf)
                                          0030(00006714:.textf)
                                          0030(0000671d:.textf)
                 _g_crc
                                 000f4afb 0030(000069da:.textf)
                                          0030(000069e6:.textf)
                 _g_crc_32
                                 000f4b04
                 _rx_count
                                 000f4b24 0012(00005925:.textf)
     SECTION=.dataR
                 _g_adc_ch
                                 000f4bca
                 _led_st
                                 000f4bcc 0030(000069c3:.textf)
                                          0030(000069cb:.textf)
                 _send_data
                                 000f4bcd
                 _this_size
                                 000f4bcf
                 _this_size_2
                                 000f4bd0
                 _send_buf
                                 000f4bd1
                 _data_crc
                                 000f4bd8
                 _dac_out
                                 000f4be0
     SECTION=.const
     SECTION=.data
0031 r_systeminit
     SECTION=.textf
                 _R_Systeminit
                                 00006a46 0031(00006a7c:.textf)
                 _hdwinit
                                 00006a78 0001(000001a0:.text)
0032 usr_timer
     SECTION=.textf
                 _delay_ms
                                 00006a7d 0030(00006733:.textf)
                                          0032(00006af1:.textf)
                 _delay
                                 00006ae5
                 _ns_delay_ms
                                 00006afd 0006(00003912:.textf)
                                          0006(000039b8:.textf)
                                          0006(00003a60:.textf)
                                          0006(00003b5c:.textf)
                                          0006(00003d0c:.textf)
                                          0006(00003e20:.textf)
                                          0006(00003e85:.textf)
                                          0006(00003f66:.textf)
                                          0007(00004044:.textf)
                                          0008(00004225:.textf)
                                          0008(00004250:.textf)
                                          0008(00004268:.textf)
                                          0008(0000428c:.textf)
                                          0008(00004581:.textf)
                                          0008(000045f3:.textf)
                                          0008(00004643:.textf)
                                          0008(000046a4:.textf)
                                          0008(00004720:.textf)
                                          0008(00004751:.textf)
                                          0008(00004834:.textf)
                                          0008(00004862:.textf)
                                          0008(00004877:.textf)
                                          0008(000048a9:.textf)
                                          0008(000048f8:.textf)
                                          0008(000049d4:.textf)
                                          0008(00004a69:.textf)
                                          0009(00004db3:.textf)
                                          0009(00004dfc:.textf)
                                          0009(00004e45:.textf)
                                          0009(00004e9e:.textf)
                                          0009(00004ed5:.textf)
                                          0009(00004f1e:.textf)
                                          0009(00004f67:.textf)
                                          0009(00004fc0:.textf)
                                          0009(0000500e:.textf)
                                          0009(0000511a:.textf)
                                          0010(000051c4:.textf)
                                          0010(00005280:.textf)
                                          0010(0000528f:.textf)
                                          0010(000052b4:.textf)
                                          0010(000052ee:.textf)
                                          0010(00005306:.textf)
                                          0010(00005327:.textf)
                                          0010(0000535d:.textf)
                                          0010(0000537d:.textf)
                                          0010(000053a6:.textf)
                                          0010(0000540b:.textf)
                                          0010(00005431:.textf)
                                          0010(0000545b:.textf)
                                          0010(00005489:.textf)
                                          0010(000054a5:.textf)
                                          0010(00005507:.textf)
                                          0010(0000552b:.textf)
                                          0010(00005555:.textf)
                                          0010(00005586:.textf)
                                          0010(000055a2:.textf)
                                          0011(0000560d:.textf)
                                          0011(00005628:.textf)
                                          0011(00005650:.textf)
                                          0012(000056d9:.textf)
                                          0012(000056ed:.textf)
                                          0012(000057bd:.textf)
                                          0030(00006705:.textf)
                                          0030(000068ab:.textf)
                                          0030(00006945:.textf)
                                          0030(00006983:.textf)
                                          0030(000069af:.textf)
                                          0030(000069bb:.textf)
                 _mTask
                                 00006b69
0033 __fpclassifyf
     SECTION=.SLIB
                 ___fpclassifyf
                                 000009a9 0030(00006781:.textf)
0034 memcpy
     SECTION=.RLIB
                 _memcpy
                                 000004ae 0012(00005a1c:.textf)
                                          0012(00005aaf:.textf)
                                          0030(00006797:.textf)
                                          0030(000067a4:.textf)
                                          0030(000068d9:.textf)
                                          0030(00006919:.textf)
0035 _COM_faddsub
     SECTION=.RLIB
                 __COM_fsub
                                 0000051b
                 __COM_fadd
                                 00000523 0009(00005033:.textf)
                                          0009(000050f1:.textf)
0036 _COM_fdiv
     SECTION=.RLIB
                 __COM_fdiv
                                 00000659 0009(00005078:.textf)
                                          0009(00005095:.textf)
                                          0009(00005157:.textf)
                                          0009(00005173:.textf)
                                          0012(00005b43:.textf)
                                          0012(00005b6e:.textf)
                                          0030(000067f4:.textf)
                                          0030(0000681f:.textf)
0037 _COM_fge
     SECTION=.RLIB
                 __COM_fge
                                 00000728 0006(000039ce:.textf)
                                          0006(00003a76:.textf)
                                          0008(0000446e:.textf)
0038 _COM_fgt
     SECTION=.RLIB
                 __COM_fgt
                                 0000073e 0006(00003b29:.textf)
                                          0006(00003c58:.textf)
                                          0006(00003ca5:.textf)
                                          0006(00003d8e:.textf)
                                          0008(00004679:.textf)
                                          0012(00005b1e:.textf)
0039 _COM_fle
     SECTION=.RLIB
                 __COM_fle
                                 00000754 0006(00003bec:.textf)
                                          0012(00005aea:.textf)
0040 _COM_flt
     SECTION=.RLIB
                 __COM_flt
                                 0000076a 0006(000038df:.textf)
                                          0006(00003985:.textf)
                                          0006(00003a2d:.textf)
                                          0006(00003c19:.textf)
                                          0006(00003ced:.textf)
                                          0006(00003d78:.textf)
                                          0006(00003ded:.textf)
                                          0008(00004663:.textf)
0041 _COM_fmul
     SECTION=.RLIB
                 __COM_fmul
                                 000007cb 0009(0000505c:.textf)
                                          0009(0000506a:.textf)
                                          0009(0000513b:.textf)
                                          0009(00005149:.textf)
                                          0012(00005b51:.textf)
                                          0012(00005b7c:.textf)
                                          0013(00005bb7:.textf)
                                          0013(00005bc5:.textf)
                                          0013(00005bf0:.textf)
                                          0013(00005bfe:.textf)
                                          0030(00006802:.textf)
                                          0030(0000682d:.textf)
0042 _COM_ftoul
     SECTION=.RLIB
                 __COM_ftoul
                                 0000086d 0012(00005b57:.textf)
                                          0012(00005b82:.textf)
                                          0030(00006808:.textf)
                                          0030(00006833:.textf)
0043 _COM_funordered
     SECTION=.RLIB
                 __COM_funordered
                                 00000879 0006(000038cc:.textf)
                                          0006(00003972:.textf)
                                          0006(00003a1a:.textf)
                                          0006(00003b16:.textf)
                                          0006(00003c06:.textf)
                                          0006(00003c45:.textf)
                                          0006(00003c92:.textf)
                                          0006(00003cda:.textf)
                                          0006(00003dd8:.textf)
                                          0008(0000445b:.textf)
                                          0012(00005ad5:.textf)
0044 _COM_ultof
     SECTION=.RLIB
                 __COM_ultof
                                 00000884 0009(0000508a:.textf)
                                          0009(00005168:.textf)
                                          0013(00005bab:.textf)
                                          0013(00005be4:.textf)
0045 _REL_fcmp
     SECTION=.RLIB
                 __REL_fcmp
                                 0000088a 0037(00000732:.RLIB)
                                          0038(00000748:.RLIB)
                                          0039(0000075e:.RLIB)
                                          0040(00000774:.RLIB)
0046 _REL_fordered_core
     SECTION=.RLIB
                 __REL_fordered_core
                                 000008c2 0037(0000072b:.RLIB)
                                          0038(00000741:.RLIB)
                                          0039(00000757:.RLIB)
                                          0040(0000076d:.RLIB)
                                          0043(0000087c:.RLIB)
0047 _REL_ftol
     SECTION=.RLIB
                 __REL_ftol
                                 000008de 0042(00000873:.RLIB)
0048 _REL_f_inf
     SECTION=.RLIB
                 __REL_f_inf
                                 00000913 0035(000005b2:.RLIB)
                                          0036(00000643:.RLIB)
                                          0036(000006e3:.RLIB)
                                          0041(0000079d:.RLIB)
                                          0041(00000840:.RLIB)
0049 _REL_f_norm
     SECTION=.RLIB
                 __REL_f_norm
                                 0000091b 0036(00000624:.RLIB)
                                          0036(0000064f:.RLIB)
                                          0041(000007be:.RLIB)
0050 _REL_f_round
     SECTION=.RLIB
                 __REL_f_round
                                 0000092b 0035(000005bf:.RLIB)
                                          0035(000005f7:.RLIB)
                                          0036(00000725:.RLIB)
                                          0041(0000084d:.RLIB)
0051 _REL_ltof
     SECTION=.RLIB
                 __REL_ltof
                                 0000093e 0044(00000887:.RLIB)
0052 _COM_lshr
     SECTION=.RLIB
                 __COM_lshr
                                 00000992 0047(0000090a:.RLIB)
0053 rlink_generates_01
     SECTION=.option_byte
0054 rlink_generates_02
     SECTION=.monitor1
     SECTION=.monitor2
0055 rlink_generates_03
     SECTION=.security_id
0056 rlink_generates_04
     SECTION=.vect
0057 rlink_generates_05
     SECTION=
                 __s.vect
                                 00000000
                 __s.constf
                                 00000080
                 __e.constf
                                 00000080
                 __s.sdata
                                 00000080
                 __e.sdata
                                 00000080
                 __e.vect
                                 00000080
                 __s.option_byte
                                 000000c0
                 __e.option_byte
                                 000000c4
                 __s.security_id
                                 000000c4
                 __s.monitor1
                                 000000ce
                 __e.security_id
                                 000000ce
                 __s.data
                                 000000d8
                 __e.monitor1
                                 000000d8
                 __s.text
                                 00000194
                 __e.data
                                 00000194
                 __e.text
                                 000004ae
                 __s.RLIB
                                 000004ae
                 __e.RLIB
                                 000009a9
                 __s.SLIB
                                 000009a9
                 __e.SLIB
                                 000009c5
                 __s.const
                                 00003000
                 __s.textf
                                 00003510
                 __e.const
                                 00003510
                 __e.textf
                                 00006bad
                 __s.monitor2
                                 0007fe00
                 __e.monitor2
                                 00080000
                 __RAM_ADDR_START
                                 000f3f00
                 __s.bss
                                 000f4700
                 __e.bss
                                 000f4b25
                 __s.dataR
                                 000f4b26
                 __e.dataR
                                 000f4be2
                 __STACK_ADDR_END
                                 000f4be2 0001(00000199:.text)
                 __s.sbss
                                 000ffe20
                 __e.sbss
                                 000ffe20
                 __s.sdataR
                                 000ffe20
                 __e.sdataR
                                 000ffe20
                 __STACK_ADDR_START
                                 000ffe20 0001(00000196:.text)
                 __RAM_ADDR_END
                                 000ffee0
