Renesas Optimizing Linker (W3.03.00 )             10-Feb-2022 14:44:16

*** Options ***

-subcommand=LinkerControlPCB_HWM.tmp
-MAKEUD=D:\Chieniwa\E2_Studio\ControlPCB_HWM\HardwareDebug/ControlPCB_HWM_l.ud
-device="D:/Chieniwa/E2_Studio/.eclipse/com.renesas.platform_1435879475/DebugComp/RL78/RL78/Common/DR5F104ML.DVF"
-list="ControlPCB_HWM.map"
-show=all
-nooptimize
-entry=_start
-auto_section_layout
-security_id=00000000000000000000
-debug_monitor=7FE00-7FFFF
-user_opt_byte=FFFFF8
-ocdbg=84
-ocdtr
-input=".\generate\cstart.obj"
-input=".\generate\stkinit.obj"
-input=".\src\EEPROM.obj"
-input=".\src\crc32.obj"
-input=".\src\crc8.obj"
-input=".\src/hwm\error_check.obj"
-input=".\src/hwm\hand_sensor_interface.obj"
-input=".\src/hwm\io_control.obj"
-input=".\src/hwm\main.obj"
-input=".\src/hwm\normal_operation.obj"
-input=".\src/hwm\operation.obj"
-input=".\src/hwm\raspberry_pi_interface.obj"
-input=".\src\interrupt_handle.obj"
-input=".\src\r_cg_adc.obj"
-input=".\src\r_cg_adc_user.obj"
-input=".\src\r_cg_cgc.obj"
-input=".\src\r_cg_cgc_user.obj"
-input=".\src\r_cg_dac.obj"
-input=".\src\r_cg_dac_user.obj"
-input=".\src\r_cg_port.obj"
-input=".\src\r_cg_port_user.obj"
-input=".\src\r_cg_rtc.obj"
-input=".\src\r_cg_rtc_user.obj"
-input=".\src\r_cg_serial.obj"
-input=".\src\r_cg_serial_user.obj"
-input=".\src\r_cg_timer.obj"
-input=".\src\r_cg_timer_user.obj"
-input=".\src\r_cg_wdt.obj"
-input=".\src\r_cg_wdt_user.obj"
-input=".\src\r_main.obj"
-input=".\src\r_systeminit.obj"
-input=".\src\usr_timer.obj"
-library="C:\Program Files (x86)\Renesas Electronics\CS+\CC\CC-RL\V1.10.00\lib\rl78em4s99.lib"
-library="C:\Program Files (x86)\Renesas Electronics\CS+\CC\CC-RL\V1.10.00\lib\rl78em4r.lib"
-library="C:\Program Files (x86)\Renesas Electronics\CS+\CC\CC-RL\V1.10.00\lib\malloc_n.lib"
-output="ControlPCB_HWM.abs"
-debug
-nocompress
-rom=.data=.dataR,.sdata=.sdataR
-nomessage
-nologo

*** Error information ***

*** Mapping List ***

SECTION                            START      END         SIZE   ALIGN
.vect
                                  00000000  0000007f        80   0
.constf
                                  00000080  00000080         0   2
.sdata
                                  00000080  00000080         0   2
.option_byte
                                  000000c0  000000c3         4   1
.security_id
                                  000000c4  000000cd         a   1
.SLIB
                                  000000c4  000000c4         0   1
.monitor1
                                  000000ce  000000d7         a   1
.data
                                  000000d8  0000018d        b6   2
.text
                                  0000018e  000004a7       31a   1
.RLIB
                                  000004a8  00000940       499   1
.const
                                  00003000  0000350f       510   2
.textf
                                  00003510  00006685      3176   1
.monitor2
                                  0007fe00  0007ffff       200   1
.bss
                                  000f4700  000f4afa       3fb   2
.dataR
                                  000f4afc  000f4bb1        b6   2
.sbss
                                  000ffe20  000ffe20         0   2
.sdataR
                                  000ffe20  000ffe20         0   2

*** Total Section Size ***

RAMDATA SECTION:  000004b1 Byte(s)
ROMDATA SECTION:  0000085e Byte(s)
PROGRAM SECTION:  00003929 Byte(s)

*** Symbol List ***

SECTION=
FILE=                               START        END    SIZE
  SYMBOL                            ADDR        SIZE    INFO      COUNTS  OPT
    STRUCT                                      SIZE
      MEMBER                        ADDR        SIZE    INFO

SECTION=.vect
FILE=rlink_generates_04
                                  00000000  0000007f        80

SECTION=.option_byte
FILE=rlink_generates_01
                                  000000c0  000000c3         4

SECTION=.security_id
FILE=rlink_generates_03
                                  000000c4  000000cd         a

SECTION=.monitor1
FILE=rlink_generates_02
                                  000000ce  000000d7         a

SECTION=.data
FILE=.\src\hwm\io_control.obj
                                  000000d8  000000d8         1
FILE=.\src\hwm\main.obj
                                  000000da  0000016f        96
FILE=.\src\hwm\raspberry_pi_interface.obj
                                  00000170  00000175         6
FILE=.\src\r_main.obj
                                  00000176  0000018d        18

SECTION=.text
FILE=.\generate\cstart.obj
                                  0000018e  000001e7        5a
  _start
                                  0000018e         0   entry,g         0
  _exit
                                  000001e6         0   none ,g         1
FILE=.\src\r_cg_adc_user.obj
                                  000001e8  00000201        1a
  _r_adc_interrupt@1
                                  000001e8        1a   func ,l         0
FILE=.\src\r_cg_serial_user.obj
                                  00000202  0000047f       27e
  _r_uart1_interrupt_receive@1
                                  00000202        5f   func ,l         0
  _r_uart1_interrupt_send@1
                                  00000261        31   func ,l         0
  _r_csi00_interrupt@1
                                  00000292        49   func ,l         0
  _r_csi01_interrupt@1
                                  000002db        85   func ,l         0
  _r_uart2_interrupt_receive@1
                                  00000360        5f   func ,l         0
  _r_uart2_interrupt_send@1
                                  000003bf        31   func ,l         0
  _r_uart3_interrupt_receive@1
                                  000003f0        5f   func ,l         0
  _r_uart3_interrupt_send@1
                                  0000044f        31   func ,l         0
FILE=.\src\r_cg_timer_user.obj
                                  00000480  000004a5        26
  _r_tau0_channel0_interrupt@1
                                  00000480        1c   func ,l         0
  _r_tau0_channel1_interrupt@1
                                  0000049c         5   func ,l         0
  _r_tau0_channel2_interrupt@1
                                  000004a1         5   func ,l         0
FILE=.\src\r_cg_wdt_user.obj
                                  000004a6  000004a7         2
  _r_wdt_interrupt@1
                                  000004a6         2   func ,l         0

SECTION=.RLIB
FILE=memcpy
                                  000004a8  000004b8        11
  _memcpy
                                  000004a8         0   none ,g         6
FILE=_COM_faddsub
                                  000004b9  000005f3       13b
  __COM_fsub
                                  00000515         0   none ,g         0
  __COM_fadd
                                  0000051d         0   none ,g         2
FILE=_COM_fdiv
                                  000005f4  00000721       12e
  __COM_fdiv
                                  00000653         0   none ,g         4
FILE=_COM_fge
                                  00000722  00000737        16
  __COM_fge
                                  00000722         0   none ,g         3
FILE=_COM_fgt
                                  00000738  0000074d        16
  __COM_fgt
                                  00000738         0   none ,g         5
FILE=_COM_fle
                                  0000074e  00000763        16
  __COM_fle
                                  0000074e         0   none ,g         1
FILE=_COM_flt
                                  00000764  00000779        16
  __COM_flt
                                  00000764         0   none ,g         8
FILE=_COM_fmul
                                  0000077a  00000866        ed
  __COM_fmul
                                  000007c5         0   none ,g         8
FILE=_COM_funordered
                                  00000867  00000871         b
  __COM_funordered
                                  00000867         0   none ,g         a
FILE=_COM_ultof
                                  00000872  00000877         6
  __COM_ultof
                                  00000872         0   none ,g         4
FILE=_REL_fcmp
                                  00000878  000008af        38
  __REL_fcmp
                                  00000878         0   none ,g         4
FILE=_REL_fordered_core
                                  000008b0  000008cb        1c
  __REL_fordered_core
                                  000008b0         0   none ,g         5
FILE=_REL_f_inf
                                  000008cc  000008d3         8
  __REL_f_inf
                                  000008cc         0   none ,g         5
FILE=_REL_f_norm
                                  000008d4  000008e3        10
  __REL_f_norm
                                  000008d4         0   none ,g         3
FILE=_REL_f_round
                                  000008e4  000008f6        13
  __REL_f_round
                                  000008e4         0   none ,g         4
FILE=_REL_ltof
                                  000008f7  00000940        4a
  __REL_ltof
                                  000008f7         0   none ,g         1

SECTION=.const
FILE=.\src\EEPROM.obj
                                  00003000  00003001         2
FILE=.\src\crc32.obj
                                  00003002  00003401       400
  _crc32_table
                                  00003002       400   data ,g         2
FILE=.\src\crc8.obj
                                  00003402  00003501       100
  _crc_table@1
                                  00003402       100   data ,l         2
FILE=.\src\hwm\raspberry_pi_interface.obj
                                  00003502  00003505         4
  _time_setting_p
                                  00003502         2   data ,g         0
  _number_setting_p
                                  00003504         2   data ,g         0
FILE=.\src\r_main.obj
                                  00003506  0000350f         a

SECTION=.textf
FILE=.\generate\stkinit.obj
                                  00003510  00003553        44
  _stkinit
                                  00003510         0   none ,g         1
  LSTINIT1
                                  0000351e         0   none ,l         1
  LSTINIT2
                                  00003548         0   none ,l         2
  LSTINIT3
                                  00003553         0   none ,l         2
FILE=.\src\EEPROM.obj
                                  00003554  000037b2       25f
  _EEPROM_Init
                                  00003554        2b   func ,g         1
  _rEE_Status
                                  0000357f        1b   func ,g         6
  _sEE_WriteEnable
                                  0000359a        12   func ,g         3
  _sEE_WriteDisable
                                  000035ac        12   func ,g         0
  _EE_SPI_Write
                                  000035be        df   func ,g         2
  _EE_SPI_Read
                                  0000369d        b7   func ,g         2
  _sEE_Block
                                  00003754        11   func ,g         0
  _sEE_SendInstruction
                                  00003765         3   func ,g         0
  _sEE_SendReceiveInstruction
                                  00003768         4   func ,g         0
  _EE_TransmitData
                                  0000376c        2c   func ,g         a
  _sEE_WriteStatusRegister
                                  00003798        1b   func ,g         2
FILE=.\src\crc32.obj
                                  000037b3  00003851        9f
  _xcrc32
                                  000037b3        4e   func ,g         0
  _CRC32
                                  00003801        51   func ,g         0
FILE=.\src\crc8.obj
                                  00003852  000038b1        60
  _crc8_4
                                  00003852        43   func ,g         1
  _crc8_1
                                  00003895        1d   func ,g         6
FILE=.\src\hwm\error_check.obj
                                  000038b2  00003fa9       6f8
  _Voltage1Check_waitReset
                                  000038b2        a6   func ,g         1
  _Voltage2Check_nostop
                                  00003958        a8   func ,g         1
  _Voltage3Check_waitReset
                                  00003a00        c7   func ,g         1
  _LowVoltageCheck_waitReset
                                  00003ac7        e7   func ,g         1
  _OverCurrentCheck_waitReset
                                  00003bae       1ae   func ,g         1
  _FlowSensorCheck_nonstop
                                  00003d5c        4b   func ,g         1
  _solenoidCheck_nonstop
                                  00003da7        92   func ,g         0
  _saltWaterTankFullCheck_nonstop
                                  00003e39        6e   func ,g         0
  _saltWaterTankEmptyCheck
                                  00003ea7        2e   func ,g         0
  _acidSkipErrorCheck_nonstop
                                  00003ed5        2c   func ,g         0
  _alkalineSkipErrorCheck
                                  00003f01        2c   func ,g         0
  _waterFullErrorCheck
                                  00003f2d        3f   func ,g         0
  _filterReplacementErrorCheck
                                  00003f6c        3e   func ,g         1
FILE=.\src\hwm\hand_sensor_interface.obj
                                  00003faa  00003ff7        4e
  _handSensorLED
                                  00003faa        30   func ,g         f
  _handSensorLEDBlink
                                  00003fda        1e   func ,g         2
FILE=.\src\hwm\io_control.obj
                                  00003ff8  000043ed       3f6
  _isAcidTankFull
                                  00003ff8        49   func ,g         5
  _isAcidTankAlmostFull
                                  00004041        49   func ,g         0
  _isAcidTankHasSomething
                                  0000408a        48   func ,g         1
  _isAcidTankEmpty
                                  000040d2        48   func ,g         3
  _isAlkalineTankFull
                                  0000411a        49   func ,g         5
  _isAlkalineTankAlmostFull
                                  00004163        49   func ,g         0
  _isAlkalineTankHasSomething_nonstop
                                  000041ac        48   func ,g         1
  _isAlkalineTankEmpty_nonstop
                                  000041f4        48   func ,g         3
  _measureFlowSensor
                                  0000423c        ce   func ,g         1
  _measureFlowSensor_nostop
                                  0000430a        e4   func ,g         3
FILE=.\src\hwm\main.obj
                                  000043ee  00004f5e       b71
  _setting_default
                                  000043ee        a8   func ,g         0
  _sendRS485
                                  00004496        3f   func ,g         3
  _sendR485_7byte
                                  000044d5        57   func ,g         2
  _isThisCommand
                                  0000452c        3e   func ,g         0
  _DrainageAcidAndAlkalineTankStart_nostop
                                  0000456a        32   func ,g         2
  _WaterSupplyStart_nostop
                                  0000459c        e5   func ,g         1
  _ElectrolyticOperation_nostop
                                  00004681        e3   func ,g         3
  _acidWaterTankSkipCheck
                                  00004764        3c   func ,g         0
  _alkalineWaterTankSkipCheck
                                  000047a0        40   func ,g         0
  _FilterReplacementCheck
                                  000047e0         2   func ,g         0
  _main_init_20211111
                                  000047e2        81   func ,g         0
  _userAuthHandler_nostop
                                  00004863        43   func ,g         1
  _ElectrolyzeWaterGeneration_nostop
                                  000048a6        88   func ,g         1
  _isSV1andSV2Off8h
                                  0000492e        4e   func ,g         1
  _CallanCleaningMode_nostop
                                  0000497c        6e   func ,g         1
  _DrainageMode_nostop
                                  000049ea        e8   func ,g         1
  _NormalMode_nostop
                                  00004ad2        53   func ,g         1
  _TestPowerOn_nostop_keepstate
                                  00004b25        d7   func ,g         1
  _FlowRateAdjustmentMode_nostop_keepstate
                                  00004bfc        7d   func ,g         1
  _CurrentAdjustmentMode_nostop_keepstate
                                  00004c79        4f   func ,g         1
  _ElectrolyteAdjustmentOperation
                                  00004cc8        57   func ,g         1
  _TestOperation_nostop
                                  00004d1f        45   func ,g         0
  _NeutralizationTreatment
                                  00004d64        6c   func ,g         0
  _main_loop_20211111
                                  00004dd0        17   func ,g         1
  _realTimeResponse
                                  00004de7        52   func ,g         4
  _UpdateMachineStatus
                                  00004e39       126   func ,g         5
FILE=.\src\hwm\normal_operation.obj
                                  00004f5f  000052cf       371
  _WaterWashingMode_nostop
                                  00004f5f        6f   func ,g         1
  _HandWashingMode_nostop
                                  00004fce       1a5   func ,g         1
  _AcidWaterMode_nostop
                                  00005173        ac   func ,g         1
  _AlkalineWaterMode_nostop
                                  0000521f        b1   func ,g         1
FILE=.\src\hwm\operation.obj
                                  000052d0  000053a2        d3
  _electrolyticOperationON
                                  000052d0        2a   func ,g         4
  _isElectrolyticOperationOFF_nostop
                                  000052fa        a5   func ,g         1
  _TestModeOperation
                                  0000539f         4   func ,g         0
FILE=.\src\hwm\raspberry_pi_interface.obj
                                  000053a3  00005739       397
  _IO_Output
                                  000053a3        7b   func ,g         2
  _RaspberryCommunication_nostop
                                  0000541e       1b2   func ,g         2
  _sendToRasPi_f
                                  000055d0        28   func ,g        1c
  _sendToRasPi_u32
                                  000055f8        28   func ,g         6
  _waitAlarmConfirm_stop
                                  00005620        3c   func ,g         5
  _waitAlarmConfirm_nonstop
                                  0000565c         c   func ,g         0
  _resetAlarm
                                  00005668         4   func ,g         5
  _ResponseHandler
                                  0000566c        32   func ,g         1
  _ResponseWashingMode
                                  0000569e        16   func ,g         1
  _MonitoringStatus
                                  000056b4        28   func ,g         1
  _TestIndividual
                                  000056dc        1e   func ,g         1
  _TestControl
                                  000056fa        40   func ,g         1
FILE=.\src\interrupt_handle.obj
                                  0000573a  00005976       23d
  _adc_int_handle
                                  0000573a        7c   func ,g         1
  _uart2_handle
                                  000057b6       19d   func ,g         1
  _isCommandNeedResponse
                                  00005953        24   func ,g         1
FILE=.\src\r_cg_adc.obj
                                  00005977  000059d8        62
  _R_ADC_Create
                                  00005977        33   func ,g         2
  _R_ADC_Start
                                  000059aa         a   func ,g         2
  _R_ADC_Stop
                                  000059b4         a   func ,g         0
  _R_ADC_Set_OperationOn
                                  000059be         4   func ,g         1
  _R_ADC_Set_OperationOff
                                  000059c2         4   func ,g         0
  _R_ADC_Get_Result
                                  000059c6         7   func ,g         2
  _R_ADC_Set_ADChannel
                                  000059cd         c   func ,g         0
FILE=.\src\r_cg_cgc.obj
                                  000059d9  000059ee        16
  _R_CGC_Create
                                  000059d9        16   func ,g         1
FILE=.\src\r_cg_cgc_user.obj
                                  000059ef  000059f1         3
  _R_CGC_Get_ResetSource
                                  000059ef         3   func ,g         1
FILE=.\src\r_cg_dac.obj
                                  000059f2  00005a24        33
  _R_DAC_Create
                                  000059f2        1d   func ,g         2
  _R_DAC0_Start
                                  00005a0f         4   func ,g         1
  _R_DAC0_Stop
                                  00005a13         4   func ,g         0
  _R_DAC0_Set_ConversionValue
                                  00005a17         3   func ,g         1
  _R_DAC1_Start
                                  00005a1a         4   func ,g         1
  _R_DAC1_Stop
                                  00005a1e         4   func ,g         0
  _R_DAC1_Set_ConversionValue
                                  00005a22         3   func ,g         1
FILE=.\src\r_cg_port.obj
                                  00005a25  00005a6c        48
  _R_PORT_Create
                                  00005a25        48   func ,g         1
FILE=.\src\r_cg_port_user.obj
                                  00005a6d  00005a6d         1
  _R_PORT_Create_UserInit
                                  00005a6d         1   func ,g         1
FILE=.\src\r_cg_rtc.obj
                                  00005a6e  00005bab       13e
  _R_RTC_Create
                                  00005a6e        27   func ,g         2
  _R_RTC_Start
                                  00005a95         4   func ,g         0
  _R_RTC_Stop
                                  00005a99         4   func ,g         0
  _R_RTC_Get_CounterValue
                                  00005a9d        51   func ,g         0
  _R_RTC_Set_CounterValue
                                  00005aee        be   func ,g         0
FILE=.\src\r_cg_serial.obj
                                  00005bac  0000609e       4f3
  _R_CSI01_Receive
                                  00005bac        1a   func ,g         0
  _R_CSI01_Send
                                  00005bc6        26   func ,g         0
  _R_SAU0_Create
                                  00005bec        17   func ,g         2
  _R_UART1_Create
                                  00005c03        7e   func ,g         2
  _R_UART1_Start
                                  00005c81        26   func ,g         1
  _R_UART1_Stop
                                  00005ca7        1e   func ,g         0
  _R_UART1_Receive
                                  00005cc5        18   func ,g         0
  _R_UART1_Send
                                  00005cdd        29   func ,g         0
  _R_CSI00_Create
                                  00005d06        53   func ,g         2
  _R_CSI00_Start
                                  00005d59        26   func ,g         1
  _R_CSI00_Stop
                                  00005d7f        18   func ,g         0
  _R_CSI00_Send
                                  00005d97        28   func ,g         0
  _R_CSI01_Create
                                  00005dbf        5a   func ,g         3
  _R_CSI01_Start
                                  00005e19        26   func ,g         1
  _R_CSI01_Stop
                                  00005e3f        18   func ,g         1
  _R_CSI01_Send_Receive
                                  00005e57        36   func ,g         1
  _R_SAU1_Create
                                  00005e8d        14   func ,g         2
  _R_UART2_Create
                                  00005ea1        7e   func ,g         2
  _R_UART2_Start
                                  00005f1f        26   func ,g         2
  _R_UART2_Stop
                                  00005f45        1e   func ,g         1
  _R_UART2_Receive
                                  00005f63        18   func ,g         5
  _R_UART2_Send
                                  00005f7b        29   func ,g         6
  _R_UART3_Create
                                  00005fa4        76   func ,g         2
  _R_UART3_Start
                                  0000601a        26   func ,g         2
  _R_UART3_Stop
                                  00006040        1e   func ,g         1
  _R_UART3_Receive
                                  0000605e        18   func ,g         3
  _R_UART3_Send
                                  00006076        29   func ,g         2
FILE=.\src\r_cg_serial_user.obj
                                  0000609f  0000610b        6d
  _r_uart1_callback_receiveend@1
                                  0000609f         1   func ,l         1
  _r_uart1_callback_softwareoverrun@1
                                  000060a0         1   func ,l         1
  _r_uart1_callback_sendend@1
                                  000060a1         1   func ,l         1
  _r_uart1_callback_error@1
                                  000060a2         1   func ,l         1
  _r_csi00_callback_sendend@1
                                  000060a3         1   func ,l         1
  _r_csi01_callback_receiveend@1
                                  000060a4         7   func ,l         1
  _r_csi01_callback_error@1
                                  000060ab         1   func ,l         1
  _r_csi01_callback_sendend@1
                                  000060ac         4   func ,l         1
  _r_uart2_callback_receiveend@1
                                  000060b0         4   func ,l         1
  _r_uart2_callback_softwareoverrun@1
                                  000060b4         1   func ,l         1
  _r_uart2_callback_sendend@1
                                  000060b5         4   func ,l         1
  _r_uart2_callback_error@1
                                  000060b9         1   func ,l         1
  _r_uart3_callback_receiveend@1
                                  000060ba        49   func ,l         1
  _r_uart3_callback_softwareoverrun@1
                                  00006103         1   func ,l         1
  _r_uart3_callback_sendend@1
                                  00006104         7   func ,l         1
  _r_uart3_callback_error@1
                                  0000610b         1   func ,l         1
FILE=.\src\r_cg_timer.obj
                                  0000610c  00006218       10d
  _R_TAU0_Create
                                  0000610c        ad   func ,g         2
  _R_TAU0_Channel0_Start
                                  000061b9        10   func ,g         1
  _R_TAU0_Channel0_Stop
                                  000061c9        10   func ,g         0
  _R_TAU0_Channel1_Start
                                  000061d9        10   func ,g         0
  _R_TAU0_Channel1_Stop
                                  000061e9        10   func ,g         0
  _R_TAU0_Channel2_Start
                                  000061f9        10   func ,g         0
  _R_TAU0_Channel2_Stop
                                  00006209        10   func ,g         0
FILE=.\src\r_cg_wdt.obj
                                  00006219  0000622d        15
  _R_WDT_Create
                                  00006219        11   func ,g         1
  _R_WDT_Restart
                                  0000622a         4   func ,g         9
FILE=.\src\r_main.obj
                                  0000622e  0000651e       2f1
  _nostop_checkHandSensor
                                  0000622e        31   func ,g         0
  _readHS
                                  0000625f        15   func ,g         0
  _main
                                  00006274       24a   func ,g         1
  _R_MAIN_UserInit
                                  000064be        61   func ,g         1
FILE=.\src\r_systeminit.obj
                                  0000651f  00006555        37
  _R_Systeminit
                                  0000651f        32   func ,g         1
  _hdwinit
                                  00006551         5   func ,g         1
FILE=.\src\usr_timer.obj
                                  00006556  00006685       130
  _delay_ms
                                  00006556        68   func ,g         3
  _delay
                                  000065be        18   func ,g         0
  _ns_delay_ms
                                  000065d6        6c   func ,g        3c
  _mTask
                                  00006642        44   func ,g         0

SECTION=.monitor2
FILE=rlink_generates_02
                                  0007fe00  0007ffff       200

SECTION=.bss
FILE=.\src\EEPROM.obj
                                  000f4700  000f4726        27
  _eeprom_status
                                  000f4700         1   data ,g         c
    union  EEPROM_status_u {
                                                   1
      _eeprom_status.refined
                                  000f4700         1
    struct  {
                                                   1
      _eeprom_status.refined.RB
                                  000f4700         1   unsigned char:1(7)
      _eeprom_status.refined.WEN
                                  000f4700         1   unsigned char:1(6)
      _eeprom_status.refined.BP
                                  000f4700         1   unsigned char:2(4)
      _eeprom_status.refined.RSVD
                                  000f4700         1   unsigned char:3(1)
      _eeprom_status.refined.WPEN
                                  000f4700         1   unsigned char:1(0)
    }
      _eeprom_status.raw
                                  000f4700         1   unsigned char
    }
  _spi_flag
                                  000f4702         2   data ,g         3
  _buf
                                  000f4704        23   data ,g        12
FILE=.\src\hwm\error_check.obj
                                  000f4728  000f4733         c
  _g_TimeKeeper@1
                                  000f4728         a   data ,l         5
    struct Tick_Keeper_s {
                                                   a
      _g_TimeKeeper@1.electrolyteOff_h
                                  000f4728         1   unsigned char
      _g_TimeKeeper@1.SV1SV2OnTime_s
                                  000f472a         2   unsigned short
      _g_TimeKeeper@1.SV1SV2OnTime_h
                                  000f472c         2   unsigned short
      _g_TimeKeeper@1.neutralization
                                  000f472e         4   unsigned long
    }
  _g_alarm
                                  000f4732         2   data ,g        17
    union  Alarm_Flag_u {
                                                   2
      _g_alarm.refined
                                  000f4732         2
    struct  {
                                                   2
      _g_alarm.refined.over_voltage_1
                                  000f4732         1   unsigned char:1(7)
      _g_alarm.refined.over_voltage_2
                                  000f4732         1   unsigned char:1(6)
      _g_alarm.refined.over_voltage_3
                                  000f4732         1   unsigned char:1(5)
      _g_alarm.refined.underVoltage
                                  000f4732         1   unsigned char:1(4)
      _g_alarm.refined.abnormal_flow
                                  000f4732         1   unsigned char:1(3)
      _g_alarm.refined.abnormal_current
                                  000f4732         1   unsigned char:1(2)
      _g_alarm.refined.over_curent
                                  000f4732         1   unsigned char:1(1)
      _g_alarm.refined.solenoid
                                  000f4732         1   unsigned char:1(0)
      _g_alarm.refined.salt_full
                                  000f4733         1   unsigned char:1(7)
      _g_alarm.refined.salt_empty
                                  000f4733         1   unsigned char:1(6)
      _g_alarm.refined.acid_skip
                                  000f4733         1   unsigned char:1(5)
      _g_alarm.refined.alkaline_skip
                                  000f4733         1   unsigned char:1(4)
      _g_alarm.refined.water_full
                                  000f4733         1   unsigned char:1(3)
      _g_alarm.refined.filter
                                  000f4733         1   unsigned char:1(2)
      _g_alarm.refined.cvcc
                                  000f4733         1   unsigned char:1(1)
    }
    }
FILE=.\src\hwm\io_control.obj
                                  000f4734  000f4737         4
  __flow_pulse
                                  000f4734         4   data ,g         8
FILE=.\src\hwm\main.obj
                                  000f4738  000f4934       1fd
  _g_TimeKeeper@1
                                  000f4738         a   data ,l         5
    struct Tick_Keeper_s {
                                                   a
      _g_TimeKeeper@1.electrolyteOff_h
                                  000f4738         1   unsigned char
      _g_TimeKeeper@1.SV1SV2OnTime_s
                                  000f473a         2   unsigned short
      _g_TimeKeeper@1.SV1SV2OnTime_h
                                  000f473c         2   unsigned short
      _g_TimeKeeper@1.neutralization
                                  000f473e         4   unsigned long
    }
  _g_numberSetting
                                  000f4742        26   data ,g        35
    struct Number_Setting_s {
                                                  26
      _g_numberSetting.upperVoltage1
                                  000f4742         4   float
      _g_numberSetting.upperVoltage2
                                  000f4746         4   float
      _g_numberSetting.upperVoltage3
                                  000f474a         4   float
      _g_numberSetting.lowerVoltage
                                  000f474e         4   float
      _g_numberSetting.upperCurrent
                                  000f4752         4   float
      _g_numberSetting.lowerCurrent
                                  000f4756         4   float
      _g_numberSetting.upperFlow
                                  000f475a         4   float
      _g_numberSetting.lowerFlow
                                  000f475e         4   float
      _g_numberSetting.cvccCurrent
                                  000f4762         4   float
      _g_numberSetting.crc
                                  000f4766         1   char
    }
  _g_neutralization_time_s
                                  000f4768         4   data ,g         8
  _g_color
                                  000f476c         1   data ,g         b
  _g_pre_color
                                  000f476d         1   data ,g         3
  _g_flow_value
                                  000f476e         4   data ,g         0
  _g_machine_state
                                  000f4772         f   data ,g        78
    struct Machine_State_u {
                                                   f
      _g_machine_state.akaline
                                  000f4772         1   unsigned char
      _g_machine_state.acid
                                  000f4773         1   unsigned char
      _g_machine_state.water
                                  000f4774         1   unsigned char
      _g_machine_state.handwash
                                  000f4775         1   unsigned char
      _g_machine_state.waterSupply
                                  000f4776         1   unsigned char
      _g_machine_state.flowSensor
                                  000f4777         1   unsigned char
      _g_machine_state.callan
                                  000f4778         1   unsigned char
      _g_machine_state.electrolyteOperation
                                  000f4779         1   unsigned char
      _g_machine_state.electrolyteOFF
                                  000f477a         1   unsigned char
      _g_machine_state.drainage
                                  000f477b         1   unsigned char
      _g_machine_state.isMidNight
                                  000f477c         1   unsigned char
      _g_machine_state.test
                                  000f477d         1   unsigned char
      _g_machine_state.neutrlization
                                  000f477e         1   unsigned char
      _g_machine_state.user
                                  000f477f         1   unsigned char
      _g_machine_state.mode
                                  000f4780         1   unsigned char
    }
  _g_io_status
                                  000f4782        12   data ,g        35
    union  IO_Status_u {
                                                  12
      _g_io_status.refined
                                  000f4782        12
    struct  {
                                                  12
      _g_io_status.refined.io
                                  000f4782         5
    struct IO_Struct {
                                                   5
      _g_io_status.refined.io.AlkalineEmptyLevel
                                  000f4782         1   unsigned char:1(7)
      _g_io_status.refined.io.AlkalineLowLevel
                                  000f4782         1   unsigned char:1(6)
      _g_io_status.refined.io.AlkalineHighLevel
                                  000f4782         1   unsigned char:1(5)
      _g_io_status.refined.io.AcidEmptyLevel
                                  000f4782         1   unsigned char:1(4)
      _g_io_status.refined.io.AcidLowLevel
                                  000f4782         1   unsigned char:1(3)
      _g_io_status.refined.io.AcidHighLevel
                                  000f4782         1   unsigned char:1(2)
      _g_io_status.refined.io.SaltLowLevel
                                  000f4782         1   unsigned char:1(1)
      _g_io_status.refined.io.SaltHighLevel
                                  000f4782         1   unsigned char:1(0)
      _g_io_status.refined.io.Valve
                                  000f4783         2
    struct  {
                                                   2
      _g_io_status.refined.io.Valve.SV1
                                  000f4783         1   unsigned char:1(7)
      _g_io_status.refined.io.Valve.SV2
                                  000f4783         1   unsigned char:1(6)
      _g_io_status.refined.io.Valve.SV3
                                  000f4783         1   unsigned char:1(5)
      _g_io_status.refined.io.Valve.SV4
                                  000f4783         1   unsigned char:1(4)
      _g_io_status.refined.io.Valve.SV5
                                  000f4783         1   unsigned char:1(3)
      _g_io_status.refined.io.Valve.SV6
                                  000f4783         1   unsigned char:1(2)
      _g_io_status.refined.io.Valve.SV7
                                  000f4783         1   unsigned char:1(1)
      _g_io_status.refined.io.Valve.SV8
                                  000f4783         1   unsigned char:1(0)
      _g_io_status.refined.io.Valve.SV9
                                  000f4784         1   unsigned char:1(7)
      _g_io_status.refined.io.Valve.RSVD
                                  000f4784         1   unsigned char:7(0)
    }
      _g_io_status.refined.io.Pump1
                                  000f4785         1   unsigned char:1(7)
      _g_io_status.refined.io.Pump2
                                  000f4785         1   unsigned char:1(6)
      _g_io_status.refined.io.SaltPump
                                  000f4785         1   unsigned char:1(5)
      _g_io_status.refined.io.CVCC_ON
                                  000f4785         1   unsigned char:1(4)
      _g_io_status.refined.io.RSVD1
                                  000f4785         1   unsigned char:4(0)
      _g_io_status.refined.io.MachineMode_RSVD
                                  000f4786         1   unsigned char
    }
      _g_io_status.refined.FlowValue
                                  000f4788         4   float
      _g_io_status.refined.CVCCVoltage
                                  000f478c         4   float
      _g_io_status.refined.CVCCCurrent
                                  000f4790         4   float
    }
    }
  _g_mean_io_status
                                  000f4794        12   data ,g        17
    union  IO_Status_u {
                                                  12
      _g_mean_io_status.refined
                                  000f4794        12
    struct  {
                                                  12
      _g_mean_io_status.refined.io
                                  000f4794         5
    struct IO_Struct {
                                                   5
      _g_mean_io_status.refined.io.AlkalineEmptyLevel
                                  000f4794         1   unsigned char:1(7)
      _g_mean_io_status.refined.io.AlkalineLowLevel
                                  000f4794         1   unsigned char:1(6)
      _g_mean_io_status.refined.io.AlkalineHighLevel
                                  000f4794         1   unsigned char:1(5)
      _g_mean_io_status.refined.io.AcidEmptyLevel
                                  000f4794         1   unsigned char:1(4)
      _g_mean_io_status.refined.io.AcidLowLevel
                                  000f4794         1   unsigned char:1(3)
      _g_mean_io_status.refined.io.AcidHighLevel
                                  000f4794         1   unsigned char:1(2)
      _g_mean_io_status.refined.io.SaltLowLevel
                                  000f4794         1   unsigned char:1(1)
      _g_mean_io_status.refined.io.SaltHighLevel
                                  000f4794         1   unsigned char:1(0)
      _g_mean_io_status.refined.io.Valve
                                  000f4795         2
    struct  {
                                                   2
      _g_mean_io_status.refined.io.Valve.SV1
                                  000f4795         1   unsigned char:1(7)
      _g_mean_io_status.refined.io.Valve.SV2
                                  000f4795         1   unsigned char:1(6)
      _g_mean_io_status.refined.io.Valve.SV3
                                  000f4795         1   unsigned char:1(5)
      _g_mean_io_status.refined.io.Valve.SV4
                                  000f4795         1   unsigned char:1(4)
      _g_mean_io_status.refined.io.Valve.SV5
                                  000f4795         1   unsigned char:1(3)
      _g_mean_io_status.refined.io.Valve.SV6
                                  000f4795         1   unsigned char:1(2)
      _g_mean_io_status.refined.io.Valve.SV7
                                  000f4795         1   unsigned char:1(1)
      _g_mean_io_status.refined.io.Valve.SV8
                                  000f4795         1   unsigned char:1(0)
      _g_mean_io_status.refined.io.Valve.SV9
                                  000f4796         1   unsigned char:1(7)
      _g_mean_io_status.refined.io.Valve.RSVD
                                  000f4796         1   unsigned char:7(0)
    }
      _g_mean_io_status.refined.io.Pump1
                                  000f4797         1   unsigned char:1(7)
      _g_mean_io_status.refined.io.Pump2
                                  000f4797         1   unsigned char:1(6)
      _g_mean_io_status.refined.io.SaltPump
                                  000f4797         1   unsigned char:1(5)
      _g_mean_io_status.refined.io.CVCC_ON
                                  000f4797         1   unsigned char:1(4)
      _g_mean_io_status.refined.io.RSVD1
                                  000f4797         1   unsigned char:4(0)
      _g_mean_io_status.refined.io.MachineMode_RSVD
                                  000f4798         1   unsigned char
    }
      _g_mean_io_status.refined.FlowValue
                                  000f479a         4   float
      _g_mean_io_status.refined.CVCCVoltage
                                  000f479e         4   float
      _g_mean_io_status.refined.CVCCCurrent
                                  000f47a2         4   float
    }
    }
  _g_res_io_status
                                  000f47a6        12   data ,g         0
    union  IO_Status_u {
                                                  12
      _g_res_io_status.refined
                                  000f47a6        12
    struct  {
                                                  12
      _g_res_io_status.refined.io
                                  000f47a6         5
    struct IO_Struct {
                                                   5
      _g_res_io_status.refined.io.AlkalineEmptyLevel
                                  000f47a6         1   unsigned char:1(7)
      _g_res_io_status.refined.io.AlkalineLowLevel
                                  000f47a6         1   unsigned char:1(6)
      _g_res_io_status.refined.io.AlkalineHighLevel
                                  000f47a6         1   unsigned char:1(5)
      _g_res_io_status.refined.io.AcidEmptyLevel
                                  000f47a6         1   unsigned char:1(4)
      _g_res_io_status.refined.io.AcidLowLevel
                                  000f47a6         1   unsigned char:1(3)
      _g_res_io_status.refined.io.AcidHighLevel
                                  000f47a6         1   unsigned char:1(2)
      _g_res_io_status.refined.io.SaltLowLevel
                                  000f47a6         1   unsigned char:1(1)
      _g_res_io_status.refined.io.SaltHighLevel
                                  000f47a6         1   unsigned char:1(0)
      _g_res_io_status.refined.io.Valve
                                  000f47a7         2
    struct  {
                                                   2
      _g_res_io_status.refined.io.Valve.SV1
                                  000f47a7         1   unsigned char:1(7)
      _g_res_io_status.refined.io.Valve.SV2
                                  000f47a7         1   unsigned char:1(6)
      _g_res_io_status.refined.io.Valve.SV3
                                  000f47a7         1   unsigned char:1(5)
      _g_res_io_status.refined.io.Valve.SV4
                                  000f47a7         1   unsigned char:1(4)
      _g_res_io_status.refined.io.Valve.SV5
                                  000f47a7         1   unsigned char:1(3)
      _g_res_io_status.refined.io.Valve.SV6
                                  000f47a7         1   unsigned char:1(2)
      _g_res_io_status.refined.io.Valve.SV7
                                  000f47a7         1   unsigned char:1(1)
      _g_res_io_status.refined.io.Valve.SV8
                                  000f47a7         1   unsigned char:1(0)
      _g_res_io_status.refined.io.Valve.SV9
                                  000f47a8         1   unsigned char:1(7)
      _g_res_io_status.refined.io.Valve.RSVD
                                  000f47a8         1   unsigned char:7(0)
    }
      _g_res_io_status.refined.io.Pump1
                                  000f47a9         1   unsigned char:1(7)
      _g_res_io_status.refined.io.Pump2
                                  000f47a9         1   unsigned char:1(6)
      _g_res_io_status.refined.io.SaltPump
                                  000f47a9         1   unsigned char:1(5)
      _g_res_io_status.refined.io.CVCC_ON
                                  000f47a9         1   unsigned char:1(4)
      _g_res_io_status.refined.io.RSVD1
                                  000f47a9         1   unsigned char:4(0)
      _g_res_io_status.refined.io.MachineMode_RSVD
                                  000f47aa         1   unsigned char
    }
      _g_res_io_status.refined.FlowValue
                                  000f47ac         4   float
      _g_res_io_status.refined.CVCCVoltage
                                  000f47b0         4   float
      _g_res_io_status.refined.CVCCCurrent
                                  000f47b4         4   float
    }
    }
  __settingTime
                                  000f47b8        96   data ,g         8
    struct Timer_Setting_s {
                                                  96
      __settingTime.t1_initialWaterDrainageOperation_s
                                  000f47b8         4   unsigned long
      __settingTime.t2_flowSensorStartTime_s
                                  000f47bc         4   unsigned long
      __settingTime.t3_flowSensorMonitorTime_s
                                  000f47c0         4   unsigned long
      __settingTime.t4_electrolysisOperationStart_s
                                  000f47c4         4   unsigned long
      __settingTime.t5_electrolysisStopDelay_s
                                  000f47c8         4   unsigned long
      __settingTime.t6_drainageOffTime_h
                                  000f47cc         4   unsigned long
      __settingTime.t7_powerOnPreparation_s
                                  000f47d0         4   unsigned long
      __settingTime.t8_flowRateAdjustmentRelease_s
                                  000f47d4         4   unsigned long
      __settingTime.t9_currentAdjustmentRelease_s
                                  000f47d8         4   unsigned long
      __settingTime.t10_electrolysisCurrentAlarmSpecified_s
                                  000f47dc         4   unsigned long
      __settingTime.t11_overVoltage1Time_s
                                  000f47e0         4   unsigned long
      __settingTime.t12_overVoltage2Time_s
                                  000f47e4         4   unsigned long
      __settingTime.t13_overVoltage3Time_s
                                  000f47e8         4   unsigned long
      __settingTime.t14_lowVoltageStartTime_s
                                  000f47ec         4   unsigned long
      __settingTime.t15_lowVoltageDelayTime_s
                                  000f47f0         4   unsigned long
      __settingTime.t16_currentMonitoringStart_s
                                  000f47f4         4   unsigned long
      __settingTime.t17_solenoidLeakageStartTime_s
                                  000f47f8         4   unsigned long
      __settingTime.t18_fullSaltWaterMonitoringStart_h
                                  000f47fc         4   unsigned long
      __settingTime.t19_waterFilterAlarm_h
                                  000f4800         4   unsigned long
      __settingTime.t20_waterFilterAlarmIgnore_h
                                  000f4804         4   unsigned long
      __settingTime.t26_onDelayEmptyLevel_s
                                  000f4808         4   unsigned long
      __settingTime.t27_onDelayLowLevel_s
                                  000f480c         4   unsigned long
      __settingTime.t28_onDelayHighLevel_s
                                  000f4810         4   unsigned long
      __settingTime.t30_offDelayEmptyLevel_s
                                  000f4814         4   unsigned long
      __settingTime.t31_saltLowLevelDelay_s
                                  000f4818         4   unsigned long
      __settingTime.t32_saltHighLevelDelay_s
                                  000f481c         4   unsigned long
      __settingTime.t51_alkalineWaterSpoutingTime_s
                                  000f4820         4   unsigned long
      __settingTime.t52_acidWaterSpoutingTime_s
                                  000f4824         4   unsigned long
      __settingTime.t53_washingWaterSpoutingTime_s
                                  000f4828         4   unsigned long
      __settingTime.t54_overLapTime_ms
                                  000f482c         4   unsigned long
      __settingTime.t55_waterDischargeDelay_s
                                  000f4830         4   unsigned long
      __settingTime.t56_acidWaterDownTime_s
                                  000f4834         4   unsigned long
      __settingTime.t59_alkalineWaterDownTime_s
                                  000f4838         4   unsigned long
      __settingTime.t61_curranCleaningIntervalTime_h
                                  000f483c         4   unsigned long
      __settingTime.t62_callanWashSpoutingTime_s
                                  000f4840         4   unsigned long
      __settingTime.t33_t63_neutralizationStartTime_h
                                  000f4844         4   unsigned long
      __settingTime.t34_t64_neutralizationOpenTime_s
                                  000f4848         4   unsigned long
      __settingTime.crc
                                  000f484c         1   char
    }
  __settingNumber
                                  000f484e        26   data ,g         8
    struct Number_Setting_s {
                                                  26
      __settingNumber.upperVoltage1
                                  000f484e         4   float
      __settingNumber.upperVoltage2
                                  000f4852         4   float
      __settingNumber.upperVoltage3
                                  000f4856         4   float
      __settingNumber.lowerVoltage
                                  000f485a         4   float
      __settingNumber.upperCurrent
                                  000f485e         4   float
      __settingNumber.lowerCurrent
                                  000f4862         4   float
      __settingNumber.upperFlow
                                  000f4866         4   float
      __settingNumber.lowerFlow
                                  000f486a         4   float
      __settingNumber.cvccCurrent
                                  000f486e         4   float
      __settingNumber.crc
                                  000f4872         1   char
    }
  _g_machine_mode
                                  000f4874         1   data ,g         4
  _g_machine_test_mode
                                  000f4875         1   data ,g         0
  _btod
                                  000f4876         4   data ,g         6
    union  BytesToDouble {
                                                   4
      _btod.refined
                                  000f4876         4
    struct  {
                                                   4
      _btod.refined.data
                                  000f4876         4   unsigned char
    }
      _btod.raw
                                  000f4876         4   unsigned long
    }
  _g_Tick
                                  000f487a        b4   data ,g        8c
    struct Tick_s {
                                                  b4
      _g_Tick.tick500ms
                                  000f487a         4   unsigned long
      _g_Tick.tick1s
                                  000f487e         4   unsigned long
      _g_Tick.tick5s
                                  000f4882         4   unsigned long
      _g_Tick.tickBlink
                                  000f4886         4   unsigned long
      _g_Tick.tickAlkaline
                                  000f488a         4   unsigned long
      _g_Tick.tickAcid
                                  000f488e         4   unsigned long
      _g_Tick.tickWater
                                  000f4892         4   unsigned long
      _g_Tick.tickHandWash
                                  000f4896         4   unsigned long
      _g_Tick.tickWaterSupply
                                  000f489a         4   unsigned long
      _g_Tick.tickFlowMeasurment
                                  000f489e         4   unsigned long
      _g_Tick.tickDebouceHandSensor
                                  000f48a2         4   unsigned long
      _g_Tick.tickVoltage1Check
                                  000f48a6         4   unsigned long
      _g_Tick.tickVoltage2Check
                                  000f48aa         4   unsigned long
      _g_Tick.tickVoltage3Check
                                  000f48ae         4   unsigned long
      _g_Tick.tickVoltageLowCheck
                                  000f48b2         4   unsigned long
      _g_Tick.tickCurrentCheck
                                  000f48b6         4   unsigned long
      _g_Tick.tickSolenoidCheck
                                  000f48ba         4   unsigned long
      _g_Tick.tickSaltFullCheck
                                  000f48be         4   unsigned long
      _g_Tick.tickSV1SV2
                                  000f48c2         4   unsigned long
      _g_Tick.tickElectrolyticOff
                                  000f48c6         4   unsigned long
      _g_Tick.tickWaterSoftenerPCB
                                  000f48ca         4   unsigned long
      _g_Tick.tickValvePCB
                                  000f48ce         4   unsigned long
      _g_Tick.tickRS485
                                  000f48d2         4   unsigned long
      _g_Tick.tickCallan
                                  000f48d6         4   unsigned long
      _g_Tick.tickDrainage
                                  000f48da         4   unsigned long
      _g_Tick.tickTestOperation
                                  000f48de         4   unsigned long
      _g_Tick.tickWaterFull
                                  000f48e2         4   unsigned long
      _g_Tick.tickAcidLevel
                                  000f48e6        10   unsigned long
      _g_Tick.tickAlkalineLevel
                                  000f48f6        10   unsigned long
      _g_Tick.tickHandSensor
                                  000f4906         8   unsigned long
      _g_Tick.tickCustom
                                  000f490e        20   unsigned long
    }
  _water_solfner_buf
                                  000f492e         7   data ,g         5
    struct UART3_Buffer_s {
                                                   7
      _water_solfner_buf.busy
                                  000f492e         1   unsigned char
      _water_solfner_buf.head
                                  000f492f         1   unsigned char
      _water_solfner_buf.set_number
                                  000f4930         1   unsigned char
      _water_solfner_buf.set_value
                                  000f4931         4   unsigned char
    }
FILE=.\src\hwm\operation.obj
                                  000f4936  000f493f         a
  _g_TimeKeeper@1
                                  000f4936         a   data ,l         9
    struct Tick_Keeper_s {
                                                   a
      _g_TimeKeeper@1.electrolyteOff_h
                                  000f4936         1   unsigned char
      _g_TimeKeeper@1.SV1SV2OnTime_s
                                  000f4938         2   unsigned short
      _g_TimeKeeper@1.SV1SV2OnTime_h
                                  000f493a         2   unsigned short
      _g_TimeKeeper@1.neutralization
                                  000f493c         4   unsigned long
    }
FILE=.\src\hwm\raspberry_pi_interface.obj
                                  000f4940  000f4945         6
  _g_io_response
                                  000f4940         5   data ,g         2
    struct IO_Struct {
                                                   5
      _g_io_response.AlkalineEmptyLevel
                                  000f4940         1   unsigned char:1(7)
      _g_io_response.AlkalineLowLevel
                                  000f4940         1   unsigned char:1(6)
      _g_io_response.AlkalineHighLevel
                                  000f4940         1   unsigned char:1(5)
      _g_io_response.AcidEmptyLevel
                                  000f4940         1   unsigned char:1(4)
      _g_io_response.AcidLowLevel
                                  000f4940         1   unsigned char:1(3)
      _g_io_response.AcidHighLevel
                                  000f4940         1   unsigned char:1(2)
      _g_io_response.SaltLowLevel
                                  000f4940         1   unsigned char:1(1)
      _g_io_response.SaltHighLevel
                                  000f4940         1   unsigned char:1(0)
      _g_io_response.Valve
                                  000f4941         2
    struct  {
                                                   2
      _g_io_response.Valve.SV1
                                  000f4941         1   unsigned char:1(7)
      _g_io_response.Valve.SV2
                                  000f4941         1   unsigned char:1(6)
      _g_io_response.Valve.SV3
                                  000f4941         1   unsigned char:1(5)
      _g_io_response.Valve.SV4
                                  000f4941         1   unsigned char:1(4)
      _g_io_response.Valve.SV5
                                  000f4941         1   unsigned char:1(3)
      _g_io_response.Valve.SV6
                                  000f4941         1   unsigned char:1(2)
      _g_io_response.Valve.SV7
                                  000f4941         1   unsigned char:1(1)
      _g_io_response.Valve.SV8
                                  000f4941         1   unsigned char:1(0)
      _g_io_response.Valve.SV9
                                  000f4942         1   unsigned char:1(7)
      _g_io_response.Valve.RSVD
                                  000f4942         1   unsigned char:7(0)
    }
      _g_io_response.Pump1
                                  000f4943         1   unsigned char:1(7)
      _g_io_response.Pump2
                                  000f4943         1   unsigned char:1(6)
      _g_io_response.SaltPump
                                  000f4943         1   unsigned char:1(5)
      _g_io_response.CVCC_ON
                                  000f4943         1   unsigned char:1(4)
      _g_io_response.RSVD1
                                  000f4943         1   unsigned char:4(0)
      _g_io_response.MachineMode_RSVD
                                  000f4944         1   unsigned char
    }
  _g_test_control
                                  000f4945         1   data ,g         8
    union  Control_u {
                                                   1
      _g_test_control.raw
                                  000f4945         1
    struct Cotrol_s {
                                                   1
      _g_test_control.raw.drain
                                  000f4945         1   unsigned char:1(7)
      _g_test_control.raw.power_on
                                  000f4945         1   unsigned char:1(6)
      _g_test_control.raw.filter
                                  000f4945         1   unsigned char:1(5)
      _g_test_control.raw.biomectric
                                  000f4945         1   unsigned char:1(4)
      _g_test_control.raw.RSVD
                                  000f4945         1   unsigned char:4(0)
    }
    }
FILE=.\src\interrupt_handle.obj
                                  000f4946  000f4949         4
  _g_adc_value
                                  000f4946         4   data ,g         4
FILE=.\src\r_cg_rtc_user.obj
                                  000f494a  000f4950         7
  _g_rtc
                                  000f494a         7   data ,g         0
    struct  {
                                                   7
      _g_rtc.sec
                                  000f494a         1   unsigned char
      _g_rtc.min
                                  000f494b         1   unsigned char
      _g_rtc.hour
                                  000f494c         1   unsigned char
      _g_rtc.day
                                  000f494d         1   unsigned char
      _g_rtc.week
                                  000f494e         1   unsigned char
      _g_rtc.month
                                  000f494f         1   unsigned char
      _g_rtc.year
                                  000f4950         1   unsigned char
    }
FILE=.\src\r_cg_serial.obj
                                  000f4952  000f4987        36
  _gp_uart1_tx_address
                                  000f4952         2   data ,g         5
  _g_uart1_tx_count
                                  000f4954         2   data ,g         4
  _gp_uart1_rx_address
                                  000f4956         2   data ,g         3
  _g_uart1_rx_count
                                  000f4958         2   data ,g         4
  _g_uart1_rx_length
                                  000f495a         2   data ,g         3
  _gp_csi00_rx_address
                                  000f495c         2   data ,g         0
  _g_csi00_rx_length
                                  000f495e         2   data ,g         0
  _g_csi00_rx_count
                                  000f4960         2   data ,g         0
  _gp_csi00_tx_address
                                  000f4962         2   data ,g         6
  _g_csi00_send_length
                                  000f4964         2   data ,g         0
  _g_csi00_tx_count
                                  000f4966         2   data ,g         4
  _gp_csi01_rx_address
                                  000f4968         2   data ,g         5
  _g_csi01_rx_length
                                  000f496a         2   data ,g         1
  _g_csi01_rx_count
                                  000f496c         2   data ,g         1
  _gp_csi01_tx_address
                                  000f496e         2   data ,g         7
  _g_csi01_send_length
                                  000f4970         2   data ,g         0
  _g_csi01_tx_count
                                  000f4972         2   data ,g         7
  _gp_uart2_tx_address
                                  000f4974         2   data ,g         5
  _g_uart2_tx_count
                                  000f4976         2   data ,g         4
  _gp_uart2_rx_address
                                  000f4978         2   data ,g         3
  _g_uart2_rx_count
                                  000f497a         2   data ,g         4
  _g_uart2_rx_length
                                  000f497c         2   data ,g         3
  _gp_uart3_tx_address
                                  000f497e         2   data ,g         5
  _g_uart3_tx_count
                                  000f4980         2   data ,g         4
  _gp_uart3_rx_address
                                  000f4982         2   data ,g         3
  _g_uart3_rx_count
                                  000f4984         2   data ,g         4
  _g_uart3_rx_length
                                  000f4986         2   data ,g         3
FILE=.\src\r_cg_serial_user.obj
                                  000f4988  000f4a4e        c7
  _g_uart3_rx_data
                                  000f4988         8   data ,g         8
  _send_response_flag
                                  000f4990         1   data ,g         0
  _send_response_time_flag
                                  000f4991         1   data ,g         0
  _send_response_number_flag
                                  000f4992         1   data ,g         0
  _recived_time_setting_flag
                                  000f4993         1   data ,g         0
  _send_respone_status_flag
                                  000f4994         1   data ,g         0
  _recived_number_setting_flag
                                  000f4995         1   data ,g         0
  _g_commnunication_flag
                                  000f4996        10   data ,g        53
    struct Communicaition_flag_s {
                                                  10
      _g_commnunication_flag.send_response_flag
                                  000f4996         1   unsigned char
      _g_commnunication_flag.send_response_time_flag
                                  000f4997         1   unsigned char
      _g_commnunication_flag.send_response_number_flag
                                  000f4998         1   unsigned char
      _g_commnunication_flag.recived_number_setting_flag
                                  000f4999         1   unsigned char
      _g_commnunication_flag.recived_time_setting_flag
                                  000f499a         1   unsigned char
      _g_commnunication_flag.send_response_status_flag
                                  000f499b         1   unsigned char
      _g_commnunication_flag.send_response_mode_flag
                                  000f499c         1   unsigned char
      _g_commnunication_flag.alarm_clear_flag
                                  000f499d         1   unsigned char
      _g_commnunication_flag.recieve_status_flag
                                  000f499e         1   unsigned char
      _g_commnunication_flag.test_flag
                                  000f499f         1   unsigned char
      _g_commnunication_flag.rs485_send_to_watersolfner_response_flag
                                  000f49a0         1   unsigned char
      _g_commnunication_flag.rs485_send_to_watersolfner_SV1_flag
                                  000f49a1         1   unsigned char
      _g_commnunication_flag.rs485_send_to_valve_response_flag
                                  000f49a2         1   unsigned char
      _g_commnunication_flag.rs485_get_valve_gesture_flag
                                  000f49a3         1   unsigned char
      _g_commnunication_flag.rs485_fault
                                  000f49a4         1   unsigned char
      _g_commnunication_flag.control_test_flag
                                  000f49a5         1   unsigned char
    }
  _g_csi_count
                                  000f49a6         1   data ,g         0
  _g_csi_err
                                  000f49a7         1   data ,g         0
  _g_csi_send_end
                                  000f49a8         1   data ,g         1
  _g_csi_rev_end
                                  000f49a9         1   data ,g         3
  _g_uart1_send
                                  000f49aa         1   data ,g         0
  _g_uart2_sendend
                                  000f49ab         1   data ,g         e
  _g_uart2_receive
                                  000f49ac         1   data ,g         1
  _g_rx_data
                                  000f49ad        a0   data ,g        1d
  _g_uart2_fault
                                  000f4a4d         1   data ,g         3
  _g_uart3_sendend
                                  000f4a4e         1   data ,g         6
FILE=.\src\r_cg_timer_user.obj
                                  000f4a50  000f4a57         8
  _timer0_ch0_flag
                                  000f4a50         1   data ,g         1
  _timer0_ch1_flag
                                  000f4a51         1   data ,g         1
  _timer0_ch2_flag
                                  000f4a52         1   data ,g         1
  _g_systemTime
                                  000f4a54         4   data ,g        82
FILE=.\src\r_main.obj
                                  000f4a58  000f4afa        a3
  _g_e_status
                                  000f4a58         1   data ,g         0
    union  EEPROM_status_u {
                                                   1
      _g_e_status.refined
                                  000f4a58         1
    struct  {
                                                   1
      _g_e_status.refined.RB
                                  000f4a58         1   unsigned char:1(7)
      _g_e_status.refined.WEN
                                  000f4a58         1   unsigned char:1(6)
      _g_e_status.refined.BP
                                  000f4a58         1   unsigned char:2(4)
      _g_e_status.refined.RSVD
                                  000f4a58         1   unsigned char:3(1)
      _g_e_status.refined.WPEN
                                  000f4a58         1   unsigned char:1(0)
    }
      _g_e_status.raw
                                  000f4a58         1   unsigned char
    }
  _ret_number_setting
                                  000f4a5a        26   data ,g         0
    struct Number_Setting_s {
                                                  26
      _ret_number_setting.upperVoltage1
                                  000f4a5a         4   float
      _ret_number_setting.upperVoltage2
                                  000f4a5e         4   float
      _ret_number_setting.upperVoltage3
                                  000f4a62         4   float
      _ret_number_setting.lowerVoltage
                                  000f4a66         4   float
      _ret_number_setting.upperCurrent
                                  000f4a6a         4   float
      _ret_number_setting.lowerCurrent
                                  000f4a6e         4   float
      _ret_number_setting.upperFlow
                                  000f4a72         4   float
      _ret_number_setting.lowerFlow
                                  000f4a76         4   float
      _ret_number_setting.cvccCurrent
                                  000f4a7a         4   float
      _ret_number_setting.crc
                                  000f4a7e         1   char
    }
  _flow_p
                                  000f4a80         1   data ,g         1
  _salt_h_p
                                  000f4a81         1   data ,g         0
  _g_eeprom_wren
                                  000f4a82         1   data ,g         0
  _receive_data
                                  000f4a83         2   data ,g         0
  _receive_setting
                                  000f4a86        26   data ,g         0
    struct Number_Setting_s {
                                                  26
      _receive_setting.upperVoltage1
                                  000f4a86         4   float
      _receive_setting.upperVoltage2
                                  000f4a8a         4   float
      _receive_setting.upperVoltage3
                                  000f4a8e         4   float
      _receive_setting.lowerVoltage
                                  000f4a92         4   float
      _receive_setting.upperCurrent
                                  000f4a96         4   float
      _receive_setting.lowerCurrent
                                  000f4a9a         4   float
      _receive_setting.upperFlow
                                  000f4a9e         4   float
      _receive_setting.lowerFlow
                                  000f4aa2         4   float
      _receive_setting.cvccCurrent
                                  000f4aa6         4   float
      _receive_setting.crc
                                  000f4aaa         1   char
    }
  _set
                                  000f4aac         1   data ,g         0
    union  EEPROM_status_u {
                                                   1
      _set.refined
                                  000f4aac         1
    struct  {
                                                   1
      _set.refined.RB
                                  000f4aac         1   unsigned char:1(7)
      _set.refined.WEN
                                  000f4aac         1   unsigned char:1(6)
      _set.refined.BP
                                  000f4aac         1   unsigned char:2(4)
      _set.refined.RSVD
                                  000f4aac         1   unsigned char:3(1)
      _set.refined.WPEN
                                  000f4aac         1   unsigned char:1(0)
    }
      _set.raw
                                  000f4aac         1   unsigned char
    }
  _rx_data
                                  000f4aae         c   data ,g         0
  _data_f
                                  000f4aba         4   data ,g         0
  _data_f_test
                                  000f4abe         4   data ,g         0
    union  byte_to_float {
                                                   4
      _data_f_test.refined
                                  000f4abe         4
    struct  {
                                                   4
      _data_f_test.refined.b
                                  000f4abe         4   unsigned char
    }
      _data_f_test.raw
                                  000f4abe         4   float
    }
  _g_control_buffer_f
                                  000f4ac2         6   data ,g         5
    struct UART_Buffer_float_s {
                                                   6
      _g_control_buffer_f.head
                                  000f4ac2         1   unsigned char
      _g_control_buffer_f.set_number
                                  000f4ac3         1   unsigned char
      _g_control_buffer_f.set_value
                                  000f4ac4         4   float
    }
  _g_control_buffer_u32
                                  000f4ac8         6   data ,g         5
    struct UART_Buffer_u32_s {
                                                   6
      _g_control_buffer_u32.head
                                  000f4ac8         1   unsigned char
      _g_control_buffer_u32.set_number
                                  000f4ac9         1   unsigned char
      _g_control_buffer_u32.set_value
                                  000f4aca         4   unsigned long
    }
  _handsensor_status
                                  000f4ace         1   data ,g         0
    union   {
                                                   1
      _handsensor_status.
                                  000f4ace         1
    struct  {
                                                   1
      _handsensor_status..up_signal
                                  000f4ace         1   unsigned char
    }
      _handsensor_status.status
                                  000f4ace         1   unsigned char
    }
  _g_handsensor_status
                                  000f4acf         2   data ,g         3
  _g_crc
                                  000f4ad1         8   data ,g         2
  _g_crc_32
                                  000f4ada        20   data ,g         0
  _rx_count
                                  000f4afa         1   data ,g         0

SECTION=.dataR
FILE=.\src\hwm\io_control.obj
                                  000f4afc  000f4afc         1
  __pre_flow_state
                                  000f4afc         1   data ,g         2
FILE=.\src\hwm\main.obj
                                  000f4afe  000f4b93        96
  _g_timerSetting
                                  000f4afe        96   data ,g        70
    struct Timer_Setting_s {
                                                  96
      _g_timerSetting.t1_initialWaterDrainageOperation_s
                                  000f4afe         4   unsigned long
      _g_timerSetting.t2_flowSensorStartTime_s
                                  000f4b02         4   unsigned long
      _g_timerSetting.t3_flowSensorMonitorTime_s
                                  000f4b06         4   unsigned long
      _g_timerSetting.t4_electrolysisOperationStart_s
                                  000f4b0a         4   unsigned long
      _g_timerSetting.t5_electrolysisStopDelay_s
                                  000f4b0e         4   unsigned long
      _g_timerSetting.t6_drainageOffTime_h
                                  000f4b12         4   unsigned long
      _g_timerSetting.t7_powerOnPreparation_s
                                  000f4b16         4   unsigned long
      _g_timerSetting.t8_flowRateAdjustmentRelease_s
                                  000f4b1a         4   unsigned long
      _g_timerSetting.t9_currentAdjustmentRelease_s
[...]
                                          0010(00004f7b:.textf)
                                          0010(00004f81:.textf)
                                          0010(00005034:.textf)
                                          0010(0000503a:.textf)
                                          0010(0000519d:.textf)
                                          0010(000051a3:.textf)
                                          0010(0000524c:.textf)
                                          0010(00005252:.textf)
                                          0011(000052ec:.textf)
                                          0011(000052ef:.textf)
                                          0011(00005382:.textf)
                                          0011(00005388:.textf)
                                          0012(00005624:.textf)
                                          0012(00005629:.textf)
                                          0027(00000484:.text)
                                          0027(0000048c:.text)
                                          0027(0000048f:.text)
                                          0027(00000493:.text)
                                          0030(00006364:.textf)
                                          0030(0000636a:.textf)
                                          0030(000063b6:.textf)
                                          0030(000063b9:.textf)
                                          0030(000063fe:.textf)
                                          0030(00006404:.textf)
                                          0030(00006433:.textf)
                                          0030(00006439:.textf)
                                          0032(0000655c:.textf)
                                          0032(00006561:.textf)
                                          0032(00006590:.textf)
                                          0032(00006597:.textf)
                                          0032(0000659e:.textf)
                                          0032(000065a6:.textf)
                                          0032(000065e0:.textf)
                                          0032(000065e7:.textf)
                                          0032(00006606:.textf)
                                          0032(0000660c:.textf)
                                          0032(00006612:.textf)
                                          0032(00006615:.textf)
                                          0032(0000661f:.textf)
                                          0032(00006622:.textf)
                                          0032(0000664a:.textf)
                                          0032(0000664f:.textf)
                                          0032(00006678:.textf)
                                          0032(0000667e:.textf)
     SECTION=.text
0028 r_cg_wdt
     SECTION=.textf
                 _R_WDT_Create
                                 00006219 0031(00006542:.textf)
                 _R_WDT_Restart
                                 0000622a 0008(000042ad:.textf)
                                          0009(000047f5:.textf)
                                          0009(00004df3:.textf)
                                          0012(00005457:.textf)
                                          0012(00005487:.textf)
                                          0012(00005694:.textf)
                                          0012(000056d2:.textf)
                                          0030(000064b8:.textf)
                                          0032(000065cd:.textf)
0029 r_cg_wdt_user
     SECTION=.text
0030 r_main
     SECTION=.textf
                 _nostop_checkHandSensor
                                 0000622e
                 _readHS
                                 0000625f
                 _main
                                 00006274 0001(000001e2:.text)
                 _R_MAIN_UserInit
                                 000064be 0030(00006277:.textf)
     SECTION=.bss
                 _g_e_status
                                 000f4a58
                 _ret_number_setting
                                 000f4a5a
                 _flow_p
                                 000f4a80 0030(00006473:.textf)
                 _salt_h_p
                                 000f4a81
                 _g_eeprom_wren
                                 000f4a82
                 _receive_data
                                 000f4a83
                 _receive_setting
                                 000f4a86
                 _set
                                 000f4aac
                 _rx_data
                                 000f4aae
                 _data_f
                                 000f4aba
                 _data_f_test
                                 000f4abe
                 _g_control_buffer_f
                                 000f4ac2 0012(000055d2:.textf)
                                          0012(000055d6:.textf)
                                          0012(000055da:.textf)
                                          0012(000055de:.textf)
                                          0012(000055e9:.textf)
                 _g_control_buffer_u32
                                 000f4ac8 0012(000055fa:.textf)
                                          0012(000055fe:.textf)
                                          0012(00005602:.textf)
                                          0012(00005606:.textf)
                                          0012(00005611:.textf)
                 _handsensor_status
                                 000f4ace
                 _g_handsensor_status
                                 000f4acf 0030(00006244:.textf)
                                          0030(0000624b:.textf)
                                          0030(00006254:.textf)
                 _g_crc
                                 000f4ad1 0030(000064a9:.textf)
                                          0030(000064b5:.textf)
                 _g_crc_32
                                 000f4ada
                 _rx_count
                                 000f4afa
     SECTION=.dataR
                 _g_adc_ch
                                 000f4b9a
                 _led_st
                                 000f4b9c 0030(00006492:.textf)
                                          0030(0000649a:.textf)
                 _send_data
                                 000f4b9d
                 _this_size
                                 000f4b9f
                 _this_size_2
                                 000f4ba0
                 _send_buf
                                 000f4ba1
                 _data_crc
                                 000f4ba8
                 _dac_out
                                 000f4bb0
     SECTION=.const
     SECTION=.data
0031 r_systeminit
     SECTION=.textf
                 _R_Systeminit
                                 0000651f 0031(00006555:.textf)
                 _hdwinit
                                 00006551 0001(0000019a:.text)
0032 usr_timer
     SECTION=.textf
                 _delay_ms
                                 00006556 0030(0000626a:.textf)
                                          0030(0000631a:.textf)
                                          0032(000065ca:.textf)
                 _delay
                                 000065be
                 _ns_delay_ms
                                 000065d6 0006(00003912:.textf)
                                          0006(000039b8:.textf)
                                          0006(00003a60:.textf)
                                          0006(00003b5c:.textf)
                                          0006(00003d0c:.textf)
                                          0006(00003e11:.textf)
                                          0006(00003e76:.textf)
                                          0006(00003f57:.textf)
                                          0007(00003fe1:.textf)
                                          0008(0000401a:.textf)
                                          0008(00004063:.textf)
                                          0008(000040ac:.textf)
                                          0008(00004105:.textf)
                                          0008(0000413c:.textf)
                                          0008(00004185:.textf)
                                          0008(000041ce:.textf)
                                          0008(00004227:.textf)
                                          0008(00004275:.textf)
                                          0008(0000437d:.textf)
                                          0009(000045da:.textf)
                                          0009(00004605:.textf)
                                          0009(0000461d:.textf)
                                          0009(00004641:.textf)
                                          0009(00004962:.textf)
                                          0009(000049d4:.textf)
                                          0009(00004a2a:.textf)
                                          0009(00004a8b:.textf)
                                          0009(00004b07:.textf)
                                          0009(00004b38:.textf)
                                          0009(00004c1b:.textf)
                                          0009(00004c49:.textf)
                                          0009(00004c5e:.textf)
                                          0009(00004c90:.textf)
                                          0009(00004cdf:.textf)
                                          0009(00004dbb:.textf)
                                          0009(00004e16:.textf)
                                          0010(00004f98:.textf)
                                          0010(0000504f:.textf)
                                          0010(00005094:.textf)
                                          0010(000050ac:.textf)
                                          0010(000050db:.textf)
                                          0010(00005111:.textf)
                                          0010(00005130:.textf)
                                          0010(00005159:.textf)
                                          0010(000051bd:.textf)
                                          0010(000051f0:.textf)
                                          0010(0000520a:.textf)
                                          0010(0000526e:.textf)
                                          0010(000052a1:.textf)
                                          0010(000052bb:.textf)
                                          0011(00005326:.textf)
                                          0011(00005341:.textf)
                                          0011(00005369:.textf)
                                          0012(0000564a:.textf)
                                          0030(0000623c:.textf)
                                          0030(0000637a:.textf)
                                          0030(00006414:.textf)
                                          0030(00006452:.textf)
                                          0030(0000647e:.textf)
                                          0030(0000648a:.textf)
                 _mTask
                                 00006642
0033 memcpy
     SECTION=.RLIB
                 _memcpy
                                 000004a8 0012(000054ee:.textf)
                                          0012(00005587:.textf)
                                          0030(000062ab:.textf)
                                          0030(000062b8:.textf)
                                          0030(000063a8:.textf)
                                          0030(000063e8:.textf)
0034 _COM_faddsub
     SECTION=.RLIB
                 __COM_fsub
                                 00000515
                 __COM_fadd
                                 0000051d 0008(0000429a:.textf)
                                          0008(00004354:.textf)
0035 _COM_fdiv
     SECTION=.RLIB
                 __COM_fdiv
                                 00000653 0008(000042db:.textf)
                                          0008(000042f8:.textf)
                                          0008(000043ba:.textf)
                                          0008(000043d6:.textf)
0036 _COM_fge
     SECTION=.RLIB
                 __COM_fge
                                 00000722 0006(000039ce:.textf)
                                          0006(00003a76:.textf)
                                          0009(00004833:.textf)
0037 _COM_fgt
     SECTION=.RLIB
                 __COM_fgt
                                 00000738 0006(00003b29:.textf)
                                          0006(00003c58:.textf)
                                          0006(00003ca5:.textf)
                                          0006(00003d88:.textf)
                                          0009(00004a60:.textf)
0038 _COM_fle
     SECTION=.RLIB
                 __COM_fle
                                 0000074e 0006(00003bec:.textf)
0039 _COM_flt
     SECTION=.RLIB
                 __COM_flt
                                 00000764 0006(000038df:.textf)
                                          0006(00003985:.textf)
                                          0006(00003a2d:.textf)
                                          0006(00003c19:.textf)
                                          0006(00003ced:.textf)
                                          0006(00003d72:.textf)
                                          0006(00003dde:.textf)
                                          0009(00004a4a:.textf)
0040 _COM_fmul
     SECTION=.RLIB
                 __COM_fmul
                                 000007c5 0008(000042bf:.textf)
                                          0008(000042cd:.textf)
                                          0008(0000439e:.textf)
                                          0008(000043ac:.textf)
                                          0013(0000575a:.textf)
                                          0013(00005768:.textf)
                                          0013(00005793:.textf)
                                          0013(000057a1:.textf)
0041 _COM_funordered
     SECTION=.RLIB
                 __COM_funordered
                                 00000867 0006(000038cc:.textf)
                                          0006(00003972:.textf)
                                          0006(00003a1a:.textf)
                                          0006(00003b16:.textf)
                                          0006(00003c06:.textf)
                                          0006(00003c45:.textf)
                                          0006(00003c92:.textf)
                                          0006(00003cda:.textf)
                                          0006(00003dc9:.textf)
                                          0009(00004820:.textf)
0042 _COM_ultof
     SECTION=.RLIB
                 __COM_ultof
                                 00000872 0008(000042ed:.textf)
                                          0008(000043cb:.textf)
                                          0013(0000574e:.textf)
                                          0013(00005787:.textf)
0043 _REL_fcmp
     SECTION=.RLIB
                 __REL_fcmp
                                 00000878 0036(0000072c:.RLIB)
                                          0037(00000742:.RLIB)
                                          0038(00000758:.RLIB)
                                          0039(0000076e:.RLIB)
0044 _REL_fordered_core
     SECTION=.RLIB
                 __REL_fordered_core
                                 000008b0 0036(00000725:.RLIB)
                                          0037(0000073b:.RLIB)
                                          0038(00000751:.RLIB)
                                          0039(00000767:.RLIB)
                                          0041(0000086a:.RLIB)
0045 _REL_f_inf
     SECTION=.RLIB
                 __REL_f_inf
                                 000008cc 0034(000005ac:.RLIB)
                                          0035(0000063d:.RLIB)
                                          0035(000006dd:.RLIB)
                                          0040(00000797:.RLIB)
                                          0040(0000083a:.RLIB)
0046 _REL_f_norm
     SECTION=.RLIB
                 __REL_f_norm
                                 000008d4 0035(0000061e:.RLIB)
                                          0035(00000649:.RLIB)
                                          0040(000007b8:.RLIB)
0047 _REL_f_round
     SECTION=.RLIB
                 __REL_f_round
                                 000008e4 0034(000005b9:.RLIB)
                                          0034(000005f1:.RLIB)
                                          0035(0000071f:.RLIB)
                                          0040(00000847:.RLIB)
0048 _REL_ltof
     SECTION=.RLIB
                 __REL_ltof
                                 000008f7 0042(00000875:.RLIB)
0049 rlink_generates_01
     SECTION=.option_byte
0050 rlink_generates_02
     SECTION=.monitor1
     SECTION=.monitor2
0051 rlink_generates_03
     SECTION=.security_id
0052 rlink_generates_04
     SECTION=.vect
0053 rlink_generates_05
     SECTION=
                 __s.vect
                                 00000000
                 __s.constf
                                 00000080
                 __e.constf
                                 00000080
                 __s.sdata
                                 00000080
                 __e.sdata
                                 00000080
                 __e.vect
                                 00000080
                 __s.option_byte
                                 000000c0
                 __s.SLIB
                                 000000c4
                 __e.SLIB
                                 000000c4
                 __e.option_byte
                                 000000c4
                 __s.security_id
                                 000000c4
                 __s.monitor1
                                 000000ce
                 __e.security_id
                                 000000ce
                 __s.data
                                 000000d8
                 __e.monitor1
                                 000000d8
                 __s.text
                                 0000018e
                 __e.data
                                 0000018e
                 __e.text
                                 000004a8
                 __s.RLIB
                                 000004a8
                 __e.RLIB
                                 00000941
                 __s.const
                                 00003000
                 __s.textf
                                 00003510
                 __e.const
                                 00003510
                 __e.textf
                                 00006686
                 __s.monitor2
                                 0007fe00
                 __e.monitor2
                                 00080000
                 __RAM_ADDR_START
                                 000f3f00
                 __s.bss
                                 000f4700
                 __e.bss
                                 000f4afb
                 __s.dataR
                                 000f4afc
                 __e.dataR
                                 000f4bb2
                 __STACK_ADDR_END
                                 000f4bb2 0001(00000193:.text)
                 __s.sbss
                                 000ffe20
                 __e.sbss
                                 000ffe20
                 __s.sdataR
                                 000ffe20
                 __e.sdataR
                                 000ffe20
                 __STACK_ADDR_START
                                 000ffe20 0001(00000190:.text)
                 __RAM_ADDR_END
                                 000ffee0
