Renesas Optimizing Linker (W3.03.00 )             22-Jun-2022 17:23:32

*** Options ***

-subcommand=LinkerControlPCB_HWM.tmp
-MAKEUD=D:\Chieniwa\E2_Studio\ControlPCB_HWM\HardwareDebug/ControlPCB_HWM_l.ud
-device="D:/Chieniwa/E2_Studio/.eclipse/com.renesas.platform_1435879475/DebugComp/RL78/RL78/Common/DR5F104ML.DVF"
-list="ControlPCB_HWM.map"
-show=all
-nooptimize
-entry=_start
-auto_section_layout
-security_id=00000000000000000000
-debug_monitor=7FE00-7FFFF
-user_opt_byte=FFFFF8
-ocdbg=84
-ocdtr
-input=".\generate\cstart.obj"
-input=".\generate\stkinit.obj"
-input=".\src\EEPROM.obj"
-input=".\src\crc32.obj"
-input=".\src\crc8.obj"
-input=".\src/hwm\error_check.obj"
-input=".\src/hwm\hand_sensor_interface.obj"
-input=".\src/hwm\hwm_main.obj"
-input=".\src/hwm\io_control.obj"
-input=".\src/hwm\normal_operation.obj"
-input=".\src/hwm\operation.obj"
-input=".\src/hwm\raspberry_pi_interface.obj"
-input=".\src\interrupt_handle.obj"
-input=".\src\r_cg_adc.obj"
-input=".\src\r_cg_adc_user.obj"
-input=".\src\r_cg_cgc.obj"
-input=".\src\r_cg_cgc_user.obj"
-input=".\src\r_cg_dac.obj"
-input=".\src\r_cg_dac_user.obj"
-input=".\src\r_cg_port.obj"
-input=".\src\r_cg_port_user.obj"
-input=".\src\r_cg_rtc.obj"
-input=".\src\r_cg_rtc_user.obj"
-input=".\src\r_cg_serial.obj"
-input=".\src\r_cg_serial_user.obj"
-input=".\src\r_cg_timer.obj"
-input=".\src\r_cg_timer_user.obj"
-input=".\src\r_cg_wdt.obj"
-input=".\src\r_cg_wdt_user.obj"
-input=".\src\r_main.obj"
-input=".\src\r_systeminit.obj"
-input=".\src\usr_timer.obj"
-library="C:\Program Files (x86)\Renesas Electronics\CS+\CC\CC-RL\V1.10.00\lib\rl78em4s99.lib"
-library="C:\Program Files (x86)\Renesas Electronics\CS+\CC\CC-RL\V1.10.00\lib\rl78em4r.lib"
-library="C:\Program Files (x86)\Renesas Electronics\CS+\CC\CC-RL\V1.10.00\lib\malloc_n.lib"
-output="ControlPCB_HWM.abs"
-debug
-nocompress
-rom=.data=.dataR,.sdata=.sdataR
-nomessage
-nologo

*** Error information ***

*** Mapping List ***

SECTION                            START      END         SIZE   ALIGN
.vect
                                  00000000  0000007f        80   0
.constf
                                  00000080  00000080         0   2
.sdata
                                  00000080  00000080         0   2
.option_byte
                                  000000c0  000000c3         4   1
.security_id
                                  000000c4  000000cd         a   1
.monitor1
                                  000000ce  000000d7         a   1
.data
                                  000000d8  0000019f        c8   2
.text
                                  000001a0  000004b9       31a   1
.RLIB
                                  000004ba  000009b4       4fb   1
.SLIB
                                  000009b5  000009d0        1c   1
.const
                                  00003000  0000350f       510   2
.textf
                                  00003510  00006bcd      36be   1
.monitor2
                                  0007fe00  0007ffff       200   1
.bss
                                  000f4700  000f4b3f       440   2
.dataR
                                  000f4b40  000f4c07        c8   2
.sbss
                                  000ffe20  000ffe20         0   2
.sdataR
                                  000ffe20  000ffe20         0   2

*** Total Section Size ***

RAMDATA SECTION:  00000508 Byte(s)
ROMDATA SECTION:  00000870 Byte(s)
PROGRAM SECTION:  00003eef Byte(s)

*** Symbol List ***

SECTION=
FILE=                               START        END    SIZE
  SYMBOL                            ADDR        SIZE    INFO      COUNTS  OPT
    STRUCT                                      SIZE
      MEMBER                        ADDR        SIZE    INFO

SECTION=.vect
FILE=rlink_generates_04
                                  00000000  0000007f        80

SECTION=.option_byte
FILE=rlink_generates_01
                                  000000c0  000000c3         4

SECTION=.security_id
FILE=rlink_generates_03
                                  000000c4  000000cd         a

SECTION=.monitor1
FILE=rlink_generates_02
                                  000000ce  000000d7         a

SECTION=.data
FILE=.\src\hwm\hand_sensor_interface.obj
                                  000000d8  000000d8         1
FILE=.\src\hwm\hwm_main.obj
                                  000000da  0000017b        a2
FILE=.\src\hwm\io_control.obj
                                  0000017c  0000017c         1
FILE=.\src\hwm\normal_operation.obj
                                  0000017e  0000017e         1
FILE=.\src\hwm\raspberry_pi_interface.obj
                                  00000180  00000186         7
FILE=.\src\r_main.obj
                                  00000188  0000019f        18

SECTION=.text
FILE=.\generate\cstart.obj
                                  000001a0  000001f9        5a
  _start
                                  000001a0         0   entry,g         0
  _exit
                                  000001f8         0   none ,g         1
FILE=.\src\r_cg_adc_user.obj
                                  000001fa  00000213        1a
  _r_adc_interrupt@1
                                  000001fa        1a   func ,l         0
FILE=.\src\r_cg_serial_user.obj
                                  00000214  00000491       27e
  _r_uart1_interrupt_receive@1
                                  00000214        5f   func ,l         0
  _r_uart1_interrupt_send@1
                                  00000273        31   func ,l         0
  _r_csi00_interrupt@1
                                  000002a4        49   func ,l         0
  _r_csi01_interrupt@1
                                  000002ed        85   func ,l         0
  _r_uart2_interrupt_receive@1
                                  00000372        5f   func ,l         0
  _r_uart2_interrupt_send@1
                                  000003d1        31   func ,l         0
  _r_uart3_interrupt_receive@1
                                  00000402        5f   func ,l         0
  _r_uart3_interrupt_send@1
                                  00000461        31   func ,l         0
FILE=.\src\r_cg_timer_user.obj
                                  00000492  000004b7        26
  _r_tau0_channel0_interrupt@1
                                  00000492        1c   func ,l         0
  _r_tau0_channel1_interrupt@1
                                  000004ae         5   func ,l         0
  _r_tau0_channel2_interrupt@1
                                  000004b3         5   func ,l         0
FILE=.\src\r_cg_wdt_user.obj
                                  000004b8  000004b9         2
  _r_wdt_interrupt@1
                                  000004b8         2   func ,l         0

SECTION=.RLIB
FILE=memcpy
                                  000004ba  000004ca        11
  _memcpy
                                  000004ba         0   none ,g         6
FILE=_COM_faddsub
                                  000004cb  00000605       13b
  __COM_fsub
                                  00000527         0   none ,g         0
  __COM_fadd
                                  0000052f         0   none ,g         2
FILE=_COM_fdiv
                                  00000606  00000733       12e
  __COM_fdiv
                                  00000665         0   none ,g         8
FILE=_COM_fge
                                  00000734  00000749        16
  __COM_fge
                                  00000734         0   none ,g         2
FILE=_COM_fgt
                                  0000074a  0000075f        16
  __COM_fgt
                                  0000074a         0   none ,g         5
FILE=_COM_fle
                                  00000760  00000775        16
  __COM_fle
                                  00000760         0   none ,g         1
FILE=_COM_flt
                                  00000776  0000078b        16
  __COM_flt
                                  00000776         0   none ,g         8
FILE=_COM_fmul
                                  0000078c  00000878        ed
  __COM_fmul
                                  000007d7         0   none ,g         c
FILE=_COM_ftoul
                                  00000879  00000884         c
  __COM_ftoul
                                  00000879         0   none ,g         4
FILE=_COM_funordered
                                  00000885  0000088f         b
  __COM_funordered
                                  00000885         0   none ,g         9
FILE=_COM_ultof
                                  00000890  00000895         6
  __COM_ultof
                                  00000890         0   none ,g         4
FILE=_REL_fcmp
                                  00000896  000008cd        38
  __REL_fcmp
                                  00000896         0   none ,g         4
FILE=_REL_fordered_core
                                  000008ce  000008e9        1c
  __REL_fordered_core
                                  000008ce         0   none ,g         5
FILE=_REL_ftol
                                  000008ea  0000091e        35
  __REL_ftol
                                  000008ea         0   none ,g         1
FILE=_REL_f_inf
                                  0000091f  00000926         8
  __REL_f_inf
                                  0000091f         0   none ,g         5
FILE=_REL_f_norm
                                  00000927  00000936        10
  __REL_f_norm
                                  00000927         0   none ,g         3
FILE=_REL_f_round
                                  00000937  00000949        13
  __REL_f_round
                                  00000937         0   none ,g         4
FILE=_REL_ltof
                                  0000094a  00000993        4a
  __REL_ltof
                                  0000094a         0   none ,g         1
FILE=_COM_lshr
                                  00000994  000009b4        21
  __COM_lshr
                                  0000099e         0   none ,g         1

SECTION=.SLIB
FILE=__fpclassifyf
                                  000009b5  000009d0        1c
  ___fpclassifyf
                                  000009b5         0   none ,g         1

SECTION=.const
FILE=.\src\EEPROM.obj
                                  00003000  00003001         2
FILE=.\src\crc32.obj
                                  00003002  00003401       400
  _crc32_table
                                  00003002       400   data ,g         2
FILE=.\src\crc8.obj
                                  00003402  00003501       100
  _crc_table@1
                                  00003402       100   data ,l         2
FILE=.\src\hwm\raspberry_pi_interface.obj
                                  00003502  00003505         4
  _time_setting_p
                                  00003502         2   data ,g         0
  _number_setting_p
                                  00003504         2   data ,g         0
FILE=.\src\r_main.obj
                                  00003506  0000350f         a

SECTION=.textf
FILE=.\generate\stkinit.obj
                                  00003510  00003553        44
  _stkinit
                                  00003510         0   none ,g         1
  LSTINIT1
                                  0000351e         0   none ,l         1
  LSTINIT2
                                  00003548         0   none ,l         2
  LSTINIT3
                                  00003553         0   none ,l         2
FILE=.\src\EEPROM.obj
                                  00003554  000037b2       25f
  _EEPROM_Init
                                  00003554        2b   func ,g         1
  _rEE_Status
                                  0000357f        1b   func ,g         6
  _sEE_WriteEnable
                                  0000359a        12   func ,g         3
  _sEE_WriteDisable
                                  000035ac        12   func ,g         0
  _EE_SPI_Write
                                  000035be        df   func ,g         5
  _EE_SPI_Read
                                  0000369d        b7   func ,g         3
  _sEE_Block
                                  00003754        11   func ,g         0
  _sEE_SendInstruction
                                  00003765         3   func ,g         0
  _sEE_SendReceiveInstruction
                                  00003768         4   func ,g         0
  _EE_TransmitData
                                  0000376c        2c   func ,g         a
  _sEE_WriteStatusRegister
                                  00003798        1b   func ,g         2
FILE=.\src\crc32.obj
                                  000037b3  00003851        9f
  _xcrc32
                                  000037b3        4e   func ,g         0
  _CRC32
                                  00003801        51   func ,g         0
FILE=.\src\crc8.obj
                                  00003852  000038b1        60
  _crc8_4
                                  00003852        43   func ,g         1
  _crc8_1
                                  00003895        1d   func ,g         6
FILE=.\src\hwm\error_check.obj
                                  000038b2  00003f73       6c2
  _Voltage1Check_waitReset
                                  000038b2        a6   func ,g         1
  _Voltage2Check_nostop
                                  00003958        a8   func ,g         1
  _Voltage3Check_waitReset
                                  00003a00        c7   func ,g         1
  _LowVoltageCheck_waitReset
                                  00003ac7        e7   func ,g         1
  _OverCurrentCheck_waitReset
                                  00003bae       146   func ,g         1
  _FlowSensorCheck_nonstop
                                  00003cf4        4f   func ,g         1
  _solenoidCheck_nonstop
                                  00003d43        92   func ,g         0
  _saltWaterTankFullCheck_nonstop
                                  00003dd5        6c   func ,g         0
  _saltWaterTankEmptyCheck
                                  00003e41        23   func ,g         0
  _acidSkipErrorCheck_nonstop
                                  00003e64        21   func ,g         0
  _alkalineSkipErrorCheck
                                  00003e85        21   func ,g         0
  _waterFullErrorCheck
                                  00003ea6        3f   func ,g         0
  _filterReplacementErrorCheck
                                  00003ee5        3e   func ,g         0
  _levelSkipErrorCheck
                                  00003f23        51   func ,g         6
FILE=.\src\hwm\hand_sensor_interface.obj
                                  00003f74  00003fd2        5f
  _handSensorLED
                                  00003f74        30   func ,g         e
  _handSensorLEDBlink
                                  00003fa4        21   func ,g         2
  _HandSensorLEDEndBlink
                                  00003fc5         e   func ,g         1
FILE=.\src\hwm\hwm_main.obj
                                  00003fd3  00004bcf       bfd
  _setting_default
                                  00003fd3        a8   func ,g         0
  _sendRS485
                                  0000407b        3f   func ,g         3
  _sendR485_7byte
                                  000040ba        57   func ,g         2
  _isThisCommand
                                  00004111        3e   func ,g         0
  _DrainageAcidAndAlkalineTankStart_nostop
                                  0000414f         2   func ,g         0
  _WaterSupplyStart_nostop
                                  00004151       101   func ,g         1
  _ElectrolyticOperation_nostop
                                  00004252        ea   func ,g         3
  _acidWaterTankSkipCheck
                                  0000433c        3c   func ,g         0
  _alkalineWaterTankSkipCheck
                                  00004378        40   func ,g         0
  _FilterReplacementCheck
                                  000043b8         2   func ,g         0
  _main_init_20211111
                                  000043ba        23   func ,g         1
  _userAuthHandler_nostop
                                  000043dd        4d   func ,g         1
  _ElectrolyzeWaterGeneration_nostop
                                  0000442a        3b   func ,g         1
  _isSV1andSV2Off8h
                                  00004465        4e   func ,g         1
  _CallanCleaningMode_nostop
                                  000044b3        6e   func ,g         1
  _DrainageMode_nostop
                                  00004521        ea   func ,g         0
  _NormalMode_nostop
                                  0000460b        53   func ,g         1
  _TestPowerOn_nostop_keepstate
                                  0000465e        d7   func ,g         1
  _FlowRateAdjustmentMode_nostop_keepstate
                                  00004735        7d   func ,g         1
  _CurrentAdjustmentMode_nostop_keepstate
                                  000047b2        4f   func ,g         1
  _ElectrolyteAdjustmentOperation
                                  00004801        57   func ,g         1
  _TestOperation_nostop
                                  00004858        45   func ,g         0
  _NeutralizationTreatment
                                  0000489d        6c   func ,g         0
  _main_loop_20211111
                                  00004909        4e   func ,g         1
  _realTimeResponse
                                  00004957        13   func ,g         9
  _UpdateMachineStatus
                                  0000496a       106   func ,g         4
  _manufactureReset
                                  00004a70       160   func ,g         1
FILE=.\src\hwm\io_control.obj
                                  00004bd0  000050f5       526
  _OutputIO
                                  00004bd0        9f   func ,g         2
  _isAcidTankFull
                                  00004c6f        49   func ,g         3
  _isAcidTankAlmostFull
                                  00004cb8        49   func ,g         0
  _isAcidTankHasSomething
                                  00004d01        48   func ,g         4
  _isAcidTankAlmostEmpty
                                  00004d49        4d   func ,g         1
  _isAcidTankEmpty
                                  00004d96        48   func ,g         3
  _isAlkalineTankFull
                                  00004dde        49   func ,g         3
  _isAlkalineTankAlmostFull
                                  00004e27        49   func ,g         0
  _isAlkalineTankHasSomething_nonstop
                                  00004e70        48   func ,g         2
  _isAlkalineTankAlmostEmpty
                                  00004eb8        4d   func ,g         1
  _isAlkalineTankEmpty_nonstop
                                  00004f05        48   func ,g         3
  _measureFlowSensor
                                  00004f4d        cb   func ,g         1
  _measureFlowSensor_nostop
                                  00005018        de   func ,g         5
FILE=.\src\hwm\normal_operation.obj
                                  000050f6  0000554b       456
  _WaterWashingMode_nostop
                                  000050f6        8f   func ,g         1
  _HandWashingMode_nostop
                                  00005185       1bb   func ,g         1
  _AcidWaterMode_nostop
                                  00005340       106   func ,g         1
  _AlkalineWaterMode_nostop
                                  00005446       106   func ,g         1
FILE=.\src\hwm\operation.obj
                                  0000554c  000055c8        7d
  _electrolyticOperationON
                                  0000554c        2a   func ,g         4
  _isElectrolyticOperationOFF_nostop
                                  00005576        4f   func ,g         2
  _TestModeOperation
                                  000055c5         4   func ,g         0
FILE=.\src\hwm\raspberry_pi_interface.obj
                                  000055c9  00005b54       58c
  _AlarmResponse
                                  000055c9        1c   func ,g         1
  _SaveComfirmResponse
                                  000055e5        1e   func ,g         1
  _HandsensorResponse
                                  00005603        13   func ,g         0
  _RaspberryCommunication_nostop
                                  00005616        65   func ,g         1
  _sendToRasPi_f
                                  0000567b        28   func ,g         9
  _sendToRasPi_u32
                                  000056a3        28   func ,g         a
  _sendToRasPi_Revert_i32
                                  000056cb        38   func ,g         2
  _waitAlarmConfirm_stop
                                  00005703        47   func ,g         6
  _waitAlarmConfirm_nonstop
                                  0000574a         c   func ,g         0
  _resetAlarm
                                  00005756         4   func ,g         5
  _ResponseHandler
                                  0000575a        23   func ,g         1
  _userAuthResponse
                                  0000577d        29   func ,g         1
  _ResponseWashingMode
                                  000057a6        16   func ,g         1
  _ResponseNextAnimation
                                  000057bc        28   func ,g         1
  _MonitoringStatus
                                  000057e4        35   func ,g         1
  _TestIndividual
                                  00005819        2d   func ,g         1
  _ControlSetttingReponse
                                  00005846        84   func ,g         1
  _TestMode
                                  000058ca        2f   func ,g         1
  _SendTimeSetting
                                  000058f9        3f   func ,g         1
  _SendNumberSetting
                                  00005938        3f   func ,g         1
  _GetAndSaveTimeSetting
                                  00005977        83   func ,g         1
  _GetAndSaveNumberSetting
                                  000059fa       15b   func ,g         1
FILE=.\src\interrupt_handle.obj
                                  00005b55  00005e5c       308
  _adc_int_handle
                                  00005b55        7c   func ,g         1
  _Raspberry_uart2_handle
                                  00005bd1       268   func ,g         1
  _isCommandNeedResponse
                                  00005e39        24   func ,g         1
FILE=.\src\r_cg_adc.obj
                                  00005e5d  00005ebe        62
  _R_ADC_Create
                                  00005e5d        33   func ,g         2
  _R_ADC_Start
                                  00005e90         a   func ,g         2
  _R_ADC_Stop
                                  00005e9a         a   func ,g         0
  _R_ADC_Set_OperationOn
                                  00005ea4         4   func ,g         1
  _R_ADC_Set_OperationOff
                                  00005ea8         4   func ,g         0
  _R_ADC_Get_Result
                                  00005eac         7   func ,g         2
  _R_ADC_Set_ADChannel
                                  00005eb3         c   func ,g         0
FILE=.\src\r_cg_cgc.obj
                                  00005ebf  00005ed4        16
  _R_CGC_Create
                                  00005ebf        16   func ,g         1
FILE=.\src\r_cg_cgc_user.obj
                                  00005ed5  00005ed7         3
  _R_CGC_Get_ResetSource
                                  00005ed5         3   func ,g         1
FILE=.\src\r_cg_dac.obj
                                  00005ed8  00005f0a        33
  _R_DAC_Create
                                  00005ed8        1d   func ,g         2
  _R_DAC0_Start
                                  00005ef5         4   func ,g         1
  _R_DAC0_Stop
                                  00005ef9         4   func ,g         0
  _R_DAC0_Set_ConversionValue
                                  00005efd         3   func ,g         2
  _R_DAC1_Start
                                  00005f00         4   func ,g         1
  _R_DAC1_Stop
                                  00005f04         4   func ,g         0
  _R_DAC1_Set_ConversionValue
                                  00005f08         3   func ,g         2
FILE=.\src\r_cg_port.obj
                                  00005f0b  00005f52        48
  _R_PORT_Create
                                  00005f0b        48   func ,g         1
FILE=.\src\r_cg_port_user.obj
                                  00005f53  00005f53         1
  _R_PORT_Create_UserInit
                                  00005f53         1   func ,g         1
FILE=.\src\r_cg_rtc.obj
                                  00005f54  00006091       13e
  _R_RTC_Create
                                  00005f54        27   func ,g         2
  _R_RTC_Start
                                  00005f7b         4   func ,g         0
  _R_RTC_Stop
                                  00005f7f         4   func ,g         0
  _R_RTC_Get_CounterValue
                                  00005f83        51   func ,g         0
  _R_RTC_Set_CounterValue
                                  00005fd4        be   func ,g         0
FILE=.\src\r_cg_serial.obj
                                  00006092  00006584       4f3
  _R_CSI01_Receive
                                  00006092        1a   func ,g         0
  _R_CSI01_Send
                                  000060ac        26   func ,g         0
  _R_SAU0_Create
                                  000060d2        17   func ,g         2
  _R_UART1_Create
                                  000060e9        7e   func ,g         2
  _R_UART1_Start
                                  00006167        26   func ,g         1
  _R_UART1_Stop
                                  0000618d        1e   func ,g         0
  _R_UART1_Receive
                                  000061ab        18   func ,g         0
  _R_UART1_Send
                                  000061c3        29   func ,g         0
  _R_CSI00_Create
                                  000061ec        53   func ,g         2
  _R_CSI00_Start
                                  0000623f        26   func ,g         1
  _R_CSI00_Stop
                                  00006265        18   func ,g         0
  _R_CSI00_Send
                                  0000627d        28   func ,g         0
  _R_CSI01_Create
                                  000062a5        5a   func ,g         3
  _R_CSI01_Start
                                  000062ff        26   func ,g         1
  _R_CSI01_Stop
                                  00006325        18   func ,g         1
  _R_CSI01_Send_Receive
                                  0000633d        36   func ,g         1
  _R_SAU1_Create
                                  00006373        14   func ,g         2
  _R_UART2_Create
                                  00006387        7e   func ,g         2
  _R_UART2_Start
                                  00006405        26   func ,g         2
  _R_UART2_Stop
                                  0000642b        1e   func ,g         1
  _R_UART2_Receive
                                  00006449        18   func ,g         6
  _R_UART2_Send
                                  00006461        29   func ,g         8
  _R_UART3_Create
                                  0000648a        76   func ,g         2
  _R_UART3_Start
                                  00006500        26   func ,g         2
  _R_UART3_Stop
                                  00006526        1e   func ,g         1
  _R_UART3_Receive
                                  00006544        18   func ,g         3
  _R_UART3_Send
                                  0000655c        29   func ,g         2
FILE=.\src\r_cg_serial_user.obj
                                  00006585  000065f1        6d
  _r_uart1_callback_receiveend@1
                                  00006585         1   func ,l         1
  _r_uart1_callback_softwareoverrun@1
                                  00006586         1   func ,l         1
  _r_uart1_callback_sendend@1
                                  00006587         1   func ,l         1
  _r_uart1_callback_error@1
                                  00006588         1   func ,l         1
  _r_csi00_callback_sendend@1
                                  00006589         1   func ,l         1
  _r_csi01_callback_receiveend@1
                                  0000658a         7   func ,l         1
  _r_csi01_callback_error@1
                                  00006591         1   func ,l         1
  _r_csi01_callback_sendend@1
                                  00006592         4   func ,l         1
  _r_uart2_callback_receiveend@1
                                  00006596         4   func ,l         1
  _r_uart2_callback_softwareoverrun@1
                                  0000659a         1   func ,l         1
  _r_uart2_callback_sendend@1
                                  0000659b         4   func ,l         1
  _r_uart2_callback_error@1
                                  0000659f         1   func ,l         1
  _r_uart3_callback_receiveend@1
                                  000065a0        49   func ,l         1
  _r_uart3_callback_softwareoverrun@1
                                  000065e9         1   func ,l         1
  _r_uart3_callback_sendend@1
                                  000065ea         7   func ,l         1
  _r_uart3_callback_error@1
                                  000065f1         1   func ,l         1
FILE=.\src\r_cg_timer.obj
                                  000065f2  000066fe       10d
  _R_TAU0_Create
                                  000065f2        ad   func ,g         2
  _R_TAU0_Channel0_Start
                                  0000669f        10   func ,g         1
  _R_TAU0_Channel0_Stop
                                  000066af        10   func ,g         0
  _R_TAU0_Channel1_Start
                                  000066bf        10   func ,g         0
  _R_TAU0_Channel1_Stop
                                  000066cf        10   func ,g         0
  _R_TAU0_Channel2_Start
                                  000066df        10   func ,g         0
  _R_TAU0_Channel2_Stop
                                  000066ef        10   func ,g         0
FILE=.\src\r_cg_wdt.obj
                                  000066ff  00006713        15
  _R_WDT_Create
                                  000066ff        11   func ,g         1
  _R_WDT_Restart
                                  00006710         4   func ,g         7
FILE=.\src\r_main.obj
                                  00006714  00006a66       353
  _nostop_checkHandSensor
                                  00006714        31   func ,g         0
  _readHS
                                  00006745        15   func ,g         0
  _main
                                  0000675a       2b6   func ,g         1
  _R_MAIN_UserInit
                                  00006a10        57   func ,g         1
FILE=.\src\r_systeminit.obj
                                  00006a67  00006a9d        37
  _R_Systeminit
                                  00006a67        32   func ,g         1
  _hdwinit
                                  00006a99         5   func ,g         1
FILE=.\src\usr_timer.obj
                                  00006a9e  00006bcd       130
  _delay_ms
                                  00006a9e        68   func ,g         2
  _delay
                                  00006b06        18   func ,g         0
  _ns_delay_ms
                                  00006b1e        6c   func ,g        43
  _mTask
                                  00006b8a        44   func ,g         0

SECTION=.monitor2
FILE=rlink_generates_02
                                  0007fe00  0007ffff       200

SECTION=.bss
FILE=.\src\EEPROM.obj
                                  000f4700  000f4726        27
  _eeprom_status
                                  000f4700         1   data ,g         c
    union  EEPROM_status_u {
                                                   1
      _eeprom_status.refined
                                  000f4700         1
    struct  {
                                                   1
      _eeprom_status.refined.RB
                                  000f4700         1   unsigned char:1(7)
      _eeprom_status.refined.WEN
                                  000f4700         1   unsigned char:1(6)
      _eeprom_status.refined.BP
                                  000f4700         1   unsigned char:2(4)
      _eeprom_status.refined.RSVD
                                  000f4700         1   unsigned char:3(1)
      _eeprom_status.refined.WPEN
                                  000f4700         1   unsigned char:1(0)
    }
      _eeprom_status.raw
                                  000f4700         1   unsigned char
    }
  _spi_flag
                                  000f4702         2   data ,g         3
  _buf
                                  000f4704        23   data ,g        12
FILE=.\src\hwm\error_check.obj
                                  000f4728  000f4734         d
  _g_TimeKeeper@1
                                  000f4728         a   data ,l         5
    struct Tick_Keeper_s {
                                                   a
      _g_TimeKeeper@1.electrolyteOff_h
                                  000f4728         1   unsigned char
      _g_TimeKeeper@1.SV1SV2OnTime_s
                                  000f472a         2   unsigned short
      _g_TimeKeeper@1.SV1SV2OnTime_h
                                  000f472c         2   unsigned short
      _g_TimeKeeper@1.neutralization
                                  000f472e         4   unsigned long
    }
  _g_alarm
                                  000f4732         3   data ,g        1c
    union  Alarm_Flag_u {
                                                   3
      _g_alarm.refined
                                  000f4732         3
    struct  {
                                                   3
      _g_alarm.refined.over_voltage_1
                                  000f4732         1   unsigned char:1(7)
      _g_alarm.refined.over_voltage_2
                                  000f4732         1   unsigned char:1(6)
      _g_alarm.refined.over_voltage_3
                                  000f4732         1   unsigned char:1(5)
      _g_alarm.refined.underVoltage
                                  000f4732         1   unsigned char:1(4)
      _g_alarm.refined.abnormal_flow
                                  000f4732         1   unsigned char:1(3)
      _g_alarm.refined.abnormal_current
                                  000f4732         1   unsigned char:1(2)
      _g_alarm.refined.over_curent
                                  000f4732         1   unsigned char:1(1)
      _g_alarm.refined.solenoid
                                  000f4732         1   unsigned char:1(0)
      _g_alarm.refined.salt_full
                                  000f4733         1   unsigned char:1(7)
      _g_alarm.refined.salt_empty
                                  000f4733         1   unsigned char:1(6)
      _g_alarm.refined.acid_skip
                                  000f4733         1   unsigned char:1(5)
      _g_alarm.refined.alkaline_skip
                                  000f4733         1   unsigned char:1(4)
      _g_alarm.refined.water_full
                                  000f4733         1   unsigned char:1(3)
      _g_alarm.refined.filter
                                  000f4733         1   unsigned char:1(2)
      _g_alarm.refined.cvcc
                                  000f4733         1   unsigned char:1(1)
      _g_alarm.refined.rsvd
                                  000f4734         1   unsigned char:8(0)
    }
    }
FILE=.\src\hwm\hwm_main.obj
                                  000f4736  000f4950       21b
  _g_TimeKeeper@3
                                  000f4736         a   data ,l         1
    struct Tick_Keeper_s {
                                                   a
      _g_TimeKeeper@3.electrolyteOff_h
                                  000f4736         1   unsigned char
      _g_TimeKeeper@3.SV1SV2OnTime_s
                                  000f4738         2   unsigned short
      _g_TimeKeeper@3.SV1SV2OnTime_h
                                  000f473a         2   unsigned short
      _g_TimeKeeper@3.neutralization
                                  000f473c         4   unsigned long
    }
  _g_numberSetting
                                  000f4740        2a   data ,g        56
    struct Number_Setting_s {
                                                  2a
      _g_numberSetting.upperVoltage1
                                  000f4740         4   float
      _g_numberSetting.upperVoltage2
                                  000f4744         4   float
      _g_numberSetting.upperVoltage3
                                  000f4748         4   float
      _g_numberSetting.lowerVoltage
                                  000f474c         4   float
      _g_numberSetting.upperCurrent
                                  000f4750         4   float
      _g_numberSetting.lowerCurrent
                                  000f4754         4   float
      _g_numberSetting.upperFlow
                                  000f4758         4   float
      _g_numberSetting.lowerFlow
                                  000f475c         4   float
      _g_numberSetting.cvccCurrent
                                  000f4760         4   float
      _g_numberSetting.saltPumpVoltage
                                  000f4764         4   float
      _g_numberSetting.crc
                                  000f4768         1   char
    }
  _g_neutralization_time_s
                                  000f476a         4   data ,g         4
  _g_color
                                  000f476e         1   data ,g         b
  _g_pre_color
                                  000f476f         1   data ,g         3
  _g_flow_value
                                  000f4770         4   data ,g         0
  _g_machine_state
                                  000f4774        10   data ,g        76
    struct Machine_State_u {
                                                  10
      _g_machine_state.akaline
                                  000f4774         1   unsigned char
      _g_machine_state.acid
                                  000f4775         1   unsigned char
      _g_machine_state.water
                                  000f4776         1   unsigned char
      _g_machine_state.handwash
                                  000f4777         1   unsigned char
      _g_machine_state.waterSupply
                                  000f4778         1   unsigned char
      _g_machine_state.flowSensor
                                  000f4779         1   unsigned char
      _g_machine_state.callan
                                  000f477a         1   unsigned char
      _g_machine_state.electrolyteOperation
                                  000f477b         1   unsigned char
      _g_machine_state.electrolyteOFF
                                  000f477c         1   unsigned char
      _g_machine_state.drainage
                                  000f477d         1   unsigned char
      _g_machine_state.isMidNight
                                  000f477e         1   unsigned char
      _g_machine_state.test_operation
                                  000f477f         1   unsigned char
      _g_machine_state.neutrlization
                                  000f4780         1   unsigned char
      _g_machine_state.user
                                  000f4781         1   unsigned char
      _g_machine_state.mode
                                  000f4782         1   unsigned char
      _g_machine_state.electrolyte
                                  000f4783         1   unsigned char
    }
  _g_io_status
                                  000f4784        10   data ,g        37
    union  IO_Status_u {
                                                  10
      _g_io_status.refined
                                  000f4784        10
    struct  {
                                                  10
      _g_io_status.refined.io
                                  000f4784         4
    struct IO_Struct {
                                                   4
      _g_io_status.refined.io.AlkalineEmptyLevel
                                  000f4784         1   unsigned char:1(7)
      _g_io_status.refined.io.AlkalineLowLevel
                                  000f4784         1   unsigned char:1(6)
      _g_io_status.refined.io.AlkalineHighLevel
                                  000f4784         1   unsigned char:1(5)
      _g_io_status.refined.io.AcidEmptyLevel
                                  000f4784         1   unsigned char:1(4)
      _g_io_status.refined.io.AcidLowLevel
                                  000f4784         1   unsigned char:1(3)
      _g_io_status.refined.io.AcidHighLevel
                                  000f4784         1   unsigned char:1(2)
      _g_io_status.refined.io.SaltLowLevel
                                  000f4784         1   unsigned char:1(1)
      _g_io_status.refined.io.SaltHighLevel
                                  000f4784         1   unsigned char:1(0)
      _g_io_status.refined.io.Valve
                                  000f4785         2
    struct  {
                                                   2
      _g_io_status.refined.io.Valve.SV1
                                  000f4785         1   unsigned char:1(7)
      _g_io_status.refined.io.Valve.SV2
                                  000f4785         1   unsigned char:1(6)
      _g_io_status.refined.io.Valve.SV3
                                  000f4785         1   unsigned char:1(5)
      _g_io_status.refined.io.Valve.SV4
                                  000f4785         1   unsigned char:1(4)
      _g_io_status.refined.io.Valve.SV5
                                  000f4785         1   unsigned char:1(3)
      _g_io_status.refined.io.Valve.SV6
                                  000f4785         1   unsigned char:1(2)
      _g_io_status.refined.io.Valve.SV7
                                  000f4785         1   unsigned char:1(1)
      _g_io_status.refined.io.Valve.SV8
                                  000f4785         1   unsigned char:1(0)
      _g_io_status.refined.io.Valve.SV9
                                  000f4786         1   unsigned char:1(7)
      _g_io_status.refined.io.Valve.RSVD
                                  000f4786         1   unsigned char:7(0)
    }
      _g_io_status.refined.io.Pump1
                                  000f4787         1   unsigned char:1(7)
      _g_io_status.refined.io.Pump2
                                  000f4787         1   unsigned char:1(6)
      _g_io_status.refined.io.SaltPump
                                  000f4787         1   unsigned char:1(5)
      _g_io_status.refined.io.CVCC_ON
                                  000f4787         1   unsigned char:1(4)
      _g_io_status.refined.io.HandSensorON
                                  000f4787         1   unsigned char:1(3)
      _g_io_status.refined.io.HandSensorOFF
                                  000f4787         1   unsigned char:1(2)
      _g_io_status.refined.io.RSVD1
                                  000f4787         1   unsigned char:2(0)
    }
      _g_io_status.refined.FlowValue
                                  000f4788         4   float
      _g_io_status.refined.CVCCVoltage
                                  000f478c         4   float
      _g_io_status.refined.CVCCCurrent
                                  000f4790         4   float
    }
    }
  _g_mean_io_status
                                  000f4794        10   data ,g        19
    union  IO_Status_u {
                                                  10
      _g_mean_io_status.refined
                                  000f4794        10
    struct  {
                                                  10
      _g_mean_io_status.refined.io
                                  000f4794         4
    struct IO_Struct {
                                                   4
      _g_mean_io_status.refined.io.AlkalineEmptyLevel
                                  000f4794         1   unsigned char:1(7)
      _g_mean_io_status.refined.io.AlkalineLowLevel
                                  000f4794         1   unsigned char:1(6)
      _g_mean_io_status.refined.io.AlkalineHighLevel
                                  000f4794         1   unsigned char:1(5)
      _g_mean_io_status.refined.io.AcidEmptyLevel
                                  000f4794         1   unsigned char:1(4)
      _g_mean_io_status.refined.io.AcidLowLevel
                                  000f4794         1   unsigned char:1(3)
      _g_mean_io_status.refined.io.AcidHighLevel
                                  000f4794         1   unsigned char:1(2)
      _g_mean_io_status.refined.io.SaltLowLevel
                                  000f4794         1   unsigned char:1(1)
      _g_mean_io_status.refined.io.SaltHighLevel
                                  000f4794         1   unsigned char:1(0)
      _g_mean_io_status.refined.io.Valve
                                  000f4795         2
    struct  {
                                                   2
      _g_mean_io_status.refined.io.Valve.SV1
                                  000f4795         1   unsigned char:1(7)
      _g_mean_io_status.refined.io.Valve.SV2
                                  000f4795         1   unsigned char:1(6)
      _g_mean_io_status.refined.io.Valve.SV3
                                  000f4795         1   unsigned char:1(5)
      _g_mean_io_status.refined.io.Valve.SV4
                                  000f4795         1   unsigned char:1(4)
      _g_mean_io_status.refined.io.Valve.SV5
                                  000f4795         1   unsigned char:1(3)
      _g_mean_io_status.refined.io.Valve.SV6
                                  000f4795         1   unsigned char:1(2)
      _g_mean_io_status.refined.io.Valve.SV7
                                  000f4795         1   unsigned char:1(1)
      _g_mean_io_status.refined.io.Valve.SV8
                                  000f4795         1   unsigned char:1(0)
      _g_mean_io_status.refined.io.Valve.SV9
                                  000f4796         1   unsigned char:1(7)
      _g_mean_io_status.refined.io.Valve.RSVD
                                  000f4796         1   unsigned char:7(0)
    }
      _g_mean_io_status.refined.io.Pump1
                                  000f4797         1   unsigned char:1(7)
      _g_mean_io_status.refined.io.Pump2
                                  000f4797         1   unsigned char:1(6)
      _g_mean_io_status.refined.io.SaltPump
                                  000f4797         1   unsigned char:1(5)
      _g_mean_io_status.refined.io.CVCC_ON
                                  000f4797         1   unsigned char:1(4)
      _g_mean_io_status.refined.io.HandSensorON
                                  000f4797         1   unsigned char:1(3)
      _g_mean_io_status.refined.io.HandSensorOFF
                                  000f4797         1   unsigned char:1(2)
      _g_mean_io_status.refined.io.RSVD1
                                  000f4797         1   unsigned char:2(0)
    }
      _g_mean_io_status.refined.FlowValue
                                  000f4798         4   float
      _g_mean_io_status.refined.CVCCVoltage
                                  000f479c         4   float
      _g_mean_io_status.refined.CVCCCurrent
                                  000f47a0         4   float
    }
    }
  _g_res_io_status
                                  000f47a4        10   data ,g         0
    union  IO_Status_u {
                                                  10
      _g_res_io_status.refined
                                  000f47a4        10
    struct  {
                                                  10
      _g_res_io_status.refined.io
                                  000f47a4         4
    struct IO_Struct {
                                                   4
      _g_res_io_status.refined.io.AlkalineEmptyLevel
                                  000f47a4         1   unsigned char:1(7)
      _g_res_io_status.refined.io.AlkalineLowLevel
                                  000f47a4         1   unsigned char:1(6)
      _g_res_io_status.refined.io.AlkalineHighLevel
                                  000f47a4         1   unsigned char:1(5)
      _g_res_io_status.refined.io.AcidEmptyLevel
                                  000f47a4         1   unsigned char:1(4)
      _g_res_io_status.refined.io.AcidLowLevel
                                  000f47a4         1   unsigned char:1(3)
      _g_res_io_status.refined.io.AcidHighLevel
                                  000f47a4         1   unsigned char:1(2)
      _g_res_io_status.refined.io.SaltLowLevel
                                  000f47a4         1   unsigned char:1(1)
      _g_res_io_status.refined.io.SaltHighLevel
                                  000f47a4         1   unsigned char:1(0)
      _g_res_io_status.refined.io.Valve
                                  000f47a5         2
    struct  {
                                                   2
      _g_res_io_status.refined.io.Valve.SV1
                                  000f47a5         1   unsigned char:1(7)
      _g_res_io_status.refined.io.Valve.SV2
                                  000f47a5         1   unsigned char:1(6)
      _g_res_io_status.refined.io.Valve.SV3
                                  000f47a5         1   unsigned char:1(5)
      _g_res_io_status.refined.io.Valve.SV4
                                  000f47a5         1   unsigned char:1(4)
      _g_res_io_status.refined.io.Valve.SV5
                                  000f47a5         1   unsigned char:1(3)
      _g_res_io_status.refined.io.Valve.SV6
                                  000f47a5         1   unsigned char:1(2)
      _g_res_io_status.refined.io.Valve.SV7
                                  000f47a5         1   unsigned char:1(1)
      _g_res_io_status.refined.io.Valve.SV8
                                  000f47a5         1   unsigned char:1(0)
      _g_res_io_status.refined.io.Valve.SV9
                                  000f47a6         1   unsigned char:1(7)
      _g_res_io_status.refined.io.Valve.RSVD
                                  000f47a6         1   unsigned char:7(0)
    }
      _g_res_io_status.refined.io.Pump1
                                  000f47a7         1   unsigned char:1(7)
      _g_res_io_status.refined.io.Pump2
                                  000f47a7         1   unsigned char:1(6)
      _g_res_io_status.refined.io.SaltPump
                                  000f47a7         1   unsigned char:1(5)
      _g_res_io_status.refined.io.CVCC_ON
                                  000f47a7         1   unsigned char:1(4)
      _g_res_io_status.refined.io.HandSensorON
                                  000f47a7         1   unsigned char:1(3)
      _g_res_io_status.refined.io.HandSensorOFF
                                  000f47a7         1   unsigned char:1(2)
      _g_res_io_status.refined.io.RSVD1
                                  000f47a7         1   unsigned char:2(0)
    }
      _g_res_io_status.refined.FlowValue
                                  000f47a8         4   float
      _g_res_io_status.refined.CVCCVoltage
                                  000f47ac         4   float
      _g_res_io_status.refined.CVCCCurrent
                                  000f47b0         4   float
    }
    }
  __settingTime
                                  000f47b4        a2   data ,g         8
    struct Timer_Setting_s {
                                                  a2
      __settingTime.t1_initialWaterDrainageOperation_s
                                  000f47b4         4   unsigned long
      __settingTime.t2_flowSensorStartTime_s
                                  000f47b8         4   unsigned long
      __settingTime.t3_flowSensorMonitorTime_s
                                  000f47bc         4   unsigned long
      __settingTime.t4_electrolysisOperationStart_s
                                  000f47c0         4   unsigned long
      __settingTime.t5_electrolysisStopDelay_s
                                  000f47c4         4   unsigned long
      __settingTime.t6_drainageOffTime_h
                                  000f47c8         4   unsigned long
      __settingTime.t7_powerOnPreparation_s
                                  000f47cc         4   unsigned long
      __settingTime.t8_flowRateAdjustmentRelease_s
                                  000f47d0         4   unsigned long
      __settingTime.t9_currentAdjustmentRelease_s
                                  000f47d4         4   unsigned long
      __settingTime.t10_electrolysisCurrentAlarmSpecified_s
                                  000f47d8         4   unsigned long
      __settingTime.t11_overVoltage1Time_s
                                  000f47dc         4   unsigned long
      __settingTime.t12_overVoltage2Time_s
                                  000f47e0         4   unsigned long
      __settingTime.t13_overVoltage3Time_s
                                  000f47e4         4   unsigned long
      __settingTime.t14_lowVoltageStartTime_s
                                  000f47e8         4   unsigned long
      __settingTime.t15_lowVoltageDelayTime_s
                                  000f47ec         4   unsigned long
      __settingTime.t16_currentMonitoringStart_s
                                  000f47f0         4   unsigned long
      __settingTime.t17_solenoidLeakageStartTime_s
                                  000f47f4         4   unsigned long
      __settingTime.t18_fullSaltWaterMonitoringStart_h
                                  000f47f8         4   unsigned long
      __settingTime.t19_waterFilterAlarm_h
                                  000f47fc         4   unsigned long
      __settingTime.t20_waterFilterAlarmIgnore_h
                                  000f4800         4   unsigned long
      __settingTime.t26_onDelayEmptyLevel_s
                                  000f4804         4   unsigned long
      __settingTime.t27_onDelayLowLevel_s
                                  000f4808         4   unsigned long
      __settingTime.t28_onDelayHighLevel_s
                                  000f480c         4   unsigned long
      __settingTime.t30_offDelayEmptyLevel_s
                                  000f4810         4   unsigned long
      __settingTime.t31_saltLowLevelDelay_s
                                  000f4814         4   unsigned long
      __settingTime.t32_saltHighLevelDelay_s
                                  000f4818         4   unsigned long
      __settingTime.t33_neutralizationStartTime_h
                                  000f481c         4   unsigned long
      __settingTime.t34_neutralizationOpenTime_s
                                  000f4820         4   unsigned long
      __settingTime.t51_alkalineWaterSpoutingTime_s
                                  000f4824         4   unsigned long
      __settingTime.t52_acidWaterSpoutingTime_s
                                  000f4828         4   unsigned long
      __settingTime.t53_washingWaterSpoutingTime_s
                                  000f482c         4   unsigned long
      __settingTime.t54_overLapTime_ms
                                  000f4830         4   unsigned long
      __settingTime.t55_waterDischargeDelay_s
                                  000f4834         4   unsigned long
      __settingTime.t56_acidWaterDownTime_s
                                  000f4838         4   unsigned long
      __settingTime.t57_alkalineWaterDownTime_s
                                  000f483c         4   unsigned long
      __settingTime.t58
                                  000f4840         4   unsigned long
      __settingTime.t59
                                  000f4844         4   unsigned long
      __settingTime.t60_washDischargeDelay_s
                                  000f4848         4   unsigned long
      __settingTime.t61_cleaningIntervalTime_h
                                  000f484c         4   unsigned long
      __settingTime.t62_washSpoutingTime_s
                                  000f4850         4   unsigned long
      __settingTime.crc
                                  000f4854         1   char
    }
  __settingNumber
                                  000f4856        2a   data ,g         8
    struct Number_Setting_s {
                                                  2a
      __settingNumber.upperVoltage1
                                  000f4856         4   float
      __settingNumber.upperVoltage2
                                  000f485a         4   float
      __settingNumber.upperVoltage3
                                  000f485e         4   float
      __settingNumber.lowerVoltage
                                  000f4862         4   float
      __settingNumber.upperCurrent
                                  000f4866         4   float
      __settingNumber.lowerCurrent
                                  000f486a         4   float
      __settingNumber.upperFlow
                                  000f486e         4   float
      __settingNumber.lowerFlow
                                  000f4872         4   float
      __settingNumber.cvccCurrent
                                  000f4876         4   float
      __settingNumber.saltPumpVoltage
                                  000f487a         4   float
      __settingNumber.crc
                                  000f487e         1   char
    }
  _g_machine_mode
                                  000f4880         1   data ,g         4
  _g_machine_test_mode
                                  000f4881         1   data ,g         0
  _btod
                                  000f4882         4   data ,g         6
    union  BytesToDouble {
                                                   4
      _btod.refined
                                  000f4882         4
    struct  {
                                                   4
      _btod.refined.data
                                  000f4882         4   unsigned char
    }
      _btod.raw
                                  000f4882         4   unsigned long
    }
  _g_Tick
                                  000f4886        c4   data ,g        9c
    struct Tick_s {
                                                  c4
      _g_Tick.tick500ms
                                  000f4886         4   unsigned long
      _g_Tick.tick1s
                                  000f488a         4   unsigned long
      _g_Tick.tick5s
                                  000f488e         4   unsigned long
      _g_Tick.tickBlink
                                  000f4892         4   unsigned long
      _g_Tick.tickAlkaline
                                  000f4896         4   unsigned long
      _g_Tick.tickAcid
                                  000f489a         4   unsigned long
      _g_Tick.tickWater
                                  000f489e         4   unsigned long
      _g_Tick.tickHandWash
                                  000f48a2         4   unsigned long
      _g_Tick.tickWaterSupply
                                  000f48a6         4   unsigned long
      _g_Tick.tickFlowMeasurment
                                  000f48aa         4   unsigned long
      _g_Tick.tickDebouceHandSensor
                                  000f48ae         4   unsigned long
      _g_Tick.tickVoltage1Check
                                  000f48b2         4   unsigned long
      _g_Tick.tickVoltage2Check
                                  000f48b6         4   unsigned long
      _g_Tick.tickVoltage3Check
                                  000f48ba         4   unsigned long
      _g_Tick.tickVoltageLowCheck
                                  000f48be         4   unsigned long
      _g_Tick.tickCurrentCheck
                                  000f48c2         4   unsigned long
      _g_Tick.tickSolenoidCheck
                                  000f48c6         4   unsigned long
      _g_Tick.tickSaltFullCheck
                                  000f48ca         4   unsigned long
      _g_Tick.tickSV1SV2
                                  000f48ce         4   unsigned long
      _g_Tick.tickElectrolyticOff
                                  000f48d2         4   unsigned long
      _g_Tick.tickWaterSoftenerPCB
                                  000f48d6         4   unsigned long
      _g_Tick.tickValvePCB
                                  000f48da         4   unsigned long
      _g_Tick.tickRS485
                                  000f48de         4   unsigned long
      _g_Tick.tickAnimation
                                  000f48e2         4   unsigned long
      _g_Tick.tickCallan
                                  000f48e6         4   unsigned long
      _g_Tick.tickDrainage
                                  000f48ea         4   unsigned long
      _g_Tick.tickTestOperation
                                  000f48ee         4   unsigned long
      _g_Tick.tickWaterFull
                                  000f48f2         4   unsigned long
      _g_Tick.tickAcidLevel
                                  000f48f6        14   unsigned long
      _g_Tick.tickAlkalineLevel
                                  000f490a        14   unsigned long
      _g_Tick.tickHandSensor
                                  000f491e         8   unsigned long
      _g_Tick.tickCustom
                                  000f4926        20   unsigned long
      _g_Tick.tickUartTimeout
                                  000f4946         4   unsigned long
    }
  _water_solfner_buf
                                  000f494a         7   data ,g         5
    struct UART3_Buffer_s {
                                                   7
      _water_solfner_buf.busy
                                  000f494a         1   unsigned char
      _water_solfner_buf.head
                                  000f494b         1   unsigned char
      _water_solfner_buf.set_number
                                  000f494c         1   unsigned char
      _water_solfner_buf.set_value
                                  000f494d         4   unsigned char
    }
FILE=.\src\hwm\io_control.obj
                                  000f4952  000f4955         4
  __flow_pulse
                                  000f4952         4   data ,g         8
FILE=.\src\hwm\operation.obj
                                  000f4956  000f495f         a
  _g_TimeKeeper@1
                                  000f4956         a   data ,l         7
    struct Tick_Keeper_s {
                                                   a
      _g_TimeKeeper@1.electrolyteOff_h
                                  000f4956         1   unsigned char
      _g_TimeKeeper@1.SV1SV2OnTime_s
                                  000f4958         2   unsigned short
      _g_TimeKeeper@1.SV1SV2OnTime_h
                                  000f495a         2   unsigned short
      _g_TimeKeeper@1.neutralization
                                  000f495c         4   unsigned long
    }
FILE=.\src\hwm\raspberry_pi_interface.obj
                                  000f4960  000f496c         d
  _g_io_response
                                  000f4960         4   data ,g         2
    struct IO_Struct {
                                                   4
      _g_io_response.AlkalineEmptyLevel
                                  000f4960         1   unsigned char:1(7)
      _g_io_response.AlkalineLowLevel
                                  000f4960         1   unsigned char:1(6)
      _g_io_response.AlkalineHighLevel
                                  000f4960         1   unsigned char:1(5)
      _g_io_response.AcidEmptyLevel
                                  000f4960         1   unsigned char:1(4)
      _g_io_response.AcidLowLevel
                                  000f4960         1   unsigned char:1(3)
      _g_io_response.AcidHighLevel
                                  000f4960         1   unsigned char:1(2)
      _g_io_response.SaltLowLevel
                                  000f4960         1   unsigned char:1(1)
      _g_io_response.SaltHighLevel
                                  000f4960         1   unsigned char:1(0)
      _g_io_response.Valve
                                  000f4961         2
    struct  {
                                                   2
      _g_io_response.Valve.SV1
                                  000f4961         1   unsigned char:1(7)
      _g_io_response.Valve.SV2
                                  000f4961         1   unsigned char:1(6)
      _g_io_response.Valve.SV3
                                  000f4961         1   unsigned char:1(5)
      _g_io_response.Valve.SV4
                                  000f4961         1   unsigned char:1(4)
      _g_io_response.Valve.SV5
                                  000f4961         1   unsigned char:1(3)
      _g_io_response.Valve.SV6
                                  000f4961         1   unsigned char:1(2)
      _g_io_response.Valve.SV7
                                  000f4961         1   unsigned char:1(1)
      _g_io_response.Valve.SV8
                                  000f4961         1   unsigned char:1(0)
      _g_io_response.Valve.SV9
                                  000f4962         1   unsigned char:1(7)
      _g_io_response.Valve.RSVD
                                  000f4962         1   unsigned char:7(0)
    }
      _g_io_response.Pump1
                                  000f4963         1   unsigned char:1(7)
      _g_io_response.Pump2
                                  000f4963         1   unsigned char:1(6)
      _g_io_response.SaltPump
                                  000f4963         1   unsigned char:1(5)
      _g_io_response.CVCC_ON
                                  000f4963         1   unsigned char:1(4)
      _g_io_response.HandSensorON
                                  000f4963         1   unsigned char:1(3)
      _g_io_response.HandSensorOFF
                                  000f4963         1   unsigned char:1(2)
      _g_io_response.RSVD1
                                  000f4963         1   unsigned char:2(0)
    }
  _io_off
                                  000f4964         4   data ,g         1
    struct IO_Struct {
                                                   4
      _io_off.AlkalineEmptyLevel
                                  000f4964         1   unsigned char:1(7)
      _io_off.AlkalineLowLevel
                                  000f4964         1   unsigned char:1(6)
      _io_off.AlkalineHighLevel
                                  000f4964         1   unsigned char:1(5)
      _io_off.AcidEmptyLevel
                                  000f4964         1   unsigned char:1(4)
      _io_off.AcidLowLevel
                                  000f4964         1   unsigned char:1(3)
      _io_off.AcidHighLevel
                                  000f4964         1   unsigned char:1(2)
      _io_off.SaltLowLevel
                                  000f4964         1   unsigned char:1(1)
      _io_off.SaltHighLevel
                                  000f4964         1   unsigned char:1(0)
      _io_off.Valve
                                  000f4965         2
    struct  {
                                                   2
      _io_off.Valve.SV1
                                  000f4965         1   unsigned char:1(7)
      _io_off.Valve.SV2
                                  000f4965         1   unsigned char:1(6)
      _io_off.Valve.SV3
                                  000f4965         1   unsigned char:1(5)
      _io_off.Valve.SV4
                                  000f4965         1   unsigned char:1(4)
      _io_off.Valve.SV5
                                  000f4965         1   unsigned char:1(3)
      _io_off.Valve.SV6
                                  000f4965         1   unsigned char:1(2)
      _io_off.Valve.SV7
                                  000f4965         1   unsigned char:1(1)
      _io_off.Valve.SV8
                                  000f4965         1   unsigned char:1(0)
      _io_off.Valve.SV9
                                  000f4966         1   unsigned char:1(7)
      _io_off.Valve.RSVD
                                  000f4966         1   unsigned char:7(0)
    }
      _io_off.Pump1
                                  000f4967         1   unsigned char:1(7)
      _io_off.Pump2
                                  000f4967         1   unsigned char:1(6)
      _io_off.SaltPump
                                  000f4967         1   unsigned char:1(5)
      _io_off.CVCC_ON
                                  000f4967         1   unsigned char:1(4)
      _io_off.HandSensorON
                                  000f4967         1   unsigned char:1(3)
      _io_off.HandSensorOFF
                                  000f4967         1   unsigned char:1(2)
      _io_off.RSVD1
                                  000f4967         1   unsigned char:2(0)
    }
  _g_control_setting
                                  000f4968         1   data ,g         e
    union  Control_u {
                                                   1
      _g_control_setting.raw
                                  000f4968         1
    struct Cotrol_s {
                                                   1
      _g_control_setting.raw.drain
                                  000f4968         1   unsigned char:1(7)
      _g_control_setting.raw.power_on
                                  000f4968         1   unsigned char:1(6)
      _g_control_setting.raw.filter
                                  000f4968         1   unsigned char:1(5)
      _g_control_setting.raw.biomectric
                                  000f4968         1   unsigned char:1(4)
      _g_control_setting.raw.RSVD
                                  000f4968         1   unsigned char:4(0)
    }
      _g_control_setting.data
                                  000f4968         1   unsigned char
    }
  _flag_response
                                  000f4969         4   data ,g         3
    struct Flag_response {
                                                   4
      _flag_response.time
                                  000f4969         1   unsigned char
      _flag_response.number
                                  000f496a         1   unsigned char
      _flag_response.mode
                                  000f496b         1   unsigned char
      _flag_response.alarm
                                  000f496c         1   unsigned char
    }
FILE=.\src\interrupt_handle.obj
                                  000f496e  000f4976         9
  _g_adc_value
                                  000f496e         4   data ,g         4
  _g_rasp_state
                                  000f4972         1   data ,g         5
    struct Raspberry_state_s {
                                                   1
      _g_rasp_state.isMonitorScreen
                                  000f4972         1   unsigned char
    }
  _flag_counter
                                  000f4973         4   data ,g         4
    struct Flag_counter {
                                                   4
      _flag_counter.time_setting
                                  000f4973         1   unsigned char
      _flag_counter.number_setting
                                  000f4974         1   unsigned char
      _flag_counter.mode_setting
                                  000f4975         1   unsigned char
      _flag_counter.alarm_setting
                                  000f4976         1   unsigned char
    }
FILE=.\src\r_cg_rtc_user.obj
                                  000f4978  000f497e         7
  _g_rtc
                                  000f4978         7   data ,g         0
    struct  {
                                                   7
      _g_rtc.sec
                                  000f4978         1   unsigned char
      _g_rtc.min
                                  000f4979         1   unsigned char
      _g_rtc.hour
                                  000f497a         1   unsigned char
      _g_rtc.day
                                  000f497b         1   unsigned char
      _g_rtc.week
                                  000f497c         1   unsigned char
      _g_rtc.month
                                  000f497d         1   unsigned char
      _g_rtc.year
                                  000f497e         1   unsigned char
    }
FILE=.\src\r_cg_serial.obj
                                  000f4980  000f49b5        36
  _gp_uart1_tx_address
                                  000f4980         2   data ,g         5
  _g_uart1_tx_count
                                  000f4982         2   data ,g         4
  _gp_uart1_rx_address
                                  000f4984         2   data ,g         3
  _g_uart1_rx_count
                                  000f4986         2   data ,g         4
  _g_uart1_rx_length
                                  000f4988         2   data ,g         3
  _gp_csi00_rx_address
                                  000f498a         2   data ,g         0
  _g_csi00_rx_length
                                  000f498c         2   data ,g         0
  _g_csi00_rx_count
                                  000f498e         2   data ,g         0
  _gp_csi00_tx_address
                                  000f4990         2   data ,g         6
  _g_csi00_send_length
                                  000f4992         2   data ,g         0
  _g_csi00_tx_count
                                  000f4994         2   data ,g         4
  _gp_csi01_rx_address
                                  000f4996         2   data ,g         5
  _g_csi01_rx_length
                                  000f4998         2   data ,g         1
  _g_csi01_rx_count
                                  000f499a         2   data ,g         1
  _gp_csi01_tx_address
                                  000f499c         2   data ,g         7
  _g_csi01_send_length
                                  000f499e         2   data ,g         0
  _g_csi01_tx_count
                                  000f49a0         2   data ,g         7
  _gp_uart2_tx_address
                                  000f49a2         2   data ,g         5
  _g_uart2_tx_count
                                  000f49a4         2   data ,g         4
  _gp_uart2_rx_address
                                  000f49a6         2   data ,g         3
  _g_uart2_rx_count
                                  000f49a8         2   data ,g         4
  _g_uart2_rx_length
                                  000f49aa         2   data ,g         3
  _gp_uart3_tx_address
                                  000f49ac         2   data ,g         5
  _g_uart3_tx_count
                                  000f49ae         2   data ,g         4
  _gp_uart3_rx_address
                                  000f49b0         2   data ,g         3
  _g_uart3_rx_count
                                  000f49b2         2   data ,g         4
  _g_uart3_rx_length
                                  000f49b4         2   data ,g         3
FILE=.\src\r_cg_serial_user.obj
                                  000f49b6  000f4a85        d0
  _g_uart3_rx_data
                                  000f49b6         8   data ,g         8
  _send_response_flag
                                  000f49be         1   data ,g         0
  _send_response_time_flag
                                  000f49bf         1   data ,g         0
  _send_response_number_flag
                                  000f49c0         1   data ,g         0
  _recived_time_setting_flag
                                  000f49c1         1   data ,g         0
  _send_respone_status_flag
                                  000f49c2         1   data ,g         0
  _recived_number_setting_flag
                                  000f49c3         1   data ,g         0
  _g_commnunication_flag
                                  000f49c4        19   data ,g        80
    struct Communicaition_flag_s {
                                                  19
      _g_commnunication_flag.send_response_flag
                                  000f49c4         1   unsigned char
      _g_commnunication_flag.send_response_time_flag
                                  000f49c5         1   unsigned char
      _g_commnunication_flag.send_response_number_flag
                                  000f49c6         1   unsigned char
      _g_commnunication_flag.recived_number_setting_flag
                                  000f49c7         1   unsigned char
      _g_commnunication_flag.recived_time_setting_flag
                                  000f49c8         1   unsigned char
      _g_commnunication_flag.send_response_status_flag
                                  000f49c9         1   unsigned char
      _g_commnunication_flag.send_response_mode_flag
                                  000f49ca         1   unsigned char
      _g_commnunication_flag.alarm_clear_flag
                                  000f49cb         1   unsigned char
      _g_commnunication_flag.alarm_response_flag
                                  000f49cc         1   unsigned char
      _g_commnunication_flag.recieve_status_flag
                                  000f49cd         1   unsigned char
      _g_commnunication_flag.test_flag
                                  000f49ce         1   unsigned char
      _g_commnunication_flag.test_individual_flag
                                  000f49cf         1   unsigned char
      _g_commnunication_flag.monitor_enable_flag
                                  000f49d0         1   unsigned char
      _g_commnunication_flag.test_enable_flag
                                  000f49d1         1   unsigned char
      _g_commnunication_flag.next_animation_flag
                                  000f49d2         1   unsigned char
      _g_commnunication_flag.save_confirm_flag
                                  000f49d3         1   unsigned char
      _g_commnunication_flag.send_handsensor_flag
                                  000f49d4         1   unsigned char
      _g_commnunication_flag.rs485_send_to_watersolfner_response_flag
                                  000f49d5         1   unsigned char
      _g_commnunication_flag.rs485_send_to_watersolfner_SV1_flag
                                  000f49d6         1   unsigned char
      _g_commnunication_flag.rs485_send_to_valve_response_flag
                                  000f49d7         1   unsigned char
      _g_commnunication_flag.rs485_get_valve_gesture_flag
                                  000f49d8         1   unsigned char
      _g_commnunication_flag.rs485_fault
                                  000f49d9         1   unsigned char
      _g_commnunication_flag.control_setting_flag
                                  000f49da         1   unsigned char
      _g_commnunication_flag.control_setting_save_flag
                                  000f49db         1   unsigned char
      _g_commnunication_flag.uart2_timeout_flag
                                  000f49dc         1   unsigned char
    }
  _g_csi_count
                                  000f49dd         1   data ,g         0
  _g_csi_err
                                  000f49de         1   data ,g         0
  _g_csi_send_end
                                  000f49df         1   data ,g         1
  _g_csi_rev_end
                                  000f49e0         1   data ,g         3
  _g_uart1_send
                                  000f49e1         1   data ,g         0
  _g_uart2_sendend
                                  000f49e2         1   data ,g        10
  _g_uart2_receive
                                  000f49e3         1   data ,g         1
  _g_rx_data
                                  000f49e4        a0   data ,g        1e
[...]
                                          0032(00006adf:.textf)
                                          0032(00006ae6:.textf)
                                          0032(00006aee:.textf)
                                          0032(00006b28:.textf)
                                          0032(00006b2f:.textf)
                                          0032(00006b4e:.textf)
                                          0032(00006b54:.textf)
                                          0032(00006b5a:.textf)
                                          0032(00006b5d:.textf)
                                          0032(00006b67:.textf)
                                          0032(00006b6a:.textf)
                                          0032(00006b92:.textf)
                                          0032(00006b97:.textf)
                                          0032(00006bc0:.textf)
                                          0032(00006bc6:.textf)
     SECTION=.text
0028 r_cg_wdt
     SECTION=.textf
                 _R_WDT_Create
                                 000066ff 0031(00006a8a:.textf)
                 _R_WDT_Restart
                                 00006710 0008(00004967:.textf)
                                          0009(00004fb9:.textf)
                                          0012(00005807:.textf)
                                          0012(0000592a:.textf)
                                          0012(00005969:.textf)
                                          0030(00006a0a:.textf)
                                          0032(00006b15:.textf)
0029 r_cg_wdt_user
     SECTION=.text
0030 r_main
     SECTION=.textf
                 _nostop_checkHandSensor
                                 00006714
                 _readHS
                                 00006745
                 _main
                                 0000675a 0001(000001f4:.text)
                 _R_MAIN_UserInit
                                 00006a10 0030(0000675d:.textf)
     SECTION=.bss
                 _g_e_status
                                 000f4a8e
                 _ret_number_setting
                                 000f4a90
                 _flow_p
                                 000f4aba 0030(000069c5:.textf)
                 _salt_h_p
                                 000f4abb
                 _g_eeprom_wren
                                 000f4abc
                 _receive_data
                                 000f4abd
                 _receive_setting
                                 000f4ac0
                 _set
                                 000f4aea
                 _rx_data
                                 000f4aec
                 _data_f
                                 000f4af8
                 _data_f_test
                                 000f4afc
                 _g_control_buffer_f
                                 000f4b00 0012(0000567d:.textf)
                                          0012(00005681:.textf)
                                          0012(00005685:.textf)
                                          0012(00005689:.textf)
                                          0012(00005694:.textf)
                 _g_control_buffer_u32
                                 000f4b06 0012(000056a5:.textf)
                                          0012(000056a9:.textf)
                                          0012(000056ad:.textf)
                                          0012(000056b1:.textf)
                                          0012(000056bc:.textf)
                 _g_control_buffer_i32
                                 000f4b0c 0012(000056ce:.textf)
                                          0012(000056d2:.textf)
                                          0012(000056e8:.textf)
                                          0012(000056ed:.textf)
                                          0012(000056f3:.textf)
                 _handsensor_status
                                 000f4b12
                 _g_handsensor_status
                                 000f4b13 0030(0000672a:.textf)
                                          0030(00006731:.textf)
                                          0030(0000673a:.textf)
                 _g_crc
                                 000f4b15 0030(000069fb:.textf)
                                          0030(00006a07:.textf)
                 _g_crc_32
                                 000f4b1e
                 _rx_count
                                 000f4b3e 0008(00004319:.textf)
                 _io_testsize
                                 000f4b3f 0030(00006798:.textf)
     SECTION=.dataR
                 _g_adc_ch
                                 000f4bf0
                 _led_st
                                 000f4bf2 0030(000069e4:.textf)
                                          0030(000069ec:.textf)
                 _send_data
                                 000f4bf3
                 _this_size
                                 000f4bf5
                 _this_size_2
                                 000f4bf6
                 _send_buf
                                 000f4bf7
                 _data_crc
                                 000f4bfe
                 _dac_out
                                 000f4c06
     SECTION=.const
     SECTION=.data
0031 r_systeminit
     SECTION=.textf
                 _R_Systeminit
                                 00006a67 0031(00006a9d:.textf)
                 _hdwinit
                                 00006a99 0001(000001ac:.text)
0032 usr_timer
     SECTION=.textf
                 _delay_ms
                                 00006a9e 0030(00006750:.textf)
                                          0032(00006b12:.textf)
                 _delay
                                 00006b06
                 _ns_delay_ms
                                 00006b1e 0006(00003912:.textf)
                                          0006(000039b8:.textf)
                                          0006(00003a60:.textf)
                                          0006(00003b5c:.textf)
                                          0006(00003ca4:.textf)
                                          0006(00003dad:.textf)
                                          0006(00003e1d:.textf)
                                          0006(00003ed0:.textf)
                                          0007(00003fae:.textf)
                                          0008(0000419e:.textf)
                                          0008(000041b6:.textf)
                                          0008(000041dd:.textf)
                                          0008(0000423a:.textf)
                                          0008(00004499:.textf)
                                          0008(0000450b:.textf)
                                          0008(00004563:.textf)
                                          0008(000045c1:.textf)
                                          0008(00004640:.textf)
                                          0008(00004671:.textf)
                                          0008(00004754:.textf)
                                          0008(00004782:.textf)
                                          0008(00004797:.textf)
                                          0008(000047c9:.textf)
                                          0008(00004818:.textf)
                                          0008(000048f4:.textf)
                                          0009(00004c91:.textf)
                                          0009(00004cda:.textf)
                                          0009(00004d23:.textf)
                                          0009(00004d89:.textf)
                                          0009(00004dc9:.textf)
                                          0009(00004e00:.textf)
                                          0009(00004e49:.textf)
                                          0009(00004e92:.textf)
                                          0009(00004ef8:.textf)
                                          0009(00004f38:.textf)
                                          0009(00004f81:.textf)
                                          0009(0000507f:.textf)
                                          0010(0000512f:.textf)
                                          0010(0000515a:.textf)
                                          0010(00005215:.textf)
                                          0010(00005224:.textf)
                                          0010(0000526e:.textf)
                                          0010(00005286:.textf)
                                          0010(000052a7:.textf)
                                          0010(000052dd:.textf)
                                          0010(000052fd:.textf)
                                          0010(00005326:.textf)
                                          0010(0000538b:.textf)
                                          0010(000053b1:.textf)
                                          0010(000053db:.textf)
                                          0010(0000540c:.textf)
                                          0010(00005431:.textf)
                                          0010(00005493:.textf)
                                          0010(000054b7:.textf)
                                          0010(000054e1:.textf)
                                          0010(00005512:.textf)
                                          0010(00005537:.textf)
                                          0011(0000559c:.textf)
                                          0012(00005649:.textf)
                                          0012(0000565d:.textf)
                                          0012(00005732:.textf)
                                          0030(00006722:.textf)
                                          0030(000068cc:.textf)
                                          0030(00006966:.textf)
                                          0030(000069a4:.textf)
                                          0030(000069d0:.textf)
                                          0030(000069dc:.textf)
                 _mTask
                                 00006b8a
0033 __fpclassifyf
     SECTION=.SLIB
                 ___fpclassifyf
                                 000009b5 0030(000067a2:.textf)
0034 memcpy
     SECTION=.RLIB
                 _memcpy
                                 000004ba 0012(000059da:.textf)
                                          0012(00005a6d:.textf)
                                          0030(000067b8:.textf)
                                          0030(000067c5:.textf)
                                          0030(000068fa:.textf)
                                          0030(0000693a:.textf)
0035 _COM_faddsub
     SECTION=.RLIB
                 __COM_fsub
                                 00000527
                 __COM_fadd
                                 0000052f 0009(00004fa6:.textf)
                                          0009(00005056:.textf)
0036 _COM_fdiv
     SECTION=.RLIB
                 __COM_fdiv
                                 00000665 0009(00004feb:.textf)
                                          0009(00005006:.textf)
                                          0009(000050b5:.textf)
                                          0009(000050d1:.textf)
                                          0012(00005b01:.textf)
                                          0012(00005b2c:.textf)
                                          0030(00006815:.textf)
                                          0030(00006840:.textf)
0037 _COM_fge
     SECTION=.RLIB
                 __COM_fge
                                 00000734 0006(000039ce:.textf)
                                          0006(00003a76:.textf)
0038 _COM_fgt
     SECTION=.RLIB
                 __COM_fgt
                                 0000074a 0006(00003b29:.textf)
                                          0006(00003bff:.textf)
                                          0006(00003d20:.textf)
                                          0008(00004597:.textf)
                                          0012(00005adc:.textf)
0039 _COM_fle
     SECTION=.RLIB
                 __COM_fle
                                 00000760 0012(00005aa8:.textf)
0040 _COM_flt
     SECTION=.RLIB
                 __COM_flt
                                 00000776 0006(000038df:.textf)
                                          0006(00003985:.textf)
                                          0006(00003a2d:.textf)
                                          0006(00003c3c:.textf)
                                          0006(00003c85:.textf)
                                          0006(00003d0a:.textf)
                                          0006(00003d7a:.textf)
                                          0008(00004581:.textf)
0041 _COM_fmul
     SECTION=.RLIB
                 __COM_fmul
                                 000007d7 0009(00004fcf:.textf)
                                          0009(00004fdd:.textf)
                                          0009(00005099:.textf)
                                          0009(000050a7:.textf)
                                          0012(00005b0f:.textf)
                                          0012(00005b3a:.textf)
                                          0013(00005b75:.textf)
                                          0013(00005b83:.textf)
                                          0013(00005bae:.textf)
                                          0013(00005bbc:.textf)
                                          0030(00006823:.textf)
                                          0030(0000684e:.textf)
0042 _COM_ftoul
     SECTION=.RLIB
                 __COM_ftoul
                                 00000879 0012(00005b15:.textf)
                                          0012(00005b40:.textf)
                                          0030(00006829:.textf)
                                          0030(00006854:.textf)
0043 _COM_funordered
     SECTION=.RLIB
                 __COM_funordered
                                 00000885 0006(000038cc:.textf)
                                          0006(00003972:.textf)
                                          0006(00003a1a:.textf)
                                          0006(00003b16:.textf)
                                          0006(00003bec:.textf)
                                          0006(00003c29:.textf)
                                          0006(00003c72:.textf)
                                          0006(00003d65:.textf)
                                          0012(00005a93:.textf)
0044 _COM_ultof
     SECTION=.RLIB
                 __COM_ultof
                                 00000890 0009(00004ffb:.textf)
                                          0009(000050c6:.textf)
                                          0013(00005b69:.textf)
                                          0013(00005ba2:.textf)
0045 _REL_fcmp
     SECTION=.RLIB
                 __REL_fcmp
                                 00000896 0037(0000073e:.RLIB)
                                          0038(00000754:.RLIB)
                                          0039(0000076a:.RLIB)
                                          0040(00000780:.RLIB)
0046 _REL_fordered_core
     SECTION=.RLIB
                 __REL_fordered_core
                                 000008ce 0037(00000737:.RLIB)
                                          0038(0000074d:.RLIB)
                                          0039(00000763:.RLIB)
                                          0040(00000779:.RLIB)
                                          0043(00000888:.RLIB)
0047 _REL_ftol
     SECTION=.RLIB
                 __REL_ftol
                                 000008ea 0042(0000087f:.RLIB)
0048 _REL_f_inf
     SECTION=.RLIB
                 __REL_f_inf
                                 0000091f 0035(000005be:.RLIB)
                                          0036(0000064f:.RLIB)
                                          0036(000006ef:.RLIB)
                                          0041(000007a9:.RLIB)
                                          0041(0000084c:.RLIB)
0049 _REL_f_norm
     SECTION=.RLIB
                 __REL_f_norm
                                 00000927 0036(00000630:.RLIB)
                                          0036(0000065b:.RLIB)
                                          0041(000007ca:.RLIB)
0050 _REL_f_round
     SECTION=.RLIB
                 __REL_f_round
                                 00000937 0035(000005cb:.RLIB)
                                          0035(00000603:.RLIB)
                                          0036(00000731:.RLIB)
                                          0041(00000859:.RLIB)
0051 _REL_ltof
     SECTION=.RLIB
                 __REL_ltof
                                 0000094a 0044(00000893:.RLIB)
0052 _COM_lshr
     SECTION=.RLIB
                 __COM_lshr
                                 0000099e 0047(00000916:.RLIB)
0053 rlink_generates_01
     SECTION=.option_byte
0054 rlink_generates_02
     SECTION=.monitor1
     SECTION=.monitor2
0055 rlink_generates_03
     SECTION=.security_id
0056 rlink_generates_04
     SECTION=.vect
0057 rlink_generates_05
     SECTION=
                 __s.vect
                                 00000000
                 __s.constf
                                 00000080
                 __e.constf
                                 00000080
                 __s.sdata
                                 00000080
                 __e.sdata
                                 00000080
                 __e.vect
                                 00000080
                 __s.option_byte
                                 000000c0
                 __e.option_byte
                                 000000c4
                 __s.security_id
                                 000000c4
                 __s.monitor1
                                 000000ce
                 __e.security_id
                                 000000ce
                 __s.data
                                 000000d8
                 __e.monitor1
                                 000000d8
                 __s.text
                                 000001a0
                 __e.data
                                 000001a0
                 __e.text
                                 000004ba
                 __s.RLIB
                                 000004ba
                 __e.RLIB
                                 000009b5
                 __s.SLIB
                                 000009b5
                 __e.SLIB
                                 000009d1
                 __s.const
                                 00003000
                 __s.textf
                                 00003510
                 __e.const
                                 00003510
                 __e.textf
                                 00006bce
                 __s.monitor2
                                 0007fe00
                 __e.monitor2
                                 00080000
                 __RAM_ADDR_START
                                 000f3f00
                 __s.bss
                                 000f4700
                 __e.bss
                                 000f4b40
                 __s.dataR
                                 000f4b40
                 __e.dataR
                                 000f4c08
                 __STACK_ADDR_END
                                 000f4c08 0001(000001a5:.text)
                 __s.sbss
                                 000ffe20
                 __e.sbss
                                 000ffe20
                 __s.sdataR
                                 000ffe20
                 __e.sdataR
                                 000ffe20
                 __STACK_ADDR_START
                                 000ffe20 0001(000001a2:.text)
                 __RAM_ADDR_END
                                 000ffee0
