Renesas Optimizing Linker (W3.03.00 )             12-Jan-2022 13:56:02

*** Options ***

-subcommand=LinkerControlPCB_HWM.tmp
-MAKEUD=D:\Chieniwa\E2_Studio\ControlPCB_HWM\HardwareDebug/ControlPCB_HWM_l.ud
-device="D:/Chieniwa/E2_Studio/.eclipse/com.renesas.platform_1435879475/DebugComp/RL78/RL78/Common/DR5F104ML.DVF"
-list="ControlPCB_HWM.map"
-show=all
-nooptimize
-entry=_start
-auto_section_layout
-security_id=00000000000000000000
-debug_monitor=7FE00-7FFFF
-user_opt_byte=FFFFF8
-ocdbg=84
-ocdtr
-input=".\generate\cstart.obj"
-input=".\generate\stkinit.obj"
-input=".\src\EEPROM.obj"
-input=".\src\crc32.obj"
-input=".\src\crc8.obj"
-input=".\src/hwm\error_check.obj"
-input=".\src/hwm\hand_sensor_interface.obj"
-input=".\src/hwm\io_control.obj"
-input=".\src/hwm\main.obj"
-input=".\src/hwm\normal_operation.obj"
-input=".\src/hwm\operation.obj"
-input=".\src/hwm\raspberry_pi_interface.obj"
-input=".\src\interrupt_handle.obj"
-input=".\src\r_cg_adc.obj"
-input=".\src\r_cg_adc_user.obj"
-input=".\src\r_cg_cgc.obj"
-input=".\src\r_cg_cgc_user.obj"
-input=".\src\r_cg_dac.obj"
-input=".\src\r_cg_dac_user.obj"
-input=".\src\r_cg_port.obj"
-input=".\src\r_cg_port_user.obj"
-input=".\src\r_cg_rtc.obj"
-input=".\src\r_cg_rtc_user.obj"
-input=".\src\r_cg_serial.obj"
-input=".\src\r_cg_serial_user.obj"
-input=".\src\r_cg_timer.obj"
-input=".\src\r_cg_timer_user.obj"
-input=".\src\r_cg_wdt.obj"
-input=".\src\r_cg_wdt_user.obj"
-input=".\src\r_main.obj"
-input=".\src\r_systeminit.obj"
-input=".\src\usr_timer.obj"
-library="C:\Program Files (x86)\Renesas Electronics\CS+\CC\CC-RL\V1.10.00\lib\rl78em4s99.lib"
-library="C:\Program Files (x86)\Renesas Electronics\CS+\CC\CC-RL\V1.10.00\lib\rl78em4r.lib"
-library="C:\Program Files (x86)\Renesas Electronics\CS+\CC\CC-RL\V1.10.00\lib\malloc_n.lib"
-output="ControlPCB_HWM.abs"
-debug
-nocompress
-rom=.data=.dataR,.sdata=.sdataR
-nomessage
-nologo

*** Error information ***

*** Mapping List ***

SECTION                            START      END         SIZE   ALIGN
.vect
                                  00000000  0000007f        80   0
.constf
                                  00000080  00000080         0   2
.sdata
                                  00000080  00000080         0   2
.option_byte
                                  000000c0  000000c3         4   1
.security_id
                                  000000c4  000000cd         a   1
.SLIB
                                  000000c4  000000c4         0   1
.monitor1
                                  000000ce  000000d7         a   1
.data
                                  000000d8  0000018d        b6   2
.text
                                  0000018e  000004a7       31a   1
.RLIB
                                  000004a8  00000940       499   1
.const
                                  00003000  0000350f       510   2
.textf
                                  00003510  000065a9      309a   1
.monitor2
                                  0007fe00  0007ffff       200   1
.bss
                                  000f4700  000f4af2       3f3   2
.dataR
                                  000f4af4  000f4ba9        b6   2
.sbss
                                  000ffe20  000ffe20         0   2
.sdataR
                                  000ffe20  000ffe20         0   2

*** Total Section Size ***

RAMDATA SECTION:  000004a9 Byte(s)
ROMDATA SECTION:  0000085e Byte(s)
PROGRAM SECTION:  0000384d Byte(s)

*** Symbol List ***

SECTION=
FILE=                               START        END    SIZE
  SYMBOL                            ADDR        SIZE    INFO      COUNTS  OPT
    STRUCT                                      SIZE
      MEMBER                        ADDR        SIZE    INFO

SECTION=.vect
FILE=rlink_generates_04
                                  00000000  0000007f        80

SECTION=.option_byte
FILE=rlink_generates_01
                                  000000c0  000000c3         4

SECTION=.security_id
FILE=rlink_generates_03
                                  000000c4  000000cd         a

SECTION=.monitor1
FILE=rlink_generates_02
                                  000000ce  000000d7         a

SECTION=.data
FILE=.\src\hwm\io_control.obj
                                  000000d8  000000d8         1
FILE=.\src\hwm\main.obj
                                  000000da  0000016f        96
FILE=.\src\hwm\raspberry_pi_interface.obj
                                  00000170  00000175         6
FILE=.\src\r_main.obj
                                  00000176  0000018d        18

SECTION=.text
FILE=.\generate\cstart.obj
                                  0000018e  000001e7        5a
  _start
                                  0000018e         0   entry,g         0
  _exit
                                  000001e6         0   none ,g         1
FILE=.\src\r_cg_adc_user.obj
                                  000001e8  00000201        1a
  _r_adc_interrupt@1
                                  000001e8        1a   func ,l         0
FILE=.\src\r_cg_serial_user.obj
                                  00000202  0000047f       27e
  _r_uart1_interrupt_receive@1
                                  00000202        5f   func ,l         0
  _r_uart1_interrupt_send@1
                                  00000261        31   func ,l         0
  _r_csi00_interrupt@1
                                  00000292        49   func ,l         0
  _r_csi01_interrupt@1
                                  000002db        85   func ,l         0
  _r_uart2_interrupt_receive@1
                                  00000360        5f   func ,l         0
  _r_uart2_interrupt_send@1
                                  000003bf        31   func ,l         0
  _r_uart3_interrupt_receive@1
                                  000003f0        5f   func ,l         0
  _r_uart3_interrupt_send@1
                                  0000044f        31   func ,l         0
FILE=.\src\r_cg_timer_user.obj
                                  00000480  000004a5        26
  _r_tau0_channel0_interrupt@1
                                  00000480        1c   func ,l         0
  _r_tau0_channel1_interrupt@1
                                  0000049c         5   func ,l         0
  _r_tau0_channel2_interrupt@1
                                  000004a1         5   func ,l         0
FILE=.\src\r_cg_wdt_user.obj
                                  000004a6  000004a7         2
  _r_wdt_interrupt@1
                                  000004a6         2   func ,l         0

SECTION=.RLIB
FILE=memcpy
                                  000004a8  000004b8        11
  _memcpy
                                  000004a8         0   none ,g         6
FILE=_COM_faddsub
                                  000004b9  000005f3       13b
  __COM_fsub
                                  00000515         0   none ,g         0
  __COM_fadd
                                  0000051d         0   none ,g         2
FILE=_COM_fdiv
                                  000005f4  00000721       12e
  __COM_fdiv
                                  00000653         0   none ,g         4
FILE=_COM_fge
                                  00000722  00000737        16
  __COM_fge
                                  00000722         0   none ,g         3
FILE=_COM_fgt
                                  00000738  0000074d        16
  __COM_fgt
                                  00000738         0   none ,g         5
FILE=_COM_fle
                                  0000074e  00000763        16
  __COM_fle
                                  0000074e         0   none ,g         1
FILE=_COM_flt
                                  00000764  00000779        16
  __COM_flt
                                  00000764         0   none ,g         8
FILE=_COM_fmul
                                  0000077a  00000866        ed
  __COM_fmul
                                  000007c5         0   none ,g         8
FILE=_COM_funordered
                                  00000867  00000871         b
  __COM_funordered
                                  00000867         0   none ,g         a
FILE=_COM_ultof
                                  00000872  00000877         6
  __COM_ultof
                                  00000872         0   none ,g         4
FILE=_REL_fcmp
                                  00000878  000008af        38
  __REL_fcmp
                                  00000878         0   none ,g         4
FILE=_REL_fordered_core
                                  000008b0  000008cb        1c
  __REL_fordered_core
                                  000008b0         0   none ,g         5
FILE=_REL_f_inf
                                  000008cc  000008d3         8
  __REL_f_inf
                                  000008cc         0   none ,g         5
FILE=_REL_f_norm
                                  000008d4  000008e3        10
  __REL_f_norm
                                  000008d4         0   none ,g         3
FILE=_REL_f_round
                                  000008e4  000008f6        13
  __REL_f_round
                                  000008e4         0   none ,g         4
FILE=_REL_ltof
                                  000008f7  00000940        4a
  __REL_ltof
                                  000008f7         0   none ,g         1

SECTION=.const
FILE=.\src\EEPROM.obj
                                  00003000  00003001         2
FILE=.\src\crc32.obj
                                  00003002  00003401       400
  _crc32_table
                                  00003002       400   data ,g         2
FILE=.\src\crc8.obj
                                  00003402  00003501       100
  _crc_table@1
                                  00003402       100   data ,l         2
FILE=.\src\hwm\raspberry_pi_interface.obj
                                  00003502  00003505         4
  _time_setting_p
                                  00003502         2   data ,g         0
  _number_setting_p
                                  00003504         2   data ,g         0
FILE=.\src\r_main.obj
                                  00003506  0000350f         a

SECTION=.textf
FILE=.\generate\stkinit.obj
                                  00003510  00003553        44
  _stkinit
                                  00003510         0   none ,g         1
  LSTINIT1
                                  0000351e         0   none ,l         1
  LSTINIT2
                                  00003548         0   none ,l         2
  LSTINIT3
                                  00003553         0   none ,l         2
FILE=.\src\EEPROM.obj
                                  00003554  000037b2       25f
  _EEPROM_Init
                                  00003554        2b   func ,g         1
  _rEE_Status
                                  0000357f        1b   func ,g         6
  _sEE_WriteEnable
                                  0000359a        12   func ,g         3
  _sEE_WriteDisable
                                  000035ac        12   func ,g         0
  _EE_SPI_Write
                                  000035be        df   func ,g         2
  _EE_SPI_Read
                                  0000369d        b7   func ,g         2
  _sEE_Block
                                  00003754        11   func ,g         0
  _sEE_SendInstruction
                                  00003765         3   func ,g         0
  _sEE_SendReceiveInstruction
                                  00003768         4   func ,g         0
  _EE_TransmitData
                                  0000376c        2c   func ,g         a
  _sEE_WriteStatusRegister
                                  00003798        1b   func ,g         2
FILE=.\src\crc32.obj
                                  000037b3  00003851        9f
  _xcrc32
                                  000037b3        4e   func ,g         0
  _CRC32
                                  00003801        51   func ,g         0
FILE=.\src\crc8.obj
                                  00003852  000038b1        60
  _crc8_4
                                  00003852        43   func ,g         1
  _crc8_1
                                  00003895        1d   func ,g         6
FILE=.\src\hwm\error_check.obj
                                  000038b2  00003fa9       6f8
  _Voltage1Check_waitReset
                                  000038b2        a6   func ,g         1
  _Voltage2Check_nostop
                                  00003958        a8   func ,g         1
  _Voltage3Check_waitReset
                                  00003a00        c7   func ,g         1
  _LowVoltageCheck_waitReset
                                  00003ac7        e7   func ,g         1
  _OverCurrentCheck_waitReset
                                  00003bae       1ae   func ,g         1
  _FlowSensorCheck_nonstop
                                  00003d5c        4b   func ,g         1
  _solenoidCheck_nonstop
                                  00003da7        92   func ,g         0
  _saltWaterTankFullCheck_nonstop
                                  00003e39        6e   func ,g         0
  _saltWaterTankEmptyCheck
                                  00003ea7        2e   func ,g         0
  _acidSkipErrorCheck_nonstop
                                  00003ed5        2c   func ,g         0
  _alkalineSkipErrorCheck
                                  00003f01        2c   func ,g         0
  _waterFullErrorCheck
                                  00003f2d        3f   func ,g         0
  _filterReplacementErrorCheck
                                  00003f6c        3e   func ,g         1
FILE=.\src\hwm\hand_sensor_interface.obj
                                  00003faa  00003ff7        4e
  _handSensorLED
                                  00003faa        30   func ,g         f
  _handSensorLEDBlink
                                  00003fda        1e   func ,g         2
FILE=.\src\hwm\io_control.obj
                                  00003ff8  000043ed       3f6
  _isAcidTankFull
                                  00003ff8        49   func ,g         5
  _isAcidTankAlmostFull
                                  00004041        49   func ,g         0
  _isAcidTankHasSomething
                                  0000408a        48   func ,g         1
  _isAcidTankEmpty
                                  000040d2        48   func ,g         3
  _isAlkalineTankFull
                                  0000411a        49   func ,g         5
  _isAlkalineTankAlmostFull
                                  00004163        49   func ,g         0
  _isAlkalineTankHasSomething_nonstop
                                  000041ac        48   func ,g         1
  _isAlkalineTankEmpty_nonstop
                                  000041f4        48   func ,g         3
  _measureFlowSensor
                                  0000423c        ce   func ,g         1
  _measureFlowSensor_nostop
                                  0000430a        e4   func ,g         3
FILE=.\src\hwm\main.obj
                                  000043ee  00004f62       b75
  _setting_default
                                  000043ee        a8   func ,g         0
  _sendRS485
                                  00004496        3f   func ,g         3
  _sendR485_7byte
                                  000044d5        57   func ,g         2
  _isThisCommand
                                  0000452c        3e   func ,g         2
  _DrainageAcidAndAlkalineTankStart_nostop
                                  0000456a        32   func ,g         2
  _WaterSupplyStart_nostop
                                  0000459c        e5   func ,g         1
  _ElectrolyticOperation_nostop
                                  00004681        e3   func ,g         3
  _acidWaterTankSkipCheck
                                  00004764        3c   func ,g         0
  _alkalineWaterTankSkipCheck
                                  000047a0        40   func ,g         0
  _FilterReplacementCheck
                                  000047e0         2   func ,g         0
  _main_init_20211111
                                  000047e2        81   func ,g         0
  _userAuthHandler_nostop
                                  00004863        26   func ,g         1
  _ElectrolyzeWaterGeneration_nostop
                                  00004889        88   func ,g         1
  _isSV1andSV2Off8h
                                  00004911        4e   func ,g         1
  _CallanCleaningMode_nostop
                                  0000495f        6b   func ,g         1
  _DrainageMode_nostop
                                  000049ca        f1   func ,g         1
  _NormalMode_nostop
                                  00004abb        53   func ,g         1
  _TestPowerOn_nostop_keepstate
                                  00004b0e        d7   func ,g         1
  _FlowRateAdjustmentMode_nostop_keepstate
                                  00004be5        7d   func ,g         1
  _CurrentAdjustmentMode_nostop_keepstate
                                  00004c62        4f   func ,g         1
  _ElectrolyteAdjustmentOperation
                                  00004cb1        57   func ,g         1
  _TestOperation_nostop
                                  00004d08        45   func ,g         0
  _NeutralizationTreatment
                                  00004d4d        6c   func ,g         0
  _main_loop_20211111
                                  00004db9        16   func ,g         1
  _realTimeResponse
                                  00004dcf        6e   func ,g         4
  _UpdateMachineStatus
                                  00004e3d       126   func ,g         5
FILE=.\src\hwm\normal_operation.obj
                                  00004f63  000052d3       371
  _WaterWashingMode_nostop
                                  00004f63        6f   func ,g         1
  _HandWashingMode_nostop
                                  00004fd2       1a5   func ,g         1
  _AcidWaterMode_nostop
                                  00005177        ac   func ,g         1
  _AlkalineWaterMode_nostop
                                  00005223        b1   func ,g         1
FILE=.\src\hwm\operation.obj
                                  000052d4  000053a6        d3
  _electrolyticOperationON
                                  000052d4        2a   func ,g         4
  _isElectrolyticOperationOFF_nostop
                                  000052fe        a5   func ,g         1
  _TestModeOperation
                                  000053a3         4   func ,g         0
FILE=.\src\hwm\raspberry_pi_interface.obj
                                  000053a7  0000564d       2a7
  _RaspberryResponse_nostop
                                  000053a7       20b   func ,g         2
  _sendToRasPi_f
                                  000055b2        28   func ,g        1c
  _sendToRasPi_u32
                                  000055da        28   func ,g         4
  _waitAlarmConfirm_stop
                                  00005602        3c   func ,g         5
  _waitAlarmConfirm_nonstop
                                  0000563e         c   func ,g         0
  _resetAlarm
                                  0000564a         4   func ,g         5
FILE=.\src\interrupt_handle.obj
                                  0000564e  000056c9        7c
  _adc_int_handle
                                  0000564e        7c   func ,g         1
FILE=.\src\r_cg_adc.obj
                                  000056ca  0000572b        62
  _R_ADC_Create
                                  000056ca        33   func ,g         2
  _R_ADC_Start
                                  000056fd         a   func ,g         2
  _R_ADC_Stop
                                  00005707         a   func ,g         0
  _R_ADC_Set_OperationOn
                                  00005711         4   func ,g         1
  _R_ADC_Set_OperationOff
                                  00005715         4   func ,g         0
  _R_ADC_Get_Result
                                  00005719         7   func ,g         2
  _R_ADC_Set_ADChannel
                                  00005720         c   func ,g         0
FILE=.\src\r_cg_cgc.obj
                                  0000572c  00005741        16
  _R_CGC_Create
                                  0000572c        16   func ,g         1
FILE=.\src\r_cg_cgc_user.obj
                                  00005742  00005744         3
  _R_CGC_Get_ResetSource
                                  00005742         3   func ,g         1
FILE=.\src\r_cg_dac.obj
                                  00005745  00005777        33
  _R_DAC_Create
                                  00005745        1d   func ,g         2
  _R_DAC0_Start
                                  00005762         4   func ,g         1
  _R_DAC0_Stop
                                  00005766         4   func ,g         0
  _R_DAC0_Set_ConversionValue
                                  0000576a         3   func ,g         2
  _R_DAC1_Start
                                  0000576d         4   func ,g         1
  _R_DAC1_Stop
                                  00005771         4   func ,g         0
  _R_DAC1_Set_ConversionValue
                                  00005775         3   func ,g         2
FILE=.\src\r_cg_port.obj
                                  00005778  000057bf        48
  _R_PORT_Create
                                  00005778        48   func ,g         1
FILE=.\src\r_cg_port_user.obj
                                  000057c0  000057c0         1
  _R_PORT_Create_UserInit
                                  000057c0         1   func ,g         1
FILE=.\src\r_cg_rtc.obj
                                  000057c1  000058fe       13e
  _R_RTC_Create
                                  000057c1        27   func ,g         2
  _R_RTC_Start
                                  000057e8         4   func ,g         0
  _R_RTC_Stop
                                  000057ec         4   func ,g         0
  _R_RTC_Get_CounterValue
                                  000057f0        51   func ,g         0
  _R_RTC_Set_CounterValue
                                  00005841        be   func ,g         0
FILE=.\src\r_cg_serial.obj
                                  000058ff  00005df1       4f3
  _R_CSI01_Receive
                                  000058ff        1a   func ,g         0
  _R_CSI01_Send
                                  00005919        26   func ,g         0
  _R_SAU0_Create
                                  0000593f        17   func ,g         2
  _R_UART1_Create
                                  00005956        7e   func ,g         2
  _R_UART1_Start
                                  000059d4        26   func ,g         1
  _R_UART1_Stop
                                  000059fa        1e   func ,g         0
  _R_UART1_Receive
                                  00005a18        18   func ,g         0
  _R_UART1_Send
                                  00005a30        29   func ,g         0
  _R_CSI00_Create
                                  00005a59        53   func ,g         2
  _R_CSI00_Start
                                  00005aac        26   func ,g         1
  _R_CSI00_Stop
                                  00005ad2        18   func ,g         0
  _R_CSI00_Send
                                  00005aea        28   func ,g         0
  _R_CSI01_Create
                                  00005b12        5a   func ,g         3
  _R_CSI01_Start
                                  00005b6c        26   func ,g         1
  _R_CSI01_Stop
                                  00005b92        18   func ,g         1
  _R_CSI01_Send_Receive
                                  00005baa        36   func ,g         1
  _R_SAU1_Create
                                  00005be0        14   func ,g         2
  _R_UART2_Create
                                  00005bf4        7e   func ,g         2
  _R_UART2_Start
                                  00005c72        26   func ,g         2
  _R_UART2_Stop
                                  00005c98        1e   func ,g         1
  _R_UART2_Receive
                                  00005cb6        18   func ,g         6
  _R_UART2_Send
                                  00005cce        29   func ,g         6
  _R_UART3_Create
                                  00005cf7        76   func ,g         2
  _R_UART3_Start
                                  00005d6d        26   func ,g         2
  _R_UART3_Stop
                                  00005d93        1e   func ,g         1
  _R_UART3_Receive
                                  00005db1        18   func ,g         3
  _R_UART3_Send
                                  00005dc9        29   func ,g         2
FILE=.\src\r_cg_serial_user.obj
                                  00005df2  00006010       21f
  _isCommandNeedResponse
                                  00005df2        24   func ,g         1
  _r_uart1_callback_receiveend@1
                                  00005e16         1   func ,l         1
  _r_uart1_callback_softwareoverrun@1
                                  00005e17         1   func ,l         1
  _r_uart1_callback_sendend@1
                                  00005e18         1   func ,l         1
  _r_uart1_callback_error@1
                                  00005e19         1   func ,l         1
  _r_csi00_callback_sendend@1
                                  00005e1a         1   func ,l         1
  _r_csi01_callback_receiveend@1
                                  00005e1b         7   func ,l         1
  _r_csi01_callback_error@1
                                  00005e22         1   func ,l         1
  _r_csi01_callback_sendend@1
                                  00005e23         4   func ,l         1
  _r_uart2_callback_receiveend@1
                                  00005e27       192   func ,l         1
  _r_uart2_callback_softwareoverrun@1
                                  00005fb9         1   func ,l         1
  _r_uart2_callback_sendend@1
                                  00005fba         4   func ,l         1
  _r_uart2_callback_error@1
                                  00005fbe         1   func ,l         1
  _r_uart3_callback_receiveend@1
                                  00005fbf        49   func ,l         1
  _r_uart3_callback_softwareoverrun@1
                                  00006008         1   func ,l         1
  _r_uart3_callback_sendend@1
                                  00006009         7   func ,l         1
  _r_uart3_callback_error@1
                                  00006010         1   func ,l         1
FILE=.\src\r_cg_timer.obj
                                  00006011  0000611d       10d
  _R_TAU0_Create
                                  00006011        ad   func ,g         2
  _R_TAU0_Channel0_Start
                                  000060be        10   func ,g         1
  _R_TAU0_Channel0_Stop
                                  000060ce        10   func ,g         0
  _R_TAU0_Channel1_Start
                                  000060de        10   func ,g         0
  _R_TAU0_Channel1_Stop
                                  000060ee        10   func ,g         0
  _R_TAU0_Channel2_Start
                                  000060fe        10   func ,g         0
  _R_TAU0_Channel2_Stop
                                  0000610e        10   func ,g         0
FILE=.\src\r_cg_wdt.obj
                                  0000611e  00006132        15
  _R_WDT_Create
                                  0000611e        11   func ,g         1
  _R_WDT_Restart
                                  0000612f         4   func ,g         9
FILE=.\src\r_main.obj
                                  00006133  00006440       30e
  _nostop_checkHandSensor
                                  00006133        31   func ,g         0
  _readHS
                                  00006164        15   func ,g         0
  _main
                                  00006179       267   func ,g         1
  _R_MAIN_UserInit
                                  000063e0        61   func ,g         1
FILE=.\src\r_systeminit.obj
                                  00006441  00006477        37
  _R_Systeminit
                                  00006441        32   func ,g         1
  _hdwinit
                                  00006473         5   func ,g         1
FILE=.\src\usr_timer.obj
                                  00006478  000065a9       132
  _delay_ms
                                  00006478        68   func ,g         3
  _delay
                                  000064e0        18   func ,g         0
  _ns_delay_ms
                                  000064f8        6c   func ,g        3e
  _non_block_delay
                                  00006564         2   func ,g         0
  _mTask
                                  00006566        44   func ,g         0

SECTION=.monitor2
FILE=rlink_generates_02
                                  0007fe00  0007ffff       200

SECTION=.bss
FILE=.\src\EEPROM.obj
                                  000f4700  000f4726        27
  _eeprom_status
                                  000f4700         1   data ,g         c
    union  EEPROM_status_u {
                                                   1
      _eeprom_status.refined
                                  000f4700         1
    struct  {
                                                   1
      _eeprom_status.refined.RB
                                  000f4700         1   unsigned char:1(7)
      _eeprom_status.refined.WEN
                                  000f4700         1   unsigned char:1(6)
      _eeprom_status.refined.BP
                                  000f4700         1   unsigned char:2(4)
      _eeprom_status.refined.RSVD
                                  000f4700         1   unsigned char:3(1)
      _eeprom_status.refined.WPEN
                                  000f4700         1   unsigned char:1(0)
    }
      _eeprom_status.raw
                                  000f4700         1   unsigned char
    }
  _spi_flag
                                  000f4702         2   data ,g         3
  _buf
                                  000f4704        23   data ,g        12
FILE=.\src\hwm\error_check.obj
                                  000f4728  000f4733         c
  _g_TimeKeeper@1
                                  000f4728         a   data ,l         5
    struct Tick_Keeper_s {
                                                   a
      _g_TimeKeeper@1.electrolyteOff_h
                                  000f4728         1   unsigned char
      _g_TimeKeeper@1.SV1SV2OnTime_s
                                  000f472a         2   unsigned short
      _g_TimeKeeper@1.SV1SV2OnTime_h
                                  000f472c         2   unsigned short
      _g_TimeKeeper@1.neutralization
                                  000f472e         4   unsigned long
    }
  _g_alarm
                                  000f4732         2   data ,g        17
    union  Alarm_Flag_u {
                                                   2
      _g_alarm.refined
                                  000f4732         2
    struct  {
                                                   2
      _g_alarm.refined.over_voltage_1
                                  000f4732         1   unsigned char:1(7)
      _g_alarm.refined.over_voltage_2
                                  000f4732         1   unsigned char:1(6)
      _g_alarm.refined.over_voltage_3
                                  000f4732         1   unsigned char:1(5)
      _g_alarm.refined.underVoltage
                                  000f4732         1   unsigned char:1(4)
      _g_alarm.refined.abnormal_flow
                                  000f4732         1   unsigned char:1(3)
      _g_alarm.refined.abnormal_current
                                  000f4732         1   unsigned char:1(2)
      _g_alarm.refined.over_curent
                                  000f4732         1   unsigned char:1(1)
      _g_alarm.refined.solenoid
                                  000f4732         1   unsigned char:1(0)
      _g_alarm.refined.salt_full
                                  000f4733         1   unsigned char:1(7)
      _g_alarm.refined.salt_empty
                                  000f4733         1   unsigned char:1(6)
      _g_alarm.refined.acid_skip
                                  000f4733         1   unsigned char:1(5)
      _g_alarm.refined.alkaline_skip
                                  000f4733         1   unsigned char:1(4)
      _g_alarm.refined.water_full
                                  000f4733         1   unsigned char:1(3)
      _g_alarm.refined.filter
                                  000f4733         1   unsigned char:1(2)
      _g_alarm.refined.cvcc
                                  000f4733         1   unsigned char:1(1)
    }
    }
FILE=.\src\hwm\io_control.obj
                                  000f4734  000f4737         4
  __flow_pulse
                                  000f4734         4   data ,g         8
FILE=.\src\hwm\main.obj
                                  000f4738  000f4934       1fd
  _g_TimeKeeper@1
                                  000f4738         a   data ,l         5
    struct Tick_Keeper_s {
                                                   a
      _g_TimeKeeper@1.electrolyteOff_h
                                  000f4738         1   unsigned char
      _g_TimeKeeper@1.SV1SV2OnTime_s
                                  000f473a         2   unsigned short
      _g_TimeKeeper@1.SV1SV2OnTime_h
                                  000f473c         2   unsigned short
      _g_TimeKeeper@1.neutralization
                                  000f473e         4   unsigned long
    }
  _g_numberSetting
                                  000f4742        26   data ,g        35
    struct Number_Setting_s {
                                                  26
      _g_numberSetting.upperVoltage1
                                  000f4742         4   float
      _g_numberSetting.upperVoltage2
                                  000f4746         4   float
      _g_numberSetting.upperVoltage3
                                  000f474a         4   float
      _g_numberSetting.lowerVoltage
                                  000f474e         4   float
      _g_numberSetting.upperCurrent
                                  000f4752         4   float
      _g_numberSetting.lowerCurrent
                                  000f4756         4   float
      _g_numberSetting.upperFlow
                                  000f475a         4   float
      _g_numberSetting.lowerFlow
                                  000f475e         4   float
      _g_numberSetting.cvccCurrent
                                  000f4762         4   float
      _g_numberSetting.crc
                                  000f4766         1   char
    }
  _g_neutralization_time_s
                                  000f4768         4   data ,g         8
  _g_color
                                  000f476c         1   data ,g         b
  _g_pre_color
                                  000f476d         1   data ,g         3
  _g_flow_value
                                  000f476e         4   data ,g         0
  _g_machine_state
                                  000f4772         f   data ,g        76
    struct Machine_State_u {
                                                   f
      _g_machine_state.akaline
                                  000f4772         1   unsigned char
      _g_machine_state.acid
                                  000f4773         1   unsigned char
      _g_machine_state.water
                                  000f4774         1   unsigned char
      _g_machine_state.handwash
                                  000f4775         1   unsigned char
      _g_machine_state.waterSupply
                                  000f4776         1   unsigned char
      _g_machine_state.flowSensor
                                  000f4777         1   unsigned char
      _g_machine_state.callan
                                  000f4778         1   unsigned char
      _g_machine_state.electrolyteOperation
                                  000f4779         1   unsigned char
      _g_machine_state.electrolyteOFF
                                  000f477a         1   unsigned char
      _g_machine_state.drainage
                                  000f477b         1   unsigned char
      _g_machine_state.isMidNight
                                  000f477c         1   unsigned char
      _g_machine_state.test
                                  000f477d         1   unsigned char
      _g_machine_state.neutrlization
                                  000f477e         1   unsigned char
      _g_machine_state.user
                                  000f477f         1   unsigned char
      _g_machine_state.mode
                                  000f4780         1   unsigned char
    }
  _g_io_status
                                  000f4782        12   data ,g        35
    union  IO_Status_u {
                                                  12
      _g_io_status.refined
                                  000f4782        12
    struct  {
                                                  12
      _g_io_status.refined.io
                                  000f4782         5
    struct IO_Struct {
                                                   5
      _g_io_status.refined.io.AlkalineEmptyLevel
                                  000f4782         1   unsigned char:1(7)
      _g_io_status.refined.io.AlkalineLowLevel
                                  000f4782         1   unsigned char:1(6)
      _g_io_status.refined.io.AlkalineHighLevel
                                  000f4782         1   unsigned char:1(5)
      _g_io_status.refined.io.AcidEmptyLevel
                                  000f4782         1   unsigned char:1(4)
      _g_io_status.refined.io.AcidLowLevel
                                  000f4782         1   unsigned char:1(3)
      _g_io_status.refined.io.AcidHighLevel
                                  000f4782         1   unsigned char:1(2)
      _g_io_status.refined.io.SaltLowLevel
                                  000f4782         1   unsigned char:1(1)
      _g_io_status.refined.io.SaltHighLevel
                                  000f4782         1   unsigned char:1(0)
      _g_io_status.refined.io.Valve
                                  000f4783         2
    struct  {
                                                   2
      _g_io_status.refined.io.Valve.SV1
                                  000f4783         1   unsigned char:1(7)
      _g_io_status.refined.io.Valve.SV2
                                  000f4783         1   unsigned char:1(6)
      _g_io_status.refined.io.Valve.SV3
                                  000f4783         1   unsigned char:1(5)
      _g_io_status.refined.io.Valve.SV4
                                  000f4783         1   unsigned char:1(4)
      _g_io_status.refined.io.Valve.SV5
                                  000f4783         1   unsigned char:1(3)
      _g_io_status.refined.io.Valve.SV6
                                  000f4783         1   unsigned char:1(2)
      _g_io_status.refined.io.Valve.SV7
                                  000f4783         1   unsigned char:1(1)
      _g_io_status.refined.io.Valve.SV8
                                  000f4783         1   unsigned char:1(0)
      _g_io_status.refined.io.Valve.SV9
                                  000f4784         1   unsigned char:1(7)
      _g_io_status.refined.io.Valve.RSVD
                                  000f4784         1   unsigned char:7(0)
    }
      _g_io_status.refined.io.Pump1
                                  000f4785         1   unsigned char:1(7)
      _g_io_status.refined.io.Pump2
                                  000f4785         1   unsigned char:1(6)
      _g_io_status.refined.io.SaltPump
                                  000f4785         1   unsigned char:1(5)
      _g_io_status.refined.io.RSVD1
                                  000f4785         1   unsigned char:4(1)
      _g_io_status.refined.io.MachineMode_RSVD
                                  000f4786         1   unsigned char
    }
      _g_io_status.refined.FlowValue
                                  000f4788         4   float
      _g_io_status.refined.CVCCVoltage
                                  000f478c         4   float
      _g_io_status.refined.CVCCCurrent
                                  000f4790         4   float
    }
    }
  _g_mean_io_status
                                  000f4794        12   data ,g        17
    union  IO_Status_u {
                                                  12
      _g_mean_io_status.refined
                                  000f4794        12
    struct  {
                                                  12
      _g_mean_io_status.refined.io
                                  000f4794         5
    struct IO_Struct {
                                                   5
      _g_mean_io_status.refined.io.AlkalineEmptyLevel
                                  000f4794         1   unsigned char:1(7)
      _g_mean_io_status.refined.io.AlkalineLowLevel
                                  000f4794         1   unsigned char:1(6)
      _g_mean_io_status.refined.io.AlkalineHighLevel
                                  000f4794         1   unsigned char:1(5)
      _g_mean_io_status.refined.io.AcidEmptyLevel
                                  000f4794         1   unsigned char:1(4)
      _g_mean_io_status.refined.io.AcidLowLevel
                                  000f4794         1   unsigned char:1(3)
      _g_mean_io_status.refined.io.AcidHighLevel
                                  000f4794         1   unsigned char:1(2)
      _g_mean_io_status.refined.io.SaltLowLevel
                                  000f4794         1   unsigned char:1(1)
      _g_mean_io_status.refined.io.SaltHighLevel
                                  000f4794         1   unsigned char:1(0)
      _g_mean_io_status.refined.io.Valve
                                  000f4795         2
    struct  {
                                                   2
      _g_mean_io_status.refined.io.Valve.SV1
                                  000f4795         1   unsigned char:1(7)
      _g_mean_io_status.refined.io.Valve.SV2
                                  000f4795         1   unsigned char:1(6)
      _g_mean_io_status.refined.io.Valve.SV3
                                  000f4795         1   unsigned char:1(5)
      _g_mean_io_status.refined.io.Valve.SV4
                                  000f4795         1   unsigned char:1(4)
      _g_mean_io_status.refined.io.Valve.SV5
                                  000f4795         1   unsigned char:1(3)
      _g_mean_io_status.refined.io.Valve.SV6
                                  000f4795         1   unsigned char:1(2)
      _g_mean_io_status.refined.io.Valve.SV7
                                  000f4795         1   unsigned char:1(1)
      _g_mean_io_status.refined.io.Valve.SV8
                                  000f4795         1   unsigned char:1(0)
      _g_mean_io_status.refined.io.Valve.SV9
                                  000f4796         1   unsigned char:1(7)
      _g_mean_io_status.refined.io.Valve.RSVD
                                  000f4796         1   unsigned char:7(0)
    }
      _g_mean_io_status.refined.io.Pump1
                                  000f4797         1   unsigned char:1(7)
      _g_mean_io_status.refined.io.Pump2
                                  000f4797         1   unsigned char:1(6)
      _g_mean_io_status.refined.io.SaltPump
                                  000f4797         1   unsigned char:1(5)
      _g_mean_io_status.refined.io.RSVD1
                                  000f4797         1   unsigned char:4(1)
      _g_mean_io_status.refined.io.MachineMode_RSVD
                                  000f4798         1   unsigned char
    }
      _g_mean_io_status.refined.FlowValue
                                  000f479a         4   float
      _g_mean_io_status.refined.CVCCVoltage
                                  000f479e         4   float
      _g_mean_io_status.refined.CVCCCurrent
                                  000f47a2         4   float
    }
    }
  _g_res_io_status
                                  000f47a6        12   data ,g         1
    union  IO_Status_u {
                                                  12
      _g_res_io_status.refined
                                  000f47a6        12
    struct  {
                                                  12
      _g_res_io_status.refined.io
                                  000f47a6         5
    struct IO_Struct {
                                                   5
      _g_res_io_status.refined.io.AlkalineEmptyLevel
                                  000f47a6         1   unsigned char:1(7)
      _g_res_io_status.refined.io.AlkalineLowLevel
                                  000f47a6         1   unsigned char:1(6)
      _g_res_io_status.refined.io.AlkalineHighLevel
                                  000f47a6         1   unsigned char:1(5)
      _g_res_io_status.refined.io.AcidEmptyLevel
                                  000f47a6         1   unsigned char:1(4)
      _g_res_io_status.refined.io.AcidLowLevel
                                  000f47a6         1   unsigned char:1(3)
      _g_res_io_status.refined.io.AcidHighLevel
                                  000f47a6         1   unsigned char:1(2)
      _g_res_io_status.refined.io.SaltLowLevel
                                  000f47a6         1   unsigned char:1(1)
      _g_res_io_status.refined.io.SaltHighLevel
                                  000f47a6         1   unsigned char:1(0)
      _g_res_io_status.refined.io.Valve
                                  000f47a7         2
    struct  {
                                                   2
      _g_res_io_status.refined.io.Valve.SV1
                                  000f47a7         1   unsigned char:1(7)
      _g_res_io_status.refined.io.Valve.SV2
                                  000f47a7         1   unsigned char:1(6)
      _g_res_io_status.refined.io.Valve.SV3
                                  000f47a7         1   unsigned char:1(5)
      _g_res_io_status.refined.io.Valve.SV4
                                  000f47a7         1   unsigned char:1(4)
      _g_res_io_status.refined.io.Valve.SV5
                                  000f47a7         1   unsigned char:1(3)
      _g_res_io_status.refined.io.Valve.SV6
                                  000f47a7         1   unsigned char:1(2)
      _g_res_io_status.refined.io.Valve.SV7
                                  000f47a7         1   unsigned char:1(1)
      _g_res_io_status.refined.io.Valve.SV8
                                  000f47a7         1   unsigned char:1(0)
      _g_res_io_status.refined.io.Valve.SV9
                                  000f47a8         1   unsigned char:1(7)
      _g_res_io_status.refined.io.Valve.RSVD
                                  000f47a8         1   unsigned char:7(0)
    }
      _g_res_io_status.refined.io.Pump1
                                  000f47a9         1   unsigned char:1(7)
      _g_res_io_status.refined.io.Pump2
                                  000f47a9         1   unsigned char:1(6)
      _g_res_io_status.refined.io.SaltPump
                                  000f47a9         1   unsigned char:1(5)
      _g_res_io_status.refined.io.RSVD1
                                  000f47a9         1   unsigned char:4(1)
      _g_res_io_status.refined.io.MachineMode_RSVD
                                  000f47aa         1   unsigned char
    }
      _g_res_io_status.refined.FlowValue
                                  000f47ac         4   float
      _g_res_io_status.refined.CVCCVoltage
                                  000f47b0         4   float
      _g_res_io_status.refined.CVCCCurrent
                                  000f47b4         4   float
    }
    }
  __settingTime
                                  000f47b8        96   data ,g         8
    struct Timer_Setting_s {
                                                  96
      __settingTime.t1_initialWaterDrainageOperation_s
                                  000f47b8         4   unsigned long
      __settingTime.t2_flowSensorStartTime_s
                                  000f47bc         4   unsigned long
      __settingTime.t3_flowSensorMonitorTime_s
                                  000f47c0         4   unsigned long
      __settingTime.t4_electrolysisOperationStart_s
                                  000f47c4         4   unsigned long
      __settingTime.t5_electrolysisStopDelay_s
                                  000f47c8         4   unsigned long
      __settingTime.t6_drainageOffTime_h
                                  000f47cc         4   unsigned long
      __settingTime.t7_powerOnPreparation_s
                                  000f47d0         4   unsigned long
      __settingTime.t8_flowRateAdjustmentRelease_s
                                  000f47d4         4   unsigned long
      __settingTime.t9_currentAdjustmentRelease_s
                                  000f47d8         4   unsigned long
      __settingTime.t10_electrolysisCurrentAlarmSpecified_s
                                  000f47dc         4   unsigned long
      __settingTime.t11_overVoltage1Time_s
                                  000f47e0         4   unsigned long
      __settingTime.t12_overVoltage2Time_s
                                  000f47e4         4   unsigned long
      __settingTime.t13_overVoltage3Time_s
                                  000f47e8         4   unsigned long
      __settingTime.t14_lowVoltageStartTime_s
                                  000f47ec         4   unsigned long
      __settingTime.t15_lowVoltageDelayTime_s
                                  000f47f0         4   unsigned long
      __settingTime.t16_currentMonitoringStart_s
                                  000f47f4         4   unsigned long
      __settingTime.t17_solenoidLeakageStartTime_s
                                  000f47f8         4   unsigned long
      __settingTime.t18_fullSaltWaterMonitoringStart_h
                                  000f47fc         4   unsigned long
      __settingTime.t19_waterFilterAlarm_h
                                  000f4800         4   unsigned long
      __settingTime.t20_waterFilterAlarmIgnore_h
                                  000f4804         4   unsigned long
      __settingTime.t26_onDelayEmptyLevel_s
                                  000f4808         4   unsigned long
      __settingTime.t27_onDelayLowLevel_s
                                  000f480c         4   unsigned long
      __settingTime.t28_onDelayHighLevel_s
                                  000f4810         4   unsigned long
      __settingTime.t30_offDelayEmptyLevel_s
                                  000f4814         4   unsigned long
      __settingTime.t31_saltLowLevelDelay_s
                                  000f4818         4   unsigned long
      __settingTime.t32_saltHighLevelDelay_s
                                  000f481c         4   unsigned long
      __settingTime.t51_alkalineWaterSpoutingTime_s
                                  000f4820         4   unsigned long
      __settingTime.t52_acidWaterSpoutingTime_s
                                  000f4824         4   unsigned long
      __settingTime.t53_washingWaterSpoutingTime_s
                                  000f4828         4   unsigned long
      __settingTime.t54_overLapTime_ms
                                  000f482c         4   unsigned long
      __settingTime.t55_waterDischargeDelay_s
                                  000f4830         4   unsigned long
      __settingTime.t56_acidWaterDownTime_s
                                  000f4834         4   unsigned long
      __settingTime.t59_alkalineWaterDownTime_s
                                  000f4838         4   unsigned long
      __settingTime.t61_curranCleaningIntervalTime_h
                                  000f483c         4   unsigned long
      __settingTime.t62_callanWashSpoutingTime_s
                                  000f4840         4   unsigned long
      __settingTime.t33_t63_neutralizationStartTime_h
                                  000f4844         4   unsigned long
      __settingTime.t34_t64_neutralizationOpenTime_s
                                  000f4848         4   unsigned long
      __settingTime.crc
                                  000f484c         1   char
    }
  __settingNumber
                                  000f484e        26   data ,g         8
    struct Number_Setting_s {
                                                  26
      __settingNumber.upperVoltage1
                                  000f484e         4   float
      __settingNumber.upperVoltage2
                                  000f4852         4   float
      __settingNumber.upperVoltage3
                                  000f4856         4   float
      __settingNumber.lowerVoltage
                                  000f485a         4   float
      __settingNumber.upperCurrent
                                  000f485e         4   float
      __settingNumber.lowerCurrent
                                  000f4862         4   float
      __settingNumber.upperFlow
                                  000f4866         4   float
      __settingNumber.lowerFlow
                                  000f486a         4   float
      __settingNumber.cvccCurrent
                                  000f486e         4   float
      __settingNumber.crc
                                  000f4872         1   char
    }
  _g_machine_mode
                                  000f4874         1   data ,g         4
  _g_machine_test_mode
                                  000f4875         1   data ,g         0
  _btod
                                  000f4876         4   data ,g         6
    union  BytesToDouble {
                                                   4
      _btod.refined
                                  000f4876         4
    struct  {
                                                   4
      _btod.refined.data
                                  000f4876         4   unsigned char
    }
      _btod.raw
                                  000f4876         4   unsigned long
    }
  _g_Tick
                                  000f487a        b4   data ,g        8e
    struct Tick_s {
                                                  b4
      _g_Tick.tick500ms
                                  000f487a         4   unsigned long
      _g_Tick.tick1s
                                  000f487e         4   unsigned long
      _g_Tick.tick5s
                                  000f4882         4   unsigned long
      _g_Tick.tickBlink
                                  000f4886         4   unsigned long
      _g_Tick.tickAlkaline
                                  000f488a         4   unsigned long
      _g_Tick.tickAcid
                                  000f488e         4   unsigned long
      _g_Tick.tickWater
                                  000f4892         4   unsigned long
      _g_Tick.tickHandWash
                                  000f4896         4   unsigned long
      _g_Tick.tickWaterSupply
                                  000f489a         4   unsigned long
      _g_Tick.tickFlowMeasurment
                                  000f489e         4   unsigned long
      _g_Tick.tickDebouceHandSensor
                                  000f48a2         4   unsigned long
      _g_Tick.tickVoltage1Check
                                  000f48a6         4   unsigned long
      _g_Tick.tickVoltage2Check
                                  000f48aa         4   unsigned long
      _g_Tick.tickVoltage3Check
                                  000f48ae         4   unsigned long
      _g_Tick.tickVoltageLowCheck
                                  000f48b2         4   unsigned long
      _g_Tick.tickCurrentCheck
                                  000f48b6         4   unsigned long
      _g_Tick.tickSolenoidCheck
                                  000f48ba         4   unsigned long
      _g_Tick.tickSaltFullCheck
                                  000f48be         4   unsigned long
      _g_Tick.tickSV1SV2
                                  000f48c2         4   unsigned long
      _g_Tick.tickElectrolyticOff
                                  000f48c6         4   unsigned long
      _g_Tick.tickWaterSoftenerPCB
                                  000f48ca         4   unsigned long
      _g_Tick.tickValvePCB
                                  000f48ce         4   unsigned long
      _g_Tick.tickRS485
                                  000f48d2         4   unsigned long
      _g_Tick.tickCallan
                                  000f48d6         4   unsigned long
      _g_Tick.tickDrainage
                                  000f48da         4   unsigned long
      _g_Tick.tickTestOperation
                                  000f48de         4   unsigned long
      _g_Tick.tickWaterFull
                                  000f48e2         4   unsigned long
      _g_Tick.tickAcidLevel
                                  000f48e6        10   unsigned long
      _g_Tick.tickAlkalineLevel
                                  000f48f6        10   unsigned long
      _g_Tick.tickHandSensor
                                  000f4906         8   unsigned long
      _g_Tick.tickCustom
                                  000f490e        20   unsigned long
    }
  _water_solfner_buf
                                  000f492e         7   data ,g         5
    struct UART3_Buffer_s {
                                                   7
      _water_solfner_buf.busy
                                  000f492e         1   unsigned char
      _water_solfner_buf.head
                                  000f492f         1   unsigned char
      _water_solfner_buf.set_number
                                  000f4930         1   unsigned char
      _water_solfner_buf.set_value
                                  000f4931         4   unsigned char
    }
FILE=.\src\hwm\operation.obj
                                  000f4936  000f493f         a
  _g_TimeKeeper@1
                                  000f4936         a   data ,l         9
    struct Tick_Keeper_s {
                                                   a
      _g_TimeKeeper@1.electrolyteOff_h
                                  000f4936         1   unsigned char
      _g_TimeKeeper@1.SV1SV2OnTime_s
                                  000f4938         2   unsigned short
      _g_TimeKeeper@1.SV1SV2OnTime_h
                                  000f493a         2   unsigned short
      _g_TimeKeeper@1.neutralization
                                  000f493c         4   unsigned long
    }
FILE=.\src\interrupt_handle.obj
                                  000f4940  000f4943         4
  _g_adc_value
                                  000f4940         4   data ,g         4
FILE=.\src\r_cg_rtc_user.obj
                                  000f4944  000f494a         7
  _g_rtc
                                  000f4944         7   data ,g         0
    struct  {
                                                   7
      _g_rtc.sec
                                  000f4944         1   unsigned char
      _g_rtc.min
                                  000f4945         1   unsigned char
      _g_rtc.hour
                                  000f4946         1   unsigned char
      _g_rtc.day
                                  000f4947         1   unsigned char
      _g_rtc.week
                                  000f4948         1   unsigned char
      _g_rtc.month
                                  000f4949         1   unsigned char
      _g_rtc.year
                                  000f494a         1   unsigned char
    }
FILE=.\src\r_cg_serial.obj
                                  000f494c  000f4981        36
  _gp_uart1_tx_address
                                  000f494c         2   data ,g         5
  _g_uart1_tx_count
                                  000f494e         2   data ,g         4
  _gp_uart1_rx_address
                                  000f4950         2   data ,g         3
  _g_uart1_rx_count
                                  000f4952         2   data ,g         4
  _g_uart1_rx_length
                                  000f4954         2   data ,g         3
  _gp_csi00_rx_address
                                  000f4956         2   data ,g         0
  _g_csi00_rx_length
                                  000f4958         2   data ,g         0
  _g_csi00_rx_count
                                  000f495a         2   data ,g         0
  _gp_csi00_tx_address
                                  000f495c         2   data ,g         6
  _g_csi00_send_length
                                  000f495e         2   data ,g         0
  _g_csi00_tx_count
                                  000f4960         2   data ,g         4
  _gp_csi01_rx_address
                                  000f4962         2   data ,g         5
  _g_csi01_rx_length
                                  000f4964         2   data ,g         1
  _g_csi01_rx_count
                                  000f4966         2   data ,g         1
  _gp_csi01_tx_address
                                  000f4968         2   data ,g         7
  _g_csi01_send_length
                                  000f496a         2   data ,g         0
  _g_csi01_tx_count
                                  000f496c         2   data ,g         7
  _gp_uart2_tx_address
                                  000f496e         2   data ,g         5
  _g_uart2_tx_count
                                  000f4970         2   data ,g         4
  _gp_uart2_rx_address
                                  000f4972         2   data ,g         3
  _g_uart2_rx_count
                                  000f4974         2   data ,g         4
  _g_uart2_rx_length
                                  000f4976         2   data ,g         3
  _gp_uart3_tx_address
                                  000f4978         2   data ,g         5
  _g_uart3_tx_count
                                  000f497a         2   data ,g         4
  _gp_uart3_rx_address
                                  000f497c         2   data ,g         3
  _g_uart3_rx_count
                                  000f497e         2   data ,g         4
  _g_uart3_rx_length
                                  000f4980         2   data ,g         3
FILE=.\src\r_cg_serial_user.obj
                                  000f4982  000f4a47        c6
  _g_uart3_rx_data
                                  000f4982         8   data ,g         8
  _send_response_flag
                                  000f498a         1   data ,g         0
  _send_response_time_flag
                                  000f498b         1   data ,g         0
  _send_response_number_flag
                                  000f498c         1   data ,g         0
  _recived_time_setting_flag
                                  000f498d         1   data ,g         0
  _send_respone_status_flag
                                  000f498e         1   data ,g         0
  _recived_number_setting_flag
                                  000f498f         1   data ,g         0
  _g_commnunication_flag
                                  000f4990         f   data ,g        49
    struct Communicaition_flag_s {
                                                   f
      _g_commnunication_flag.send_response_flag
                                  000f4990         1   unsigned char
      _g_commnunication_flag.send_response_time_flag
                                  000f4991         1   unsigned char
      _g_commnunication_flag.send_response_number_flag
                                  000f4992         1   unsigned char
      _g_commnunication_flag.recived_number_setting_flag
                                  000f4993         1   unsigned char
      _g_commnunication_flag.recived_time_setting_flag
                                  000f4994         1   unsigned char
      _g_commnunication_flag.send_response_status_flag
                                  000f4995         1   unsigned char
      _g_commnunication_flag.send_response_mode_flag
                                  000f4996         1   unsigned char
      _g_commnunication_flag.alarm_clear_flag
                                  000f4997         1   unsigned char
      _g_commnunication_flag.recieve_status_flag
                                  000f4998         1   unsigned char
      _g_commnunication_flag.test_flag
                                  000f4999         1   unsigned char
      _g_commnunication_flag.rs485_send_to_watersolfner_response_flag
                                  000f499a         1   unsigned char
      _g_commnunication_flag.rs485_send_to_watersolfner_SV1_flag
                                  000f499b         1   unsigned char
      _g_commnunication_flag.rs485_send_to_valve_response_flag
                                  000f499c         1   unsigned char
      _g_commnunication_flag.rs485_get_valve_gesture_flag
                                  000f499d         1   unsigned char
      _g_commnunication_flag.rs485_fault
                                  000f499e         1   unsigned char
    }
  _g_csi_count
                                  000f499f         1   data ,g         0
  _g_csi_err
                                  000f49a0         1   data ,g         0
  _g_csi_send_end
                                  000f49a1         1   data ,g         1
  _g_csi_rev_end
                                  000f49a2         1   data ,g         3
  _g_uart1_send
                                  000f49a3         1   data ,g         0
  _g_uart2_sendend
                                  000f49a4         1   data ,g         e
  _g_uart2_receive
                                  000f49a5         1   data ,g         1
  _g_rx_data
                                  000f49a6        a0   data ,g        28
  _g_uart2_fault
                                  000f4a46         1   data ,g         3
  _g_uart3_sendend
                                  000f4a47         1   data ,g         6
FILE=.\src\r_cg_timer_user.obj
                                  000f4a48  000f4a4f         8
  _timer0_ch0_flag
                                  000f4a48         1   data ,g         1
  _timer0_ch1_flag
                                  000f4a49         1   data ,g         1
  _timer0_ch2_flag
                                  000f4a4a         1   data ,g         1
  _g_systemTime
                                  000f4a4c         4   data ,g        82
FILE=.\src\r_main.obj
                                  000f4a50  000f4af2        a3
  _g_e_status
                                  000f4a50         1   data ,g         0
    union  EEPROM_status_u {
                                                   1
      _g_e_status.refined
                                  000f4a50         1
    struct  {
                                                   1
      _g_e_status.refined.RB
                                  000f4a50         1   unsigned char:1(7)
      _g_e_status.refined.WEN
                                  000f4a50         1   unsigned char:1(6)
      _g_e_status.refined.BP
                                  000f4a50         1   unsigned char:2(4)
      _g_e_status.refined.RSVD
                                  000f4a50         1   unsigned char:3(1)
      _g_e_status.refined.WPEN
                                  000f4a50         1   unsigned char:1(0)
    }
      _g_e_status.raw
                                  000f4a50         1   unsigned char
    }
  _ret_number_setting
                                  000f4a52        26   data ,g         0
    struct Number_Setting_s {
                                                  26
      _ret_number_setting.upperVoltage1
                                  000f4a52         4   float
      _ret_number_setting.upperVoltage2
                                  000f4a56         4   float
      _ret_number_setting.upperVoltage3
                                  000f4a5a         4   float
      _ret_number_setting.lowerVoltage
                                  000f4a5e         4   float
      _ret_number_setting.upperCurrent
                                  000f4a62         4   float
      _ret_number_setting.lowerCurrent
                                  000f4a66         4   float
      _ret_number_setting.upperFlow
                                  000f4a6a         4   float
      _ret_number_setting.lowerFlow
                                  000f4a6e         4   float
      _ret_number_setting.cvccCurrent
                                  000f4a72         4   float
      _ret_number_setting.crc
                                  000f4a76         1   char
    }
  _flow_p
                                  000f4a78         1   data ,g         1
  _salt_h_p
                                  000f4a79         1   data ,g         0
  _g_eeprom_wren
                                  000f4a7a         1   data ,g         0
  _receive_data
                                  000f4a7b         2   data ,g         0
  _receive_setting
                                  000f4a7e        26   data ,g         0
    struct Number_Setting_s {
                                                  26
      _receive_setting.upperVoltage1
                                  000f4a7e         4   float
      _receive_setting.upperVoltage2
                                  000f4a82         4   float
      _receive_setting.upperVoltage3
                                  000f4a86         4   float
      _receive_setting.lowerVoltage
                                  000f4a8a         4   float
      _receive_setting.upperCurrent
                                  000f4a8e         4   float
      _receive_setting.lowerCurrent
                                  000f4a92         4   float
      _receive_setting.upperFlow
                                  000f4a96         4   float
      _receive_setting.lowerFlow
                                  000f4a9a         4   float
      _receive_setting.cvccCurrent
                                  000f4a9e         4   float
      _receive_setting.crc
                                  000f4aa2         1   char
    }
  _set
                                  000f4aa4         1   data ,g         0
    union  EEPROM_status_u {
                                                   1
      _set.refined
                                  000f4aa4         1
    struct  {
                                                   1
      _set.refined.RB
                                  000f4aa4         1   unsigned char:1(7)
      _set.refined.WEN
                                  000f4aa4         1   unsigned char:1(6)
      _set.refined.BP
                                  000f4aa4         1   unsigned char:2(4)
      _set.refined.RSVD
                                  000f4aa4         1   unsigned char:3(1)
      _set.refined.WPEN
                                  000f4aa4         1   unsigned char:1(0)
    }
      _set.raw
                                  000f4aa4         1   unsigned char
    }
  _rx_data
                                  000f4aa6         c   data ,g         0
  _data_f
                                  000f4ab2         4   data ,g         0
  _data_f_test
                                  000f4ab6         4   data ,g         0
    union  byte_to_float {
                                                   4
      _data_f_test.refined
                                  000f4ab6         4
    struct  {
                                                   4
      _data_f_test.refined.b
                                  000f4ab6         4   unsigned char
    }
      _data_f_test.raw
                                  000f4ab6         4   float
    }
  _g_control_buffer_f
                                  000f4aba         6   data ,g         5
    struct UART_Buffer_float_s {
                                                   6
      _g_control_buffer_f.head
                                  000f4aba         1   unsigned char
      _g_control_buffer_f.set_number
                                  000f4abb         1   unsigned char
      _g_control_buffer_f.set_value
                                  000f4abc         4   float
    }
  _g_control_buffer_u32
                                  000f4ac0         6   data ,g         5
    struct UART_Buffer_u32_s {
                                                   6
      _g_control_buffer_u32.head
                                  000f4ac0         1   unsigned char
      _g_control_buffer_u32.set_number
                                  000f4ac1         1   unsigned char
      _g_control_buffer_u32.set_value
                                  000f4ac2         4   unsigned long
    }
  _handsensor_status
                                  000f4ac6         1   data ,g         0
    union   {
                                                   1
      _handsensor_status.
                                  000f4ac6         1
    struct  {
                                                   1
      _handsensor_status..up_signal
                                  000f4ac6         1   unsigned char
    }
      _handsensor_status.status
                                  000f4ac6         1   unsigned char
    }
  _g_handsensor_status
                                  000f4ac7         2   data ,g         3
  _g_crc
                                  000f4ac9         8   data ,g         2
  _g_crc_32
                                  000f4ad2        20   data ,g         0
  _rx_count
                                  000f4af2         1   data ,g         2

SECTION=.dataR
FILE=.\src\hwm\io_control.obj
                                  000f4af4  000f4af4         1
  __pre_flow_state
                                  000f4af4         1   data ,g         2
FILE=.\src\hwm\main.obj
                                  000f4af6  000f4b8b        96
  _g_timerSetting
                                  000f4af6        96   data ,g        70
    struct Timer_Setting_s {
                                                  96
      _g_timerSetting.t1_initialWaterDrainageOperation_s
                                  000f4af6         4   unsigned long
      _g_timerSetting.t2_flowSensorStartTime_s
                                  000f4afa         4   unsigned long
      _g_timerSetting.t3_flowSensorMonitorTime_s
                                  000f4afe         4   unsigned long
      _g_timerSetting.t4_electrolysisOperationStart_s
                                  000f4b02         4   unsigned long
      _g_timerSetting.t5_electrolysisStopDelay_s
                                  000f4b06         4   unsigned long
      _g_timerSetting.t6_drainageOffTime_h
                                  000f4b0a         4   unsigned long
      _g_timerSetting.t7_powerOnPreparation_s
                                  000f4b0e         4   unsigned long
      _g_timerSetting.t8_flowRateAdjustmentRelease_s
                                  000f4b12         4   unsigned long
      _g_timerSetting.t9_currentAdjustmentRelease_s
                                  000f4b16         4   unsigned long
      _g_timerSetting.t10_electrolysisCurrentAlarmSpecified_s
                                  000f4b1a         4   unsigned long
      _g_timerSetting.t11_overVoltage1Time_s
                                  000f4b1e         4   unsigned long
      _g_timerSetting.t12_overVoltage2Time_s
                                  000f4b22         4   unsigned long
      _g_timerSetting.t13_overVoltage3Time_s
                                  000f4b26         4   unsigned long
      _g_timerSetting.t14_lowVoltageStartTime_s
                                  000f4b2a         4   unsigned long
      _g_timerSetting.t15_lowVoltageDelayTime_s
                                  000f4b2e         4   unsigned long
      _g_timerSetting.t16_currentMonitoringStart_s
                                  000f4b32         4   unsigned long
      _g_timerSetting.t17_solenoidLeakageStartTime_s
                                  000f4b36         4   unsigned long
      _g_timerSetting.t18_fullSaltWaterMonitoringStart_h
                                  000f4b3a         4   unsigned long
      _g_timerSetting.t19_waterFilterAlarm_h
                                  000f4b3e         4   unsigned long
      _g_timerSetting.t20_waterFilterAlarmIgnore_h
                                  000f4b42         4   unsigned long
      _g_timerSetting.t26_onDelayEmptyLevel_s
                                  000f4b46         4   unsigned long
      _g_timerSetting.t27_onDelayLowLevel_s
                                  000f4b4a         4   unsigned long
      _g_timerSetting.t28_onDelayHighLevel_s
                                  000f4b4e         4   unsigned long
      _g_timerSetting.t30_offDelayEmptyLevel_s
                                  000f4b52         4   unsigned long
      _g_timerSetting.t31_saltLowLevelDelay_s
                                  000f4b56         4   unsigned long
      _g_timerSetting.t32_saltHighLevelDelay_s
                                  000f4b5a         4   unsigned long
      _g_timerSetting.t51_alkalineWaterSpoutingTime_s
                                  000f4b5e         4   unsigned long
      _g_timerSetting.t52_acidWaterSpoutingTime_s
                                  000f4b62         4   unsigned long
      _g_timerSetting.t53_washingWaterSpoutingTime_s
                                  000f4b66         4   unsigned long
      _g_timerSetting.t54_overLapTime_ms
                                  000f4b6a         4   unsigned long
      _g_timerSetting.t55_waterDischargeDelay_s
                                  000f4b6e         4   unsigned long
      _g_timerSetting.t56_acidWaterDownTime_s
                                  000f4b72         4   unsigned long
      _g_timerSetting.t59_alkalineWaterDownTime_s
                                  000f4b76         4   unsigned long
      _g_timerSetting.t61_curranCleaningIntervalTime_h
                                  000f4b7a         4   unsigned long
      _g_timerSetting.t62_callanWashSpoutingTime_s
                                  000f4b7e         4   unsigned long
      _g_timerSetting.t33_t63_neutralizationStartTime_h
                                  000f4b82         4   unsigned long
      _g_timerSetting.t34_t64_neutralizationOpenTime_s
                                  000f4b86         4   unsigned long
      _g_timerSetting.crc
                                  000f4b8a         1   char
    }
FILE=.\src\hwm\raspberry_pi_interface.obj
                                  000f4b8c  000f4b91         6
  _test_control_buf
                                  000f4b8c         6   data ,g         0
    struct UART_Buffer_float_s {
                                                   6
      _test_control_buf.head
                                  000f4b8c         1   unsigned char
      _test_control_buf.set_number
                                  000f4b8d         1   unsigned char
      _test_control_buf.set_value
                                  000f4b8e         4   float
    }
FILE=.\src\r_main.obj
                                  000f4b92  000f4ba9        18
  _g_adc_ch
                                  000f4b92         2   data ,g         0
  _led_st
                                  000f4b94         1   data ,g         2
  _send_data
                                  000f4b95         2   data ,g         0
  _this_size
                                  000f4b97         1   data ,g         0
  _this_size_2
                                  000f4b98         1   data ,g         0
  _send_buf
                                  000f4b99         7   data ,g         0
  _data_crc
                                  000f4ba0         8   data ,g         0
  _dac_out
                                  000f4ba8         2   data ,g         2

Absolute value symbols
FILE=rlink_generates_05
[...]
                                          0010(00005250:.textf)
                                          0010(00005256:.textf)
                                          0011(000052f0:.textf)
                                          0011(000052f3:.textf)
                                          0011(00005386:.textf)
                                          0011(0000538c:.textf)
                                          0012(00005606:.textf)
                                          0012(0000560b:.textf)
                                          0027(00000484:.text)
                                          0027(0000048c:.text)
                                          0027(0000048f:.text)
                                          0027(00000493:.text)
                                          0030(00006269:.textf)
                                          0030(0000626f:.textf)
                                          0030(000062bb:.textf)
                                          0030(000062be:.textf)
                                          0030(00006306:.textf)
                                          0030(0000630c:.textf)
                                          0030(0000633b:.textf)
                                          0030(00006341:.textf)
                                          0032(0000647e:.textf)
                                          0032(00006483:.textf)
                                          0032(000064b2:.textf)
                                          0032(000064b9:.textf)
                                          0032(000064c0:.textf)
                                          0032(000064c8:.textf)
                                          0032(00006502:.textf)
                                          0032(00006509:.textf)
                                          0032(00006528:.textf)
                                          0032(0000652e:.textf)
                                          0032(00006534:.textf)
                                          0032(00006537:.textf)
                                          0032(00006541:.textf)
                                          0032(00006544:.textf)
                                          0032(0000656e:.textf)
                                          0032(00006573:.textf)
                                          0032(0000659c:.textf)
                                          0032(000065a2:.textf)
     SECTION=.text
0028 r_cg_wdt
     SECTION=.textf
                 _R_WDT_Create
                                 0000611e 0031(00006464:.textf)
                 _R_WDT_Restart
                                 0000612f 0008(000042ad:.textf)
                                          0009(000047f5:.textf)
                                          0009(00004ddb:.textf)
                                          0012(000053cd:.textf)
                                          0012(00005407:.textf)
                                          0012(00005450:.textf)
                                          0012(00005480:.textf)
                                          0030(000063da:.textf)
                                          0032(000064ef:.textf)
0029 r_cg_wdt_user
     SECTION=.text
0030 r_main
     SECTION=.textf
                 _nostop_checkHandSensor
                                 00006133
                 _readHS
                                 00006164
                 _main
                                 00006179 0001(000001e2:.text)
                 _R_MAIN_UserInit
                                 000063e0 0030(0000617c:.textf)
     SECTION=.bss
                 _g_e_status
                                 000f4a50
                 _ret_number_setting
                                 000f4a52
                 _flow_p
                                 000f4a78 0030(0000637b:.textf)
                 _salt_h_p
                                 000f4a79
                 _g_eeprom_wren
                                 000f4a7a
                 _receive_data
                                 000f4a7b
                 _receive_setting
                                 000f4a7e
                 _set
                                 000f4aa4
                 _rx_data
                                 000f4aa6
                 _data_f
                                 000f4ab2
                 _data_f_test
                                 000f4ab6
                 _g_control_buffer_f
                                 000f4aba 0012(000055b4:.textf)
                                          0012(000055b8:.textf)
                                          0012(000055bc:.textf)
                                          0012(000055c0:.textf)
                                          0012(000055cb:.textf)
                 _g_control_buffer_u32
                                 000f4ac0 0012(000055dc:.textf)
                                          0012(000055e0:.textf)
                                          0012(000055e4:.textf)
                                          0012(000055e8:.textf)
                                          0012(000055f3:.textf)
                 _handsensor_status
                                 000f4ac6
                 _g_handsensor_status
                                 000f4ac7 0030(00006149:.textf)
                                          0030(00006150:.textf)
                                          0030(00006159:.textf)
                 _g_crc
                                 000f4ac9 0030(000063bd:.textf)
                                          0030(000063c9:.textf)
                 _g_crc_32
                                 000f4ad2
                 _rx_count
                                 000f4af2 0009(00004a5a:.textf)
                                          0030(000062fb:.textf)
     SECTION=.dataR
                 _g_adc_ch
                                 000f4b92
                 _led_st
                                 000f4b94 0030(000063a6:.textf)
                                          0030(000063ae:.textf)
                 _send_data
                                 000f4b95
                 _this_size
                                 000f4b97
                 _this_size_2
                                 000f4b98
                 _send_buf
                                 000f4b99
                 _data_crc
                                 000f4ba0
                 _dac_out
                                 000f4ba8 0030(000063cc:.textf)
                                          0030(000063d3:.textf)
     SECTION=.const
     SECTION=.data
0031 r_systeminit
     SECTION=.textf
                 _R_Systeminit
                                 00006441 0031(00006477:.textf)
                 _hdwinit
                                 00006473 0001(0000019a:.text)
0032 usr_timer
     SECTION=.textf
                 _delay_ms
                                 00006478 0030(0000616f:.textf)
                                          0030(0000621f:.textf)
                                          0032(000064ec:.textf)
                 _delay
                                 000064e0
                 _ns_delay_ms
                                 000064f8 0006(00003912:.textf)
                                          0006(000039b8:.textf)
                                          0006(00003a60:.textf)
                                          0006(00003b5c:.textf)
                                          0006(00003d0c:.textf)
                                          0006(00003e11:.textf)
                                          0006(00003e76:.textf)
                                          0006(00003f57:.textf)
                                          0007(00003fe1:.textf)
                                          0008(0000401a:.textf)
                                          0008(00004063:.textf)
                                          0008(000040ac:.textf)
                                          0008(00004105:.textf)
                                          0008(0000413c:.textf)
                                          0008(00004185:.textf)
                                          0008(000041ce:.textf)
                                          0008(00004227:.textf)
                                          0008(00004275:.textf)
                                          0008(0000437d:.textf)
                                          0009(000045da:.textf)
                                          0009(00004605:.textf)
                                          0009(0000461d:.textf)
                                          0009(00004641:.textf)
                                          0009(00004945:.textf)
                                          0009(000049b7:.textf)
                                          0009(00004a0d:.textf)
                                          0009(00004a74:.textf)
                                          0009(00004af0:.textf)
                                          0009(00004b21:.textf)
                                          0009(00004c04:.textf)
                                          0009(00004c32:.textf)
                                          0009(00004c47:.textf)
                                          0009(00004c79:.textf)
                                          0009(00004cc8:.textf)
                                          0009(00004da4:.textf)
                                          0009(00004de7:.textf)
                                          0009(00004e1a:.textf)
                                          0010(00004f9c:.textf)
                                          0010(00005053:.textf)
                                          0010(00005098:.textf)
                                          0010(000050b0:.textf)
                                          0010(000050df:.textf)
                                          0010(00005115:.textf)
                                          0010(00005134:.textf)
                                          0010(0000515d:.textf)
                                          0010(000051c1:.textf)
                                          0010(000051f4:.textf)
                                          0010(0000520e:.textf)
                                          0010(00005272:.textf)
                                          0010(000052a5:.textf)
                                          0010(000052bf:.textf)
                                          0011(0000532a:.textf)
                                          0011(00005345:.textf)
                                          0011(0000536d:.textf)
                                          0012(0000562c:.textf)
                                          0030(00006141:.textf)
                                          0030(0000627f:.textf)
                                          0030(0000631c:.textf)
                                          0030(0000635a:.textf)
                                          0030(00006386:.textf)
                                          0030(00006392:.textf)
                                          0030(0000639e:.textf)
                 _non_block_delay
                                 00006564
                 _mTask
                                 00006566
0033 memcpy
     SECTION=.RLIB
                 _memcpy
                                 000004a8 0012(000054e7:.textf)
                                          0012(00005580:.textf)
                                          0030(000061b0:.textf)
                                          0030(000061bd:.textf)
                                          0030(000062ad:.textf)
                                          0030(000062ed:.textf)
0034 _COM_faddsub
     SECTION=.RLIB
                 __COM_fsub
                                 00000515
                 __COM_fadd
                                 0000051d 0008(0000429a:.textf)
                                          0008(00004354:.textf)
0035 _COM_fdiv
     SECTION=.RLIB
                 __COM_fdiv
                                 00000653 0008(000042db:.textf)
                                          0008(000042f8:.textf)
                                          0008(000043ba:.textf)
                                          0008(000043d6:.textf)
0036 _COM_fge
     SECTION=.RLIB
                 __COM_fge
                                 00000722 0006(000039ce:.textf)
                                          0006(00003a76:.textf)
                                          0009(00004833:.textf)
0037 _COM_fgt
     SECTION=.RLIB
                 __COM_fgt
                                 00000738 0006(00003b29:.textf)
                                          0006(00003c58:.textf)
                                          0006(00003ca5:.textf)
                                          0006(00003d88:.textf)
                                          0009(00004a43:.textf)
0038 _COM_fle
     SECTION=.RLIB
                 __COM_fle
                                 0000074e 0006(00003bec:.textf)
0039 _COM_flt
     SECTION=.RLIB
                 __COM_flt
                                 00000764 0006(000038df:.textf)
                                          0006(00003985:.textf)
                                          0006(00003a2d:.textf)
                                          0006(00003c19:.textf)
                                          0006(00003ced:.textf)
                                          0006(00003d72:.textf)
                                          0006(00003dde:.textf)
                                          0009(00004a2d:.textf)
0040 _COM_fmul
     SECTION=.RLIB
                 __COM_fmul
                                 000007c5 0008(000042bf:.textf)
                                          0008(000042cd:.textf)
                                          0008(0000439e:.textf)
                                          0008(000043ac:.textf)
                                          0013(0000566e:.textf)
                                          0013(0000567c:.textf)
                                          0013(000056a7:.textf)
                                          0013(000056b5:.textf)
0041 _COM_funordered
     SECTION=.RLIB
                 __COM_funordered
                                 00000867 0006(000038cc:.textf)
                                          0006(00003972:.textf)
                                          0006(00003a1a:.textf)
                                          0006(00003b16:.textf)
                                          0006(00003c06:.textf)
                                          0006(00003c45:.textf)
                                          0006(00003c92:.textf)
                                          0006(00003cda:.textf)
                                          0006(00003dc9:.textf)
                                          0009(00004820:.textf)
0042 _COM_ultof
     SECTION=.RLIB
                 __COM_ultof
                                 00000872 0008(000042ed:.textf)
                                          0008(000043cb:.textf)
                                          0013(00005662:.textf)
                                          0013(0000569b:.textf)
0043 _REL_fcmp
     SECTION=.RLIB
                 __REL_fcmp
                                 00000878 0036(0000072c:.RLIB)
                                          0037(00000742:.RLIB)
                                          0038(00000758:.RLIB)
                                          0039(0000076e:.RLIB)
0044 _REL_fordered_core
     SECTION=.RLIB
                 __REL_fordered_core
                                 000008b0 0036(00000725:.RLIB)
                                          0037(0000073b:.RLIB)
                                          0038(00000751:.RLIB)
                                          0039(00000767:.RLIB)
                                          0041(0000086a:.RLIB)
0045 _REL_f_inf
     SECTION=.RLIB
                 __REL_f_inf
                                 000008cc 0034(000005ac:.RLIB)
                                          0035(0000063d:.RLIB)
                                          0035(000006dd:.RLIB)
                                          0040(00000797:.RLIB)
                                          0040(0000083a:.RLIB)
0046 _REL_f_norm
     SECTION=.RLIB
                 __REL_f_norm
                                 000008d4 0035(0000061e:.RLIB)
                                          0035(00000649:.RLIB)
                                          0040(000007b8:.RLIB)
0047 _REL_f_round
     SECTION=.RLIB
                 __REL_f_round
                                 000008e4 0034(000005b9:.RLIB)
                                          0034(000005f1:.RLIB)
                                          0035(0000071f:.RLIB)
                                          0040(00000847:.RLIB)
0048 _REL_ltof
     SECTION=.RLIB
                 __REL_ltof
                                 000008f7 0042(00000875:.RLIB)
0049 rlink_generates_01
     SECTION=.option_byte
0050 rlink_generates_02
     SECTION=.monitor1
     SECTION=.monitor2
0051 rlink_generates_03
     SECTION=.security_id
0052 rlink_generates_04
     SECTION=.vect
0053 rlink_generates_05
     SECTION=
                 __s.vect
                                 00000000
                 __s.constf
                                 00000080
                 __e.constf
                                 00000080
                 __s.sdata
                                 00000080
                 __e.sdata
                                 00000080
                 __e.vect
                                 00000080
                 __s.option_byte
                                 000000c0
                 __s.SLIB
                                 000000c4
                 __e.SLIB
                                 000000c4
                 __e.option_byte
                                 000000c4
                 __s.security_id
                                 000000c4
                 __s.monitor1
                                 000000ce
                 __e.security_id
                                 000000ce
                 __s.data
                                 000000d8
                 __e.monitor1
                                 000000d8
                 __s.text
                                 0000018e
                 __e.data
                                 0000018e
                 __e.text
                                 000004a8
                 __s.RLIB
                                 000004a8
                 __e.RLIB
                                 00000941
                 __s.const
                                 00003000
                 __s.textf
                                 00003510
                 __e.const
                                 00003510
                 __e.textf
                                 000065aa
                 __s.monitor2
                                 0007fe00
                 __e.monitor2
                                 00080000
                 __RAM_ADDR_START
                                 000f3f00
                 __s.bss
                                 000f4700
                 __e.bss
                                 000f4af3
                 __s.dataR
                                 000f4af4
                 __e.dataR
                                 000f4baa
                 __STACK_ADDR_END
                                 000f4baa 0001(00000193:.text)
                 __s.sbss
                                 000ffe20
                 __e.sbss
                                 000ffe20
                 __s.sdataR
                                 000ffe20
                 __e.sdataR
                                 000ffe20
                 __STACK_ADDR_START
                                 000ffe20 0001(00000190:.text)
                 __RAM_ADDR_END
                                 000ffee0
