Renesas Optimizing Linker (W3.03.00 )             28-Dec-2021 10:44:46

*** Options ***

-subcommand=LinkerControlPCB_HWM.tmp
-MAKEUD=D:\Chieniwa\E2_Studio\ControlPCB_HWM\HardwareDebug/ControlPCB_HWM_l.ud
-device="D:/Chieniwa/E2_Studio/.eclipse/com.renesas.platform_1435879475/DebugComp/RL78/RL78/Common/DR5F104ML.DVF"
-list="ControlPCB_HWM.map"
-show=all
-nooptimize
-entry=_start
-auto_section_layout
-security_id=00000000000000000000
-debug_monitor=7FE00-7FFFF
-user_opt_byte=FFFFF8
-ocdbg=84
-ocdtr
-input=".\generate\cstart.obj"
-input=".\generate\stkinit.obj"
-input=".\src\EEPROM.obj"
-input=".\src\crc32.obj"
-input=".\src\crc8.obj"
-input=".\src\interrupt_handle.obj"
-input=".\src\main.obj"
-input=".\src\r_cg_adc.obj"
-input=".\src\r_cg_adc_user.obj"
-input=".\src\r_cg_cgc.obj"
-input=".\src\r_cg_cgc_user.obj"
-input=".\src\r_cg_dac.obj"
-input=".\src\r_cg_dac_user.obj"
-input=".\src\r_cg_port.obj"
-input=".\src\r_cg_port_user.obj"
-input=".\src\r_cg_rtc.obj"
-input=".\src\r_cg_rtc_user.obj"
-input=".\src\r_cg_serial.obj"
-input=".\src\r_cg_serial_user.obj"
-input=".\src\r_cg_timer.obj"
-input=".\src\r_cg_timer_user.obj"
-input=".\src\r_cg_wdt.obj"
-input=".\src\r_cg_wdt_user.obj"
-input=".\src\r_main.obj"
-input=".\src\r_systeminit.obj"
-input=".\src\usr_timer.obj"
-library="C:\Program Files (x86)\Renesas Electronics\CS+\CC\CC-RL\V1.10.00\lib\rl78em4s99.lib"
-library="C:\Program Files (x86)\Renesas Electronics\CS+\CC\CC-RL\V1.10.00\lib\rl78em4r.lib"
-library="C:\Program Files (x86)\Renesas Electronics\CS+\CC\CC-RL\V1.10.00\lib\malloc_n.lib"
-output="ControlPCB_HWM.abs"
-debug
-nocompress
-rom=.data=.dataR,.sdata=.sdataR
-nomessage
-nologo

*** Error information ***

*** Mapping List ***

SECTION                            START      END         SIZE   ALIGN
.vect
                                  00000000  0000007f        80   0
.constf
                                  00000080  00000080         0   2
.sdata
                                  00000080  00000080         0   2
.option_byte
                                  000000c0  000000c3         4   1
.security_id
                                  000000c4  000000cd         a   1
.SLIB
                                  000000c4  000000c4         0   1
.monitor1
                                  000000ce  000000d7         a   1
.data
                                  000000d8  00000189        b2   2
.text
                                  0000018a  000004a3       31a   1
.textf
                                  000004a4  00002cf1      284e   1
.const
                                  00003000  0000350f       510   2
.RLIB
                                  00003510  00003a0a       4fb   1
.monitor2
                                  0007fe00  0007ffff       200   1
.bss
                                  000f4700  000f4aac       3ad   2
.dataR
                                  000f4aae  000f4b5f        b2   2
.sbss
                                  000ffe20  000ffe20         0   2
.sdataR
                                  000ffe20  000ffe20         0   2

*** Total Section Size ***

RAMDATA SECTION:  0000045f Byte(s)
ROMDATA SECTION:  0000085a Byte(s)
PROGRAM SECTION:  00003063 Byte(s)

*** Symbol List ***

SECTION=
FILE=                               START        END    SIZE
  SYMBOL                            ADDR        SIZE    INFO      COUNTS  OPT
    STRUCT                                      SIZE
      MEMBER                        ADDR        SIZE    INFO

SECTION=.vect
FILE=rlink_generates_04
                                  00000000  0000007f        80

SECTION=.option_byte
FILE=rlink_generates_01
                                  000000c0  000000c3         4

SECTION=.security_id
FILE=rlink_generates_03
                                  000000c4  000000cd         a

SECTION=.monitor1
FILE=rlink_generates_02
                                  000000ce  000000d7         a

SECTION=.data
FILE=.\src\main.obj
                                  000000d8  0000016e        97
FILE=.\src\r_main.obj
                                  00000170  00000189        1a

SECTION=.text
FILE=.\generate\cstart.obj
                                  0000018a  000001e3        5a
  _start
                                  0000018a         0   entry,g         0
  _exit
                                  000001e2         0   none ,g         1
FILE=.\src\r_cg_adc_user.obj
                                  000001e4  000001fd        1a
  _r_adc_interrupt@1
                                  000001e4        1a   func ,l         0
FILE=.\src\r_cg_serial_user.obj
                                  000001fe  0000047b       27e
  _r_uart1_interrupt_receive@1
                                  000001fe        5f   func ,l         0
  _r_uart1_interrupt_send@1
                                  0000025d        31   func ,l         0
  _r_csi00_interrupt@1
                                  0000028e        49   func ,l         0
  _r_csi01_interrupt@1
                                  000002d7        85   func ,l         0
  _r_uart2_interrupt_receive@1
                                  0000035c        5f   func ,l         0
  _r_uart2_interrupt_send@1
                                  000003bb        31   func ,l         0
  _r_uart3_interrupt_receive@1
                                  000003ec        5f   func ,l         0
  _r_uart3_interrupt_send@1
                                  0000044b        31   func ,l         0
FILE=.\src\r_cg_timer_user.obj
                                  0000047c  000004a1        26
  _r_tau0_channel0_interrupt@1
                                  0000047c        1c   func ,l         0
  _r_tau0_channel1_interrupt@1
                                  00000498         5   func ,l         0
  _r_tau0_channel2_interrupt@1
                                  0000049d         5   func ,l         0
FILE=.\src\r_cg_wdt_user.obj
                                  000004a2  000004a3         2
  _r_wdt_interrupt@1
                                  000004a2         2   func ,l         0

SECTION=.textf
FILE=.\generate\stkinit.obj
                                  000004a4  000004e7        44
  _stkinit
                                  000004a4         0   none ,g         1
  LSTINIT1
                                  000004b2         0   none ,l         1
  LSTINIT2
                                  000004dc         0   none ,l         2
  LSTINIT3
                                  000004e7         0   none ,l         2
FILE=.\src\EEPROM.obj
                                  000004e8  00000746       25f
  _EEPROM_Init
                                  000004e8        2b   func ,g         1
  _rEE_Status
                                  00000513        1b   func ,g         6
  _sEE_WriteEnable
                                  0000052e        12   func ,g         3
  _sEE_WriteDisable
                                  00000540        12   func ,g         0
  _EE_SPI_Write
                                  00000552        df   func ,g         2
  _EE_SPI_Read
                                  00000631        b7   func ,g         2
  _sEE_Block
                                  000006e8        11   func ,g         0
  _sEE_SendInstruction
                                  000006f9         3   func ,g         0
  _sEE_SendReceiveInstruction
                                  000006fc         4   func ,g         0
  _EE_TransmitData
                                  00000700        2c   func ,g         a
  _sEE_WriteStatusRegister
                                  0000072c        1b   func ,g         2
FILE=.\src\crc32.obj
                                  00000747  000007e5        9f
  _xcrc32
                                  00000747        4e   func ,g         0
  _CRC32
                                  00000795        51   func ,g         0
FILE=.\src\crc8.obj
                                  000007e6  00000845        60
  _crc8_4
                                  000007e6        43   func ,g         1
  _crc8_1
                                  00000829        1d   func ,g         6
FILE=.\src\interrupt_handle.obj
                                  00000846  000008c1        7c
  _adc_int_handle
                                  00000846        7c   func ,g         1
FILE=.\src\main.obj
                                  000008c2  00001e54      1593
  _handSensorLED
                                  000008c2        30   func ,g         d
  _setting_default
                                  000008f2        a8   func ,g         0
  _isAcidHigh
                                  0000099a        4f   func ,g         0
  _isAcidLow
                                  000009e9        4f   func ,g         0
  _isAcidEmpty
                                  00000a38        3a   func ,g         2
  _isAlkalineHigh
                                  00000a72        4f   func ,g         0
  _isAlkalineLow
                                  00000ac1        4f   func ,g         0
  _isAlkalineEmpty
                                  00000b10        3a   func ,g         2
  _sendToRasPi
                                  00000b4a        28   func ,g        1a
  _sendRS485
                                  00000b72        3f   func ,g         3
  _sendR485_7byte
                                  00000bb1        57   func ,g         2
  _isThisCommand
                                  00000c08        3e   func ,g         2
  _RaspberryResponse_nostop
                                  00000c46       1e2   func ,g         6
  _InitialOperationModeStart
                                  00000e28        55   func ,g         1
  _WaterSupplyOperation_nostop
                                  00000e7d       118   func ,g         1
  _stop_waitAlarmConfirm
                                  00000f95        42   func ,g         5
  _nostop_waitAlarmConfirm
                                  00000fd7         c   func ,g         0
  _resetAlarm
                                  00000fe3         4   func ,g         0
  _Voltage1Check_waitReset
                                  00000fe7        ab   func ,g         1
  _Voltage2Check_nostop
                                  00001092        aa   func ,g         1
  _Voltage3Check_waitReset
                                  0000113c        c0   func ,g         1
  _LowVoltageCheck_waitReset
                                  000011fc        eb   func ,g         1
  _OverCurrentCheck_waitReset
                                  000012e7       18f   func ,g         1
  _ElectrolyticOperation
                                  00001476        b0   func ,g         2
  _solenoidCheck
                                  00001526        76   func ,g         0
  _saltWaterTankFullCheck
                                  0000159c        22   func ,g         0
  _saltWaterTankEmptyCheck
                                  000015be        10   func ,g         0
  _acidWaterTankSkipCheck
                                  000015ce        3b   func ,g         0
  _alkalineWaterTankSkipCheck
                                  00001609        3f   func ,g         0
  _FilterReplacementCheck
                                  00001648         2   func ,g         0
  _WaterWashingMode_nostop
                                  0000164a        42   func ,g         1
  _HandWashingMode_nostop
                                  0000168c       1a9   func ,g         1
  _AcidWaterMode_nostop
                                  00001835        b1   func ,g         1
  _AlkalineWaterMode_nostop
                                  000018e6        a9   func ,g         1
  _CallanCleaningMode_nostop
                                  0000198f        8d   func ,g         0
  _main_init_20211111
                                  00001a1c        6d   func ,g         1
  _userAuthHandler_nostop
                                  00001a89        6f   func ,g         1
  _ElectrolyzeWaterGeneration_nostop
                                  00001af8        5c   func ,g         1
  _errorCheck
                                  00001b54         1   func ,g         0
  _main_loop_20211111
                                  00001b55         6   func ,g         1
  _electrolyticOperationON
                                  00001b5b        27   func ,g         1
  _electrolyticOperationOFF_nostop
                                  00001b82        42   func ,g         7
  _measureFlowSensor
                                  00001bc4        ce   func ,g         1
  _measureFlowSensor_nostop
                                  00001c92        e4   func ,g         1
  _UpdateMachineStatus
                                  00001d76        df   func ,g         9
FILE=.\src\r_cg_adc.obj
                                  00001e55  00001eb6        62
  _R_ADC_Create
                                  00001e55        33   func ,g         2
  _R_ADC_Start
                                  00001e88         a   func ,g         2
  _R_ADC_Stop
                                  00001e92         a   func ,g         0
  _R_ADC_Set_OperationOn
                                  00001e9c         4   func ,g         1
  _R_ADC_Set_OperationOff
                                  00001ea0         4   func ,g         0
  _R_ADC_Get_Result
                                  00001ea4         7   func ,g         2
  _R_ADC_Set_ADChannel
                                  00001eab         c   func ,g         0
FILE=.\src\r_cg_cgc.obj
                                  00001eb7  00001ecc        16
  _R_CGC_Create
                                  00001eb7        16   func ,g         1
FILE=.\src\r_cg_cgc_user.obj
                                  00001ecd  00001ecf         3
  _R_CGC_Get_ResetSource
                                  00001ecd         3   func ,g         1
FILE=.\src\r_cg_dac.obj
                                  00001ed0  00001f02        33
  _R_DAC_Create
                                  00001ed0        1d   func ,g         2
  _R_DAC0_Start
                                  00001eed         4   func ,g         1
  _R_DAC0_Stop
                                  00001ef1         4   func ,g         0
  _R_DAC0_Set_ConversionValue
                                  00001ef5         3   func ,g         2
  _R_DAC1_Start
                                  00001ef8         4   func ,g         1
  _R_DAC1_Stop
                                  00001efc         4   func ,g         0
  _R_DAC1_Set_ConversionValue
                                  00001f00         3   func ,g         2
FILE=.\src\r_cg_port.obj
                                  00001f03  00001f4a        48
  _R_PORT_Create
                                  00001f03        48   func ,g         1
FILE=.\src\r_cg_port_user.obj
                                  00001f4b  00001f4b         1
  _R_PORT_Create_UserInit
                                  00001f4b         1   func ,g         1
FILE=.\src\r_cg_rtc.obj
                                  00001f4c  00002089       13e
  _R_RTC_Create
                                  00001f4c        27   func ,g         2
  _R_RTC_Start
                                  00001f73         4   func ,g         0
  _R_RTC_Stop
                                  00001f77         4   func ,g         0
  _R_RTC_Get_CounterValue
                                  00001f7b        51   func ,g         0
  _R_RTC_Set_CounterValue
                                  00001fcc        be   func ,g         0
FILE=.\src\r_cg_serial.obj
                                  0000208a  0000257c       4f3
  _R_CSI01_Receive
                                  0000208a        1a   func ,g         0
  _R_CSI01_Send
                                  000020a4        26   func ,g         0
  _R_SAU0_Create
                                  000020ca        17   func ,g         2
  _R_UART1_Create
                                  000020e1        7e   func ,g         2
  _R_UART1_Start
                                  0000215f        26   func ,g         1
  _R_UART1_Stop
                                  00002185        1e   func ,g         0
  _R_UART1_Receive
                                  000021a3        18   func ,g         0
  _R_UART1_Send
                                  000021bb        29   func ,g         0
  _R_CSI00_Create
                                  000021e4        53   func ,g         2
  _R_CSI00_Start
                                  00002237        26   func ,g         1
  _R_CSI00_Stop
                                  0000225d        18   func ,g         0
  _R_CSI00_Send
                                  00002275        28   func ,g         0
  _R_CSI01_Create
                                  0000229d        5a   func ,g         3
  _R_CSI01_Start
                                  000022f7        26   func ,g         1
  _R_CSI01_Stop
                                  0000231d        18   func ,g         1
  _R_CSI01_Send_Receive
                                  00002335        36   func ,g         1
  _R_SAU1_Create
                                  0000236b        14   func ,g         2
  _R_UART2_Create
                                  0000237f        7e   func ,g         2
  _R_UART2_Start
                                  000023fd        26   func ,g         2
  _R_UART2_Stop
                                  00002423        1e   func ,g         1
  _R_UART2_Receive
                                  00002441        18   func ,g         5
  _R_UART2_Send
                                  00002459        29   func ,g         5
  _R_UART3_Create
                                  00002482        76   func ,g         2
  _R_UART3_Start
                                  000024f8        26   func ,g         2
  _R_UART3_Stop
                                  0000251e        1e   func ,g         1
  _R_UART3_Receive
                                  0000253c        18   func ,g         3
  _R_UART3_Send
                                  00002554        29   func ,g         2
FILE=.\src\r_cg_serial_user.obj
                                  0000257d  00002702       186
  _isCommand
                                  0000257d        24   func ,g         1
  _r_uart1_callback_receiveend@1
                                  000025a1         1   func ,l         1
  _r_uart1_callback_softwareoverrun@1
                                  000025a2         1   func ,l         1
  _r_uart1_callback_sendend@1
                                  000025a3         1   func ,l         1
  _r_uart1_callback_error@1
                                  000025a4         1   func ,l         1
  _r_csi00_callback_sendend@1
                                  000025a5         1   func ,l         1
  _r_csi01_callback_receiveend@1
                                  000025a6         7   func ,l         1
  _r_csi01_callback_error@1
                                  000025ad         1   func ,l         1
  _r_csi01_callback_sendend@1
                                  000025ae         4   func ,l         1
  _r_uart2_callback_receiveend@1
                                  000025b2        f9   func ,l         1
  _r_uart2_callback_softwareoverrun@1
                                  000026ab         1   func ,l         1
  _r_uart2_callback_sendend@1
                                  000026ac         4   func ,l         1
  _r_uart2_callback_error@1
                                  000026b0         1   func ,l         1
  _r_uart3_callback_receiveend@1
                                  000026b1        49   func ,l         1
  _r_uart3_callback_softwareoverrun@1
                                  000026fa         1   func ,l         1
  _r_uart3_callback_sendend@1
                                  000026fb         7   func ,l         1
  _r_uart3_callback_error@1
                                  00002702         1   func ,l         1
FILE=.\src\r_cg_timer.obj
                                  00002703  0000280f       10d
  _R_TAU0_Create
                                  00002703        ad   func ,g         2
  _R_TAU0_Channel0_Start
                                  000027b0        10   func ,g         1
  _R_TAU0_Channel0_Stop
                                  000027c0        10   func ,g         0
  _R_TAU0_Channel1_Start
                                  000027d0        10   func ,g         0
  _R_TAU0_Channel1_Stop
                                  000027e0        10   func ,g         0
  _R_TAU0_Channel2_Start
                                  000027f0        10   func ,g         0
  _R_TAU0_Channel2_Stop
                                  00002800        10   func ,g         0
FILE=.\src\r_cg_wdt.obj
                                  00002810  00002824        15
  _R_WDT_Create
                                  00002810        11   func ,g         1
  _R_WDT_Restart
                                  00002821         4   func ,g         c
FILE=.\src\r_main.obj
                                  00002825  00002bbf       39b
  _nostop_checkHandSensor
                                  00002825        31   func ,g         0
  _readHS
                                  00002856        15   func ,g         0
  _main
                                  0000286b       2f4   func ,g         1
  _R_MAIN_UserInit
                                  00002b5f        61   func ,g         1
FILE=.\src\r_systeminit.obj
                                  00002bc0  00002bf6        37
  _R_Systeminit
                                  00002bc0        32   func ,g         1
  _hdwinit
                                  00002bf2         5   func ,g         1
FILE=.\src\usr_timer.obj
                                  00002bf7  00002cf1        fb
  _delay_ms
                                  00002bf7        68   func ,g         4
  _delay
                                  00002c5f        18   func ,g         0
  _ns_delay_ms
                                  00002c77        35   func ,g        29
  _non_block_delay
                                  00002cac         2   func ,g         0
  _mTask
                                  00002cae        44   func ,g         0

SECTION=.const
FILE=.\src\EEPROM.obj
                                  00003000  00003001         2
FILE=.\src\crc32.obj
                                  00003002  00003401       400
  _crc32_table
                                  00003002       400   data ,g         2
FILE=.\src\crc8.obj
                                  00003402  00003501       100
  _crc_table@1
                                  00003402       100   data ,l         2
FILE=.\src\main.obj
                                  00003502  00003505         4
  _time_setting_p
                                  00003502         2   data ,g         0
  _number_setting_p
                                  00003504         2   data ,g         0
FILE=.\src\r_main.obj
                                  00003506  0000350f         a

SECTION=.RLIB
FILE=memcpy
                                  00003510  00003520        11
  _memcpy
                                  00003510         0   none ,g         7
FILE=_COM_faddsub
                                  00003521  0000365b       13b
  __COM_fsub
                                  0000357d         0   none ,g         0
  __COM_fadd
                                  00003585         0   none ,g         2
FILE=_COM_fdiv
                                  0000365c  00003789       12e
  __COM_fdiv
                                  000036bb         0   none ,g         4
FILE=_COM_fge
                                  0000378a  0000379f        16
  __COM_fge
                                  0000378a         0   none ,g         3
FILE=_COM_fgt
                                  000037a0  000037b5        16
  __COM_fgt
                                  000037a0         0   none ,g         3
FILE=_COM_fle
                                  000037b6  000037cb        16
  __COM_fle
                                  000037b6         0   none ,g         3
FILE=_COM_flt
                                  000037cc  000037e1        16
  __COM_flt
                                  000037cc         0   none ,g         6
FILE=_COM_fmul
                                  000037e2  000038ce        ed
  __COM_fmul
                                  0000382d         0   none ,g         8
FILE=_COM_ftoul
                                  000038cf  000038da         c
  __COM_ftoul
                                  000038cf         0   none ,g         2
FILE=_COM_funordered
                                  000038db  000038e5         b
  __COM_funordered
                                  000038db         0   none ,g         8
FILE=_COM_ultof
                                  000038e6  000038eb         6
  __COM_ultof
                                  000038e6         0   none ,g         7
FILE=_REL_fcmp
                                  000038ec  00003923        38
  __REL_fcmp
                                  000038ec         0   none ,g         4
FILE=_REL_fordered_core
                                  00003924  0000393f        1c
  __REL_fordered_core
                                  00003924         0   none ,g         5
FILE=_REL_ftol
                                  00003940  00003974        35
  __REL_ftol
                                  00003940         0   none ,g         1
FILE=_REL_f_inf
                                  00003975  0000397c         8
  __REL_f_inf
                                  00003975         0   none ,g         5
FILE=_REL_f_norm
                                  0000397d  0000398c        10
  __REL_f_norm
                                  0000397d         0   none ,g         3
FILE=_REL_f_round
                                  0000398d  0000399f        13
  __REL_f_round
                                  0000398d         0   none ,g         4
FILE=_REL_ltof
                                  000039a0  000039e9        4a
  __REL_ltof
                                  000039a0         0   none ,g         1
FILE=_COM_lshr
                                  000039ea  00003a0a        21
  __COM_lshr
                                  000039f4         0   none ,g         1

SECTION=.monitor2
FILE=rlink_generates_02
                                  0007fe00  0007ffff       200

SECTION=.bss
FILE=.\src\EEPROM.obj
                                  000f4700  000f4726        27
  _eeprom_status
                                  000f4700         1   data ,g         c
    union  EEPROM_status_u {
                                                   1
      _eeprom_status.refined
                                  000f4700         1
    struct  {
                                                   1
      _eeprom_status.refined.RB
                                  000f4700         1   unsigned char:1(7)
      _eeprom_status.refined.WEN
                                  000f4700         1   unsigned char:1(6)
      _eeprom_status.refined.BP
                                  000f4700         1   unsigned char:2(4)
      _eeprom_status.refined.RSVD
                                  000f4700         1   unsigned char:3(1)
      _eeprom_status.refined.WPEN
                                  000f4700         1   unsigned char:1(0)
    }
      _eeprom_status.raw
                                  000f4700         1   unsigned char
    }
  _spi_flag
                                  000f4702         2   data ,g         3
  _buf
                                  000f4704        23   data ,g        12
FILE=.\src\interrupt_handle.obj
                                  000f4728  000f472b         4
  _g_adc_value
                                  000f4728         4   data ,g         4
FILE=.\src\main.obj
                                  000f472c  000f48f1       1c6
  _g_TickKeeper@1
                                  000f472c        14   data ,l         e
    struct Tick_Keeper_s {
                                                  14
      _g_TickKeeper@1.SV1_ON_minutes
                                  000f472c         4   unsigned long
      _g_TickKeeper@1.SV1_OFF_minutes
                                  000f4730         4   unsigned long
      _g_TickKeeper@1.SV2_ON_minutes
                                  000f4734         4   unsigned long
      _g_TickKeeper@1.SV2_OFF_minutes
                                  000f4738         4   unsigned long
      _g_TickKeeper@1.neutralization
                                  000f473c         4   unsigned long
    }
  _g_callan_clear_flag@3
                                  000f4740         1   data ,l         3
  _g_numberSetting
                                  000f4742        26   data ,g        31
    struct Number_Setting_s {
                                                  26
      _g_numberSetting.upperVoltage1
                                  000f4742         4   float
      _g_numberSetting.upperVoltage2
                                  000f4746         4   float
      _g_numberSetting.upperVoltage3
                                  000f474a         4   float
      _g_numberSetting.lowerVoltage
                                  000f474e         4   float
      _g_numberSetting.upperCurrent
                                  000f4752         4   float
      _g_numberSetting.lowerCurrent
                                  000f4756         4   float
      _g_numberSetting.upperFlow
                                  000f475a         4   float
      _g_numberSetting.lowerFlow
                                  000f475e         4   float
      _g_numberSetting.cvccCurrent
                                  000f4762         4   float
      _g_numberSetting.crc
                                  000f4766         1   char
    }
  _g_color
                                  000f4768         1   data ,g         c
  _g_pre_color
                                  000f4769         1   data ,g         3
  _g_flow_value
                                  000f476a         4   data ,g         2
  _g_alarm
                                  000f476e         2   data ,g         f
    union  Alarm_Flag_u {
                                                   2
      _g_alarm.refined
                                  000f476e         2
    struct  {
                                                   2
      _g_alarm.refined.overVoltage1
                                  000f476e         1   unsigned char:1(7)
      _g_alarm.refined.overVoltage2
                                  000f476e         1   unsigned char:1(6)
      _g_alarm.refined.overVoltage3
                                  000f476e         1   unsigned char:1(5)
      _g_alarm.refined.overCurrent
                                  000f476e         1   unsigned char:1(4)
      _g_alarm.refined.overFlow
                                  000f476e         1   unsigned char:1(3)
      _g_alarm.refined.underVoltage
                                  000f476e         1   unsigned char:1(2)
      _g_alarm.refined.underCurrent
                                  000f476e         1   unsigned char:1(1)
      _g_alarm.refined.cvcc
                                  000f476e         1   unsigned char:1(0)
      _g_alarm.refined.underFlow
                                  000f476f         1   unsigned char:1(7)
    }
    }
  _g_machine_state
                                  000f4770         8   data ,g        34
    struct Machine_State_u {
                                                   8
      _g_machine_state.akaline
                                  000f4770         1   unsigned char
      _g_machine_state.acid
                                  000f4771         1   unsigned char
      _g_machine_state.water
                                  000f4772         1   unsigned char
      _g_machine_state.handwash
                                  000f4773         1   unsigned char
      _g_machine_state.waterSupply
                                  000f4774         1   unsigned char
      _g_machine_state.flowSensor
                                  000f4775         1   unsigned char
      _g_machine_state.user
                                  000f4776         1   unsigned char
      _g_machine_state.mode
                                  000f4777         1   unsigned char
    }
  _g_io_status
                                  000f4778        12   data ,g        38
    union  IO_Status_u {
                                                  12
      _g_io_status.refined
                                  000f4778        12
    struct  {
                                                  12
      _g_io_status.refined.AlkalineEmptyLevel
                                  000f4778         1   unsigned char:1(7)
      _g_io_status.refined.AlkalineLowLevel
                                  000f4778         1   unsigned char:1(6)
      _g_io_status.refined.AlkalineHighLevel
                                  000f4778         1   unsigned char:1(5)
      _g_io_status.refined.AcidEmptyLevel
                                  000f4778         1   unsigned char:1(4)
      _g_io_status.refined.AcidLowLevel
                                  000f4778         1   unsigned char:1(3)
      _g_io_status.refined.AcidHighLevel
                                  000f4778         1   unsigned char:1(2)
      _g_io_status.refined.SaltLowLevel
                                  000f4778         1   unsigned char:1(1)
      _g_io_status.refined.SaltHighLevel
                                  000f4778         1   unsigned char:1(0)
      _g_io_status.refined.Valve
                                  000f4779         2
    struct  {
                                                   2
      _g_io_status.refined.Valve.SV1
                                  000f4779         1   unsigned char:1(7)
      _g_io_status.refined.Valve.SV2
                                  000f4779         1   unsigned char:1(6)
      _g_io_status.refined.Valve.SV3
                                  000f4779         1   unsigned char:1(5)
      _g_io_status.refined.Valve.SV4
                                  000f4779         1   unsigned char:1(4)
      _g_io_status.refined.Valve.SV5
                                  000f4779         1   unsigned char:1(3)
      _g_io_status.refined.Valve.SV6
                                  000f4779         1   unsigned char:1(2)
      _g_io_status.refined.Valve.SV7
                                  000f4779         1   unsigned char:1(1)
      _g_io_status.refined.Valve.SV8
                                  000f4779         1   unsigned char:1(0)
      _g_io_status.refined.Valve.SV9
                                  000f477a         1   unsigned char:1(7)
      _g_io_status.refined.Valve.RSVD
                                  000f477a         1   unsigned char:7(0)
    }
      _g_io_status.refined.Pump1
                                  000f477b         1   unsigned char:1(7)
      _g_io_status.refined.Pump2
                                  000f477b         1   unsigned char:1(6)
      _g_io_status.refined.SaltPump
                                  000f477b         1   unsigned char:1(5)
      _g_io_status.refined.RSVD1
                                  000f477b         1   unsigned char:4(1)
      _g_io_status.refined.MachineMode
                                  000f477c         1   unsigned char
      _g_io_status.refined.FlowValue
                                  000f477e         4   float
      _g_io_status.refined.CVCCVoltage
                                  000f4782         4   float
      _g_io_status.refined.CVCCCurrent
                                  000f4786         4   float
    }
    }
  _g_pre_io_status
                                  000f478a        12   data ,g         9
    union  IO_Status_u {
                                                  12
      _g_pre_io_status.refined
                                  000f478a        12
    struct  {
                                                  12
      _g_pre_io_status.refined.AlkalineEmptyLevel
                                  000f478a         1   unsigned char:1(7)
      _g_pre_io_status.refined.AlkalineLowLevel
                                  000f478a         1   unsigned char:1(6)
      _g_pre_io_status.refined.AlkalineHighLevel
                                  000f478a         1   unsigned char:1(5)
      _g_pre_io_status.refined.AcidEmptyLevel
                                  000f478a         1   unsigned char:1(4)
      _g_pre_io_status.refined.AcidLowLevel
                                  000f478a         1   unsigned char:1(3)
      _g_pre_io_status.refined.AcidHighLevel
                                  000f478a         1   unsigned char:1(2)
      _g_pre_io_status.refined.SaltLowLevel
                                  000f478a         1   unsigned char:1(1)
      _g_pre_io_status.refined.SaltHighLevel
                                  000f478a         1   unsigned char:1(0)
      _g_pre_io_status.refined.Valve
                                  000f478b         2
    struct  {
                                                   2
      _g_pre_io_status.refined.Valve.SV1
                                  000f478b         1   unsigned char:1(7)
      _g_pre_io_status.refined.Valve.SV2
                                  000f478b         1   unsigned char:1(6)
      _g_pre_io_status.refined.Valve.SV3
                                  000f478b         1   unsigned char:1(5)
      _g_pre_io_status.refined.Valve.SV4
                                  000f478b         1   unsigned char:1(4)
      _g_pre_io_status.refined.Valve.SV5
                                  000f478b         1   unsigned char:1(3)
      _g_pre_io_status.refined.Valve.SV6
                                  000f478b         1   unsigned char:1(2)
      _g_pre_io_status.refined.Valve.SV7
                                  000f478b         1   unsigned char:1(1)
      _g_pre_io_status.refined.Valve.SV8
                                  000f478b         1   unsigned char:1(0)
      _g_pre_io_status.refined.Valve.SV9
                                  000f478c         1   unsigned char:1(7)
      _g_pre_io_status.refined.Valve.RSVD
                                  000f478c         1   unsigned char:7(0)
    }
      _g_pre_io_status.refined.Pump1
                                  000f478d         1   unsigned char:1(7)
      _g_pre_io_status.refined.Pump2
                                  000f478d         1   unsigned char:1(6)
      _g_pre_io_status.refined.SaltPump
                                  000f478d         1   unsigned char:1(5)
      _g_pre_io_status.refined.RSVD1
                                  000f478d         1   unsigned char:4(1)
      _g_pre_io_status.refined.MachineMode
                                  000f478e         1   unsigned char
      _g_pre_io_status.refined.FlowValue
                                  000f4790         4   float
      _g_pre_io_status.refined.CVCCVoltage
                                  000f4794         4   float
      _g_pre_io_status.refined.CVCCCurrent
                                  000f4798         4   float
    }
    }
  __settingTime
                                  000f479c        8e   data ,g         8
    struct Timer_Setting_s {
                                                  8e
      __settingTime.t1_initialWaterDrainageOperation_s
                                  000f479c         4   unsigned long
      __settingTime.t2_flowSensorStartTime_s
                                  000f47a0         4   unsigned long
      __settingTime.t3_flowSensorMonitorTime_s
                                  000f47a4         4   unsigned long
      __settingTime.t4_electrolysisOperationStart_s
                                  000f47a8         4   unsigned long
      __settingTime.t5_electrolysisStopDelay_s
                                  000f47ac         4   unsigned long
      __settingTime.t6_drainageOffTime_h
                                  000f47b0         4   unsigned long
      __settingTime.t7_powerOnPreparation_s
                                  000f47b4         4   unsigned long
      __settingTime.t8_flowRateAdjustmentRelease_s
                                  000f47b8         4   unsigned long
      __settingTime.t9_currentAdjustmentRelease_s
                                  000f47bc         4   unsigned long
      __settingTime.t10_electrolysisCurrentAlarmSpecified_s
                                  000f47c0         4   unsigned long
      __settingTime.t11_overVoltage1Time_s
                                  000f47c4         4   unsigned long
      __settingTime.t12_overVoltage2Time_s
                                  000f47c8         4   unsigned long
      __settingTime.t13_overVoltage3Time_s
                                  000f47cc         4   unsigned long
      __settingTime.t14_lowVoltageStartTime_s
                                  000f47d0         4   unsigned long
      __settingTime.t15_lowVoltageDelayTime_s
                                  000f47d4         4   unsigned long
      __settingTime.t16_currentMonitoringStart_s
                                  000f47d8         4   unsigned long
      __settingTime.t17_solenoidLeakageStartTime_s
                                  000f47dc         4   unsigned long
      __settingTime.t18_fullWaterMonitoringStart_h
                                  000f47e0         4   unsigned long
      __settingTime.t19_waterFilterAlarm_h
                                  000f47e4         4   unsigned long
      __settingTime.t20_waterFilterAlarmIgnore_h
                                  000f47e8         4   unsigned long
      __settingTime.t26_onDelayEmptyLevel_s
                                  000f47ec         4   unsigned long
      __settingTime.t27_onDelayLowLevel_s
                                  000f47f0         4   unsigned long
      __settingTime.t28_onDelayHighLevel_s
                                  000f47f4         4   unsigned long
      __settingTime.t30_offDelayEmptyLevel_s
                                  000f47f8         4   unsigned long
      __settingTime.t31_saltLowLevelDelay_s
                                  000f47fc         4   unsigned long
      __settingTime.t32_saltHighLevelDelay_s
                                  000f4800         4   unsigned long
      __settingTime.t51_alkalineWaterSpoutingTime_s
                                  000f4804         4   unsigned long
      __settingTime.t52_acidWaterSpoutingTime_s
                                  000f4808         4   unsigned long
      __settingTime.t53_washingWaterSpoutingTime_s
                                  000f480c         4   unsigned long
      __settingTime.t54_overLapTime_ms
                                  000f4810         4   unsigned long
      __settingTime.t55_waterDischargeDelay_s
                                  000f4814         4   unsigned long
      __settingTime.t56_acidWaterDownTime_s
                                  000f4818         4   unsigned long
      __settingTime.t59_alkalineWaterDownTime_s
                                  000f481c         4   unsigned long
      __settingTime.t61_curranCleaningIntervalTime_h
                                  000f4820         4   unsigned long
      __settingTime.t62_callanWashSpoutingTime_s
                                  000f4824         4   unsigned long
      __settingTime.crc
                                  000f4828         1   char
    }
  __settingNumber
                                  000f482a        26   data ,g         8
    struct Number_Setting_s {
                                                  26
      __settingNumber.upperVoltage1
                                  000f482a         4   float
      __settingNumber.upperVoltage2
                                  000f482e         4   float
      __settingNumber.upperVoltage3
                                  000f4832         4   float
      __settingNumber.lowerVoltage
                                  000f4836         4   float
      __settingNumber.upperCurrent
                                  000f483a         4   float
      __settingNumber.lowerCurrent
                                  000f483e         4   float
      __settingNumber.upperFlow
                                  000f4842         4   float
      __settingNumber.lowerFlow
                                  000f4846         4   float
      __settingNumber.cvccCurrent
                                  000f484a         4   float
      __settingNumber.crc
                                  000f484e         1   char
    }
  _g_machine_mode
                                  000f4850         1   data ,g         4
  _btod
                                  000f4852         4   data ,g         6
    union  BytesToDouble {
                                                   4
      _btod.refined
                                  000f4852         4
    struct  {
                                                   4
      _btod.refined.data
                                  000f4852         4   unsigned char
    }
      _btod.raw
                                  000f4852         4   unsigned long
    }
  _g_Tick
                                  000f4856        90   data ,g        71
    struct Tick_s {
                                                  90
      _g_Tick.tick500ms
                                  000f4856         4   unsigned long
      _g_Tick.tick1s
                                  000f485a         4   unsigned long
      _g_Tick.tick5s
                                  000f485e         4   unsigned long
      _g_Tick.tickBlink
                                  000f4862         4   unsigned long
      _g_Tick.tickAlkaline
                                  000f4866         4   unsigned long
      _g_Tick.tickAcid
                                  000f486a         4   unsigned long
      _g_Tick.tickWater
                                  000f486e         4   unsigned long
      _g_Tick.tickHandWash
                                  000f4872         4   unsigned long
      _g_Tick.tickWaterSupply
                                  000f4876         4   unsigned long
      _g_Tick.tickFlowMeasurment
                                  000f487a         4   unsigned long
      _g_Tick.tickDebouceHandSensor
                                  000f487e         4   unsigned long
      _g_Tick.tickVoltage1Check
                                  000f4882         4   unsigned long
      _g_Tick.tickVoltage2Check
                                  000f4886         4   unsigned long
      _g_Tick.tickVoltage3Check
                                  000f488a         4   unsigned long
      _g_Tick.tickVoltageLowCheck
                                  000f488e         4   unsigned long
      _g_Tick.tickCurrentCheck
                                  000f4892         4   unsigned long
      _g_Tick.tickElectrolyticOff
                                  000f4896         4   unsigned long
      _g_Tick.tickWaterSoftenerPCB
                                  000f489a         4   unsigned long
      _g_Tick.tickValvePCB
                                  000f489e         4   unsigned long
      _g_Tick.tickRS485
                                  000f48a2         4   unsigned long
      _g_Tick.tickAcidLevel
                                  000f48a6         c   unsigned long
      _g_Tick.tickAlkalineLevel
                                  000f48b2         c   unsigned long
      _g_Tick.tickHandSensor
                                  000f48be         8   unsigned long
      _g_Tick.tickCustom
                                  000f48c6        20   unsigned long
    }
  _water_solfner_buf
                                  000f48e6         7   data ,g         5
    struct UART3_Buffer_s {
                                                   7
      _water_solfner_buf.busy
                                  000f48e6         1   unsigned char
      _water_solfner_buf.head
                                  000f48e7         1   unsigned char
      _water_solfner_buf.set_number
                                  000f48e8         1   unsigned char
      _water_solfner_buf.set_value
                                  000f48e9         4   unsigned char
    }
  __flow_pulse
                                  000f48ee         4   data ,g         8
FILE=.\src\r_cg_rtc_user.obj
                                  000f48f2  000f48f8         7
  _g_rtc
                                  000f48f2         7   data ,g         0
    struct  {
                                                   7
      _g_rtc.sec
                                  000f48f2         1   unsigned char
      _g_rtc.min
                                  000f48f3         1   unsigned char
      _g_rtc.hour
                                  000f48f4         1   unsigned char
      _g_rtc.day
                                  000f48f5         1   unsigned char
      _g_rtc.week
                                  000f48f6         1   unsigned char
      _g_rtc.month
                                  000f48f7         1   unsigned char
      _g_rtc.year
                                  000f48f8         1   unsigned char
    }
FILE=.\src\r_cg_serial.obj
                                  000f48fa  000f492f        36
  _gp_uart1_tx_address
                                  000f48fa         2   data ,g         5
  _g_uart1_tx_count
                                  000f48fc         2   data ,g         4
  _gp_uart1_rx_address
                                  000f48fe         2   data ,g         3
  _g_uart1_rx_count
                                  000f4900         2   data ,g         4
  _g_uart1_rx_length
                                  000f4902         2   data ,g         3
  _gp_csi00_rx_address
                                  000f4904         2   data ,g         0
  _g_csi00_rx_length
                                  000f4906         2   data ,g         0
  _g_csi00_rx_count
                                  000f4908         2   data ,g         0
  _gp_csi00_tx_address
                                  000f490a         2   data ,g         6
  _g_csi00_send_length
                                  000f490c         2   data ,g         0
  _g_csi00_tx_count
                                  000f490e         2   data ,g         4
  _gp_csi01_rx_address
                                  000f4910         2   data ,g         5
  _g_csi01_rx_length
                                  000f4912         2   data ,g         1
  _g_csi01_rx_count
                                  000f4914         2   data ,g         1
  _gp_csi01_tx_address
                                  000f4916         2   data ,g         7
  _g_csi01_send_length
                                  000f4918         2   data ,g         0
  _g_csi01_tx_count
                                  000f491a         2   data ,g         7
  _gp_uart2_tx_address
                                  000f491c         2   data ,g         5
  _g_uart2_tx_count
                                  000f491e         2   data ,g         4
  _gp_uart2_rx_address
                                  000f4920         2   data ,g         3
  _g_uart2_rx_count
                                  000f4922         2   data ,g         4
  _g_uart2_rx_length
                                  000f4924         2   data ,g         3
  _gp_uart3_tx_address
                                  000f4926         2   data ,g         5
  _g_uart3_tx_count
                                  000f4928         2   data ,g         4
  _gp_uart3_rx_address
                                  000f492a         2   data ,g         3
  _g_uart3_rx_count
                                  000f492c         2   data ,g         4
  _g_uart3_rx_length
                                  000f492e         2   data ,g         3
FILE=.\src\r_cg_serial_user.obj
                                  000f4930  000f49f3        c4
  _g_uart3_rx_data
                                  000f4930         8   data ,g         8
  _send_response_flag
                                  000f4938         1   data ,g         0
  _send_response_time_flag
                                  000f4939         1   data ,g         0
  _send_response_number_flag
                                  000f493a         1   data ,g         0
  _recived_time_setting_flag
                                  000f493b         1   data ,g         0
  _send_respone_status_flag
                                  000f493c         1   data ,g         0
  _recived_number_setting_flag
                                  000f493d         1   data ,g         0
  _commnunication_flag
                                  000f493e         d   data ,g        39
    struct Communicaition_flag_s {
                                                   d
      _commnunication_flag.send_response_flag
                                  000f493e         1   unsigned char
      _commnunication_flag.send_response_time_flag
                                  000f493f         1   unsigned char
      _commnunication_flag.send_response_number_flag
                                  000f4940         1   unsigned char
      _commnunication_flag.recived_number_setting_flag
                                  000f4941         1   unsigned char
      _commnunication_flag.recived_time_setting_flag
                                  000f4942         1   unsigned char
      _commnunication_flag.send_respone_status_flag
                                  000f4943         1   unsigned char
      _commnunication_flag.send_response_mode_flag
                                  000f4944         1   unsigned char
      _commnunication_flag.alarm_clear_flag
                                  000f4945         1   unsigned char
      _commnunication_flag.rs485_send_to_watersolfner_response_flag
                                  000f4946         1   unsigned char
      _commnunication_flag.rs485_send_to_watersolfner_SV1_flag
                                  000f4947         1   unsigned char
      _commnunication_flag.rs485_send_to_valve_response_flag
                                  000f4948         1   unsigned char
      _commnunication_flag.rs485_get_valve_gesture_flag
                                  000f4949         1   unsigned char
      _commnunication_flag.rs485_fault
                                  000f494a         1   unsigned char
    }
  _g_csi_count
                                  000f494b         1   data ,g         0
  _g_csi_err
                                  000f494c         1   data ,g         0
  _g_csi_send_end
                                  000f494d         1   data ,g         1
  _g_csi_rev_end
                                  000f494e         1   data ,g         3
  _g_uart1_send
                                  000f494f         1   data ,g         0
  _g_uart2_sendend
                                  000f4950         1   data ,g         c
  _g_uart2_receive
                                  000f4951         1   data ,g         1
  _g_rx_data
                                  000f4952        a0   data ,g        1d
  _g_uart2_fault
                                  000f49f2         1   data ,g         3
  _g_uart3_sendend
                                  000f49f3         1   data ,g         6
FILE=.\src\r_cg_timer_user.obj
                                  000f49f4  000f49fb         8
  _timer0_ch0_flag
                                  000f49f4         1   data ,g         1
  _timer0_ch1_flag
                                  000f49f5         1   data ,g         1
  _timer0_ch2_flag
                                  000f49f6         1   data ,g         1
  _g_systemTime
                                  000f49f8         4   data ,g        68
FILE=.\src\r_main.obj
                                  000f49fc  000f4aac        b1
  _g_TickKeeper@1
                                  000f49fc        14   data ,l        18
    struct Tick_Keeper_s {
                                                  14
      _g_TickKeeper@1.SV1_ON_minutes
                                  000f49fc         4   unsigned long
      _g_TickKeeper@1.SV1_OFF_minutes
                                  000f4a00         4   unsigned long
      _g_TickKeeper@1.SV2_ON_minutes
                                  000f4a04         4   unsigned long
      _g_TickKeeper@1.SV2_OFF_minutes
                                  000f4a08         4   unsigned long
      _g_TickKeeper@1.neutralization
                                  000f4a0c         4   unsigned long
    }
  _g_e_status
                                  000f4a10         1   data ,g         0
    union  EEPROM_status_u {
                                                   1
      _g_e_status.refined
                                  000f4a10         1
    struct  {
                                                   1
      _g_e_status.refined.RB
                                  000f4a10         1   unsigned char:1(7)
      _g_e_status.refined.WEN
                                  000f4a10         1   unsigned char:1(6)
      _g_e_status.refined.BP
                                  000f4a10         1   unsigned char:2(4)
      _g_e_status.refined.RSVD
                                  000f4a10         1   unsigned char:3(1)
      _g_e_status.refined.WPEN
                                  000f4a10         1   unsigned char:1(0)
    }
      _g_e_status.raw
                                  000f4a10         1   unsigned char
    }
  _ret_number_setting
                                  000f4a12        26   data ,g         0
    struct Number_Setting_s {
                                                  26
      _ret_number_setting.upperVoltage1
                                  000f4a12         4   float
      _ret_number_setting.upperVoltage2
                                  000f4a16         4   float
      _ret_number_setting.upperVoltage3
                                  000f4a1a         4   float
      _ret_number_setting.lowerVoltage
                                  000f4a1e         4   float
      _ret_number_setting.upperCurrent
                                  000f4a22         4   float
      _ret_number_setting.lowerCurrent
                                  000f4a26         4   float
      _ret_number_setting.upperFlow
                                  000f4a2a         4   float
      _ret_number_setting.lowerFlow
                                  000f4a2e         4   float
      _ret_number_setting.cvccCurrent
                                  000f4a32         4   float
      _ret_number_setting.crc
                                  000f4a36         1   char
    }
  _flow_p
                                  000f4a38         1   data ,g         1
  _salt_h_p
                                  000f4a39         1   data ,g         0
  _g_eeprom_wren
                                  000f4a3a         1   data ,g         0
  _receive_data
                                  000f4a3b         2   data ,g         0
  _receive_setting
                                  000f4a3e        26   data ,g         0
    struct Number_Setting_s {
                                                  26
      _receive_setting.upperVoltage1
                                  000f4a3e         4   float
      _receive_setting.upperVoltage2
                                  000f4a42         4   float
      _receive_setting.upperVoltage3
                                  000f4a46         4   float
      _receive_setting.lowerVoltage
                                  000f4a4a         4   float
      _receive_setting.upperCurrent
                                  000f4a4e         4   float
      _receive_setting.lowerCurrent
                                  000f4a52         4   float
      _receive_setting.upperFlow
                                  000f4a56         4   float
      _receive_setting.lowerFlow
                                  000f4a5a         4   float
      _receive_setting.cvccCurrent
                                  000f4a5e         4   float
      _receive_setting.crc
                                  000f4a62         1   char
    }
  _set
                                  000f4a64         1   data ,g         0
    union  EEPROM_status_u {
                                                   1
      _set.refined
                                  000f4a64         1
    struct  {
                                                   1
      _set.refined.RB
                                  000f4a64         1   unsigned char:1(7)
      _set.refined.WEN
                                  000f4a64         1   unsigned char:1(6)
      _set.refined.BP
                                  000f4a64         1   unsigned char:2(4)
      _set.refined.RSVD
                                  000f4a64         1   unsigned char:3(1)
      _set.refined.WPEN
                                  000f4a64         1   unsigned char:1(0)
    }
      _set.raw
                                  000f4a64         1   unsigned char
    }
  _rx_data
                                  000f4a66         c   data ,g         0
  _data_f
                                  000f4a72         4   data ,g         0
  _data_f_test
                                  000f4a76         4   data ,g         0
    union  byte_to_float {
                                                   4
      _data_f_test.refined
                                  000f4a76         4
    struct  {
                                                   4
      _data_f_test.refined.b
                                  000f4a76         4   unsigned char
    }
      _data_f_test.raw
                                  000f4a76         4   float
    }
  _g_control_buffer
                                  000f4a7a         6   data ,g         5
    struct UART_Buffer_s {
                                                   6
      _g_control_buffer.head
                                  000f4a7a         1   unsigned char
      _g_control_buffer.set_number
                                  000f4a7b         1   unsigned char
      _g_control_buffer.set_value
                                  000f4a7c         4   float
    }
  _handsensor_status
                                  000f4a80         1   data ,g         0
    union   {
                                                   1
      _handsensor_status.
                                  000f4a80         1
    struct  {
                                                   1
      _handsensor_status..up_signal
                                  000f4a80         1   unsigned char
    }
      _handsensor_status.status
                                  000f4a80         1   unsigned char
    }
  _g_handsensor_status
                                  000f4a81         2   data ,g         3
  _g_crc
                                  000f4a83         8   data ,g         2
  _g_crc_32
                                  000f4a8c        20   data ,g         0
  _rx_count
                                  000f4aac         1   data ,g         1

SECTION=.dataR
FILE=.\src\main.obj
                                  000f4aae  000f4b44        97
  _g_timerSetting
                                  000f4aae        8e   data ,g        5a
    struct Timer_Setting_s {
                                                  8e
      _g_timerSetting.t1_initialWaterDrainageOperation_s
                                  000f4aae         4   unsigned long
      _g_timerSetting.t2_flowSensorStartTime_s
                                  000f4ab2         4   unsigned long
      _g_timerSetting.t3_flowSensorMonitorTime_s
                                  000f4ab6         4   unsigned long
      _g_timerSetting.t4_electrolysisOperationStart_s
                                  000f4aba         4   unsigned long
      _g_timerSetting.t5_electrolysisStopDelay_s
                                  000f4abe         4   unsigned long
      _g_timerSetting.t6_drainageOffTime_h
                                  000f4ac2         4   unsigned long
      _g_timerSetting.t7_powerOnPreparation_s
                                  000f4ac6         4   unsigned long
      _g_timerSetting.t8_flowRateAdjustmentRelease_s
                                  000f4aca         4   unsigned long
      _g_timerSetting.t9_currentAdjustmentRelease_s
                                  000f4ace         4   unsigned long
      _g_timerSetting.t10_electrolysisCurrentAlarmSpecified_s
                                  000f4ad2         4   unsigned long
      _g_timerSetting.t11_overVoltage1Time_s
                                  000f4ad6         4   unsigned long
      _g_timerSetting.t12_overVoltage2Time_s
                                  000f4ada         4   unsigned long
      _g_timerSetting.t13_overVoltage3Time_s
                                  000f4ade         4   unsigned long
      _g_timerSetting.t14_lowVoltageStartTime_s
                                  000f4ae2         4   unsigned long
      _g_timerSetting.t15_lowVoltageDelayTime_s
                                  000f4ae6         4   unsigned long
      _g_timerSetting.t16_currentMonitoringStart_s
                                  000f4aea         4   unsigned long
      _g_timerSetting.t17_solenoidLeakageStartTime_s
                                  000f4aee         4   unsigned long
      _g_timerSetting.t18_fullWaterMonitoringStart_h
                                  000f4af2         4   unsigned long
      _g_timerSetting.t19_waterFilterAlarm_h
                                  000f4af6         4   unsigned long
      _g_timerSetting.t20_waterFilterAlarmIgnore_h
                                  000f4afa         4   unsigned long
      _g_timerSetting.t26_onDelayEmptyLevel_s
                                  000f4afe         4   unsigned long
      _g_timerSetting.t27_onDelayLowLevel_s
                                  000f4b02         4   unsigned long
      _g_timerSetting.t28_onDelayHighLevel_s
                                  000f4b06         4   unsigned long
      _g_timerSetting.t30_offDelayEmptyLevel_s
                                  000f4b0a         4   unsigned long
      _g_timerSetting.t31_saltLowLevelDelay_s
                                  000f4b0e         4   unsigned long
      _g_timerSetting.t32_saltHighLevelDelay_s
                                  000f4b12         4   unsigned long
      _g_timerSetting.t51_alkalineWaterSpoutingTime_s
                                  000f4b16         4   unsigned long
      _g_timerSetting.t52_acidWaterSpoutingTime_s
                                  000f4b1a         4   unsigned long
      _g_timerSetting.t53_washingWaterSpoutingTime_s
                                  000f4b1e         4   unsigned long
      _g_timerSetting.t54_overLapTime_ms
                                  000f4b22         4   unsigned long
      _g_timerSetting.t55_waterDischargeDelay_s
                                  000f4b26         4   unsigned long
      _g_timerSetting.t56_acidWaterDownTime_s
                                  000f4b2a         4   unsigned long
      _g_timerSetting.t59_alkalineWaterDownTime_s
                                  000f4b2e         4   unsigned long
      _g_timerSetting.t61_curranCleaningIntervalTime_h
                                  000f4b32         4   unsigned long
      _g_timerSetting.t62_callanWashSpoutingTime_s
                                  000f4b36         4   unsigned long
      _g_timerSetting.crc
                                  000f4b3a         1   char
    }
  _g_electrolytic_flag
                                  000f4b3c         1   data ,g         2
  _test_control_buf
                                  000f4b3e         6   data ,g         0
    struct UART_Buffer_s {
                                                   6
      _test_control_buf.head
                                  000f4b3e         1   unsigned char
      _test_control_buf.set_number
                                  000f4b3f         1   unsigned char
      _test_control_buf.set_value
                                  000f4b40         4   float
    }
  __pre_flow_state
                                  000f4b44         1   data ,g         2
FILE=.\src\r_main.obj
                                  000f4b46  000f4b5f        1a
  _g_error
                                  000f4b46         2   data ,g         0
  _g_adc_ch
                                  000f4b48         2   data ,g         0
  _led_st
                                  000f4b4a         1   data ,g         2
  _send_data
                                  000f4b4b         2   data ,g         0
  _this_size
                                  000f4b4d         1   data ,g         0
  _this_size_2
                                  000f4b4e         1   data ,g         0
  _send_buf
                                  000f4b4f         7   data ,g         0
  _data_crc
                                  000f4b56         8   data ,g         0
  _dac_out
                                  000f4b5e         2   data ,g         2

Absolute value symbols
FILE=rlink_generates_05
  __s.text
                                  0000018a         0   none ,g         0
  __e.text
                                  000004a4         0   none ,g         0
  __s.textf
                                  000004a4         0   none ,g         0
  __e.textf
                                  00002cf2         0   none ,g         0
  __s.const
                                  00003000         0   none ,g         0
  __e.const
                                  00003510         0   none ,g         0
  __s.constf
                                  00000080         0   none ,g         0
  __e.constf
                                  00000080         0   none ,g         0
  __s.data
                                  000000d8         0   none ,g         0
  __e.data
                                  0000018a         0   none ,g         0
  __s.sdata
                                  00000080         0   none ,g         0
  __e.sdata
                                  00000080         0   none ,g         0
  __s.bss
                                  000f4700         0   none ,g         0
  __e.bss
                                  000f4aad         0   none ,g         0
  __s.sbss
                                  000ffe20         0   none ,g         0
  __e.sbss
                                  000ffe20         0   none ,g         0
  __s.dataR
                                  000f4aae         0   none ,g         0
  __e.dataR
                                  000f4b60         0   none ,g         0
  __s.sdataR
                                  000ffe20         0   none ,g         0
  __e.sdataR
                                  000ffe20         0   none ,g         0
  __s.RLIB
                                  00003510         0   none ,g         0
  __e.RLIB
                                  00003a0b         0   none ,g         0
  __s.SLIB
                                  000000c4         0   none ,g         0
  __e.SLIB
                                  000000c4         0   none ,g         0
  __s.option_byte
                                  000000c0         0   none ,g         0
  __e.option_byte
                                  000000c4         0   none ,g         0
  __s.monitor1
                                  000000ce         0   none ,g         0
  __e.monitor1
                                  000000d8         0   none ,g         0
  __s.monitor2
                                  0007fe00         0   none ,g         0
  __e.monitor2
                                  00080000         0   none ,g         0
  __s.security_id
                                  000000c4         0   none ,g         0
  __e.security_id
                                  000000ce         0   none ,g         0
  __s.vect
                                  00000000         0   none ,g         0
  __e.vect
                                  00000080         0   none ,g         0
  __RAM_ADDR_START
                                  000f3f00         0   none ,g         0
  __RAM_ADDR_END
                                  000ffee0         0   none ,g         0
  __STACK_ADDR_START
                                  000ffe20         0   none ,g         1
  __STACK_ADDR_END
                                  000f4b60         0   none ,g         1

*** Unfilled Areas ***

AREA                                START    END

*** Delete Symbols ***

SYMBOL                                SIZE    INFO

*** Variable Vector Table List ***

ADDRESS  SYMBOL/ADDRESS
00       _start
02       ffff
04       _r_wdt_interrupt@1
06       
08       
0a       
0c       
0e       
10       
12       
14       _r_uart2_interrupt_send@1
16       _r_uart2_interrupt_receive@1
18       
1a       
1c       
1e       _r_csi00_interrupt@1
20       _r_csi01_interrupt@1
22       
24       _r_uart1_interrupt_send@1
26       _r_uart1_interrupt_receive@1
28       
2a       
2c       _r_tau0_channel0_interrupt@1
2e       _r_tau0_channel1_interrupt@1
30       _r_tau0_channel2_interrupt@1
32       
34       _r_adc_interrupt@1
36       
38       
3a       
3c       _r_uart3_interrupt_send@1
3e       _r_uart3_interrupt_receive@1
40       
42       
44       
46       
48       
4a       
4c       
4e       
50       
52       
54       
56       
58       
5a       
5c       
5e       
60       
62       
64       
66       
68       
6a       
6c       
6e       
70       
72       
74       
76       
78       
7a       
7c       
7e       

*** Cross Reference List ***

No   Unit Name   Global.Symbol   Location External Infomation
---- ----------- --------------- -------- ---------------------
0001 cstart
     SECTION=.text
                 _start
                                 0000018a
                 _exit
                                 000001e2 0001(000001e3:.text)
     SECTION=.textf
     SECTION=.const
     SECTION=.constf
     SECTION=.data
     SECTION=.sdata
     SECTION=.bss
     SECTION=.sbss
     SECTION=.dataR
     SECTION=.sdataR
     SECTION=.RLIB
     SECTION=.SLIB
     SECTION=.dataR
     SECTION=.sdataR
0002 stkinit
     SECTION=.textf
                 _stkinit
                                 000004a4 0001(00000192:.text)
0003 EEPROM
     SECTION=.textf
                 _EEPROM_Init
                                 000004e8 0024(00002875:.textf)
                 _rEE_Status
                                 00000513 0003(00000580:.textf)
                                          0003(000005ab:.textf)
                                          0003(000005ea:.textf)
                                          0003(00000620:.textf)
                                          0003(0000065f:.textf)
                                          0003(000006b3:.textf)
                 _sEE_WriteEnable
                                 0000052e 0003(000005b0:.textf)
                                          0003(00000615:.textf)
                                          0003(0000073c:.textf)
                 _sEE_WriteDisable
                                 00000540
                 _EE_SPI_Write
                                 00000552 0007(00000d79:.textf)
                                          0007(00000e10:.textf)
                 _EE_SPI_Read
                                 00000631 0024(00002882:.textf)
                                          0024(00002893:.textf)
                 _sEE_Block
                                 000006e8
                 _sEE_SendInstruction
                                 000006f9
                 _sEE_SendReceiveInstruction
                                 000006fc
                 _EE_TransmitData
                                 00000700 0003(00000525:.textf)
                                          0003(0000053c:.textf)
                                          0003(0000054e:.textf)
                                          0003(000005ba:.textf)
                                          0003(0000062f:.textf)
                                          0003(0000066d:.textf)
                                          0003(000006c4:.textf)
                                          0003(000006fb:.textf)
                                          0003(000006ff:.textf)
                                          0003(00000743:.textf)
                 _sEE_WriteStatusRegister
                                 0000072c 0003(00000511:.textf)
                                          0003(000006f8:.textf)
     SECTION=.bss
                 _eeprom_status
                                 000f4700 0003(00000507:.textf)
                                          0003(0000050c:.textf)
                                          0003(0000052a:.textf)
                                          0003(00000583:.textf)
                                          0003(000005a5:.textf)
                                          0003(000005ed:.textf)
                                          0003(0000061a:.textf)
                                          0003(00000662:.textf)
                                          0003(000006b6:.textf)
                                          0003(000006f0:.textf)
                                          0003(000006f5:.textf)
                                          0003(0000072e:.textf)
                 _spi_flag
                                 000f4702 0003(000004fb:.textf)
                                          0003(00000701:.textf)
                                          0003(0000071f:.textf)
                 _buf
                                 000f4704 0003(00000557:.textf)
                                          0003(0000055c:.textf)
                                          0003(00000576:.textf)
                                          0003(0000059a:.textf)
                                          0003(000005b7:.textf)
                                          0003(000005bd:.textf)
                                          0003(000005d4:.textf)
                                          0003(0000060d:.textf)
                                          0003(0000062a:.textf)
                                          0003(00000636:.textf)
                                          0003(0000063b:.textf)
                                          0003(00000655:.textf)
                                          0003(0000066a:.textf)
                                          0003(0000067d:.textf)
                                          0003(00000689:.textf)
                                          0003(000006a0:.textf)
                                          0003(000006c1:.textf)
                                          0003(000006dd:.textf)
     SECTION=.const
0004 crc32
     SECTION=.textf
                 _xcrc32
                                 00000747
                 _CRC32
                                 00000795
     SECTION=.const
                 _crc32_table
                                 00003002 0004(00000767:.textf)
                                          0004(000007b2:.textf)
0005 crc8
     SECTION=.textf
                 _crc8_4
                                 000007e6 0024(00002b38:.textf)
                 _crc8_1
                                 00000829 0007(00000cbb:.textf)
                                          0007(00000ceb:.textf)
                                          0007(00000d55:.textf)
                                          0007(00000dd4:.textf)
                                          0007(00000de5:.textf)
                                          0024(00002b44:.textf)
     SECTION=.const
0006 interrupt_handle
     SECTION=.textf
                 _adc_int_handle
                                 00000846 0009(000001ef:.text)
     SECTION=.bss
                 _g_adc_value
                                 000f4728 0006(0000084f:.textf)
                                          0006(00000856:.textf)
                                          0006(00000888:.textf)
[...]
                                          0007(000014a4:.textf)
                                          0007(000014aa:.textf)
                                          0007(000014b0:.textf)
                                          0007(000014e7:.textf)
                                          0007(000014ed:.textf)
                                          0007(000014fe:.textf)
                                          0007(00001504:.textf)
                                          0007(000015ac:.textf)
                                          0007(000015b2:.textf)
                                          0007(00001663:.textf)
                                          0007(00001669:.textf)
                                          0007(00001827:.textf)
                                          0007(0000182d:.textf)
                                          0007(0000185e:.textf)
                                          0007(00001864:.textf)
                                          0007(0000190f:.textf)
                                          0007(00001915:.textf)
                                          0007(000019b2:.textf)
                                          0007(000019bb:.textf)
                                          0007(00001aab:.textf)
                                          0007(00001ab1:.textf)
                                          0007(00001b28:.textf)
                                          0007(00001b2e:.textf)
                                          0007(00001b74:.textf)
                                          0007(00001b77:.textf)
                                          0007(00001bc8:.textf)
                                          0007(00001bcd:.textf)
                                          0021(00000480:.text)
                                          0021(00000488:.text)
                                          0021(0000048b:.text)
                                          0021(0000048f:.text)
                                          0024(00002969:.textf)
                                          0024(0000296f:.textf)
                                          0024(000029b7:.textf)
                                          0024(000029ba:.textf)
                                          0024(00002a04:.textf)
                                          0024(00002a0a:.textf)
                                          0024(00002a39:.textf)
                                          0024(00002a3f:.textf)
                                          0026(00002bfd:.textf)
                                          0026(00002c02:.textf)
                                          0026(00002c31:.textf)
                                          0026(00002c38:.textf)
                                          0026(00002c3f:.textf)
                                          0026(00002c47:.textf)
                                          0026(00002c7c:.textf)
                                          0026(00002c81:.textf)
                                          0026(00002c9d:.textf)
                                          0026(00002ca3:.textf)
                                          0026(00002cb6:.textf)
                                          0026(00002cbb:.textf)
                                          0026(00002ce4:.textf)
                                          0026(00002cea:.textf)
     SECTION=.text
0022 r_cg_wdt
     SECTION=.textf
                 _R_WDT_Create
                                 00002810 0025(00002be3:.textf)
                 _R_WDT_Restart
                                 00002821 0007(00000c63:.textf)
                                          0007(00000ca3:.textf)
                                          0007(00000cd3:.textf)
                                          0007(00000d03:.textf)
                                          0007(00000e77:.textf)
                                          0007(00000f87:.textf)
                                          0007(00000fcc:.textf)
                                          0007(000014d9:.textf)
                                          0007(00001b93:.textf)
                                          0007(00001c35:.textf)
                                          0024(00002b59:.textf)
                                          0026(00002c6e:.textf)
0023 r_cg_wdt_user
     SECTION=.text
0024 r_main
     SECTION=.textf
                 _nostop_checkHandSensor
                                 00002825
                 _readHS
                                 00002856
                 _main
                                 0000286b 0001(000001de:.text)
                 _R_MAIN_UserInit
                                 00002b5f 0024(0000286e:.textf)
     SECTION=.bss
                 _g_e_status
                                 000f4a10
                 _ret_number_setting
                                 000f4a12
                 _flow_p
                                 000f4a38 0024(00002a92:.textf)
                 _salt_h_p
                                 000f4a39
                 _g_eeprom_wren
                                 000f4a3a
                 _receive_data
                                 000f4a3b
                 _receive_setting
                                 000f4a3e
                 _set
                                 000f4a64
                 _rx_data
                                 000f4a66
                 _data_f
                                 000f4a72
                 _data_f_test
                                 000f4a76
                 _g_control_buffer
                                 000f4a7a 0007(00000b4c:.textf)
                                          0007(00000b50:.textf)
                                          0007(00000b54:.textf)
                                          0007(00000b58:.textf)
                                          0007(00000b63:.textf)
                 _handsensor_status
                                 000f4a80
                 _g_handsensor_status
                                 000f4a81 0024(0000283b:.textf)
                                          0024(00002842:.textf)
                                          0024(0000284b:.textf)
                 _g_crc
                                 000f4a83 0024(00002b3c:.textf)
                                          0024(00002b48:.textf)
                 _g_crc_32
                                 000f4a8c
                 _rx_count
                                 000f4aac 0024(000029f9:.textf)
     SECTION=.dataR
                 _g_error
                                 000f4b46
                 _g_adc_ch
                                 000f4b48
                 _led_st
                                 000f4b4a 0024(00002b25:.textf)
                                          0024(00002b2d:.textf)
                 _send_data
                                 000f4b4b
                 _this_size
                                 000f4b4d
                 _this_size_2
                                 000f4b4e
                 _send_buf
                                 000f4b4f
                 _data_crc
                                 000f4b56
                 _dac_out
                                 000f4b5e 0024(00002b4b:.textf)
                                          0024(00002b52:.textf)
     SECTION=.const
     SECTION=.data
0025 r_systeminit
     SECTION=.textf
                 _R_Systeminit
                                 00002bc0 0025(00002bf6:.textf)
                 _hdwinit
                                 00002bf2 0001(00000196:.text)
0026 usr_timer
     SECTION=.textf
                 _delay_ms
                                 00002bf7 0007(0000156b:.textf)
                                          0024(00002861:.textf)
                                          0024(0000291f:.textf)
                                          0026(00002c6b:.textf)
                 _delay
                                 00002c5f
                 _ns_delay_ms
                                 00002c77 0007(000009d6:.textf)
                                          0007(00000a25:.textf)
                                          0007(00000a68:.textf)
                                          0007(00000aae:.textf)
                                          0007(00000afd:.textf)
                                          0007(00000b40:.textf)
                                          0007(00000ecd:.textf)
                                          0007(00000ef1:.textf)
                                          0007(00000f7c:.textf)
                                          0007(00000fbf:.textf)
                                          0007(00001047:.textf)
                                          0007(000010f2:.textf)
                                          0007(0000119c:.textf)
                                          0007(00001291:.textf)
                                          0007(0000142d:.textf)
                                          0007(00001706:.textf)
                                          0007(0000174c:.textf)
                                          0007(00001764:.textf)
                                          0007(0000178c:.textf)
                                          0007(000017c5:.textf)
                                          0007(000017e2:.textf)
                                          0007(0000180b:.textf)
                                          0007(0000187d:.textf)
                                          0007(000018b0:.textf)
                                          0007(000018c8:.textf)
                                          0007(00001930:.textf)
                                          0007(00001959:.textf)
                                          0007(0000197b:.textf)
                                          0007(000019d4:.textf)
                                          0007(00001a07:.textf)
                                          0007(00001ae9:.textf)
                                          0007(00001bb3:.textf)
                                          0007(00001bfd:.textf)
                                          0007(00001d05:.textf)
                                          0024(00002833:.textf)
                                          0024(0000297f:.textf)
                                          0024(00002a1a:.textf)
                                          0024(00002a58:.textf)
                                          0024(00002a86:.textf)
                                          0024(00002a9d:.textf)
                                          0024(00002b1d:.textf)
                 _non_block_delay
                                 00002cac
                 _mTask
                                 00002cae
0027 memcpy
     SECTION=.RLIB
                 _memcpy
                                 00003510 0007(00000d6a:.textf)
                                          0007(00000e03:.textf)
                                          0024(000028a2:.textf)
                                          0024(000028af:.textf)
                                          0024(000029ad:.textf)
                                          0024(000029eb:.textf)
                                          0024(00002a7a:.textf)
0028 _COM_faddsub
     SECTION=.RLIB
                 __COM_fsub
                                 0000357d
                 __COM_fadd
                                 00003585 0007(00001c22:.textf)
                                          0007(00001cdc:.textf)
0029 _COM_fdiv
     SECTION=.RLIB
                 __COM_fdiv
                                 000036bb 0007(00001c63:.textf)
                                          0007(00001c80:.textf)
                                          0007(00001d42:.textf)
                                          0007(00001d5e:.textf)
0030 _COM_fge
     SECTION=.RLIB
                 __COM_fge
                                 0000378a 0007(0000110d:.textf)
                                          0007(000011b2:.textf)
                                          0007(00001a5d:.textf)
0031 _COM_fgt
     SECTION=.RLIB
                 __COM_fgt
                                 000037a0 0007(00000f32:.textf)
                                          0007(0000125e:.textf)
                                          0007(000013c6:.textf)
0032 _COM_fle
     SECTION=.RLIB
                 __COM_fle
                                 000037b6 0007(00001325:.textf)
                                          0007(0000137e:.textf)
                                          0007(00001553:.textf)
0033 _COM_flt
     SECTION=.RLIB
                 __COM_flt
                                 000037cc 0007(00000f1c:.textf)
                                          0007(00001014:.textf)
                                          0007(000010bf:.textf)
                                          0007(00001169:.textf)
                                          0007(00001352:.textf)
                                          0007(0000140e:.textf)
0034 _COM_fmul
     SECTION=.RLIB
                 __COM_fmul
                                 0000382d 0006(00000866:.textf)
                                          0006(00000874:.textf)
                                          0006(0000089f:.textf)
                                          0006(000008ad:.textf)
                                          0007(00001c47:.textf)
                                          0007(00001c55:.textf)
                                          0007(00001d26:.textf)
                                          0007(00001d34:.textf)
0035 _COM_ftoul
     SECTION=.RLIB
                 __COM_ftoul
                                 000038cf 0007(000012bc:.textf)
                                          0007(0000138b:.textf)
0036 _COM_funordered
     SECTION=.RLIB
                 __COM_funordered
                                 000038db 0007(00001001:.textf)
                                          0007(000010ac:.textf)
                                          0007(00001156:.textf)
                                          0007(0000124b:.textf)
                                          0007(0000133f:.textf)
                                          0007(000013b3:.textf)
                                          0007(000013fb:.textf)
                                          0007(00001a4a:.textf)
0037 _COM_ultof
     SECTION=.RLIB
                 __COM_ultof
                                 000038e6 0006(0000085a:.textf)
                                          0006(00000893:.textf)
                                          0007(00000c78:.textf)
                                          0007(000012c0:.textf)
                                          0007(0000138f:.textf)
                                          0007(00001c75:.textf)
                                          0007(00001d53:.textf)
0038 _REL_fcmp
     SECTION=.RLIB
                 __REL_fcmp
                                 000038ec 0030(00003794:.RLIB)
                                          0031(000037aa:.RLIB)
                                          0032(000037c0:.RLIB)
                                          0033(000037d6:.RLIB)
0039 _REL_fordered_core
     SECTION=.RLIB
                 __REL_fordered_core
                                 00003924 0030(0000378d:.RLIB)
                                          0031(000037a3:.RLIB)
                                          0032(000037b9:.RLIB)
                                          0033(000037cf:.RLIB)
                                          0036(000038de:.RLIB)
0040 _REL_ftol
     SECTION=.RLIB
                 __REL_ftol
                                 00003940 0035(000038d5:.RLIB)
0041 _REL_f_inf
     SECTION=.RLIB
                 __REL_f_inf
                                 00003975 0028(00003614:.RLIB)
                                          0029(000036a5:.RLIB)
                                          0029(00003745:.RLIB)
                                          0034(000037ff:.RLIB)
                                          0034(000038a2:.RLIB)
0042 _REL_f_norm
     SECTION=.RLIB
                 __REL_f_norm
                                 0000397d 0029(00003686:.RLIB)
                                          0029(000036b1:.RLIB)
                                          0034(00003820:.RLIB)
0043 _REL_f_round
     SECTION=.RLIB
                 __REL_f_round
                                 0000398d 0028(00003621:.RLIB)
                                          0028(00003659:.RLIB)
                                          0029(00003787:.RLIB)
                                          0034(000038af:.RLIB)
0044 _REL_ltof
     SECTION=.RLIB
                 __REL_ltof
                                 000039a0 0037(000038e9:.RLIB)
0045 _COM_lshr
     SECTION=.RLIB
                 __COM_lshr
                                 000039f4 0040(0000396c:.RLIB)
0046 rlink_generates_01
     SECTION=.option_byte
0047 rlink_generates_02
     SECTION=.monitor1
     SECTION=.monitor2
0048 rlink_generates_03
     SECTION=.security_id
0049 rlink_generates_04
     SECTION=.vect
0050 rlink_generates_05
     SECTION=
                 __s.vect
                                 00000000
                 __s.constf
                                 00000080
                 __e.constf
                                 00000080
                 __s.sdata
                                 00000080
                 __e.sdata
                                 00000080
                 __e.vect
                                 00000080
                 __s.option_byte
                                 000000c0
                 __s.SLIB
                                 000000c4
                 __e.SLIB
                                 000000c4
                 __e.option_byte
                                 000000c4
                 __s.security_id
                                 000000c4
                 __s.monitor1
                                 000000ce
                 __e.security_id
                                 000000ce
                 __s.data
                                 000000d8
                 __e.monitor1
                                 000000d8
                 __s.text
                                 0000018a
                 __e.data
                                 0000018a
                 __e.text
                                 000004a4
                 __s.textf
                                 000004a4
                 __e.textf
                                 00002cf2
                 __s.const
                                 00003000
                 __e.const
                                 00003510
                 __s.RLIB
                                 00003510
                 __e.RLIB
                                 00003a0b
                 __s.monitor2
                                 0007fe00
                 __e.monitor2
                                 00080000
                 __RAM_ADDR_START
                                 000f3f00
                 __s.bss
                                 000f4700
                 __e.bss
                                 000f4aad
                 __s.dataR
                                 000f4aae
                 __e.dataR
                                 000f4b60
                 __STACK_ADDR_END
                                 000f4b60 0001(0000018f:.text)
                 __s.sbss
                                 000ffe20
                 __e.sbss
                                 000ffe20
                 __s.sdataR
                                 000ffe20
                 __e.sdataR
                                 000ffe20
                 __STACK_ADDR_START
                                 000ffe20 0001(0000018c:.text)
                 __RAM_ADDR_END
                                 000ffee0
