Renesas Optimizing Linker (W3.03.00 )             23-Nov-2021 09:22:37

*** Options ***

-subcommand=LinkerControlPCB_HWM.tmp
-MAKEUD=D:\Chieniwa\E2_Studio\ControlPCB_HWM\HardwareDebug/ControlPCB_HWM_l.ud
-device="D:/Chieniwa/E2_Studio/.eclipse/com.renesas.platform_1435879475/DebugComp/RL78/RL78/Common/DR5F104ML.DVF"
-list="ControlPCB_HWM.map"
-show=all
-nooptimize
-entry=_start
-auto_section_layout
-security_id=00000000000000000000
-debug_monitor=7FE00-7FFFF
-user_opt_byte=FFFFF8
-ocdbg=84
-ocdtr
-input=".\generate\cstart.obj"
-input=".\generate\stkinit.obj"
-input=".\src\EEPROM.obj"
-input=".\src\interupt_handle.obj"
-input=".\src\main.obj"
-input=".\src\r_cg_adc.obj"
-input=".\src\r_cg_adc_user.obj"
-input=".\src\r_cg_cgc.obj"
-input=".\src\r_cg_cgc_user.obj"
-input=".\src\r_cg_dac.obj"
-input=".\src\r_cg_dac_user.obj"
-input=".\src\r_cg_port.obj"
-input=".\src\r_cg_port_user.obj"
-input=".\src\r_cg_rtc.obj"
-input=".\src\r_cg_rtc_user.obj"
-input=".\src\r_cg_serial.obj"
-input=".\src\r_cg_serial_user.obj"
-input=".\src\r_cg_timer.obj"
-input=".\src\r_cg_timer_user.obj"
-input=".\src\r_cg_wdt.obj"
-input=".\src\r_cg_wdt_user.obj"
-input=".\src\r_main.obj"
-input=".\src\r_systeminit.obj"
-input=".\src\usr_timer.obj"
-library="C:\Program Files (x86)\Renesas Electronics\CS+\CC\CC-RL\V1.10.00\lib\rl78em4s99.lib"
-library="C:\Program Files (x86)\Renesas Electronics\CS+\CC\CC-RL\V1.10.00\lib\rl78em4r.lib"
-library="C:\Program Files (x86)\Renesas Electronics\CS+\CC\CC-RL\V1.10.00\lib\malloc_n.lib"
-output="ControlPCB_HWM.abs"
-debug
-nocompress
-rom=.data=.dataR,.sdata=.sdataR
-nomessage
-nologo

*** Error information ***

*** Mapping List ***

SECTION                            START      END         SIZE   ALIGN
.vect
                                  00000000  0000007f        80   0
.constf
                                  00000080  00000080         0   2
.sdata
                                  00000080  00000080         0   2
.option_byte
                                  000000c0  000000c3         4   1
.security_id
                                  000000c4  000000cd         a   1
.SLIB
                                  000000c4  000000c4         0   1
.monitor1
                                  000000ce  000000d7         a   1
.data
                                  000000d8  00000120        49   2
.text
                                  00000121  0000043a       31a   1
.textf
                                  0000043b  0000189b      1461   1
.RLIB
                                  0000189c  00001da4       509   1
.const
                                  00003000  00003001         2   2
.monitor2
                                  0007fe00  0007ffff       200   1
.bss
                                  000f4700  000f47f1        f2   2
.dataR
                                  000f47f2  000f483a        49   2
.sbss
                                  000ffe20  000ffe20         0   2
.sdataR
                                  000ffe20  000ffe20         0   2

*** Total Section Size ***

RAMDATA SECTION:  0000013b Byte(s)
ROMDATA SECTION:  000002e3 Byte(s)
PROGRAM SECTION:  00001c84 Byte(s)

*** Symbol List ***

SECTION=
FILE=                               START        END    SIZE
  SYMBOL                            ADDR        SIZE    INFO      COUNTS  OPT
    STRUCT                                      SIZE
      MEMBER                        ADDR        SIZE    INFO

SECTION=.vect
FILE=rlink_generates_04
                                  00000000  0000007f        80

SECTION=.option_byte
FILE=rlink_generates_01
                                  000000c0  000000c3         4

SECTION=.security_id
FILE=rlink_generates_03
                                  000000c4  000000cd         a

SECTION=.monitor1
FILE=rlink_generates_02
                                  000000ce  000000d7         a

SECTION=.data
FILE=.\src\main.obj
                                  000000d8  00000100        29
FILE=.\src\r_main.obj
                                  00000102  00000120        1f

SECTION=.text
FILE=.\generate\cstart.obj
                                  00000121  0000017a        5a
  _start
                                  00000121         0   entry,g         0
  _exit
                                  00000179         0   none ,g         1
FILE=.\src\r_cg_adc_user.obj
                                  0000017b  00000194        1a
  _r_adc_interrupt@1
                                  0000017b        1a   func ,l         0
FILE=.\src\r_cg_serial_user.obj
                                  00000195  00000412       27e
  _r_uart1_interrupt_receive@1
                                  00000195        5f   func ,l         0
  _r_uart1_interrupt_send@1
                                  000001f4        31   func ,l         0
  _r_csi00_interrupt@1
                                  00000225        49   func ,l         0
  _r_csi01_interrupt@1
                                  0000026e        85   func ,l         0
  _r_uart2_interrupt_receive@1
                                  000002f3        5f   func ,l         0
  _r_uart2_interrupt_send@1
                                  00000352        31   func ,l         0
  _r_uart3_interrupt_receive@1
                                  00000383        5f   func ,l         0
  _r_uart3_interrupt_send@1
                                  000003e2        31   func ,l         0
FILE=.\src\r_cg_timer_user.obj
                                  00000413  00000438        26
  _r_tau0_channel0_interrupt@1
                                  00000413        1c   func ,l         0
  _r_tau0_channel1_interrupt@1
                                  0000042f         5   func ,l         0
  _r_tau0_channel2_interrupt@1
                                  00000434         5   func ,l         0
FILE=.\src\r_cg_wdt_user.obj
                                  00000439  0000043a         2
  _r_wdt_interrupt@1
                                  00000439         2   func ,l         0

SECTION=.textf
FILE=.\generate\stkinit.obj
                                  0000043b  0000047e        44
  _stkinit
                                  0000043b         0   none ,g         1
  LSTINIT1
                                  00000449         0   none ,l         1
  LSTINIT2
                                  00000473         0   none ,l         2
  LSTINIT3
                                  0000047e         0   none ,l         2
FILE=.\src\EEPROM.obj
                                  0000047f  000005f9       17b
  _EEPROM_Init
                                  0000047f        2b   func ,g         1
  _rEE_Status
                                  000004aa        1b   func ,g         1
  _sEE_WriteEnable
                                  000004c5        12   func ,g         2
  _sEE_WriteDisable
                                  000004d7        12   func ,g         0
  _EE_SPI_Write
                                  000004e9        5a   func ,g         0
  _EE_SPI_Read
                                  00000543        58   func ,g         0
  _sEE_Block
                                  0000059b        11   func ,g         0
  _sEE_SendInstruction
                                  000005ac         3   func ,g         0
  _sEE_SendReceiveInstruction
                                  000005af         4   func ,g         0
  _EE_TransmitData
                                  000005b3        2c   func ,g         8
  _sEE_WriteStatusRegister
                                  000005df        1b   func ,g         2
FILE=.\src\interupt_handle.obj
                                  000005fa  0000063a        41
  _adc_int_handle
                                  000005fa        41   func ,g         1
FILE=.\src\main.obj
                                  0000063b  00000df8       7be
  _setting_default
                                  0000063b        7c   func ,g         1
  _sendToRasPi
                                  000006b7        33   func ,g         7
  _InitialOperationModeStart
                                  000006ea        5e   func ,g         1
  _WaterSupplyOperation
                                  00000748        b8   func ,g         1
  _ElectrolyticOperation
                                  00000800       281   func ,g         1
  _solenoidCheck
                                  00000a81        76   func ,g         0
  _main_20211111
                                  00000af7        2e   func ,g         0
  _waitReset
                                  00000b25         e   func ,g         2
  _electrolyticOperationON
                                  00000b33         a   func ,g         1
  _electrolyticOperationOFF
                                  00000b3d         a   func ,g         8
  _overVoltage1Error
                                  00000b47         1   func ,g         0
  _overVoltage2Error
                                  00000b48         1   func ,g         0
  _overVoltage3Error
                                  00000b49        85   func ,g         0
  _lowVoltageError
                                  00000bce        95   func ,g         0
  _currentError
                                  00000c63        e0   func ,g         0
  _solenoidValueError
                                  00000d43         1   func ,g         0
  _callAlarm
                                  00000d44         4   func ,g         0
  _measureFlowSensor
                                  00000d48        b1   func ,g         1
FILE=.\src\r_cg_adc.obj
                                  00000df9  00000e5a        62
  _R_ADC_Create
                                  00000df9        33   func ,g         2
  _R_ADC_Start
                                  00000e2c         a   func ,g         2
  _R_ADC_Stop
                                  00000e36         a   func ,g         0
  _R_ADC_Set_OperationOn
                                  00000e40         4   func ,g         1
  _R_ADC_Set_OperationOff
                                  00000e44         4   func ,g         0
  _R_ADC_Get_Result
                                  00000e48         7   func ,g         2
  _R_ADC_Set_ADChannel
                                  00000e4f         c   func ,g         0
FILE=.\src\r_cg_cgc.obj
                                  00000e5b  00000e70        16
  _R_CGC_Create
                                  00000e5b        16   func ,g         1
FILE=.\src\r_cg_cgc_user.obj
                                  00000e71  00000e73         3
  _R_CGC_Get_ResetSource
                                  00000e71         3   func ,g         1
FILE=.\src\r_cg_dac.obj
                                  00000e74  00000ea6        33
  _R_DAC_Create
                                  00000e74        1d   func ,g         1
  _R_DAC0_Start
                                  00000e91         4   func ,g         0
  _R_DAC0_Stop
                                  00000e95         4   func ,g         0
  _R_DAC0_Set_ConversionValue
                                  00000e99         3   func ,g         0
  _R_DAC1_Start
                                  00000e9c         4   func ,g         0
  _R_DAC1_Stop
                                  00000ea0         4   func ,g         0
  _R_DAC1_Set_ConversionValue
                                  00000ea4         3   func ,g         0
FILE=.\src\r_cg_port.obj
                                  00000ea7  00000eec        46
  _R_PORT_Create
                                  00000ea7        46   func ,g         1
FILE=.\src\r_cg_port_user.obj
                                  00000eed  00000eed         1
  _R_PORT_Create_UserInit
                                  00000eed         1   func ,g         1
FILE=.\src\r_cg_rtc.obj
                                  00000eee  0000102b       13e
  _R_RTC_Create
                                  00000eee        27   func ,g         2
  _R_RTC_Start
                                  00000f15         4   func ,g         1
  _R_RTC_Stop
                                  00000f19         4   func ,g         0
  _R_RTC_Get_CounterValue
                                  00000f1d        51   func ,g         0
  _R_RTC_Set_CounterValue
                                  00000f6e        be   func ,g         1
FILE=.\src\r_cg_serial.obj
                                  0000102c  0000151e       4f3
  _R_CSI01_Receive
                                  0000102c        1a   func ,g         0
  _R_CSI01_Send
                                  00001046        26   func ,g         0
  _R_SAU0_Create
                                  0000106c        17   func ,g         2
  _R_UART1_Create
                                  00001083        7e   func ,g         2
  _R_UART1_Start
                                  00001101        26   func ,g         1
  _R_UART1_Stop
                                  00001127        1e   func ,g         0
  _R_UART1_Receive
                                  00001145        18   func ,g         0
  _R_UART1_Send
                                  0000115d        29   func ,g         0
  _R_CSI00_Create
                                  00001186        53   func ,g         2
  _R_CSI00_Start
                                  000011d9        26   func ,g         1
  _R_CSI00_Stop
                                  000011ff        18   func ,g         0
  _R_CSI00_Send
                                  00001217        28   func ,g         0
  _R_CSI01_Create
                                  0000123f        5a   func ,g         3
  _R_CSI01_Start
                                  00001299        26   func ,g         1
  _R_CSI01_Stop
                                  000012bf        18   func ,g         1
  _R_CSI01_Send_Receive
                                  000012d7        36   func ,g         1
  _R_SAU1_Create
                                  0000130d        14   func ,g         2
  _R_UART2_Create
                                  00001321        7e   func ,g         2
  _R_UART2_Start
                                  0000139f        26   func ,g         2
  _R_UART2_Stop
                                  000013c5        1e   func ,g         1
  _R_UART2_Receive
                                  000013e3        18   func ,g         3
  _R_UART2_Send
                                  000013fb        29   func ,g         2
  _R_UART3_Create
                                  00001424        76   func ,g         2
  _R_UART3_Start
                                  0000149a        26   func ,g         1
  _R_UART3_Stop
                                  000014c0        1e   func ,g         0
  _R_UART3_Receive
                                  000014de        18   func ,g         0
  _R_UART3_Send
                                  000014f6        29   func ,g         0
FILE=.\src\r_cg_serial_user.obj
                                  0000151f  00001555        37
  _r_uart1_callback_receiveend@1
                                  0000151f         1   func ,l         1
  _r_uart1_callback_softwareoverrun@1
                                  00001520         1   func ,l         1
  _r_uart1_callback_sendend@1
                                  00001521         1   func ,l         1
  _r_uart1_callback_error@1
                                  00001522         1   func ,l         1
  _r_csi00_callback_sendend@1
                                  00001523         1   func ,l         1
  _r_csi01_callback_receiveend@1
                                  00001524         7   func ,l         1
  _r_csi01_callback_error@1
                                  0000152b         1   func ,l         1
  _r_csi01_callback_sendend@1
                                  0000152c         4   func ,l         1
  _r_uart2_callback_receiveend@1
                                  00001530        1c   func ,l         1
  _r_uart2_callback_softwareoverrun@1
                                  0000154c         1   func ,l         1
  _r_uart2_callback_sendend@1
                                  0000154d         4   func ,l         1
  _r_uart2_callback_error@1
                                  00001551         1   func ,l         1
  _r_uart3_callback_receiveend@1
                                  00001552         1   func ,l         1
  _r_uart3_callback_softwareoverrun@1
                                  00001553         1   func ,l         1
  _r_uart3_callback_sendend@1
                                  00001554         1   func ,l         1
  _r_uart3_callback_error@1
                                  00001555         1   func ,l         1
FILE=.\src\r_cg_timer.obj
                                  00001556  00001662       10d
  _R_TAU0_Create
                                  00001556        ad   func ,g         2
  _R_TAU0_Channel0_Start
                                  00001603        10   func ,g         1
  _R_TAU0_Channel0_Stop
                                  00001613        10   func ,g         0
  _R_TAU0_Channel1_Start
                                  00001623        10   func ,g         0
  _R_TAU0_Channel1_Stop
                                  00001633        10   func ,g         0
  _R_TAU0_Channel2_Start
                                  00001643        10   func ,g         0
  _R_TAU0_Channel2_Stop
                                  00001653        10   func ,g         0
FILE=.\src\r_cg_wdt.obj
                                  00001663  00001677        15
  _R_WDT_Create
                                  00001663        11   func ,g         1
  _R_WDT_Restart
                                  00001674         4   func ,g         7
FILE=.\src\r_main.obj
                                  00001678  00001772        fb
  _main
                                  00001678        b0   func ,g         1
  _R_MAIN_UserInit
                                  00001728        4b   func ,g         1
FILE=.\src\r_systeminit.obj
                                  00001773  000017a9        37
  _R_Systeminit
                                  00001773        32   func ,g         1
  _hdwinit
                                  000017a5         5   func ,g         1
FILE=.\src\usr_timer.obj
                                  000017aa  0000189b        f2
  _delay_ms
                                  000017aa        68   func ,g         b
  _delay
                                  00001812         f   func ,g         5
  _ns_delay_ms
                                  00001821        35   func ,g         3
  _non_block_delay
                                  00001856         2   func ,g         0
  _mTask
                                  00001858        44   func ,g         0

SECTION=.RLIB
FILE=memcpy
                                  0000189c  000018ac        11
  _memcpy
                                  0000189c         0   none ,g         1
FILE=memset
                                  000018ad  000018ba         e
  _memset
                                  000018ad         0   none ,g         2
FILE=_COM_faddsub
                                  000018bb  000019f5       13b
  __COM_fsub
                                  00001917         0   none ,g         0
  __COM_fadd
                                  0000191f         0   none ,g         1
FILE=_COM_fdiv
                                  000019f6  00001b23       12e
  __COM_fdiv
                                  00001a55         0   none ,g         1
FILE=_COM_fge
                                  00001b24  00001b39        16
  __COM_fge
                                  00001b24         0   none ,g         5
FILE=_COM_fgt
                                  00001b3a  00001b4f        16
  __COM_fgt
                                  00001b3a         0   none ,g         4
FILE=_COM_fle
                                  00001b50  00001b65        16
  __COM_fle
                                  00001b50         0   none ,g         2
FILE=_COM_flt
                                  00001b66  00001b7b        16
  __COM_flt
                                  00001b66         0   none ,g         5
FILE=_COM_fmul
                                  00001b7c  00001c68        ed
  __COM_fmul
                                  00001bc7         0   none ,g         8
FILE=_COM_ftoul
                                  00001c69  00001c74         c
  __COM_ftoul
                                  00001c69         0   none ,g         1
FILE=_COM_funordered
                                  00001c75  00001c7f         b
  __COM_funordered
                                  00001c75         0   none ,g         9
FILE=_COM_ultof
                                  00001c80  00001c85         6
  __COM_ultof
                                  00001c80         0   none ,g         7
FILE=_REL_fcmp
                                  00001c86  00001cbd        38
  __REL_fcmp
                                  00001c86         0   none ,g         4
FILE=_REL_fordered_core
                                  00001cbe  00001cd9        1c
  __REL_fordered_core
                                  00001cbe         0   none ,g         5
FILE=_REL_ftol
                                  00001cda  00001d0e        35
  __REL_ftol
                                  00001cda         0   none ,g         1
FILE=_REL_f_inf
                                  00001d0f  00001d16         8
  __REL_f_inf
                                  00001d0f         0   none ,g         5
FILE=_REL_f_norm
                                  00001d17  00001d26        10
  __REL_f_norm
                                  00001d17         0   none ,g         3
FILE=_REL_f_round
                                  00001d27  00001d39        13
  __REL_f_round
                                  00001d27         0   none ,g         4
FILE=_REL_ltof
                                  00001d3a  00001d83        4a
  __REL_ltof
                                  00001d3a         0   none ,g         1
FILE=_COM_lshr
                                  00001d84  00001da4        21
  __COM_lshr
                                  00001d8e         0   none ,g         1

SECTION=.const
FILE=.\src\EEPROM.obj
                                  00003000  00003001         2

SECTION=.monitor2
FILE=rlink_generates_02
                                  0007fe00  0007ffff       200

SECTION=.bss
FILE=.\src\EEPROM.obj
                                  000f4700  000f4703         4
  _eeprom_status
                                  000f4700         1   data ,g         8
    union  EEPROM_status_u {
                                                   1
      _eeprom_status.refined
                                  000f4700         1
    struct  {
                                                   1
      _eeprom_status.refined.RB
                                  000f4700         1   unsigned char:1(7)
      _eeprom_status.refined.WEN
                                  000f4700         1   unsigned char:1(6)
      _eeprom_status.refined.BP
                                  000f4700         1   unsigned char:2(4)
      _eeprom_status.refined.RSVD
                                  000f4700         1   unsigned char:3(1)
      _eeprom_status.refined.WPEN
                                  000f4700         1   unsigned char:1(0)
    }
      _eeprom_status.raw
                                  000f4700         1   unsigned char
    }
  _spi_flag
                                  000f4702         2   data ,g         3
FILE=.\src\interupt_handle.obj
                                  000f4704  000f4707         4
  _g_adc_value
                                  000f4704         4   data ,g         8
FILE=.\src\main.obj
                                  000f4708  000f4735        2e
  _g_numberSetting
                                  000f4708        20   data ,g        28
    struct Number_Setting_s {
                                                  20
      _g_numberSetting.upperVoltage1
                                  000f4708         4   float
      _g_numberSetting.upperVoltage2
                                  000f470c         4   float
      _g_numberSetting.upperVoltage3
                                  000f4710         4   float
      _g_numberSetting.lowerVoltage
                                  000f4714         4   float
      _g_numberSetting.upperCurrent
                                  000f4718         4   float
      _g_numberSetting.lowerCurrent
                                  000f471c         4   float
      _g_numberSetting.upperFlow
                                  000f4720         4   float
      _g_numberSetting.lowerFlow
                                  000f4724         4   float
    }
  _g_cvcc_current
                                  000f4728         4   data ,g         8
  _g_cvcc_voltge
                                  000f472c         4   data ,g         e
  _g_alarm
                                  000f4730         1   data ,g         4
  _g_flow_value
                                  000f4732         4   data ,g         4
FILE=.\src\r_cg_rtc_user.obj
                                  000f4736  000f473c         7
  _g_rtc
                                  000f4736         7   data ,g         3
    struct  {
                                                   7
      _g_rtc.sec
                                  000f4736         1   unsigned char
      _g_rtc.min
                                  000f4737         1   unsigned char
      _g_rtc.hour
                                  000f4738         1   unsigned char
      _g_rtc.day
                                  000f4739         1   unsigned char
      _g_rtc.week
                                  000f473a         1   unsigned char
      _g_rtc.month
                                  000f473b         1   unsigned char
      _g_rtc.year
                                  000f473c         1   unsigned char
    }
FILE=.\src\r_cg_serial.obj
                                  000f473e  000f4773        36
  _gp_uart1_tx_address
                                  000f473e         2   data ,g         5
  _g_uart1_tx_count
                                  000f4740         2   data ,g         4
  _gp_uart1_rx_address
                                  000f4742         2   data ,g         3
  _g_uart1_rx_count
                                  000f4744         2   data ,g         4
  _g_uart1_rx_length
                                  000f4746         2   data ,g         3
  _gp_csi00_rx_address
                                  000f4748         2   data ,g         0
  _g_csi00_rx_length
                                  000f474a         2   data ,g         0
  _g_csi00_rx_count
                                  000f474c         2   data ,g         0
  _gp_csi00_tx_address
                                  000f474e         2   data ,g         6
  _g_csi00_send_length
                                  000f4750         2   data ,g         0
  _g_csi00_tx_count
                                  000f4752         2   data ,g         4
  _gp_csi01_rx_address
                                  000f4754         2   data ,g         5
  _g_csi01_rx_length
                                  000f4756         2   data ,g         1
  _g_csi01_rx_count
                                  000f4758         2   data ,g         1
  _gp_csi01_tx_address
                                  000f475a         2   data ,g         7
  _g_csi01_send_length
                                  000f475c         2   data ,g         0
  _g_csi01_tx_count
                                  000f475e         2   data ,g         7
  _gp_uart2_tx_address
                                  000f4760         2   data ,g         5
  _g_uart2_tx_count
                                  000f4762         2   data ,g         4
  _gp_uart2_rx_address
                                  000f4764         2   data ,g         3
  _g_uart2_rx_count
                                  000f4766         2   data ,g         4
  _g_uart2_rx_length
                                  000f4768         2   data ,g         3
  _gp_uart3_tx_address
                                  000f476a         2   data ,g         5
  _g_uart3_tx_count
                                  000f476c         2   data ,g         4
  _gp_uart3_rx_address
                                  000f476e         2   data ,g         3
  _g_uart3_rx_count
                                  000f4770         2   data ,g         4
  _g_uart3_rx_length
                                  000f4772         2   data ,g         3
FILE=.\src\r_cg_serial_user.obj
                                  000f4774  000f479b        28
  _g_csi_count
                                  000f4774         1   data ,g         0
  _g_csi_err
                                  000f4775         1   data ,g         0
  _g_csi_send_end
                                  000f4776         1   data ,g         1
  _g_csi_rev_end
                                  000f4777         1   data ,g         3
  _g_uart1_end
                                  000f4778         1   data ,g         0
  _g_uart2_send
                                  000f4779         1   data ,g         5
  _g_uart2_receive
                                  000f477a         1   data ,g         1
  _g_rx_data
                                  000f477b        20   data ,g         3
  _g_uart2_fault
                                  000f479b         1   data ,g         4
FILE=.\src\r_cg_timer_user.obj
                                  000f479c  000f47a3         8
  _timer0_ch0_flag
                                  000f479c         1   data ,g         1
  _timer0_ch1_flag
                                  000f479d         1   data ,g         1
  _timer0_ch2_flag
                                  000f479e         1   data ,g         1
  _g_systemTime
                                  000f47a0         4   data ,g        14
FILE=.\src\r_main.obj
                                  000f47a4  000f47f1        4e
  __stamp
                                  000f47a4         c   data ,g         2
  _g_e_status
                                  000f47b0         1   data ,g         0
    union  EEPROM_status_u {
                                                   1
      _g_e_status.refined
                                  000f47b0         1
    struct  {
                                                   1
      _g_e_status.refined.RB
                                  000f47b0         1   unsigned char:1(7)
      _g_e_status.refined.WEN
                                  000f47b0         1   unsigned char:1(6)
      _g_e_status.refined.BP
                                  000f47b0         1   unsigned char:2(4)
      _g_e_status.refined.RSVD
                                  000f47b0         1   unsigned char:3(1)
      _g_e_status.refined.WPEN
                                  000f47b0         1   unsigned char:1(0)
    }
      _g_e_status.raw
                                  000f47b0         1   unsigned char
    }
  _flow_p
                                  000f47b1         1   data ,g         1
  _salt_h_p
                                  000f47b2         1   data ,g         0
  _g_eeprom_wren
                                  000f47b3         1   data ,g         0
  _receive_data
                                  000f47b4         2   data ,g         0
  _receive_setting
                                  000f47b6        20   data ,g         0
    struct Number_Setting_s {
                                                  20
      _receive_setting.upperVoltage1
                                  000f47b6         4   float
      _receive_setting.upperVoltage2
                                  000f47ba         4   float
      _receive_setting.upperVoltage3
                                  000f47be         4   float
      _receive_setting.lowerVoltage
                                  000f47c2         4   float
      _receive_setting.upperCurrent
                                  000f47c6         4   float
      _receive_setting.lowerCurrent
                                  000f47ca         4   float
      _receive_setting.upperFlow
                                  000f47ce         4   float
      _receive_setting.lowerFlow
                                  000f47d2         4   float
    }
  _set
                                  000f47d6         1   data ,g         0
    union  EEPROM_status_u {
                                                   1
      _set.refined
                                  000f47d6         1
    struct  {
                                                   1
      _set.refined.RB
                                  000f47d6         1   unsigned char:1(7)
      _set.refined.WEN
                                  000f47d6         1   unsigned char:1(6)
      _set.refined.BP
                                  000f47d6         1   unsigned char:2(4)
      _set.refined.RSVD
                                  000f47d6         1   unsigned char:3(1)
      _set.refined.WPEN
                                  000f47d6         1   unsigned char:1(0)
    }
      _set.raw
                                  000f47d6         1   unsigned char
    }
  _rx_data
                                  000f47d8         c   data ,g         0
  _data_f
                                  000f47e4         4   data ,g         0
  _data_f_test
                                  000f47e8         4   data ,g         0
    union  byte_to_float {
                                                   4
      _data_f_test.refined
                                  000f47e8         4
    struct  {
                                                   4
      _data_f_test.refined.b
                                  000f47e8         4   unsigned char
    }
      _data_f_test.raw
                                  000f47e8         4   float
    }
  _g_control_buffer
                                  000f47ec         6   data ,g         8
    struct UART_Buffer_s {
                                                   6
      _g_control_buffer.head
                                  000f47ec         1   unsigned char
      _g_control_buffer.set_number
                                  000f47ed         1   unsigned char
      _g_control_buffer.set_value
                                  000f47ee         4   unsigned long
    }

SECTION=.dataR
FILE=.\src\main.obj
                                  000f47f2  000f481a        29
  _g_timerSetting
                                  000f47f2        24   data ,g        15
    struct Timer_Setting_s {
                                                  24
      _g_timerSetting.t2_flowSensorStartTime
                                  000f47f2         4   unsigned long
      _g_timerSetting.t3_flowSensorMonitorTime
                                  000f47f6         4   unsigned long
      _g_timerSetting.t6_drainageOffTime
                                  000f47fa         4   unsigned long
      _g_timerSetting.t11_overVoltage1Time
                                  000f47fe         4   unsigned long
      _g_timerSetting.t12_overVoltage2Time
                                  000f4802         4   unsigned long
      _g_timerSetting.t13_overVoltage3Time
                                  000f4806         4   unsigned long
      _g_timerSetting.t14_lowVoltageStartTime
                                  000f480a         4   unsigned long
      _g_timerSetting.t15_lowVoltageDelayTime
                                  000f480e         4   unsigned long
      _g_timerSetting.t17_solenoidLeakageStartTime
                                  000f4812         4   unsigned long
    }
  _g_neutralization_time
                                  000f4816         4   data ,g         2
  _g_electrolytic_flag
                                  000f481a         1   data ,g         2
FILE=.\src\r_main.obj
                                  000f481c  000f483a        1f
  _g_error
                                  000f481c         2   data ,g         5
  _g_adc_ch
                                  000f481e         2   data ,g         0
  _led_st
                                  000f4820         1   data ,g         2
  _e_send
                                  000f4821         c   data ,g         0
  _e_data
                                  000f482d         c   data ,g         0
  _send_data
                                  000f4839         2   data ,g         0

Absolute value symbols
FILE=rlink_generates_05
  __s.text
                                  00000121         0   none ,g         0
  __e.text
                                  0000043b         0   none ,g         0
  __s.textf
                                  0000043b         0   none ,g         0
  __e.textf
                                  0000189c         0   none ,g         0
  __s.const
                                  00003000         0   none ,g         0
  __e.const
                                  00003002         0   none ,g         0
  __s.constf
                                  00000080         0   none ,g         0
  __e.constf
                                  00000080         0   none ,g         0
  __s.data
                                  000000d8         0   none ,g         0
  __e.data
                                  00000121         0   none ,g         0
  __s.sdata
                                  00000080         0   none ,g         0
  __e.sdata
                                  00000080         0   none ,g         0
  __s.bss
                                  000f4700         0   none ,g         0
  __e.bss
                                  000f47f2         0   none ,g         0
  __s.sbss
                                  000ffe20         0   none ,g         0
  __e.sbss
                                  000ffe20         0   none ,g         0
  __s.dataR
                                  000f47f2         0   none ,g         0
  __e.dataR
                                  000f483b         0   none ,g         0
  __s.sdataR
                                  000ffe20         0   none ,g         0
  __e.sdataR
                                  000ffe20         0   none ,g         0
  __s.RLIB
                                  0000189c         0   none ,g         0
  __e.RLIB
                                  00001da5         0   none ,g         0
  __s.SLIB
                                  000000c4         0   none ,g         0
  __e.SLIB
                                  000000c4         0   none ,g         0
  __s.option_byte
                                  000000c0         0   none ,g         0
  __e.option_byte
                                  000000c4         0   none ,g         0
  __s.monitor1
                                  000000ce         0   none ,g         0
  __e.monitor1
                                  000000d8         0   none ,g         0
  __s.monitor2
                                  0007fe00         0   none ,g         0
  __e.monitor2
                                  00080000         0   none ,g         0
  __s.security_id
                                  000000c4         0   none ,g         0
  __e.security_id
                                  000000ce         0   none ,g         0
  __s.vect
                                  00000000         0   none ,g         0
  __e.vect
                                  00000080         0   none ,g         0
  __RAM_ADDR_START
                                  000f3f00         0   none ,g         0
  __RAM_ADDR_END
                                  000ffee0         0   none ,g         0
  __STACK_ADDR_START
                                  000ffe20         0   none ,g         1
  __STACK_ADDR_END
                                  000f483c         0   none ,g         1

*** Unfilled Areas ***

AREA                                START    END

*** Delete Symbols ***

SYMBOL                                SIZE    INFO

*** Variable Vector Table List ***

ADDRESS  SYMBOL/ADDRESS
00       _start
02       ffff
04       _r_wdt_interrupt@1
06       
08       
0a       
0c       
0e       
10       
12       
14       _r_uart2_interrupt_send@1
16       _r_uart2_interrupt_receive@1
18       
1a       
1c       
1e       _r_csi00_interrupt@1
20       _r_csi01_interrupt@1
22       
24       _r_uart1_interrupt_send@1
26       _r_uart1_interrupt_receive@1
28       
2a       
2c       _r_tau0_channel0_interrupt@1
2e       _r_tau0_channel1_interrupt@1
30       _r_tau0_channel2_interrupt@1
32       
34       _r_adc_interrupt@1
36       
38       
3a       
3c       _r_uart3_interrupt_send@1
3e       _r_uart3_interrupt_receive@1
40       
42       
44       
46       
48       
4a       
4c       
4e       
50       
52       
54       
56       
58       
5a       
5c       
5e       
60       
62       
64       
66       
68       
6a       
6c       
6e       
70       
72       
74       
76       
78       
7a       
7c       
7e       

*** Cross Reference List ***

No   Unit Name   Global.Symbol   Location External Infomation
---- ----------- --------------- -------- ---------------------
0001 cstart
     SECTION=.text
                 _start
                                 00000121
                 _exit
                                 00000179 0001(0000017a:.text)
     SECTION=.textf
     SECTION=.const
     SECTION=.constf
     SECTION=.data
     SECTION=.sdata
     SECTION=.bss
     SECTION=.sbss
     SECTION=.dataR
     SECTION=.sdataR
     SECTION=.RLIB
     SECTION=.SLIB
     SECTION=.dataR
     SECTION=.sdataR
0002 stkinit
     SECTION=.textf
                 _stkinit
                                 0000043b 0001(00000129:.text)
0003 EEPROM
     SECTION=.textf
                 _EEPROM_Init
                                 0000047f 0022(00001681:.textf)
                 _rEE_Status
                                 000004aa 0003(00000561:.textf)
                 _sEE_WriteEnable
                                 000004c5 0003(0000052f:.textf)
                                          0003(000005ef:.textf)
                 _sEE_WriteDisable
                                 000004d7
                 _EE_SPI_Write
                                 000004e9
                 _EE_SPI_Read
                                 00000543
                 _sEE_Block
                                 0000059b
                 _sEE_SendInstruction
                                 000005ac
                 _sEE_SendReceiveInstruction
                                 000005af
                 _EE_TransmitData
                                 000005b3 0003(000004bc:.textf)
                                          0003(000004d3:.textf)
                                          0003(000004e5:.textf)
                                          0003(0000053e:.textf)
                                          0003(00000576:.textf)
                                          0003(000005ae:.textf)
                                          0003(000005b2:.textf)
                                          0003(000005f6:.textf)
                 _sEE_WriteStatusRegister
                                 000005df 0003(000004a8:.textf)
                                          0003(000005ab:.textf)
     SECTION=.bss
                 _eeprom_status
                                 000f4700 0003(0000049e:.textf)
                                          0003(000004a3:.textf)
                                          0003(000004c1:.textf)
                                          0003(00000509:.textf)
                                          0003(00000564:.textf)
                                          0003(000005a3:.textf)
                                          0003(000005a8:.textf)
                                          0003(000005e1:.textf)
                 _spi_flag
                                 000f4702 0003(00000492:.textf)
                                          0003(000005b4:.textf)
                                          0003(000005d2:.textf)
     SECTION=.const
0004 interupt_handle
     SECTION=.textf
                 _adc_int_handle
                                 000005fa 0007(00000186:.text)
     SECTION=.bss
                 _g_adc_value
                                 000f4704 0004(00000603:.textf)
                                          0004(0000060a:.textf)
                                          0004(0000062e:.textf)
                                          0005(0000080f:.textf)
                                          0005(00000b4f:.textf)
                                          0005(00000be3:.textf)
                                          0005(00000c66:.textf)
                                          0005(00000d15:.textf)
0005 main
     SECTION=.textf
                 _setting_default
                                 0000063b 0022(00001685:.textf)
                 _sendToRasPi
                                 000006b7 0005(000007d5:.textf)
                                          0005(00000852:.textf)
                                          0005(0000092d:.textf)
                                          0005(000009a9:.textf)
                                          0005(00000a11:.textf)
                                          0005(00000a77:.textf)
                                          0005(00000af4:.textf)
                 _InitialOperationModeStart
                                 000006ea 0005(00000af8:.textf)
                 _WaterSupplyOperation
                                 00000748 0005(00000afb:.textf)
                 _ElectrolyticOperation
                                 00000800 0005(00000afe:.textf)
                 _solenoidCheck
                                 00000a81
                 _main_20211111
                                 00000af7
                 _waitReset
                                 00000b25 0005(00000bc9:.textf)
                                          0005(00000d41:.textf)
                 _electrolyticOperationON
                                 00000b33 0005(00000933:.textf)
                 _electrolyticOperationOFF
                                 00000b3d 0005(00000844:.textf)
                                          0005(00000930:.textf)
                                          0005(000009ac:.textf)
                                          0005(00000a7c:.textf)
                                          0005(00000b13:.textf)
                                          0005(00000bc4:.textf)
                                          0005(00000c5e:.textf)
                                          0005(00000d3c:.textf)
                 _overVoltage1Error
                                 00000b47
                 _overVoltage2Error
                                 00000b48
                 _overVoltage3Error
                                 00000b49
                 _lowVoltageError
                                 00000bce
                 _currentError
                                 00000c63
                 _solenoidValueError
                                 00000d43
                 _callAlarm
                                 00000d44
                 _measureFlowSensor
                                 00000d48 0005(0000076c:.textf)
     SECTION=.bss
                 _g_numberSetting
                                 000f4708 0005(0000063f:.textf)
                                          0005(00000645:.textf)
                                          0005(00000648:.textf)
                                          0005(0000064e:.textf)
                                          0005(00000654:.textf)
                                          0005(00000657:.textf)
                                          0005(0000065d:.textf)
                                          0005(00000662:.textf)
                                          0005(00000666:.textf)
                                          0005(00000669:.textf)
                                          0005(00000681:.textf)
                                          0005(00000687:.textf)
                                          0005(0000068d:.textf)
                                          0005(00000693:.textf)
                                          0005(0000077a:.textf)
                                          0005(00000780:.textf)
                                          0005(000007b3:.textf)
                                          0005(000007b6:.textf)
                                          0005(0000082e:.textf)
                                          0005(00000832:.textf)
                                          0005(00000860:.textf)
                                          0005(00000866:.textf)
                                          0005(000008cd:.textf)
                                          0005(000008d3:.textf)
                                          0005(00000948:.textf)
                                          0005(0000094e:.textf)
                                          0005(000009af:.textf)
                                          0005(000009b3:.textf)
                                          0005(000009c9:.textf)
                                          0005(000009cf:.textf)
                                          0005(00000a14:.textf)
                                          0005(00000a1a:.textf)
                                          0005(00000c8b:.textf)
                                          0005(00000c8f:.textf)
                                          0005(00000c9f:.textf)
                                          0005(00000ca2:.textf)
                                          0005(00000cbb:.textf)
                                          0005(00000cbf:.textf)
                                          0005(00000ccf:.textf)
                                          0005(00000cd5:.textf)
                 _g_cvcc_current
                                 000f4728 0005(000009b7:.textf)
                                          0005(000009bd:.textf)
                                          0005(00000a20:.textf)
                                          0005(00000a26:.textf)
                                          0005(00000c83:.textf)
                                          0005(00000c88:.textf)
                                          0005(00000d2b:.textf)
                                          0005(00000d31:.textf)
                 _g_cvcc_voltge
                                 000f472c 0004(00000622:.textf)
                                          0004(00000626:.textf)
                                          0005(00000827:.textf)
                                          0005(0000082b:.textf)
                                          0005(0000086c:.textf)
                                          0005(00000872:.textf)
                                          0005(000008d9:.textf)
                                          0005(000008df:.textf)
                                          0005(00000954:.textf)
                                          0005(0000095a:.textf)
                                          0005(00000b65:.textf)
                                          0005(00000b6b:.textf)
                                          0005(00000bf9:.textf)
                                          0005(00000bff:.textf)
                 _g_alarm
                                 000f4730 0005(000007cb:.textf)
                                          0005(000007f3:.textf)
                                          0005(00000840:.textf)
                                          0005(00000cb7:.textf)
                 _g_flow_value
                                 000f4732 0005(00000771:.textf)
                                          0005(00000777:.textf)
                                          0005(00000a9b:.textf)
                                          0005(00000a9e:.textf)
     SECTION=.dataR
                 _g_timerSetting
                                 000f47f2 0005(0000066c:.textf)
                                          0005(0000066f:.textf)
                                          0005(00000672:.textf)
                                          0005(00000675:.textf)
                                          0005(00000678:.textf)
                                          0005(0000067b:.textf)
                                          0005(00000699:.textf)
                                          0005(0000069f:.textf)
                                          0005(000006a5:.textf)
                                          0005(000006a8:.textf)
                                          0005(000006ae:.textf)
                                          0005(000006b4:.textf)
                                          0005(00000856:.textf)
                                          0005(0000085d:.textf)
                                          0005(000008c3:.textf)
                                          0005(000008ca:.textf)
                                          0005(00000a84:.textf)
                                          0005(00000a90:.textf)
                                          0005(00000aca:.textf)
                                          0005(00000ad6:.textf)
                                          0022(0000170f:.textf)
                 _g_neutralization_time
                                 000f4816 0005(00000936:.textf)
                                          0005(0000093b:.textf)
                 _g_electrolytic_flag
                                 000f481a 0005(00000b3a:.textf)
                                          0005(00000b44:.textf)
     SECTION=.data
0006 r_cg_adc
     SECTION=.textf
                 _R_ADC_Create
                                 00000df9 0022(00001768:.textf)
                                          0023(0000178e:.textf)
                 _R_ADC_Start
                                 00000e2c 0004(00000638:.textf)
                                          0022(00001770:.textf)
                 _R_ADC_Stop
                                 00000e36
                 _R_ADC_Set_OperationOn
                                 00000e40 0022(0000176c:.textf)
                 _R_ADC_Set_OperationOff
                                 00000e44
                 _R_ADC_Get_Result
                                 00000e48 0004(00000606:.textf)
                                          0004(00000631:.textf)
                 _R_ADC_Set_ADChannel
                                 00000e4f
0007 r_cg_adc_user
     SECTION=.text
0008 r_cg_cgc
     SECTION=.textf
                 _R_CGC_Create
                                 00000e5b 0023(0000177e:.textf)
0009 r_cg_cgc_user
     SECTION=.textf
                 _R_CGC_Get_ResetSource
                                 00000e71 0023(0000177a:.textf)
0010 r_cg_dac
     SECTION=.textf
                 _R_DAC_Create
                                 00000e74 0023(0000179e:.textf)
                 _R_DAC0_Start
                                 00000e91
                 _R_DAC0_Stop
                                 00000e95
                 _R_DAC0_Set_ConversionValue
                                 00000e99
                 _R_DAC1_Start
                                 00000e9c
                 _R_DAC1_Stop
                                 00000ea0
                 _R_DAC1_Set_ConversionValue
                                 00000ea4
0011 r_cg_dac_user
0012 r_cg_port
     SECTION=.textf
                 _R_PORT_Create
                                 00000ea7 0023(00001782:.textf)
0013 r_cg_port_user
     SECTION=.textf
                 _R_PORT_Create_UserInit
                                 00000eed 0022(00001748:.textf)
0014 r_cg_rtc
     SECTION=.textf
                 _R_RTC_Create
                                 00000eee 0022(00001744:.textf)
                                          0023(0000179a:.textf)
                 _R_RTC_Start
                                 00000f15 0022(000016a5:.textf)
                 _R_RTC_Stop
                                 00000f19
                 _R_RTC_Get_CounterValue
                                 00000f1d
                 _R_RTC_Set_CounterValue
                                 00000f6e 0022(0000169f:.textf)
0015 r_cg_rtc_user
     SECTION=.bss
                 _g_rtc
                                 000f4736 0022(00001689:.textf)
                                          0022(0000168d:.textf)
                                          0022(00001698:.textf)
0016 r_cg_serial
     SECTION=.textf
                 _R_CSI01_Receive
                                 0000102c
                 _R_CSI01_Send
                                 00001046
                 _R_SAU0_Create
                                 0000106c 0022(00001730:.textf)
                                          0023(00001786:.textf)
                 _R_UART1_Create
                                 00001083 0016(0000107b:.textf)
                                          0022(00001738:.textf)
                 _R_UART1_Start
                                 00001101 0022(0000175c:.textf)
                 _R_UART1_Stop
                                 00001127
                 _R_UART1_Receive
                                 00001145
                 _R_UART1_Send
                                 0000115d
                 _R_CSI00_Create
                                 00001186 0016(0000107e:.textf)
                                          0022(00001750:.textf)
                 _R_CSI00_Start
                                 000011d9 0022(00001764:.textf)
                 _R_CSI00_Stop
                                 000011ff
                 _R_CSI00_Send
                                 00001217
                 _R_CSI01_Create
                                 0000123f 0003(00000482:.textf)
                                          0016(00001081:.textf)
                                          0022(0000174c:.textf)
                 _R_CSI01_Start
                                 00001299 0003(000005bf:.textf)
                 _R_CSI01_Stop
                                 000012bf 0017(00001528:.textf)
                 _R_CSI01_Send_Receive
                                 000012d7 0003(000005ce:.textf)
                 _R_SAU1_Create
                                 0000130d 0022(00001734:.textf)
                                          0023(0000178a:.textf)
                 _R_UART2_Create
                                 00001321 0016(0000131c:.textf)
                                          0022(0000173c:.textf)
                 _R_UART2_Start
                                 0000139f 0022(000016d1:.textf)
                                          0022(00001760:.textf)
                 _R_UART2_Stop
                                 000013c5 0022(000016c5:.textf)
                 _R_UART2_Receive
                                 000013e3 0005(000007e9:.textf)
                                          0017(00001537:.textf)
                                          0022(000016af:.textf)
                 _R_UART2_Send
                                 000013fb 0005(000006dd:.textf)
                                          0022(00001712:.textf)
                 _R_UART3_Create
                                 00001424 0016(0000131f:.textf)
                                          0022(00001740:.textf)
                 _R_UART3_Start
                                 0000149a 0022(00001758:.textf)
                 _R_UART3_Stop
                                 000014c0
                 _R_UART3_Receive
                                 000014de
                 _R_UART3_Send
                                 000014f6
     SECTION=.bss
                 _gp_uart1_tx_address
                                 000f473e 0016(0000116c:.textf)
                                          0016(00001175:.textf)
                                          0016(0000117d:.textf)
                                          0017(00000216:.text)
                                          0017(0000021e:.text)
                 _g_uart1_tx_count
                                 000f4740 0016(00001170:.textf)
                                          0016(00001180:.textf)
                                          0017(000001ff:.text)
                                          0017(00000221:.text)
                 _gp_uart1_rx_address
                                 000f4742 0016(00001159:.textf)
                                          0017(000001ca:.text)
                                          0017(000001ce:.text)
                 _g_uart1_rx_count
                                 000f4744 0016(00001151:.textf)
                                          0017(000001c2:.text)
                                          0017(000001d1:.text)
                                          0017(000001d7:.text)
                 _g_uart1_rx_length
                                 000f4746 0016(00001155:.textf)
                                          0017(000001bf:.text)
                                          0017(000001d4:.text)
                 _gp_csi00_rx_address
                                 000f4748
                 _g_csi00_rx_length
                                 000f474a
                 _g_csi00_rx_count
                                 000f474c
                 _gp_csi00_tx_address
                                 000f474e 0016(0000105d:.textf)
                                          0016(00001229:.textf)
                                          0016(0000122e:.textf)
                                          0016(00001236:.textf)
                                          0017(0000025f:.text)
                                          0017(00000267:.text)
                 _g_csi00_send_length
                                 000f4750
                 _g_csi00_tx_count
                                 000f4752 0016(00001225:.textf)
                                          0016(00001239:.textf)
                                          0017(00000252:.text)
                                          0017(0000026a:.text)
                 _gp_csi01_rx_address
                                 000f4754 0016(0000103f:.textf)
                                          0016(000012eb:.textf)
                                          0017(000002a3:.text)
                                          0017(000002bd:.text)
                                          0017(000002cd:.text)
                 _g_csi01_rx_length
                                 000f4756 0016(00001037:.textf)
                 _g_csi01_rx_count
                                 000f4758 0016(0000103b:.textf)
                 _gp_csi01_tx_address
                                 000f475a 0016(00001058:.textf)
                                          0016(00001063:.textf)
                                          0016(000012e7:.textf)
                                          0016(000012f1:.textf)
                                          0016(00001303:.textf)
                                          0017(000002d0:.text)
                                          0017(000002e1:.text)
                 _g_csi01_send_length
                                 000f475c
                 _g_csi01_tx_count
                                 000f475e 0016(00001054:.textf)
                                          0016(00001066:.textf)
                                          0016(000012e3:.textf)
                                          0016(00001306:.textf)
                                          0017(00000296:.text)
                                          0017(0000029d:.text)
                                          0017(000002e4:.text)
                 _gp_uart2_tx_address
                                 000f4760 0016(0000140a:.textf)
                                          0016(00001413:.textf)
                                          0016(0000141b:.textf)
                                          0017(00000374:.text)
                                          0017(0000037c:.text)
                 _g_uart2_tx_count
                                 000f4762 0016(0000140e:.textf)
                                          0016(0000141e:.textf)
                                          0017(0000035d:.text)
                                          0017(0000037f:.text)
                 _gp_uart2_rx_address
                                 000f4764 0016(000013f7:.textf)
                                          0017(00000328:.text)
                                          0017(0000032c:.text)
                 _g_uart2_rx_count
                                 000f4766 0016(000013ef:.textf)
                                          0017(00000320:.text)
                                          0017(0000032f:.text)
                                          0017(00000335:.text)
                 _g_uart2_rx_length
                                 000f4768 0016(000013f3:.textf)
                                          0017(0000031d:.text)
                                          0017(00000332:.text)
                 _gp_uart3_tx_address
                                 000f476a 0016(00001505:.textf)
                                          0016(0000150e:.textf)
                                          0016(00001516:.textf)
                                          0017(00000404:.text)
                                          0017(0000040c:.text)
                 _g_uart3_tx_count
                                 000f476c 0016(00001509:.textf)
                                          0016(00001519:.textf)
                                          0017(000003ed:.text)
                                          0017(0000040f:.text)
                 _gp_uart3_rx_address
                                 000f476e 0016(000014f2:.textf)
                                          0017(000003b8:.text)
                                          0017(000003bc:.text)
                 _g_uart3_rx_count
                                 000f4770 0016(000014ea:.textf)
                                          0017(000003b0:.text)
                                          0017(000003bf:.text)
                                          0017(000003c5:.text)
                 _g_uart3_rx_length
                                 000f4772 0016(000014ee:.textf)
                                          0017(000003ad:.text)
                                          0017(000003c2:.text)
0017 r_cg_serial_user
     SECTION=.bss
                 _g_csi_count
                                 000f4774
                 _g_csi_err
                                 000f4775
                 _g_csi_send_end
                                 000f4776 0017(0000152d:.textf)
                 _g_csi_rev_end
                                 000f4777 0003(000004ac:.textf)
                                          0017(00001525:.textf)
                                          0022(0000167e:.textf)
                 _g_uart1_end
                                 000f4778
                 _g_uart2_send
                                 000f4779 0005(000006c8:.textf)
                                          0005(000006e3:.textf)
                                          0017(0000154e:.textf)
                                          0022(00001708:.textf)
                                          0022(00001718:.textf)
                 _g_uart2_receive
                                 000f477a 0017(00001549:.textf)
                 _g_rx_data
                                 000f477b 0017(00001534:.textf)
                                          0017(0000153b:.textf)
                                          0022(000016ac:.textf)
                 _g_uart2_fault
                                 000f479b 0017(00001541:.textf)
                                          0017(00001546:.textf)
                                          0022(000016bf:.textf)
                                          0022(000016d5:.textf)
     SECTION=.text
     SECTION=.textf
0018 r_cg_timer
     SECTION=.textf
                 _R_TAU0_Create
                                 00001556 0022(0000172c:.textf)
                                          0023(00001792:.textf)
                 _R_TAU0_Channel0_Start
                                 00001603 0022(00001754:.textf)
                 _R_TAU0_Channel0_Stop
                                 00001613
                 _R_TAU0_Channel1_Start
                                 00001623
                 _R_TAU0_Channel1_Stop
                                 00001633
                 _R_TAU0_Channel2_Start
                                 00001643
                 _R_TAU0_Channel2_Stop
                                 00001653
0019 r_cg_timer_user
     SECTION=.bss
                 _timer0_ch0_flag
                                 000f479c 0019(00000429:.text)
                 _timer0_ch1_flag
                                 000f479d 0019(00000430:.text)
                 _timer0_ch2_flag
                                 000f479e 0019(00000435:.text)
                 _g_systemTime
                                 000f47a0 0005(00000d4d:.textf)
                                          0005(00000d52:.textf)
                                          0019(00000417:.text)
                                          0019(0000041f:.text)
                                          0019(00000422:.text)
                                          0019(00000426:.text)
                                          0024(000017b0:.textf)
                                          0024(000017b5:.textf)
                                          0024(000017e4:.textf)
                                          0024(000017eb:.textf)
                                          0024(000017f2:.textf)
                                          0024(000017fa:.textf)
                                          0024(00001826:.textf)
                                          0024(0000182b:.textf)
                                          0024(00001847:.textf)
                                          0024(0000184d:.textf)
                                          0024(00001860:.textf)
                                          0024(00001865:.textf)
                                          0024(0000188e:.textf)
                                          0024(00001894:.textf)
     SECTION=.text
0020 r_cg_wdt
     SECTION=.textf
                 _R_WDT_Create
                                 00001663 0023(00001796:.textf)
                 _R_WDT_Restart
                                 00001674 0005(0000072f:.textf)
                                          0005(000007ed:.textf)
                                          0005(00000b2d:.textf)
                                          0005(00000db8:.textf)
                                          0022(0000171d:.textf)
                                          0022(00001723:.textf)
                                          0024(0000181e:.textf)
0021 r_cg_wdt_user
     SECTION=.text
0022 r_main
     SECTION=.textf
                 _main
                                 00001678 0001(00000175:.text)
                 _R_MAIN_UserInit
                                 00001728 0022(0000167a:.textf)
     SECTION=.bss
                 __stamp
                                 000f47a4 0022(000016b8:.textf)
                                          0022(000016e8:.textf)
                 _g_e_status
                                 000f47b0
                 _flow_p
                                 000f47b1 0022(000016e0:.textf)
                 _salt_h_p
                                 000f47b2
                 _g_eeprom_wren
                                 000f47b3
                 _receive_data
                                 000f47b4
                 _receive_setting
                                 000f47b6
                 _set
                                 000f47d6
                 _rx_data
                                 000f47d8
                 _data_f
                                 000f47e4
                 _data_f_test
                                 000f47e8
                 _g_control_buffer
                                 000f47ec 0005(000006c1:.textf)
                                          0005(000006c5:.textf)
                                          0005(000006cf:.textf)
                                          0005(000006d4:.textf)
                                          0005(000006da:.textf)
                                          0005(000007d8:.textf)
                                          0005(000007db:.textf)
                                          0005(000007e6:.textf)
     SECTION=.dataR
                 _g_error
                                 000f481c 0005(00000b26:.textf)
                                          0005(00000bc1:.textf)
                                          0005(00000c59:.textf)
                                          0005(00000d39:.textf)
                                          0005(00000d45:.textf)
                 _g_adc_ch
                                 000f481e
                 _led_st
                                 000f4820 0022(000016f3:.textf)
                                          0022(00001705:.textf)
                 _e_send
                                 000f4821
                 _e_data
                                 000f482d
                 _send_data
                                 000f4839
     SECTION=.data
0023 r_systeminit
     SECTION=.textf
                 _R_Systeminit
                                 00001773 0023(000017a9:.textf)
                 _hdwinit
                                 000017a5 0001(0000012d:.text)
0024 usr_timer
     SECTION=.textf
                 _delay_ms
                                 000017aa 0005(0000075b:.textf)
                                          0005(000008a7:.textf)
                                          0005(00000914:.textf)
                                          0005(00000992:.textf)
                                          0005(00000a5e:.textf)
                                          0005(00000ac6:.textf)
                                          0005(00000bb0:.textf)
                                          0005(00000c48:.textf)
                                          0005(00000d11:.textf)
                                          0022(000016cd:.textf)
                                          0024(0000181b:.textf)
                 _delay
                                 00001812 0005(00000750:.textf)
                                          0005(00000764:.textf)
                                          0005(000007fd:.textf)
                                          0005(00000b1e:.textf)
                                          0005(00000bdc:.textf)
                 _ns_delay_ms
                                 00001821 0005(00000d80:.textf)
                                          0022(000016bb:.textf)
                                          0022(000016eb:.textf)
                 _non_block_delay
                                 00001856
                 _mTask
                                 00001858
0025 memcpy
     SECTION=.RLIB
                 _memcpy
                                 0000189c 0022(0000169b:.textf)
0026 memset
     SECTION=.RLIB
                 _memset
                                 000018ad 0003(000004fa:.textf)
                                          0003(00000552:.textf)
0027 _COM_faddsub
     SECTION=.RLIB
                 __COM_fsub
                                 00001917
                 __COM_fadd
                                 0000191f 0005(00000da5:.textf)
0028 _COM_fdiv
     SECTION=.RLIB
                 __COM_fdiv
                                 00001a55 0005(00000df3:.textf)
0029 _COM_fge
     SECTION=.RLIB
                 __COM_fge
                                 00001b24 0005(00000837:.textf)
                                          0005(000009c2:.textf)
                                          0005(00000b8e:.textf)
                                          0005(00000c26:.textf)
                                          0005(00000cf6:.textf)
0030 _COM_fgt
     SECTION=.RLIB
                 __COM_fgt
                                 00001b3a 0005(00000972:.textf)
                                          0005(000009f0:.textf)
                                          0005(00000c98:.textf)
                                          0005(00000cc8:.textf)
0031 _COM_fle
     SECTION=.RLIB
                 __COM_fle
                                 00001b50 0005(0000079e:.textf)
                                          0005(00000aae:.textf)
0032 _COM_flt
     SECTION=.RLIB
                 __COM_flt
                                 00001b66 0005(000007c2:.textf)
                                          0005(0000088e:.textf)
                                          0005(000008fb:.textf)
                                          0005(00000a3e:.textf)
                                          0005(00000cae:.textf)
0033 _COM_fmul
     SECTION=.RLIB
                 __COM_fmul
                                 00001bc7 0004(0000061a:.textf)
                                          0005(0000081f:.textf)
                                          0005(00000b5f:.textf)
                                          0005(00000bf3:.textf)
                                          0005(00000c76:.textf)
                                          0005(00000d25:.textf)
                                          0005(00000dca:.textf)
                                          0005(00000dd8:.textf)
0034 _COM_ftoul
     SECTION=.RLIB
                 __COM_ftoul
                                 00001c69 0005(000006bd:.textf)
0035 _COM_funordered
     SECTION=.RLIB
                 __COM_funordered
                                 00001c75 0005(0000078b:.textf)
                                          0005(0000087b:.textf)
                                          0005(000008e8:.textf)
                                          0005(0000095f:.textf)
                                          0005(000009dd:.textf)
                                          0005(00000a2b:.textf)
                                          0005(00000b7b:.textf)
                                          0005(00000c11:.textf)
                                          0005(00000ce3:.textf)
0036 _COM_ultof
     SECTION=.RLIB
                 __COM_ultof
                                 00001c80 0004(0000060e:.textf)
                                          0005(00000813:.textf)
                                          0005(00000b53:.textf)
                                          0005(00000be7:.textf)
                                          0005(00000c6a:.textf)
                                          0005(00000d19:.textf)
                                          0005(00000de8:.textf)
0037 _REL_fcmp
     SECTION=.RLIB
                 __REL_fcmp
                                 00001c86 0029(00001b2e:.RLIB)
                                          0030(00001b44:.RLIB)
                                          0031(00001b5a:.RLIB)
                                          0032(00001b70:.RLIB)
0038 _REL_fordered_core
     SECTION=.RLIB
                 __REL_fordered_core
                                 00001cbe 0029(00001b27:.RLIB)
                                          0030(00001b3d:.RLIB)
                                          0031(00001b53:.RLIB)
                                          0032(00001b69:.RLIB)
                                          0035(00001c78:.RLIB)
0039 _REL_ftol
     SECTION=.RLIB
                 __REL_ftol
                                 00001cda 0034(00001c6f:.RLIB)
0040 _REL_f_inf
     SECTION=.RLIB
                 __REL_f_inf
                                 00001d0f 0027(000019ae:.RLIB)
                                          0028(00001a3f:.RLIB)
                                          0028(00001adf:.RLIB)
                                          0033(00001b99:.RLIB)
                                          0033(00001c3c:.RLIB)
0041 _REL_f_norm
     SECTION=.RLIB
                 __REL_f_norm
                                 00001d17 0028(00001a20:.RLIB)
                                          0028(00001a4b:.RLIB)
                                          0033(00001bba:.RLIB)
0042 _REL_f_round
     SECTION=.RLIB
                 __REL_f_round
                                 00001d27 0027(000019bb:.RLIB)
                                          0027(000019f3:.RLIB)
                                          0028(00001b21:.RLIB)
                                          0033(00001c49:.RLIB)
0043 _REL_ltof
     SECTION=.RLIB
                 __REL_ltof
                                 00001d3a 0036(00001c83:.RLIB)
0044 _COM_lshr
     SECTION=.RLIB
                 __COM_lshr
                                 00001d8e 0039(00001d06:.RLIB)
0045 rlink_generates_01
     SECTION=.option_byte
0046 rlink_generates_02
     SECTION=.monitor1
     SECTION=.monitor2
0047 rlink_generates_03
     SECTION=.security_id
0048 rlink_generates_04
     SECTION=.vect
0049 rlink_generates_05
     SECTION=
                 __s.vect
                                 00000000
                 __s.constf
                                 00000080
                 __e.constf
                                 00000080
                 __s.sdata
                                 00000080
                 __e.sdata
                                 00000080
                 __e.vect
                                 00000080
                 __s.option_byte
                                 000000c0
                 __s.SLIB
                                 000000c4
                 __e.SLIB
                                 000000c4
                 __e.option_byte
                                 000000c4
                 __s.security_id
                                 000000c4
                 __s.monitor1
                                 000000ce
                 __e.security_id
                                 000000ce
                 __s.data
                                 000000d8
                 __e.monitor1
                                 000000d8
                 __s.text
                                 00000121
                 __e.data
                                 00000121
                 __e.text
                                 0000043b
                 __s.textf
                                 0000043b
                 __e.textf
                                 0000189c
                 __s.RLIB
                                 0000189c
                 __e.RLIB
                                 00001da5
                 __s.const
                                 00003000
                 __e.const
                                 00003002
                 __s.monitor2
                                 0007fe00
                 __e.monitor2
                                 00080000
                 __RAM_ADDR_START
                                 000f3f00
                 __s.bss
                                 000f4700
                 __e.bss
                                 000f47f2
                 __s.dataR
                                 000f47f2
                 __e.dataR
                                 000f483b
                 __STACK_ADDR_END
                                 000f483c 0001(00000126:.text)
                 __s.sbss
                                 000ffe20
                 __e.sbss
                                 000ffe20
                 __s.sdataR
                                 000ffe20
                 __e.sdataR
                                 000ffe20
                 __STACK_ADDR_START
                                 000ffe20 0001(00000123:.text)
                 __RAM_ADDR_END
                                 000ffee0
