Renesas Optimizing Linker (W3.03.00 )             31-Dec-2021 09:01:42

*** Options ***

-subcommand=LinkerControlPCB_HWM.tmp
-MAKEUD=D:\Chieniwa\E2_Studio\ControlPCB_HWM\HardwareDebug/ControlPCB_HWM_l.ud
-device="D:/Chieniwa/E2_Studio/.eclipse/com.renesas.platform_1435879475/DebugComp/RL78/RL78/Common/DR5F104ML.DVF"
-list="ControlPCB_HWM.map"
-show=all
-nooptimize
-entry=_start
-auto_section_layout
-security_id=00000000000000000000
-debug_monitor=7FE00-7FFFF
-user_opt_byte=FFFFF8
-ocdbg=84
-ocdtr
-input=".\generate\cstart.obj"
-input=".\generate\stkinit.obj"
-input=".\src\EEPROM.obj"
-input=".\src\crc32.obj"
-input=".\src\crc8.obj"
-input=".\src\interrupt_handle.obj"
-input=".\src\main.obj"
-input=".\src\r_cg_adc.obj"
-input=".\src\r_cg_adc_user.obj"
-input=".\src\r_cg_cgc.obj"
-input=".\src\r_cg_cgc_user.obj"
-input=".\src\r_cg_dac.obj"
-input=".\src\r_cg_dac_user.obj"
-input=".\src\r_cg_port.obj"
-input=".\src\r_cg_port_user.obj"
-input=".\src\r_cg_rtc.obj"
-input=".\src\r_cg_rtc_user.obj"
-input=".\src\r_cg_serial.obj"
-input=".\src\r_cg_serial_user.obj"
-input=".\src\r_cg_timer.obj"
-input=".\src\r_cg_timer_user.obj"
-input=".\src\r_cg_wdt.obj"
-input=".\src\r_cg_wdt_user.obj"
-input=".\src\r_main.obj"
-input=".\src\r_systeminit.obj"
-input=".\src\usr_timer.obj"
-library="C:\Program Files (x86)\Renesas Electronics\CS+\CC\CC-RL\V1.10.00\lib\rl78em4s99.lib"
-library="C:\Program Files (x86)\Renesas Electronics\CS+\CC\CC-RL\V1.10.00\lib\rl78em4r.lib"
-library="C:\Program Files (x86)\Renesas Electronics\CS+\CC\CC-RL\V1.10.00\lib\malloc_n.lib"
-output="ControlPCB_HWM.abs"
-debug
-nocompress
-rom=.data=.dataR,.sdata=.sdataR
-nomessage
-nologo

*** Error information ***

*** Mapping List ***

SECTION                            START      END         SIZE   ALIGN
.vect
                                  00000000  0000007f        80   0
.constf
                                  00000080  00000080         0   2
.sdata
                                  00000080  00000080         0   2
.option_byte
                                  000000c0  000000c3         4   1
.security_id
                                  000000c4  000000cd         a   1
.SLIB
                                  000000c4  000000c4         0   1
.monitor1
                                  000000ce  000000d7         a   1
.data
                                  000000d8  00000187        b0   2
.text
                                  00000188  000004a1       31a   1
.RLIB
                                  000004a2  0000093a       499   1
.const
                                  00003000  0000350f       510   2
.textf
                                  00003510  000061e4      2cd5   1
.monitor2
                                  0007fe00  0007ffff       200   1
.bss
                                  000f4700  000f4aac       3ad   2
.dataR
                                  000f4aae  000f4b5d        b0   2
.sbss
                                  000ffe20  000ffe20         0   2
.sdataR
                                  000ffe20  000ffe20         0   2

*** Total Section Size ***

RAMDATA SECTION:  0000045d Byte(s)
ROMDATA SECTION:  00000858 Byte(s)
PROGRAM SECTION:  00003488 Byte(s)

*** Symbol List ***

SECTION=
FILE=                               START        END    SIZE
  SYMBOL                            ADDR        SIZE    INFO      COUNTS  OPT
    STRUCT                                      SIZE
      MEMBER                        ADDR        SIZE    INFO

SECTION=.vect
FILE=rlink_generates_04
                                  00000000  0000007f        80

SECTION=.option_byte
FILE=rlink_generates_01
                                  000000c0  000000c3         4

SECTION=.security_id
FILE=rlink_generates_03
                                  000000c4  000000cd         a

SECTION=.monitor1
FILE=rlink_generates_02
                                  000000ce  000000d7         a

SECTION=.data
FILE=.\src\main.obj
                                  000000d8  0000016c        95
FILE=.\src\r_main.obj
                                  0000016e  00000187        1a

SECTION=.text
FILE=.\generate\cstart.obj
                                  00000188  000001e1        5a
  _start
                                  00000188         0   entry,g         0
  _exit
                                  000001e0         0   none ,g         1
FILE=.\src\r_cg_adc_user.obj
                                  000001e2  000001fb        1a
  _r_adc_interrupt@1
                                  000001e2        1a   func ,l         0
FILE=.\src\r_cg_serial_user.obj
                                  000001fc  00000479       27e
  _r_uart1_interrupt_receive@1
                                  000001fc        5f   func ,l         0
  _r_uart1_interrupt_send@1
                                  0000025b        31   func ,l         0
  _r_csi00_interrupt@1
                                  0000028c        49   func ,l         0
  _r_csi01_interrupt@1
                                  000002d5        85   func ,l         0
  _r_uart2_interrupt_receive@1
                                  0000035a        5f   func ,l         0
  _r_uart2_interrupt_send@1
                                  000003b9        31   func ,l         0
  _r_uart3_interrupt_receive@1
                                  000003ea        5f   func ,l         0
  _r_uart3_interrupt_send@1
                                  00000449        31   func ,l         0
FILE=.\src\r_cg_timer_user.obj
                                  0000047a  0000049f        26
  _r_tau0_channel0_interrupt@1
                                  0000047a        1c   func ,l         0
  _r_tau0_channel1_interrupt@1
                                  00000496         5   func ,l         0
  _r_tau0_channel2_interrupt@1
                                  0000049b         5   func ,l         0
FILE=.\src\r_cg_wdt_user.obj
                                  000004a0  000004a1         2
  _r_wdt_interrupt@1
                                  000004a0         2   func ,l         0

SECTION=.RLIB
FILE=memcpy
                                  000004a2  000004b2        11
  _memcpy
                                  000004a2         0   none ,g         6
FILE=_COM_faddsub
                                  000004b3  000005ed       13b
  __COM_fsub
                                  0000050f         0   none ,g         0
  __COM_fadd
                                  00000517         0   none ,g         2
FILE=_COM_fdiv
                                  000005ee  0000071b       12e
  __COM_fdiv
                                  0000064d         0   none ,g         4
FILE=_COM_fge
                                  0000071c  00000731        16
  __COM_fge
                                  0000071c         0   none ,g         3
FILE=_COM_fgt
                                  00000732  00000747        16
  __COM_fgt
                                  00000732         0   none ,g         5
FILE=_COM_fle
                                  00000748  0000075d        16
  __COM_fle
                                  00000748         0   none ,g         2
FILE=_COM_flt
                                  0000075e  00000773        16
  __COM_flt
                                  0000075e         0   none ,g         7
FILE=_COM_fmul
                                  00000774  00000860        ed
  __COM_fmul
                                  000007bf         0   none ,g         8
FILE=_COM_funordered
                                  00000861  0000086b         b
  __COM_funordered
                                  00000861         0   none ,g         9
FILE=_COM_ultof
                                  0000086c  00000871         6
  __COM_ultof
                                  0000086c         0   none ,g         4
FILE=_REL_fcmp
                                  00000872  000008a9        38
  __REL_fcmp
                                  00000872         0   none ,g         4
FILE=_REL_fordered_core
                                  000008aa  000008c5        1c
  __REL_fordered_core
                                  000008aa         0   none ,g         5
FILE=_REL_f_inf
                                  000008c6  000008cd         8
  __REL_f_inf
                                  000008c6         0   none ,g         5
FILE=_REL_f_norm
                                  000008ce  000008dd        10
  __REL_f_norm
                                  000008ce         0   none ,g         3
FILE=_REL_f_round
                                  000008de  000008f0        13
  __REL_f_round
                                  000008de         0   none ,g         4
FILE=_REL_ltof
                                  000008f1  0000093a        4a
  __REL_ltof
                                  000008f1         0   none ,g         1

SECTION=.const
FILE=.\src\EEPROM.obj
                                  00003000  00003001         2
FILE=.\src\crc32.obj
                                  00003002  00003401       400
  _crc32_table
                                  00003002       400   data ,g         2
FILE=.\src\crc8.obj
                                  00003402  00003501       100
  _crc_table@1
                                  00003402       100   data ,l         2
FILE=.\src\main.obj
                                  00003502  00003505         4
  _time_setting_p
                                  00003502         2   data ,g         0
  _number_setting_p
                                  00003504         2   data ,g         0
FILE=.\src\r_main.obj
                                  00003506  0000350f         a

SECTION=.textf
FILE=.\generate\stkinit.obj
                                  00003510  00003553        44
  _stkinit
                                  00003510         0   none ,g         1
  LSTINIT1
                                  0000351e         0   none ,l         1
  LSTINIT2
                                  00003548         0   none ,l         2
  LSTINIT3
                                  00003553         0   none ,l         2
FILE=.\src\EEPROM.obj
                                  00003554  000037b2       25f
  _EEPROM_Init
                                  00003554        2b   func ,g         1
  _rEE_Status
                                  0000357f        1b   func ,g         6
  _sEE_WriteEnable
                                  0000359a        12   func ,g         3
  _sEE_WriteDisable
                                  000035ac        12   func ,g         0
  _EE_SPI_Write
                                  000035be        df   func ,g         2
  _EE_SPI_Read
                                  0000369d        b7   func ,g         2
  _sEE_Block
                                  00003754        11   func ,g         0
  _sEE_SendInstruction
                                  00003765         3   func ,g         0
  _sEE_SendReceiveInstruction
                                  00003768         4   func ,g         0
  _EE_TransmitData
                                  0000376c        2c   func ,g         a
  _sEE_WriteStatusRegister
                                  00003798        1b   func ,g         2
FILE=.\src\crc32.obj
                                  000037b3  00003851        9f
  _xcrc32
                                  000037b3        4e   func ,g         0
  _CRC32
                                  00003801        51   func ,g         0
FILE=.\src\crc8.obj
                                  00003852  000038b1        60
  _crc8_4
                                  00003852        43   func ,g         1
  _crc8_1
                                  00003895        1d   func ,g         6
FILE=.\src\interrupt_handle.obj
                                  000038b2  0000392d        7c
  _adc_int_handle
                                  000038b2        7c   func ,g         1
FILE=.\src\main.obj
                                  0000392e  00005375      1a48
  _handSensorLED
                                  0000392e        30   func ,g         f
  _handSensorLEDBlink
                                  0000395e        1e   func ,g         2
  _setting_default
                                  0000397c        a8   func ,g         0
  _isAcidTankFull
                                  00003a24        49   func ,g         4
  _isAcidTankAlmostFull
                                  00003a6d        49   func ,g         0
  _isAcidTankHasSomething
                                  00003ab6        48   func ,g         1
  _isAcidTankEmpty
                                  00003afe        48   func ,g         3
  _isAlkalineTankFull
                                  00003b46        49   func ,g         4
  _isAlkalineTankAlmostFull
                                  00003b8f        49   func ,g         0
  _isAlkalineTankHasSomething
                                  00003bd8        48   func ,g         1
  _isAlkalineTankEmpty
                                  00003c20        48   func ,g         3
  _sendToRasPi_f
                                  00003c68        28   func ,g        1a
  _sendToRasPi_u32
                                  00003c90        28   func ,g         2
  _sendRS485
                                  00003cb8        3f   func ,g         3
  _sendR485_7byte
                                  00003cf7        57   func ,g         2
  _isThisCommand
                                  00003d4e        3e   func ,g         2
  _RaspberryResponse_nostop
                                  00003d8c       1e4   func ,g         2
  _InitialOperationModeStart_nostop
                                  00003f70        30   func ,g         2
  _WaterSupplyOperation_nostop
                                  00003fa0       11a   func ,g         1
  _stop_waitAlarmConfirm
                                  000040ba        3c   func ,g         5
  _nostop_waitAlarmConfirm
                                  000040f6         c   func ,g         0
  _resetAlarm
                                  00004102         4   func ,g         0
  _Voltage1Check_waitReset
                                  00004106        a3   func ,g         1
  _Voltage2Check_nostop
                                  000041a9        aa   func ,g         1
  _Voltage3Check_waitReset
                                  00004253        c8   func ,g         1
  _LowVoltageCheck_waitReset
                                  0000431b        e4   func ,g         1
  _OverCurrentCheck_waitReset
                                  000043ff       1aa   func ,g         1
  _ElectrolyticOperation_nostop
                                  000045a9        d9   func ,g         3
  _solenoidCheck
                                  00004682        76   func ,g         0
  _saltWaterTankFullCheck
                                  000046f8        27   func ,g         0
  _saltWaterTankEmptyCheck
                                  0000471f        10   func ,g         0
  _acidWaterTankSkipCheck
                                  0000472f        3b   func ,g         0
  _alkalineWaterTankSkipCheck
                                  0000476a        3f   func ,g         0
  _FilterReplacementCheck
                                  000047a9         2   func ,g         0
  _WaterWashingMode_nostop
                                  000047ab        6b   func ,g         1
  _HandWashingMode_nostop
                                  00004816       19f   func ,g         1
  _AcidWaterMode_nostop
                                  000049b5        a8   func ,g         1
  _AlkalineWaterMode_nostop
                                  00004a5d        aa   func ,g         1
  _main_init_20211111
                                  00004b07        7f   func ,g         0
  _userAuthHandler_nostop
                                  00004b86        22   func ,g         1
  _ElectrolyzeWaterGeneration_nostop
                                  00004ba8        80   func ,g         1
  _isSV1andSV2Off8h
                                  00004c28        4e   func ,g         1
  _CallanCleaningMode_nostop
                                  00004c76        69   func ,g         1
  _DrainageMode_nostop
                                  00004cdf        ee   func ,g         1
  _NormalMode_nostop
                                  00004dcd        53   func ,g         1
  _TestPowerOn_nostop_keepstate
                                  00004e20        d1   func ,g         1
  _FlowRateAdjustmentMode_nostop_keepstate
                                  00004ef1        76   func ,g         0
  _CurrentAdjustmentMode_nostop_keepstate
                                  00004f67        48   func ,g         0
  _ElectrolyteAdjustmentOperation
                                  00004faf         2   func ,g         0
  _TestOperation_nostop
                                  00004fb1         9   func ,g         0
  _main_loop_20211111
                                  00004fba         f   func ,g         1
  _electrolyticOperationON
                                  00004fc9        2a   func ,g         3
  _isElectrolyticOperationOFF_nostop
                                  00004ff3        80   func ,g         1
  _realTimeResponse
                                  00005073        2b   func ,g         4
  _measureFlowSensor
                                  0000509e        ce   func ,g         1
  _measureFlowSensor_nostop
                                  0000516c        e4   func ,g         3
  _UpdateMachineStatus
                                  00005250       126   func ,g         5
FILE=.\src\r_cg_adc.obj
                                  00005376  000053d7        62
  _R_ADC_Create
                                  00005376        33   func ,g         2
  _R_ADC_Start
                                  000053a9         a   func ,g         2
  _R_ADC_Stop
                                  000053b3         a   func ,g         0
  _R_ADC_Set_OperationOn
                                  000053bd         4   func ,g         1
  _R_ADC_Set_OperationOff
                                  000053c1         4   func ,g         0
  _R_ADC_Get_Result
                                  000053c5         7   func ,g         2
  _R_ADC_Set_ADChannel
                                  000053cc         c   func ,g         0
FILE=.\src\r_cg_cgc.obj
                                  000053d8  000053ed        16
  _R_CGC_Create
                                  000053d8        16   func ,g         1
FILE=.\src\r_cg_cgc_user.obj
                                  000053ee  000053f0         3
  _R_CGC_Get_ResetSource
                                  000053ee         3   func ,g         1
FILE=.\src\r_cg_dac.obj
                                  000053f1  00005423        33
  _R_DAC_Create
                                  000053f1        1d   func ,g         2
  _R_DAC0_Start
                                  0000540e         4   func ,g         1
  _R_DAC0_Stop
                                  00005412         4   func ,g         0
  _R_DAC0_Set_ConversionValue
                                  00005416         3   func ,g         2
  _R_DAC1_Start
                                  00005419         4   func ,g         1
  _R_DAC1_Stop
                                  0000541d         4   func ,g         0
  _R_DAC1_Set_ConversionValue
                                  00005421         3   func ,g         2
FILE=.\src\r_cg_port.obj
                                  00005424  0000546b        48
  _R_PORT_Create
                                  00005424        48   func ,g         1
FILE=.\src\r_cg_port_user.obj
                                  0000546c  0000546c         1
  _R_PORT_Create_UserInit
                                  0000546c         1   func ,g         1
FILE=.\src\r_cg_rtc.obj
                                  0000546d  000055aa       13e
  _R_RTC_Create
                                  0000546d        27   func ,g         2
  _R_RTC_Start
                                  00005494         4   func ,g         0
  _R_RTC_Stop
                                  00005498         4   func ,g         0
  _R_RTC_Get_CounterValue
                                  0000549c        51   func ,g         0
  _R_RTC_Set_CounterValue
                                  000054ed        be   func ,g         0
FILE=.\src\r_cg_serial.obj
                                  000055ab  00005a9d       4f3
  _R_CSI01_Receive
                                  000055ab        1a   func ,g         0
  _R_CSI01_Send
                                  000055c5        26   func ,g         0
  _R_SAU0_Create
                                  000055eb        17   func ,g         2
  _R_UART1_Create
                                  00005602        7e   func ,g         2
  _R_UART1_Start
                                  00005680        26   func ,g         1
  _R_UART1_Stop
                                  000056a6        1e   func ,g         0
  _R_UART1_Receive
                                  000056c4        18   func ,g         0
  _R_UART1_Send
                                  000056dc        29   func ,g         0
  _R_CSI00_Create
                                  00005705        53   func ,g         2
  _R_CSI00_Start
                                  00005758        26   func ,g         1
  _R_CSI00_Stop
                                  0000577e        18   func ,g         0
  _R_CSI00_Send
                                  00005796        28   func ,g         0
  _R_CSI01_Create
                                  000057be        5a   func ,g         3
  _R_CSI01_Start
                                  00005818        26   func ,g         1
  _R_CSI01_Stop
                                  0000583e        18   func ,g         1
  _R_CSI01_Send_Receive
                                  00005856        36   func ,g         1
  _R_SAU1_Create
                                  0000588c        14   func ,g         2
  _R_UART2_Create
                                  000058a0        7e   func ,g         2
  _R_UART2_Start
                                  0000591e        26   func ,g         2
  _R_UART2_Stop
                                  00005944        1e   func ,g         1
  _R_UART2_Receive
                                  00005962        18   func ,g         5
  _R_UART2_Send
                                  0000597a        29   func ,g         6
  _R_UART3_Create
                                  000059a3        76   func ,g         2
  _R_UART3_Start
                                  00005a19        26   func ,g         2
  _R_UART3_Stop
                                  00005a3f        1e   func ,g         1
  _R_UART3_Receive
                                  00005a5d        18   func ,g         3
  _R_UART3_Send
                                  00005a75        29   func ,g         2
FILE=.\src\r_cg_serial_user.obj
                                  00005a9e  00005c41       1a4
  _isCommandNeedResponse
                                  00005a9e        24   func ,g         1
  _r_uart1_callback_receiveend@1
                                  00005ac2         1   func ,l         1
  _r_uart1_callback_softwareoverrun@1
                                  00005ac3         1   func ,l         1
  _r_uart1_callback_sendend@1
                                  00005ac4         1   func ,l         1
  _r_uart1_callback_error@1
                                  00005ac5         1   func ,l         1
  _r_csi00_callback_sendend@1
                                  00005ac6         1   func ,l         1
  _r_csi01_callback_receiveend@1
                                  00005ac7         7   func ,l         1
  _r_csi01_callback_error@1
                                  00005ace         1   func ,l         1
  _r_csi01_callback_sendend@1
                                  00005acf         4   func ,l         1
  _r_uart2_callback_receiveend@1
                                  00005ad3       117   func ,l         1
  _r_uart2_callback_softwareoverrun@1
                                  00005bea         1   func ,l         1
  _r_uart2_callback_sendend@1
                                  00005beb         4   func ,l         1
  _r_uart2_callback_error@1
                                  00005bef         1   func ,l         1
  _r_uart3_callback_receiveend@1
                                  00005bf0        49   func ,l         1
  _r_uart3_callback_softwareoverrun@1
                                  00005c39         1   func ,l         1
  _r_uart3_callback_sendend@1
                                  00005c3a         7   func ,l         1
  _r_uart3_callback_error@1
                                  00005c41         1   func ,l         1
FILE=.\src\r_cg_timer.obj
                                  00005c42  00005d4e       10d
  _R_TAU0_Create
                                  00005c42        ad   func ,g         2
  _R_TAU0_Channel0_Start
                                  00005cef        10   func ,g         1
  _R_TAU0_Channel0_Stop
                                  00005cff        10   func ,g         0
  _R_TAU0_Channel1_Start
                                  00005d0f        10   func ,g         0
  _R_TAU0_Channel1_Stop
                                  00005d1f        10   func ,g         0
  _R_TAU0_Channel2_Start
                                  00005d2f        10   func ,g         0
  _R_TAU0_Channel2_Stop
                                  00005d3f        10   func ,g         0
FILE=.\src\r_cg_wdt.obj
                                  00005d4f  00005d63        15
  _R_WDT_Create
                                  00005d4f        11   func ,g         1
  _R_WDT_Restart
                                  00005d60         4   func ,g         a
FILE=.\src\r_main.obj
                                  00005d64  0000607b       318
  _nostop_checkHandSensor
                                  00005d64        31   func ,g         0
  _readHS
                                  00005d95        15   func ,g         0
  _main
                                  00005daa       271   func ,g         1
  _R_MAIN_UserInit
                                  0000601b        61   func ,g         1
FILE=.\src\r_systeminit.obj
                                  0000607c  000060b2        37
  _R_Systeminit
                                  0000607c        32   func ,g         1
  _hdwinit
                                  000060ae         5   func ,g         1
FILE=.\src\usr_timer.obj
                                  000060b3  000061e4       132
  _delay_ms
                                  000060b3        68   func ,g         4
  _delay
                                  0000611b        18   func ,g         0
  _ns_delay_ms
                                  00006133        6c   func ,g        36
  _non_block_delay
                                  0000619f         2   func ,g         0
  _mTask
                                  000061a1        44   func ,g         0

SECTION=.monitor2
FILE=rlink_generates_02
                                  0007fe00  0007ffff       200

SECTION=.bss
FILE=.\src\EEPROM.obj
                                  000f4700  000f4726        27
  _eeprom_status
                                  000f4700         1   data ,g         c
    union  EEPROM_status_u {
                                                   1
      _eeprom_status.refined
                                  000f4700         1
    struct  {
                                                   1
      _eeprom_status.refined.RB
                                  000f4700         1   unsigned char:1(7)
      _eeprom_status.refined.WEN
                                  000f4700         1   unsigned char:1(6)
      _eeprom_status.refined.BP
                                  000f4700         1   unsigned char:2(4)
      _eeprom_status.refined.RSVD
                                  000f4700         1   unsigned char:3(1)
      _eeprom_status.refined.WPEN
                                  000f4700         1   unsigned char:1(0)
    }
      _eeprom_status.raw
                                  000f4700         1   unsigned char
    }
  _spi_flag
                                  000f4702         2   data ,g         3
  _buf
                                  000f4704        23   data ,g        12
FILE=.\src\interrupt_handle.obj
                                  000f4728  000f472b         4
  _g_adc_value
                                  000f4728         4   data ,g         4
FILE=.\src\main.obj
                                  000f472c  000f48ff       1d4
  _g_TimeKeeper@1
                                  000f472c         6   data ,l         d
    struct Tick_Keeper_s {
                                                   6
      _g_TimeKeeper@1.electrolyteOff_h
                                  000f472c         1   unsigned char
      _g_TimeKeeper@1.neutralization
                                  000f472e         4   unsigned long
    }
  _g_numberSetting
                                  000f4732        26   data ,g        35
    struct Number_Setting_s {
                                                  26
      _g_numberSetting.upperVoltage1
                                  000f4732         4   float
      _g_numberSetting.upperVoltage2
                                  000f4736         4   float
      _g_numberSetting.upperVoltage3
                                  000f473a         4   float
      _g_numberSetting.lowerVoltage
                                  000f473e         4   float
      _g_numberSetting.upperCurrent
                                  000f4742         4   float
      _g_numberSetting.lowerCurrent
                                  000f4746         4   float
      _g_numberSetting.upperFlow
                                  000f474a         4   float
      _g_numberSetting.lowerFlow
                                  000f474e         4   float
      _g_numberSetting.cvccCurrent
                                  000f4752         4   float
      _g_numberSetting.crc
                                  000f4756         1   char
    }
  _g_color
                                  000f4758         1   data ,g         b
  _g_pre_color
                                  000f4759         1   data ,g         3
  _g_flow_value
                                  000f475a         4   data ,g         2
  _g_alarm
                                  000f475e         2   data ,g         f
    union  Alarm_Flag_u {
                                                   2
      _g_alarm.refined
                                  000f475e         2
    struct  {
                                                   2
      _g_alarm.refined.overVoltage1
                                  000f475e         1   unsigned char:1(7)
      _g_alarm.refined.overVoltage2
                                  000f475e         1   unsigned char:1(6)
      _g_alarm.refined.overVoltage3
                                  000f475e         1   unsigned char:1(5)
      _g_alarm.refined.overCurrent
                                  000f475e         1   unsigned char:1(4)
      _g_alarm.refined.overFlow
                                  000f475e         1   unsigned char:1(3)
      _g_alarm.refined.underVoltage
                                  000f475e         1   unsigned char:1(2)
      _g_alarm.refined.underCurrent
                                  000f475e         1   unsigned char:1(1)
      _g_alarm.refined.cvcc
                                  000f475e         1   unsigned char:1(0)
      _g_alarm.refined.underFlow
                                  000f475f         1   unsigned char:1(7)
    }
    }
  _g_machine_state
                                  000f4760         e   data ,g        68
    struct Machine_State_u {
                                                   e
      _g_machine_state.akaline
                                  000f4760         1   unsigned char
      _g_machine_state.acid
                                  000f4761         1   unsigned char
      _g_machine_state.water
                                  000f4762         1   unsigned char
      _g_machine_state.handwash
                                  000f4763         1   unsigned char
      _g_machine_state.waterSupply
                                  000f4764         1   unsigned char
      _g_machine_state.flowSensor
                                  000f4765         1   unsigned char
      _g_machine_state.callan
                                  000f4766         1   unsigned char
      _g_machine_state.electrolyteOperation
                                  000f4767         1   unsigned char
      _g_machine_state.electrolyteOFF
                                  000f4768         1   unsigned char
      _g_machine_state.drainage
                                  000f4769         1   unsigned char
      _g_machine_state.isMidNight
                                  000f476a         1   unsigned char
      _g_machine_state.test
                                  000f476b         1   unsigned char
      _g_machine_state.user
                                  000f476c         1   unsigned char
      _g_machine_state.mode
                                  000f476d         1   unsigned char
    }
  _g_io_status
                                  000f476e        12   data ,g        2f
    union  IO_Status_u {
                                                  12
      _g_io_status.refined
                                  000f476e        12
    struct  {
                                                  12
      _g_io_status.refined.AlkalineEmptyLevel
                                  000f476e         1   unsigned char:1(7)
      _g_io_status.refined.AlkalineLowLevel
                                  000f476e         1   unsigned char:1(6)
      _g_io_status.refined.AlkalineHighLevel
                                  000f476e         1   unsigned char:1(5)
      _g_io_status.refined.AcidEmptyLevel
                                  000f476e         1   unsigned char:1(4)
      _g_io_status.refined.AcidLowLevel
                                  000f476e         1   unsigned char:1(3)
      _g_io_status.refined.AcidHighLevel
                                  000f476e         1   unsigned char:1(2)
      _g_io_status.refined.SaltLowLevel
                                  000f476e         1   unsigned char:1(1)
      _g_io_status.refined.SaltHighLevel
                                  000f476e         1   unsigned char:1(0)
      _g_io_status.refined.Valve
                                  000f476f         2
    struct  {
                                                   2
      _g_io_status.refined.Valve.SV1
                                  000f476f         1   unsigned char:1(7)
      _g_io_status.refined.Valve.SV2
                                  000f476f         1   unsigned char:1(6)
      _g_io_status.refined.Valve.SV3
                                  000f476f         1   unsigned char:1(5)
      _g_io_status.refined.Valve.SV4
                                  000f476f         1   unsigned char:1(4)
      _g_io_status.refined.Valve.SV5
                                  000f476f         1   unsigned char:1(3)
      _g_io_status.refined.Valve.SV6
                                  000f476f         1   unsigned char:1(2)
      _g_io_status.refined.Valve.SV7
                                  000f476f         1   unsigned char:1(1)
      _g_io_status.refined.Valve.SV8
                                  000f476f         1   unsigned char:1(0)
      _g_io_status.refined.Valve.SV9
                                  000f4770         1   unsigned char:1(7)
      _g_io_status.refined.Valve.RSVD
                                  000f4770         1   unsigned char:7(0)
    }
      _g_io_status.refined.Pump1
                                  000f4771         1   unsigned char:1(7)
      _g_io_status.refined.Pump2
                                  000f4771         1   unsigned char:1(6)
      _g_io_status.refined.SaltPump
                                  000f4771         1   unsigned char:1(5)
      _g_io_status.refined.RSVD1
                                  000f4771         1   unsigned char:4(1)
      _g_io_status.refined.MachineMode_RSVD
                                  000f4772         1   unsigned char
      _g_io_status.refined.FlowValue
                                  000f4774         4   float
      _g_io_status.refined.CVCCVoltage
                                  000f4778         4   float
      _g_io_status.refined.CVCCCurrent
                                  000f477c         4   float
    }
    }
  _g_mean_io_status
                                  000f4780        12   data ,g        17
    union  IO_Status_u {
                                                  12
      _g_mean_io_status.refined
                                  000f4780        12
    struct  {
                                                  12
      _g_mean_io_status.refined.AlkalineEmptyLevel
                                  000f4780         1   unsigned char:1(7)
      _g_mean_io_status.refined.AlkalineLowLevel
                                  000f4780         1   unsigned char:1(6)
      _g_mean_io_status.refined.AlkalineHighLevel
                                  000f4780         1   unsigned char:1(5)
      _g_mean_io_status.refined.AcidEmptyLevel
                                  000f4780         1   unsigned char:1(4)
      _g_mean_io_status.refined.AcidLowLevel
                                  000f4780         1   unsigned char:1(3)
      _g_mean_io_status.refined.AcidHighLevel
                                  000f4780         1   unsigned char:1(2)
      _g_mean_io_status.refined.SaltLowLevel
                                  000f4780         1   unsigned char:1(1)
      _g_mean_io_status.refined.SaltHighLevel
                                  000f4780         1   unsigned char:1(0)
      _g_mean_io_status.refined.Valve
                                  000f4781         2
    struct  {
                                                   2
      _g_mean_io_status.refined.Valve.SV1
                                  000f4781         1   unsigned char:1(7)
      _g_mean_io_status.refined.Valve.SV2
                                  000f4781         1   unsigned char:1(6)
      _g_mean_io_status.refined.Valve.SV3
                                  000f4781         1   unsigned char:1(5)
      _g_mean_io_status.refined.Valve.SV4
                                  000f4781         1   unsigned char:1(4)
      _g_mean_io_status.refined.Valve.SV5
                                  000f4781         1   unsigned char:1(3)
      _g_mean_io_status.refined.Valve.SV6
                                  000f4781         1   unsigned char:1(2)
      _g_mean_io_status.refined.Valve.SV7
                                  000f4781         1   unsigned char:1(1)
      _g_mean_io_status.refined.Valve.SV8
                                  000f4781         1   unsigned char:1(0)
      _g_mean_io_status.refined.Valve.SV9
                                  000f4782         1   unsigned char:1(7)
      _g_mean_io_status.refined.Valve.RSVD
                                  000f4782         1   unsigned char:7(0)
    }
      _g_mean_io_status.refined.Pump1
                                  000f4783         1   unsigned char:1(7)
      _g_mean_io_status.refined.Pump2
                                  000f4783         1   unsigned char:1(6)
      _g_mean_io_status.refined.SaltPump
                                  000f4783         1   unsigned char:1(5)
      _g_mean_io_status.refined.RSVD1
                                  000f4783         1   unsigned char:4(1)
      _g_mean_io_status.refined.MachineMode_RSVD
                                  000f4784         1   unsigned char
      _g_mean_io_status.refined.FlowValue
                                  000f4786         4   float
      _g_mean_io_status.refined.CVCCVoltage
                                  000f478a         4   float
      _g_mean_io_status.refined.CVCCCurrent
                                  000f478e         4   float
    }
    }
  __settingTime
                                  000f4792        8e   data ,g         8
    struct Timer_Setting_s {
                                                  8e
      __settingTime.t1_initialWaterDrainageOperation_s
                                  000f4792         4   unsigned long
      __settingTime.t2_flowSensorStartTime_s
                                  000f4796         4   unsigned long
      __settingTime.t3_flowSensorMonitorTime_s
                                  000f479a         4   unsigned long
      __settingTime.t4_electrolysisOperationStart_s
                                  000f479e         4   unsigned long
      __settingTime.t5_electrolysisStopDelay_s
                                  000f47a2         4   unsigned long
      __settingTime.t6_drainageOffTime_h
                                  000f47a6         4   unsigned long
      __settingTime.t7_powerOnPreparation_s
                                  000f47aa         4   unsigned long
      __settingTime.t8_flowRateAdjustmentRelease_s
                                  000f47ae         4   unsigned long
      __settingTime.t9_currentAdjustmentRelease_s
                                  000f47b2         4   unsigned long
      __settingTime.t10_electrolysisCurrentAlarmSpecified_s
                                  000f47b6         4   unsigned long
      __settingTime.t11_overVoltage1Time_s
                                  000f47ba         4   unsigned long
      __settingTime.t12_overVoltage2Time_s
                                  000f47be         4   unsigned long
      __settingTime.t13_overVoltage3Time_s
                                  000f47c2         4   unsigned long
      __settingTime.t14_lowVoltageStartTime_s
                                  000f47c6         4   unsigned long
      __settingTime.t15_lowVoltageDelayTime_s
                                  000f47ca         4   unsigned long
      __settingTime.t16_currentMonitoringStart_s
                                  000f47ce         4   unsigned long
      __settingTime.t17_solenoidLeakageStartTime_s
                                  000f47d2         4   unsigned long
      __settingTime.t18_fullWaterMonitoringStart_h
                                  000f47d6         4   unsigned long
      __settingTime.t19_waterFilterAlarm_h
                                  000f47da         4   unsigned long
      __settingTime.t20_waterFilterAlarmIgnore_h
                                  000f47de         4   unsigned long
      __settingTime.t26_onDelayEmptyLevel_s
                                  000f47e2         4   unsigned long
      __settingTime.t27_onDelayLowLevel_s
                                  000f47e6         4   unsigned long
      __settingTime.t28_onDelayHighLevel_s
                                  000f47ea         4   unsigned long
      __settingTime.t30_offDelayEmptyLevel_s
                                  000f47ee         4   unsigned long
      __settingTime.t31_saltLowLevelDelay_s
                                  000f47f2         4   unsigned long
      __settingTime.t32_saltHighLevelDelay_s
                                  000f47f6         4   unsigned long
      __settingTime.t51_alkalineWaterSpoutingTime_s
                                  000f47fa         4   unsigned long
      __settingTime.t52_acidWaterSpoutingTime_s
                                  000f47fe         4   unsigned long
      __settingTime.t53_washingWaterSpoutingTime_s
                                  000f4802         4   unsigned long
      __settingTime.t54_overLapTime_ms
                                  000f4806         4   unsigned long
      __settingTime.t55_waterDischargeDelay_s
                                  000f480a         4   unsigned long
      __settingTime.t56_acidWaterDownTime_s
                                  000f480e         4   unsigned long
      __settingTime.t59_alkalineWaterDownTime_s
                                  000f4812         4   unsigned long
      __settingTime.t61_curranCleaningIntervalTime_h
                                  000f4816         4   unsigned long
      __settingTime.t62_callanWashSpoutingTime_s
                                  000f481a         4   unsigned long
      __settingTime.crc
                                  000f481e         1   char
    }
  __settingNumber
                                  000f4820        26   data ,g         8
    struct Number_Setting_s {
                                                  26
      __settingNumber.upperVoltage1
                                  000f4820         4   float
      __settingNumber.upperVoltage2
                                  000f4824         4   float
      __settingNumber.upperVoltage3
                                  000f4828         4   float
      __settingNumber.lowerVoltage
                                  000f482c         4   float
      __settingNumber.upperCurrent
                                  000f4830         4   float
      __settingNumber.lowerCurrent
                                  000f4834         4   float
      __settingNumber.upperFlow
                                  000f4838         4   float
      __settingNumber.lowerFlow
                                  000f483c         4   float
      __settingNumber.cvccCurrent
                                  000f4840         4   float
      __settingNumber.crc
                                  000f4844         1   char
    }
  _g_machine_mode
                                  000f4846         1   data ,g         4
  _btod
                                  000f4848         4   data ,g         6
    union  BytesToDouble {
                                                   4
      _btod.refined
                                  000f4848         4
    struct  {
                                                   4
      _btod.refined.data
                                  000f4848         4   unsigned char
    }
      _btod.raw
                                  000f4848         4   unsigned long
    }
  _g_Tick
                                  000f484c        a8   data ,g        7c
    struct Tick_s {
                                                  a8
      _g_Tick.tick500ms
                                  000f484c         4   unsigned long
      _g_Tick.tick1s
                                  000f4850         4   unsigned long
      _g_Tick.tick5s
                                  000f4854         4   unsigned long
      _g_Tick.tickBlink
                                  000f4858         4   unsigned long
      _g_Tick.tickAlkaline
                                  000f485c         4   unsigned long
      _g_Tick.tickAcid
                                  000f4860         4   unsigned long
      _g_Tick.tickWater
                                  000f4864         4   unsigned long
      _g_Tick.tickHandWash
                                  000f4868         4   unsigned long
      _g_Tick.tickWaterSupply
                                  000f486c         4   unsigned long
      _g_Tick.tickFlowMeasurment
                                  000f4870         4   unsigned long
      _g_Tick.tickDebouceHandSensor
                                  000f4874         4   unsigned long
      _g_Tick.tickVoltage1Check
                                  000f4878         4   unsigned long
      _g_Tick.tickVoltage2Check
                                  000f487c         4   unsigned long
      _g_Tick.tickVoltage3Check
                                  000f4880         4   unsigned long
      _g_Tick.tickVoltageLowCheck
                                  000f4884         4   unsigned long
      _g_Tick.tickCurrentCheck
                                  000f4888         4   unsigned long
      _g_Tick.tickSV1SV2
                                  000f488c         4   unsigned long
      _g_Tick.tickElectrolyticOff
                                  000f4890         4   unsigned long
      _g_Tick.tickWaterSoftenerPCB
                                  000f4894         4   unsigned long
      _g_Tick.tickValvePCB
                                  000f4898         4   unsigned long
      _g_Tick.tickRS485
                                  000f489c         4   unsigned long
      _g_Tick.tickCallan
                                  000f48a0         4   unsigned long
      _g_Tick.tickDrainage
                                  000f48a4         4   unsigned long
      _g_Tick.tickTestOperation
                                  000f48a8         4   unsigned long
      _g_Tick.tickAcidLevel
                                  000f48ac        10   unsigned long
      _g_Tick.tickAlkalineLevel
                                  000f48bc        10   unsigned long
      _g_Tick.tickHandSensor
                                  000f48cc         8   unsigned long
      _g_Tick.tickCustom
                                  000f48d4        20   unsigned long
    }
  _water_solfner_buf
                                  000f48f4         7   data ,g         5
    struct UART3_Buffer_s {
                                                   7
      _water_solfner_buf.busy
                                  000f48f4         1   unsigned char
      _water_solfner_buf.head
                                  000f48f5         1   unsigned char
      _water_solfner_buf.set_number
                                  000f48f6         1   unsigned char
      _water_solfner_buf.set_value
                                  000f48f7         4   unsigned char
    }
  __flow_pulse
                                  000f48fc         4   data ,g         8
FILE=.\src\r_cg_rtc_user.obj
                                  000f4900  000f4906         7
  _g_rtc
                                  000f4900         7   data ,g         0
    struct  {
                                                   7
      _g_rtc.sec
                                  000f4900         1   unsigned char
      _g_rtc.min
                                  000f4901         1   unsigned char
      _g_rtc.hour
                                  000f4902         1   unsigned char
      _g_rtc.day
                                  000f4903         1   unsigned char
      _g_rtc.week
                                  000f4904         1   unsigned char
      _g_rtc.month
                                  000f4905         1   unsigned char
      _g_rtc.year
                                  000f4906         1   unsigned char
    }
FILE=.\src\r_cg_serial.obj
                                  000f4908  000f493d        36
  _gp_uart1_tx_address
                                  000f4908         2   data ,g         5
  _g_uart1_tx_count
                                  000f490a         2   data ,g         4
  _gp_uart1_rx_address
                                  000f490c         2   data ,g         3
  _g_uart1_rx_count
                                  000f490e         2   data ,g         4
  _g_uart1_rx_length
                                  000f4910         2   data ,g         3
  _gp_csi00_rx_address
                                  000f4912         2   data ,g         0
  _g_csi00_rx_length
                                  000f4914         2   data ,g         0
  _g_csi00_rx_count
                                  000f4916         2   data ,g         0
  _gp_csi00_tx_address
                                  000f4918         2   data ,g         6
  _g_csi00_send_length
                                  000f491a         2   data ,g         0
  _g_csi00_tx_count
                                  000f491c         2   data ,g         4
  _gp_csi01_rx_address
                                  000f491e         2   data ,g         5
  _g_csi01_rx_length
                                  000f4920         2   data ,g         1
  _g_csi01_rx_count
                                  000f4922         2   data ,g         1
  _gp_csi01_tx_address
                                  000f4924         2   data ,g         7
  _g_csi01_send_length
                                  000f4926         2   data ,g         0
  _g_csi01_tx_count
                                  000f4928         2   data ,g         7
  _gp_uart2_tx_address
                                  000f492a         2   data ,g         5
  _g_uart2_tx_count
                                  000f492c         2   data ,g         4
  _gp_uart2_rx_address
                                  000f492e         2   data ,g         3
  _g_uart2_rx_count
                                  000f4930         2   data ,g         4
  _g_uart2_rx_length
                                  000f4932         2   data ,g         3
  _gp_uart3_tx_address
                                  000f4934         2   data ,g         5
  _g_uart3_tx_count
                                  000f4936         2   data ,g         4
  _gp_uart3_rx_address
                                  000f4938         2   data ,g         3
  _g_uart3_rx_count
                                  000f493a         2   data ,g         4
  _g_uart3_rx_length
                                  000f493c         2   data ,g         3
FILE=.\src\r_cg_serial_user.obj
                                  000f493e  000f4a01        c4
  _g_uart3_rx_data
                                  000f493e         8   data ,g         8
  _send_response_flag
                                  000f4946         1   data ,g         0
  _send_response_time_flag
                                  000f4947         1   data ,g         0
  _send_response_number_flag
                                  000f4948         1   data ,g         0
  _recived_time_setting_flag
                                  000f4949         1   data ,g         0
  _send_respone_status_flag
                                  000f494a         1   data ,g         0
  _recived_number_setting_flag
                                  000f494b         1   data ,g         0
  _commnunication_flag
                                  000f494c         d   data ,g        3a
    struct Communicaition_flag_s {
                                                   d
      _commnunication_flag.send_response_flag
                                  000f494c         1   unsigned char
      _commnunication_flag.send_response_time_flag
                                  000f494d         1   unsigned char
      _commnunication_flag.send_response_number_flag
                                  000f494e         1   unsigned char
      _commnunication_flag.recived_number_setting_flag
                                  000f494f         1   unsigned char
      _commnunication_flag.recived_time_setting_flag
                                  000f4950         1   unsigned char
      _commnunication_flag.send_respone_status_flag
                                  000f4951         1   unsigned char
      _commnunication_flag.send_response_mode_flag
                                  000f4952         1   unsigned char
      _commnunication_flag.alarm_clear_flag
                                  000f4953         1   unsigned char
      _commnunication_flag.rs485_send_to_watersolfner_response_flag
                                  000f4954         1   unsigned char
      _commnunication_flag.rs485_send_to_watersolfner_SV1_flag
                                  000f4955         1   unsigned char
      _commnunication_flag.rs485_send_to_valve_response_flag
                                  000f4956         1   unsigned char
      _commnunication_flag.rs485_get_valve_gesture_flag
                                  000f4957         1   unsigned char
      _commnunication_flag.rs485_fault
                                  000f4958         1   unsigned char
    }
  _g_csi_count
                                  000f4959         1   data ,g         0
  _g_csi_err
                                  000f495a         1   data ,g         0
  _g_csi_send_end
                                  000f495b         1   data ,g         1
  _g_csi_rev_end
                                  000f495c         1   data ,g         3
  _g_uart1_send
                                  000f495d         1   data ,g         0
  _g_uart2_sendend
                                  000f495e         1   data ,g         e
  _g_uart2_receive
                                  000f495f         1   data ,g         1
  _g_rx_data
                                  000f4960        a0   data ,g        20
  _g_uart2_fault
                                  000f4a00         1   data ,g         3
  _g_uart3_sendend
                                  000f4a01         1   data ,g         6
FILE=.\src\r_cg_timer_user.obj
                                  000f4a02  000f4a09         8
  _timer0_ch0_flag
                                  000f4a02         1   data ,g         1
  _timer0_ch1_flag
                                  000f4a03         1   data ,g         1
  _timer0_ch2_flag
                                  000f4a04         1   data ,g         1
  _g_systemTime
                                  000f4a06         4   data ,g        76
FILE=.\src\r_main.obj
                                  000f4a0a  000f4aac        a3
  _g_e_status
                                  000f4a0a         1   data ,g         0
    union  EEPROM_status_u {
                                                   1
      _g_e_status.refined
                                  000f4a0a         1
    struct  {
                                                   1
      _g_e_status.refined.RB
                                  000f4a0a         1   unsigned char:1(7)
      _g_e_status.refined.WEN
                                  000f4a0a         1   unsigned char:1(6)
      _g_e_status.refined.BP
                                  000f4a0a         1   unsigned char:2(4)
      _g_e_status.refined.RSVD
                                  000f4a0a         1   unsigned char:3(1)
      _g_e_status.refined.WPEN
                                  000f4a0a         1   unsigned char:1(0)
    }
      _g_e_status.raw
                                  000f4a0a         1   unsigned char
    }
  _ret_number_setting
                                  000f4a0c        26   data ,g         0
    struct Number_Setting_s {
                                                  26
      _ret_number_setting.upperVoltage1
                                  000f4a0c         4   float
      _ret_number_setting.upperVoltage2
                                  000f4a10         4   float
      _ret_number_setting.upperVoltage3
                                  000f4a14         4   float
      _ret_number_setting.lowerVoltage
                                  000f4a18         4   float
      _ret_number_setting.upperCurrent
                                  000f4a1c         4   float
      _ret_number_setting.lowerCurrent
                                  000f4a20         4   float
      _ret_number_setting.upperFlow
                                  000f4a24         4   float
      _ret_number_setting.lowerFlow
                                  000f4a28         4   float
      _ret_number_setting.cvccCurrent
                                  000f4a2c         4   float
      _ret_number_setting.crc
                                  000f4a30         1   char
    }
  _flow_p
                                  000f4a32         1   data ,g         1
  _salt_h_p
                                  000f4a33         1   data ,g         0
  _g_eeprom_wren
                                  000f4a34         1   data ,g         0
  _receive_data
                                  000f4a35         2   data ,g         0
  _receive_setting
                                  000f4a38        26   data ,g         0
    struct Number_Setting_s {
                                                  26
      _receive_setting.upperVoltage1
                                  000f4a38         4   float
      _receive_setting.upperVoltage2
                                  000f4a3c         4   float
      _receive_setting.upperVoltage3
                                  000f4a40         4   float
      _receive_setting.lowerVoltage
                                  000f4a44         4   float
      _receive_setting.upperCurrent
                                  000f4a48         4   float
      _receive_setting.lowerCurrent
                                  000f4a4c         4   float
      _receive_setting.upperFlow
                                  000f4a50         4   float
      _receive_setting.lowerFlow
                                  000f4a54         4   float
      _receive_setting.cvccCurrent
                                  000f4a58         4   float
      _receive_setting.crc
                                  000f4a5c         1   char
    }
  _set
                                  000f4a5e         1   data ,g         0
    union  EEPROM_status_u {
                                                   1
      _set.refined
                                  000f4a5e         1
    struct  {
                                                   1
      _set.refined.RB
                                  000f4a5e         1   unsigned char:1(7)
      _set.refined.WEN
                                  000f4a5e         1   unsigned char:1(6)
      _set.refined.BP
                                  000f4a5e         1   unsigned char:2(4)
      _set.refined.RSVD
                                  000f4a5e         1   unsigned char:3(1)
      _set.refined.WPEN
                                  000f4a5e         1   unsigned char:1(0)
    }
      _set.raw
                                  000f4a5e         1   unsigned char
    }
  _rx_data
                                  000f4a60         c   data ,g         0
  _data_f
                                  000f4a6c         4   data ,g         0
  _data_f_test
                                  000f4a70         4   data ,g         0
    union  byte_to_float {
                                                   4
      _data_f_test.refined
                                  000f4a70         4
    struct  {
                                                   4
      _data_f_test.refined.b
                                  000f4a70         4   unsigned char
    }
      _data_f_test.raw
                                  000f4a70         4   float
    }
  _g_control_buffer_f
                                  000f4a74         6   data ,g         5
    struct UART_Buffer_float_s {
                                                   6
      _g_control_buffer_f.head
                                  000f4a74         1   unsigned char
      _g_control_buffer_f.set_number
                                  000f4a75         1   unsigned char
      _g_control_buffer_f.set_value
                                  000f4a76         4   float
    }
  _g_control_buffer_u32
                                  000f4a7a         6   data ,g         5
    struct UART_Buffer_u32_s {
                                                   6
      _g_control_buffer_u32.head
                                  000f4a7a         1   unsigned char
      _g_control_buffer_u32.set_number
                                  000f4a7b         1   unsigned char
      _g_control_buffer_u32.set_value
                                  000f4a7c         4   unsigned long
    }
  _handsensor_status
                                  000f4a80         1   data ,g         0
    union   {
                                                   1
      _handsensor_status.
                                  000f4a80         1
    struct  {
                                                   1
      _handsensor_status..up_signal
                                  000f4a80         1   unsigned char
    }
      _handsensor_status.status
                                  000f4a80         1   unsigned char
    }
  _g_handsensor_status
                                  000f4a81         2   data ,g         3
  _g_crc
                                  000f4a83         8   data ,g         2
  _g_crc_32
                                  000f4a8c        20   data ,g         0
  _rx_count
                                  000f4aac         1   data ,g         2

SECTION=.dataR
FILE=.\src\main.obj
                                  000f4aae  000f4b42        95
  _g_timerSetting
                                  000f4aae        8e   data ,g        68
    struct Timer_Setting_s {
                                                  8e
      _g_timerSetting.t1_initialWaterDrainageOperation_s
                                  000f4aae         4   unsigned long
      _g_timerSetting.t2_flowSensorStartTime_s
                                  000f4ab2         4   unsigned long
      _g_timerSetting.t3_flowSensorMonitorTime_s
                                  000f4ab6         4   unsigned long
      _g_timerSetting.t4_electrolysisOperationStart_s
                                  000f4aba         4   unsigned long
      _g_timerSetting.t5_electrolysisStopDelay_s
                                  000f4abe         4   unsigned long
      _g_timerSetting.t6_drainageOffTime_h
                                  000f4ac2         4   unsigned long
      _g_timerSetting.t7_powerOnPreparation_s
                                  000f4ac6         4   unsigned long
      _g_timerSetting.t8_flowRateAdjustmentRelease_s
                                  000f4aca         4   unsigned long
      _g_timerSetting.t9_currentAdjustmentRelease_s
                                  000f4ace         4   unsigned long
      _g_timerSetting.t10_electrolysisCurrentAlarmSpecified_s
                                  000f4ad2         4   unsigned long
      _g_timerSetting.t11_overVoltage1Time_s
                                  000f4ad6         4   unsigned long
      _g_timerSetting.t12_overVoltage2Time_s
                                  000f4ada         4   unsigned long
      _g_timerSetting.t13_overVoltage3Time_s
                                  000f4ade         4   unsigned long
      _g_timerSetting.t14_lowVoltageStartTime_s
                                  000f4ae2         4   unsigned long
      _g_timerSetting.t15_lowVoltageDelayTime_s
                                  000f4ae6         4   unsigned long
      _g_timerSetting.t16_currentMonitoringStart_s
                                  000f4aea         4   unsigned long
      _g_timerSetting.t17_solenoidLeakageStartTime_s
                                  000f4aee         4   unsigned long
      _g_timerSetting.t18_fullWaterMonitoringStart_h
                                  000f4af2         4   unsigned long
      _g_timerSetting.t19_waterFilterAlarm_h
                                  000f4af6         4   unsigned long
      _g_timerSetting.t20_waterFilterAlarmIgnore_h
                                  000f4afa         4   unsigned long
      _g_timerSetting.t26_onDelayEmptyLevel_s
                                  000f4afe         4   unsigned long
      _g_timerSetting.t27_onDelayLowLevel_s
                                  000f4b02         4   unsigned long
      _g_timerSetting.t28_onDelayHighLevel_s
                                  000f4b06         4   unsigned long
      _g_timerSetting.t30_offDelayEmptyLevel_s
                                  000f4b0a         4   unsigned long
      _g_timerSetting.t31_saltLowLevelDelay_s
                                  000f4b0e         4   unsigned long
      _g_timerSetting.t32_saltHighLevelDelay_s
                                  000f4b12         4   unsigned long
      _g_timerSetting.t51_alkalineWaterSpoutingTime_s
                                  000f4b16         4   unsigned long
      _g_timerSetting.t52_acidWaterSpoutingTime_s
                                  000f4b1a         4   unsigned long
      _g_timerSetting.t53_washingWaterSpoutingTime_s
                                  000f4b1e         4   unsigned long
      _g_timerSetting.t54_overLapTime_ms
                                  000f4b22         4   unsigned long
      _g_timerSetting.t55_waterDischargeDelay_s
                                  000f4b26         4   unsigned long
      _g_timerSetting.t56_acidWaterDownTime_s
                                  000f4b2a         4   unsigned long
      _g_timerSetting.t59_alkalineWaterDownTime_s
                                  000f4b2e         4   unsigned long
      _g_timerSetting.t61_curranCleaningIntervalTime_h
                                  000f4b32         4   unsigned long
      _g_timerSetting.t62_callanWashSpoutingTime_s
                                  000f4b36         4   unsigned long
      _g_timerSetting.crc
                                  000f4b3a         1   char
    }
  _test_control_buf
                                  000f4b3c         6   data ,g         0
    struct UART_Buffer_float_s {
                                                   6
      _test_control_buf.head
                                  000f4b3c         1   unsigned char
      _test_control_buf.set_number
                                  000f4b3d         1   unsigned char
      _test_control_buf.set_value
                                  000f4b3e         4   float
    }
  __pre_flow_state
                                  000f4b42         1   data ,g         2
FILE=.\src\r_main.obj
                                  000f4b44  000f4b5d        1a
  _g_error
                                  000f4b44         2   data ,g         0
  _g_adc_ch
                                  000f4b46         2   data ,g         0
  _led_st
                                  000f4b48         1   data ,g         2
  _send_data
                                  000f4b49         2   data ,g         0
  _this_size
                                  000f4b4b         1   data ,g         0
  _this_size_2
                                  000f4b4c         1   data ,g         0
  _send_buf
                                  000f4b4d         7   data ,g         0
  _data_crc
                                  000f4b54         8   data ,g         0
  _dac_out
                                  000f4b5c         2   data ,g         2

Absolute value symbols
FILE=rlink_generates_05
  __s.text
                                  00000188         0   none ,g         0
  __e.text
                                  000004a2         0   none ,g         0
  __s.textf
                                  00003510         0   none ,g         0
  __e.textf
                                  000061e5         0   none ,g         0
  __s.const
                                  00003000         0   none ,g         0
  __e.const
                                  00003510         0   none ,g         0
  __s.constf
                                  00000080         0   none ,g         0
  __e.constf
                                  00000080         0   none ,g         0
  __s.data
                                  000000d8         0   none ,g         0
  __e.data
                                  00000188         0   none ,g         0
  __s.sdata
                                  00000080         0   none ,g         0
  __e.sdata
                                  00000080         0   none ,g         0
  __s.bss
                                  000f4700         0   none ,g         0
  __e.bss
                                  000f4aad         0   none ,g         0
  __s.sbss
                                  000ffe20         0   none ,g         0
  __e.sbss
                                  000ffe20         0   none ,g         0
  __s.dataR
                                  000f4aae         0   none ,g         0
  __e.dataR
                                  000f4b5e         0   none ,g         0
  __s.sdataR
                                  000ffe20         0   none ,g         0
  __e.sdataR
                                  000ffe20         0   none ,g         0
  __s.RLIB
                                  000004a2         0   none ,g         0
  __e.RLIB
                                  0000093b         0   none ,g         0
  __s.SLIB
                                  000000c4         0   none ,g         0
  __e.SLIB
                                  000000c4         0   none ,g         0
  __s.option_byte
                                  000000c0         0   none ,g         0
  __e.option_byte
                                  000000c4         0   none ,g         0
  __s.monitor1
                                  000000ce         0   none ,g         0
  __e.monitor1
                                  000000d8         0   none ,g         0
  __s.monitor2
                                  0007fe00         0   none ,g         0
  __e.monitor2
                                  00080000         0   none ,g         0
  __s.security_id
                                  000000c4         0   none ,g         0
  __e.security_id
                                  000000ce         0   none ,g         0
  __s.vect
                                  00000000         0   none ,g         0
  __e.vect
                                  00000080         0   none ,g         0
  __RAM_ADDR_START
                                  000f3f00         0   none ,g         0
  __RAM_ADDR_END
                                  000ffee0         0   none ,g         0
  __STACK_ADDR_START
                                  000ffe20         0   none ,g         1
  __STACK_ADDR_END
                                  000f4b5e         0   none ,g         1

*** Unfilled Areas ***

AREA                                START    END

*** Delete Symbols ***

SYMBOL                                SIZE    INFO

*** Variable Vector Table List ***

ADDRESS  SYMBOL/ADDRESS
00       _start
02       ffff
04       _r_wdt_interrupt@1
06       
08       
0a       
0c       
0e       
10       
12       
14       _r_uart2_interrupt_send@1
16       _r_uart2_interrupt_receive@1
18       
1a       
1c       
1e       _r_csi00_interrupt@1
20       _r_csi01_interrupt@1
22       
24       _r_uart1_interrupt_send@1
26       _r_uart1_interrupt_receive@1
28       
2a       
2c       _r_tau0_channel0_interrupt@1
2e       _r_tau0_channel1_interrupt@1
30       _r_tau0_channel2_interrupt@1
32       
34       _r_adc_interrupt@1
36       
38       
3a       
3c       _r_uart3_interrupt_send@1
3e       _r_uart3_interrupt_receive@1
40       
42       
44       
46       
48       
4a       
4c       
4e       
50       
52       
54       
56       
58       
5a       
5c       
5e       
60       
62       
64       
66       
68       
6a       
6c       
6e       
70       
72       
74       
76       
78       
7a       
7c       
7e       

*** Cross Reference List ***

No   Unit Name   Global.Symbol   Location External Infomation
---- ----------- --------------- -------- ---------------------
0001 cstart
     SECTION=.text
                 _start
                                 00000188
                 _exit
                                 000001e0 0001(000001e1:.text)
     SECTION=.textf
     SECTION=.const
     SECTION=.constf
     SECTION=.data
     SECTION=.sdata
     SECTION=.bss
     SECTION=.sbss
     SECTION=.dataR
     SECTION=.sdataR
     SECTION=.RLIB
     SECTION=.SLIB
     SECTION=.dataR
     SECTION=.sdataR
0002 stkinit
     SECTION=.textf
                 _stkinit
                                 00003510 0001(00000190:.text)
0003 EEPROM
     SECTION=.textf
                 _EEPROM_Init
                                 00003554 0024(00005db4:.textf)
                 _rEE_Status
                                 0000357f 0003(000035ec:.textf)
                                          0003(00003617:.textf)
                                          0003(00003656:.textf)
                                          0003(0000368c:.textf)
                                          0003(000036cb:.textf)
                                          0003(0000371f:.textf)
                 _sEE_WriteEnable
                                 0000359a 0003(0000361c:.textf)
                                          0003(00003681:.textf)
                                          0003(000037a8:.textf)
                 _sEE_WriteDisable
                                 000035ac
                 _EE_SPI_Write
                                 000035be 0007(00003ec1:.textf)
                                          0007(00003f58:.textf)
                 _EE_SPI_Read
                                 0000369d 0024(00005dc1:.textf)
                                          0024(00005dd2:.textf)
                 _sEE_Block
                                 00003754
                 _sEE_SendInstruction
                                 00003765
                 _sEE_SendReceiveInstruction
                                 00003768
                 _EE_TransmitData
                                 0000376c 0003(00003591:.textf)
                                          0003(000035a8:.textf)
                                          0003(000035ba:.textf)
                                          0003(00003626:.textf)
                                          0003(0000369b:.textf)
                                          0003(000036d9:.textf)
                                          0003(00003730:.textf)
                                          0003(00003767:.textf)
                                          0003(0000376b:.textf)
                                          0003(000037af:.textf)
                 _sEE_WriteStatusRegister
                                 00003798 0003(0000357d:.textf)
                                          0003(00003764:.textf)
     SECTION=.bss
                 _eeprom_status
                                 000f4700 0003(00003573:.textf)
                                          0003(00003578:.textf)
                                          0003(00003596:.textf)
                                          0003(000035ef:.textf)
                                          0003(00003611:.textf)
                                          0003(00003659:.textf)
                                          0003(00003686:.textf)
                                          0003(000036ce:.textf)
                                          0003(00003722:.textf)
                                          0003(0000375c:.textf)
                                          0003(00003761:.textf)
                                          0003(0000379a:.textf)
                 _spi_flag
                                 000f4702 0003(00003567:.textf)
                                          0003(0000376d:.textf)
                                          0003(0000378b:.textf)
                 _buf
                                 000f4704 0003(000035c3:.textf)
                                          0003(000035c8:.textf)
                                          0003(000035e2:.textf)
                                          0003(00003606:.textf)
                                          0003(00003623:.textf)
                                          0003(00003629:.textf)
                                          0003(00003640:.textf)
                                          0003(00003679:.textf)
                                          0003(00003696:.textf)
                                          0003(000036a2:.textf)
                                          0003(000036a7:.textf)
                                          0003(000036c1:.textf)
                                          0003(000036d6:.textf)
                                          0003(000036e9:.textf)
                                          0003(000036f5:.textf)
                                          0003(0000370c:.textf)
                                          0003(0000372d:.textf)
                                          0003(00003749:.textf)
     SECTION=.const
0004 crc32
     SECTION=.const
                 _crc32_table
                                 00003002 0004(000037d3:.textf)
[...]
                                          0007(00004e14:.textf)
                                          0007(00004e1a:.textf)
                                          0007(00004ee3:.textf)
                                          0007(00004ee6:.textf)
                                          0007(00004f26:.textf)
                                          0007(00004f2c:.textf)
                                          0007(00004f9d:.textf)
                                          0007(00004fa3:.textf)
                                          0007(00004fe5:.textf)
                                          0007(00004fe8:.textf)
                                          0007(00005056:.textf)
                                          0007(0000505c:.textf)
                                          0007(000050a2:.textf)
                                          0007(000050a7:.textf)
                                          0021(0000047e:.text)
                                          0021(00000486:.text)
                                          0021(00000489:.text)
                                          0021(0000048d:.text)
                                          0024(00005ea4:.textf)
                                          0024(00005eaa:.textf)
                                          0024(00005ef6:.textf)
                                          0024(00005ef9:.textf)
                                          0024(00005f41:.textf)
                                          0024(00005f47:.textf)
                                          0024(00005f76:.textf)
                                          0024(00005f7c:.textf)
                                          0026(000060b9:.textf)
                                          0026(000060be:.textf)
                                          0026(000060ed:.textf)
                                          0026(000060f4:.textf)
                                          0026(000060fb:.textf)
                                          0026(00006103:.textf)
                                          0026(0000613d:.textf)
                                          0026(00006144:.textf)
                                          0026(00006163:.textf)
                                          0026(00006169:.textf)
                                          0026(0000616f:.textf)
                                          0026(00006172:.textf)
                                          0026(0000617c:.textf)
                                          0026(0000617f:.textf)
                                          0026(000061a9:.textf)
                                          0026(000061ae:.textf)
                                          0026(000061d7:.textf)
                                          0026(000061dd:.textf)
     SECTION=.text
0022 r_cg_wdt
     SECTION=.textf
                 _R_WDT_Create
                                 00005d4f 0025(0000609f:.textf)
                 _R_WDT_Restart
                                 00005d60 0007(00003db2:.textf)
                                          0007(00003deb:.textf)
                                          0007(00003e1b:.textf)
                                          0007(00003e4b:.textf)
                                          0007(000040ad:.textf)
                                          0007(00004b19:.textf)
                                          0007(0000507d:.textf)
                                          0007(0000510f:.textf)
                                          0024(00006015:.textf)
                                          0026(0000612a:.textf)
0023 r_cg_wdt_user
     SECTION=.text
0024 r_main
     SECTION=.textf
                 _nostop_checkHandSensor
                                 00005d64
                 _readHS
                                 00005d95
                 _main
                                 00005daa 0001(000001dc:.text)
                 _R_MAIN_UserInit
                                 0000601b 0024(00005dad:.textf)
     SECTION=.bss
                 _g_e_status
                                 000f4a0a
                 _ret_number_setting
                                 000f4a0c
                 _flow_p
                                 000f4a32 0024(00005fb6:.textf)
                 _salt_h_p
                                 000f4a33
                 _g_eeprom_wren
                                 000f4a34
                 _receive_data
                                 000f4a35
                 _receive_setting
                                 000f4a38
                 _set
                                 000f4a5e
                 _rx_data
                                 000f4a60
                 _data_f
                                 000f4a6c
                 _data_f_test
                                 000f4a70
                 _g_control_buffer_f
                                 000f4a74 0007(00003c6a:.textf)
                                          0007(00003c6e:.textf)
                                          0007(00003c72:.textf)
                                          0007(00003c76:.textf)
                                          0007(00003c81:.textf)
                 _g_control_buffer_u32
                                 000f4a7a 0007(00003c92:.textf)
                                          0007(00003c96:.textf)
                                          0007(00003c9a:.textf)
                                          0007(00003c9e:.textf)
                                          0007(00003ca9:.textf)
                 _handsensor_status
                                 000f4a80
                 _g_handsensor_status
                                 000f4a81 0024(00005d7a:.textf)
                                          0024(00005d81:.textf)
                                          0024(00005d8a:.textf)
                 _g_crc
                                 000f4a83 0024(00005ff8:.textf)
                                          0024(00006004:.textf)
                 _g_crc_32
                                 000f4a8c
                 _rx_count
                                 000f4aac 0007(00004d6f:.textf)
                                          0024(00005f36:.textf)
     SECTION=.dataR
                 _g_error
                                 000f4b44
                 _g_adc_ch
                                 000f4b46
                 _led_st
                                 000f4b48 0024(00005fe1:.textf)
                                          0024(00005fe9:.textf)
                 _send_data
                                 000f4b49
                 _this_size
                                 000f4b4b
                 _this_size_2
                                 000f4b4c
                 _send_buf
                                 000f4b4d
                 _data_crc
                                 000f4b54
                 _dac_out
                                 000f4b5c 0024(00006007:.textf)
                                          0024(0000600e:.textf)
     SECTION=.const
     SECTION=.data
0025 r_systeminit
     SECTION=.textf
                 _R_Systeminit
                                 0000607c 0025(000060b2:.textf)
                 _hdwinit
                                 000060ae 0001(00000194:.text)
0026 usr_timer
     SECTION=.textf
                 _delay_ms
                                 000060b3 0007(000046c7:.textf)
                                          0024(00005da0:.textf)
                                          0024(00005e5a:.textf)
                                          0026(00006127:.textf)
                 _delay
                                 0000611b
                 _ns_delay_ms
                                 00006133 0007(00003965:.textf)
                                          0007(00003a46:.textf)
                                          0007(00003a8f:.textf)
                                          0007(00003ad8:.textf)
                                          0007(00003b31:.textf)
                                          0007(00003b68:.textf)
                                          0007(00003bb1:.textf)
                                          0007(00003bfa:.textf)
                                          0007(00003c53:.textf)
                                          0007(00003ff0:.textf)
                                          0007(00004014:.textf)
                                          0007(000040a2:.textf)
                                          0007(000040e4:.textf)
                                          0007(00004166:.textf)
                                          0007(00004209:.textf)
                                          0007(000042b3:.textf)
                                          0007(000043b0:.textf)
                                          0007(0000455c:.textf)
                                          0007(000047e3:.textf)
                                          0007(00004897:.textf)
                                          0007(000048da:.textf)
                                          0007(000048f2:.textf)
                                          0007(0000491f:.textf)
                                          0007(00004955:.textf)
                                          0007(00004973:.textf)
                                          0007(0000499c:.textf)
                                          0007(000049fd:.textf)
                                          0007(00004a2f:.textf)
                                          0007(00004a49:.textf)
                                          0007(00004aa7:.textf)
                                          0007(00004ad9:.textf)
                                          0007(00004af3:.textf)
                                          0007(00004c5c:.textf)
                                          0007(00004ccd:.textf)
                                          0007(00004d22:.textf)
                                          0007(00004d89:.textf)
                                          0007(00004e02:.textf)
                                          0007(00004e33:.textf)
                                          0007(00004f0f:.textf)
                                          0007(00004f3d:.textf)
                                          0007(00004f52:.textf)
                                          0007(00004f7e:.textf)
                                          0007(0000501c:.textf)
                                          0007(00005037:.textf)
                                          0007(00005089:.textf)
                                          0007(000050d7:.textf)
                                          0007(000051df:.textf)
                                          0024(00005d72:.textf)
                                          0024(00005eba:.textf)
                                          0024(00005f57:.textf)
                                          0024(00005f95:.textf)
                                          0024(00005fc1:.textf)
                                          0024(00005fcd:.textf)
                                          0024(00005fd9:.textf)
                 _non_block_delay
                                 0000619f
                 _mTask
                                 000061a1
0027 memcpy
     SECTION=.RLIB
                 _memcpy
                                 000004a2 0007(00003eb2:.textf)
                                          0007(00003f4b:.textf)
                                          0024(00005de1:.textf)
                                          0024(00005dee:.textf)
                                          0024(00005ee8:.textf)
                                          0024(00005f28:.textf)
0028 _COM_faddsub
     SECTION=.RLIB
                 __COM_fsub
                                 0000050f
                 __COM_fadd
                                 00000517 0007(000050fc:.textf)
                                          0007(000051b6:.textf)
0029 _COM_fdiv
     SECTION=.RLIB
                 __COM_fdiv
                                 0000064d 0007(0000513d:.textf)
                                          0007(0000515a:.textf)
                                          0007(0000521c:.textf)
                                          0007(00005238:.textf)
0030 _COM_fge
     SECTION=.RLIB
                 __COM_fge
                                 0000071c 0007(00004224:.textf)
                                          0007(000042ce:.textf)
                                          0007(00004b57:.textf)
0031 _COM_fgt
     SECTION=.RLIB
                 __COM_fgt
                                 00000732 0007(00004058:.textf)
                                          0007(0000437d:.textf)
                                          0007(000044a9:.textf)
                                          0007(000044f5:.textf)
                                          0007(00004d58:.textf)
0032 _COM_fle
     SECTION=.RLIB
                 __COM_fle
                                 00000748 0007(0000443d:.textf)
                                          0007(000046af:.textf)
0033 _COM_flt
     SECTION=.RLIB
                 __COM_flt
                                 0000075e 0007(00004042:.textf)
                                          0007(00004133:.textf)
                                          0007(000041d6:.textf)
                                          0007(00004280:.textf)
                                          0007(0000446a:.textf)
                                          0007(0000453d:.textf)
                                          0007(00004d42:.textf)
0034 _COM_fmul
     SECTION=.RLIB
                 __COM_fmul
                                 000007bf 0006(000038d2:.textf)
                                          0006(000038e0:.textf)
                                          0006(0000390b:.textf)
                                          0006(00003919:.textf)
                                          0007(00005121:.textf)
                                          0007(0000512f:.textf)
                                          0007(00005200:.textf)
                                          0007(0000520e:.textf)
0035 _COM_funordered
     SECTION=.RLIB
                 __COM_funordered
                                 00000861 0007(00004120:.textf)
                                          0007(000041c3:.textf)
                                          0007(0000426d:.textf)
                                          0007(0000436a:.textf)
                                          0007(00004457:.textf)
                                          0007(00004496:.textf)
                                          0007(000044e2:.textf)
                                          0007(0000452a:.textf)
                                          0007(00004b44:.textf)
0036 _COM_ultof
     SECTION=.RLIB
                 __COM_ultof
                                 0000086c 0006(000038c6:.textf)
                                          0006(000038ff:.textf)
                                          0007(0000514f:.textf)
                                          0007(0000522d:.textf)
0037 _REL_fcmp
     SECTION=.RLIB
                 __REL_fcmp
                                 00000872 0030(00000726:.RLIB)
                                          0031(0000073c:.RLIB)
                                          0032(00000752:.RLIB)
                                          0033(00000768:.RLIB)
0038 _REL_fordered_core
     SECTION=.RLIB
                 __REL_fordered_core
                                 000008aa 0030(0000071f:.RLIB)
                                          0031(00000735:.RLIB)
                                          0032(0000074b:.RLIB)
                                          0033(00000761:.RLIB)
                                          0035(00000864:.RLIB)
0039 _REL_f_inf
     SECTION=.RLIB
                 __REL_f_inf
                                 000008c6 0028(000005a6:.RLIB)
                                          0029(00000637:.RLIB)
                                          0029(000006d7:.RLIB)
                                          0034(00000791:.RLIB)
                                          0034(00000834:.RLIB)
0040 _REL_f_norm
     SECTION=.RLIB
                 __REL_f_norm
                                 000008ce 0029(00000618:.RLIB)
                                          0029(00000643:.RLIB)
                                          0034(000007b2:.RLIB)
0041 _REL_f_round
     SECTION=.RLIB
                 __REL_f_round
                                 000008de 0028(000005b3:.RLIB)
                                          0028(000005eb:.RLIB)
                                          0029(00000719:.RLIB)
                                          0034(00000841:.RLIB)
0042 _REL_ltof
     SECTION=.RLIB
                 __REL_ltof
                                 000008f1 0036(0000086f:.RLIB)
0043 rlink_generates_01
     SECTION=.option_byte
0044 rlink_generates_02
     SECTION=.monitor1
     SECTION=.monitor2
0045 rlink_generates_03
     SECTION=.security_id
0046 rlink_generates_04
     SECTION=.vect
0047 rlink_generates_05
     SECTION=
                 __s.vect
                                 00000000
                 __s.constf
                                 00000080
                 __e.constf
                                 00000080
                 __s.sdata
                                 00000080
                 __e.sdata
                                 00000080
                 __e.vect
                                 00000080
                 __s.option_byte
                                 000000c0
                 __s.SLIB
                                 000000c4
                 __e.SLIB
                                 000000c4
                 __e.option_byte
                                 000000c4
                 __s.security_id
                                 000000c4
                 __s.monitor1
                                 000000ce
                 __e.security_id
                                 000000ce
                 __s.data
                                 000000d8
                 __e.monitor1
                                 000000d8
                 __s.text
                                 00000188
                 __e.data
                                 00000188
                 __e.text
                                 000004a2
                 __s.RLIB
                                 000004a2
                 __e.RLIB
                                 0000093b
                 __s.const
                                 00003000
                 __s.textf
                                 00003510
                 __e.const
                                 00003510
                 __e.textf
                                 000061e5
                 __s.monitor2
                                 0007fe00
                 __e.monitor2
                                 00080000
                 __RAM_ADDR_START
                                 000f3f00
                 __s.bss
                                 000f4700
                 __e.bss
                                 000f4aad
                 __s.dataR
                                 000f4aae
                 __e.dataR
                                 000f4b5e
                 __STACK_ADDR_END
                                 000f4b5e 0001(0000018d:.text)
                 __s.sbss
                                 000ffe20
                 __e.sbss
                                 000ffe20
                 __s.sdataR
                                 000ffe20
                 __e.sdataR
                                 000ffe20
                 __STACK_ADDR_START
                                 000ffe20 0001(0000018a:.text)
                 __RAM_ADDR_END
                                 000ffee0
