Renesas Optimizing Linker (W3.03.00 )             06-Jan-2022 15:40:39

*** Options ***

-subcommand=LinkerControlPCB_HWM.tmp
-MAKEUD=D:\Chieniwa\E2_Studio\ControlPCB_HWM\HardwareDebug/ControlPCB_HWM_l.ud
-device="D:/Chieniwa/E2_Studio/.eclipse/com.renesas.platform_1435879475/DebugComp/RL78/RL78/Common/DR5F104ML.DVF"
-list="ControlPCB_HWM.map"
-show=all
-nooptimize
-entry=_start
-auto_section_layout
-security_id=00000000000000000000
-debug_monitor=7FE00-7FFFF
-user_opt_byte=FFFFF8
-ocdbg=84
-ocdtr
-input=".\generate\cstart.obj"
-input=".\generate\stkinit.obj"
-input=".\src\EEPROM.obj"
-input=".\src\crc32.obj"
-input=".\src\crc8.obj"
-input=".\src\interrupt_handle.obj"
-input=".\src\main.obj"
-input=".\src\r_cg_adc.obj"
-input=".\src\r_cg_adc_user.obj"
-input=".\src\r_cg_cgc.obj"
-input=".\src\r_cg_cgc_user.obj"
-input=".\src\r_cg_dac.obj"
-input=".\src\r_cg_dac_user.obj"
-input=".\src\r_cg_port.obj"
-input=".\src\r_cg_port_user.obj"
-input=".\src\r_cg_rtc.obj"
-input=".\src\r_cg_rtc_user.obj"
-input=".\src\r_cg_serial.obj"
-input=".\src\r_cg_serial_user.obj"
-input=".\src\r_cg_timer.obj"
-input=".\src\r_cg_timer_user.obj"
-input=".\src\r_cg_wdt.obj"
-input=".\src\r_cg_wdt_user.obj"
-input=".\src\r_main.obj"
-input=".\src\r_systeminit.obj"
-input=".\src\raspberry_pi_interface.obj"
-input=".\src\usr_timer.obj"
-library="C:\Program Files (x86)\Renesas Electronics\CS+\CC\CC-RL\V1.10.00\lib\rl78em4s99.lib"
-library="C:\Program Files (x86)\Renesas Electronics\CS+\CC\CC-RL\V1.10.00\lib\rl78em4r.lib"
-library="C:\Program Files (x86)\Renesas Electronics\CS+\CC\CC-RL\V1.10.00\lib\malloc_n.lib"
-output="ControlPCB_HWM.abs"
-debug
-nocompress
-rom=.data=.dataR,.sdata=.sdataR
-nomessage
-nologo

*** Error information ***

*** Mapping List ***

SECTION                            START      END         SIZE   ALIGN
.vect
                                  00000000  0000007f        80   0
.constf
                                  00000080  00000080         0   2
.sdata
                                  00000080  00000080         0   2
.option_byte
                                  000000c0  000000c3         4   1
.security_id
                                  000000c4  000000cd         a   1
.SLIB
                                  000000c4  000000c4         0   1
.monitor1
                                  000000ce  000000d7         a   1
.data
                                  000000d8  0000018f        b8   2
.text
                                  00000190  000004a9       31a   1
.RLIB
                                  000004aa  00000942       499   1
.const
                                  00003000  0000350f       510   2
.textf
                                  00003510  000063ea      2edb   1
.monitor2
                                  0007fe00  0007ffff       200   1
.bss
                                  000f4700  000f4ace       3cf   2
.dataR
                                  000f4ad0  000f4b87        b8   2
.sbss
                                  000ffe20  000ffe20         0   2
.sdataR
                                  000ffe20  000ffe20         0   2

*** Total Section Size ***

RAMDATA SECTION:  00000487 Byte(s)
ROMDATA SECTION:  00000860 Byte(s)
PROGRAM SECTION:  0000368e Byte(s)

*** Symbol List ***

SECTION=
FILE=                               START        END    SIZE
  SYMBOL                            ADDR        SIZE    INFO      COUNTS  OPT
    STRUCT                                      SIZE
      MEMBER                        ADDR        SIZE    INFO

SECTION=.vect
FILE=rlink_generates_04
                                  00000000  0000007f        80

SECTION=.option_byte
FILE=rlink_generates_01
                                  000000c0  000000c3         4

SECTION=.security_id
FILE=rlink_generates_03
                                  000000c4  000000cd         a

SECTION=.monitor1
FILE=rlink_generates_02
                                  000000ce  000000d7         a

SECTION=.data
FILE=.\src\main.obj
                                  000000d8  0000016e        97
FILE=.\src\r_main.obj
                                  00000170  00000189        1a
FILE=.\src\raspberry_pi_interface.obj
                                  0000018a  0000018f         6

SECTION=.text
FILE=.\generate\cstart.obj
                                  00000190  000001e9        5a
  _start
                                  00000190         0   entry,g         0
  _exit
                                  000001e8         0   none ,g         1
FILE=.\src\r_cg_adc_user.obj
                                  000001ea  00000203        1a
  _r_adc_interrupt@1
                                  000001ea        1a   func ,l         0
FILE=.\src\r_cg_serial_user.obj
                                  00000204  00000481       27e
  _r_uart1_interrupt_receive@1
                                  00000204        5f   func ,l         0
  _r_uart1_interrupt_send@1
                                  00000263        31   func ,l         0
  _r_csi00_interrupt@1
                                  00000294        49   func ,l         0
  _r_csi01_interrupt@1
                                  000002dd        85   func ,l         0
  _r_uart2_interrupt_receive@1
                                  00000362        5f   func ,l         0
  _r_uart2_interrupt_send@1
                                  000003c1        31   func ,l         0
  _r_uart3_interrupt_receive@1
                                  000003f2        5f   func ,l         0
  _r_uart3_interrupt_send@1
                                  00000451        31   func ,l         0
FILE=.\src\r_cg_timer_user.obj
                                  00000482  000004a7        26
  _r_tau0_channel0_interrupt@1
                                  00000482        1c   func ,l         0
  _r_tau0_channel1_interrupt@1
                                  0000049e         5   func ,l         0
  _r_tau0_channel2_interrupt@1
                                  000004a3         5   func ,l         0
FILE=.\src\r_cg_wdt_user.obj
                                  000004a8  000004a9         2
  _r_wdt_interrupt@1
                                  000004a8         2   func ,l         0

SECTION=.RLIB
FILE=memcpy
                                  000004aa  000004ba        11
  _memcpy
                                  000004aa         0   none ,g         6
FILE=_COM_faddsub
                                  000004bb  000005f5       13b
  __COM_fsub
                                  00000517         0   none ,g         0
  __COM_fadd
                                  0000051f         0   none ,g         2
FILE=_COM_fdiv
                                  000005f6  00000723       12e
  __COM_fdiv
                                  00000655         0   none ,g         4
FILE=_COM_fge
                                  00000724  00000739        16
  __COM_fge
                                  00000724         0   none ,g         3
FILE=_COM_fgt
                                  0000073a  0000074f        16
  __COM_fgt
                                  0000073a         0   none ,g         5
FILE=_COM_fle
                                  00000750  00000765        16
  __COM_fle
                                  00000750         0   none ,g         2
FILE=_COM_flt
                                  00000766  0000077b        16
  __COM_flt
                                  00000766         0   none ,g         7
FILE=_COM_fmul
                                  0000077c  00000868        ed
  __COM_fmul
                                  000007c7         0   none ,g         8
FILE=_COM_funordered
                                  00000869  00000873         b
  __COM_funordered
                                  00000869         0   none ,g         9
FILE=_COM_ultof
                                  00000874  00000879         6
  __COM_ultof
                                  00000874         0   none ,g         4
FILE=_REL_fcmp
                                  0000087a  000008b1        38
  __REL_fcmp
                                  0000087a         0   none ,g         4
FILE=_REL_fordered_core
                                  000008b2  000008cd        1c
  __REL_fordered_core
                                  000008b2         0   none ,g         5
FILE=_REL_f_inf
                                  000008ce  000008d5         8
  __REL_f_inf
                                  000008ce         0   none ,g         5
FILE=_REL_f_norm
                                  000008d6  000008e5        10
  __REL_f_norm
                                  000008d6         0   none ,g         3
FILE=_REL_f_round
                                  000008e6  000008f8        13
  __REL_f_round
                                  000008e6         0   none ,g         4
FILE=_REL_ltof
                                  000008f9  00000942        4a
  __REL_ltof
                                  000008f9         0   none ,g         1

SECTION=.const
FILE=.\src\EEPROM.obj
                                  00003000  00003001         2
FILE=.\src\crc32.obj
                                  00003002  00003401       400
  _crc32_table
                                  00003002       400   data ,g         2
FILE=.\src\crc8.obj
                                  00003402  00003501       100
  _crc_table@1
                                  00003402       100   data ,l         2
FILE=.\src\r_main.obj
                                  00003502  0000350b         a
FILE=.\src\raspberry_pi_interface.obj
                                  0000350c  0000350f         4
  _time_setting_p
                                  0000350c         2   data ,g         0
  _number_setting_p
                                  0000350e         2   data ,g         0

SECTION=.textf
FILE=.\generate\stkinit.obj
                                  00003510  00003553        44
  _stkinit
                                  00003510         0   none ,g         1
  LSTINIT1
                                  0000351e         0   none ,l         1
  LSTINIT2
                                  00003548         0   none ,l         2
  LSTINIT3
                                  00003553         0   none ,l         2
FILE=.\src\EEPROM.obj
                                  00003554  000037b2       25f
  _EEPROM_Init
                                  00003554        2b   func ,g         1
  _rEE_Status
                                  0000357f        1b   func ,g         6
  _sEE_WriteEnable
                                  0000359a        12   func ,g         3
  _sEE_WriteDisable
                                  000035ac        12   func ,g         0
  _EE_SPI_Write
                                  000035be        df   func ,g         2
  _EE_SPI_Read
                                  0000369d        b7   func ,g         2
  _sEE_Block
                                  00003754        11   func ,g         0
  _sEE_SendInstruction
                                  00003765         3   func ,g         0
  _sEE_SendReceiveInstruction
                                  00003768         4   func ,g         0
  _EE_TransmitData
                                  0000376c        2c   func ,g         a
  _sEE_WriteStatusRegister
                                  00003798        1b   func ,g         2
FILE=.\src\crc32.obj
                                  000037b3  00003851        9f
  _xcrc32
                                  000037b3        4e   func ,g         0
  _CRC32
                                  00003801        51   func ,g         0
FILE=.\src\crc8.obj
                                  00003852  000038b1        60
  _crc8_4
                                  00003852        43   func ,g         1
  _crc8_1
                                  00003895        1d   func ,g         6
FILE=.\src\interrupt_handle.obj
                                  000038b2  0000392d        7c
  _adc_int_handle
                                  000038b2        7c   func ,g         1
FILE=.\src\main.obj
                                  0000392e  0000524a      191d
  _handSensorLED
                                  0000392e        30   func ,g         f
  _handSensorLEDBlink
                                  0000395e        1e   func ,g         2
  _setting_default
                                  0000397c        a8   func ,g         0
  _isAcidTankFull
                                  00003a24        49   func ,g         5
  _isAcidTankAlmostFull
                                  00003a6d        49   func ,g         0
  _isAcidTankHasSomething
                                  00003ab6        48   func ,g         1
  _isAcidTankEmpty
                                  00003afe        48   func ,g         3
  _isAlkalineTankFull
                                  00003b46        49   func ,g         5
  _isAlkalineTankAlmostFull
                                  00003b8f        49   func ,g         0
  _isAlkalineTankHasSomething
                                  00003bd8        48   func ,g         1
  _isAlkalineTankEmpty
                                  00003c20        48   func ,g         3
  _sendRS485
                                  00003c68        3f   func ,g         3
  _sendR485_7byte
                                  00003ca7        57   func ,g         2
  _isThisCommand
                                  00003cfe        3e   func ,g         2
  _DrainageAcidAndAlkalineTankStart_nostop
                                  00003d3c        30   func ,g         2
  _WaterSupplyStart_nostop
                                  00003d6c       125   func ,g         1
  _Voltage1Check_waitReset
                                  00003e91        a6   func ,g         1
  _Voltage2Check_nostop
                                  00003f37        a8   func ,g         1
  _Voltage3Check_waitReset
                                  00003fdf        c7   func ,g         1
  _LowVoltageCheck_waitReset
                                  000040a6        e7   func ,g         1
  _OverCurrentCheck_waitReset
                                  0000418d       1ae   func ,g         1
  _ElectrolyticOperation_nostop
                                  0000433b        db   func ,g         3
  _solenoidCheck
                                  00004416        77   func ,g         0
  _saltWaterTankFullCheck
                                  0000448d        28   func ,g         0
  _saltWaterTankEmptyCheck
                                  000044b5        11   func ,g         0
  _acidWaterTankSkipCheck
                                  000044c6        3c   func ,g         0
  _alkalineWaterTankSkipCheck
                                  00004502        40   func ,g         0
  _FilterReplacementCheck
                                  00004542         2   func ,g         0
  _WaterWashingMode_nostop
                                  00004544        6d   func ,g         1
  _HandWashingMode_nostop
                                  000045b1       1a1   func ,g         1
  _AcidWaterMode_nostop
                                  00004752        aa   func ,g         1
  _AlkalineWaterMode_nostop
                                  000047fc        ac   func ,g         1
  _main_init_20211111
                                  000048a8        81   func ,g         0
  _userAuthHandler_nostop
                                  00004929        22   func ,g         1
  _ElectrolyzeWaterGeneration_nostop
                                  0000494b        80   func ,g         1
  _isSV1andSV2Off8h
                                  000049cb        4e   func ,g         1
  _CallanCleaningMode_nostop
                                  00004a19        69   func ,g         1
  _DrainageMode_nostop
                                  00004a82        ee   func ,g         1
  _NormalMode_nostop
                                  00004b70        53   func ,g         1
  _TestPowerOn_nostop_keepstate
                                  00004bc3        d7   func ,g         1
  _FlowRateAdjustmentMode_nostop_keepstate
                                  00004c9a        7c   func ,g         1
  _CurrentAdjustmentMode_nostop_keepstate
                                  00004d16        4e   func ,g         1
  _ElectrolyteAdjustmentOperation
                                  00004d64        54   func ,g         1
  _TestOperation_nostop
                                  00004db8        45   func ,g         0
  _NeutralizationTreatment
                                  00004dfd        6c   func ,g         0
  _main_loop_20211111
                                  00004e69         f   func ,g         1
  _electrolyticOperationON
                                  00004e78        2a   func ,g         4
  _isElectrolyticOperationOFF_nostop
                                  00004ea2        a5   func ,g         1
  _realTimeResponse
                                  00004f47        2c   func ,g         4
  _measureFlowSensor
                                  00004f73        ce   func ,g         1
  _measureFlowSensor_nostop
                                  00005041        e4   func ,g         3
  _UpdateMachineStatus
                                  00005125       126   func ,g         5
FILE=.\src\r_cg_adc.obj
                                  0000524b  000052ac        62
  _R_ADC_Create
                                  0000524b        33   func ,g         2
  _R_ADC_Start
                                  0000527e         a   func ,g         2
  _R_ADC_Stop
                                  00005288         a   func ,g         0
  _R_ADC_Set_OperationOn
                                  00005292         4   func ,g         1
  _R_ADC_Set_OperationOff
                                  00005296         4   func ,g         0
  _R_ADC_Get_Result
                                  0000529a         7   func ,g         2
  _R_ADC_Set_ADChannel
                                  000052a1         c   func ,g         0
FILE=.\src\r_cg_cgc.obj
                                  000052ad  000052c2        16
  _R_CGC_Create
                                  000052ad        16   func ,g         1
FILE=.\src\r_cg_cgc_user.obj
                                  000052c3  000052c5         3
  _R_CGC_Get_ResetSource
                                  000052c3         3   func ,g         1
FILE=.\src\r_cg_dac.obj
                                  000052c6  000052f8        33
  _R_DAC_Create
                                  000052c6        1d   func ,g         2
  _R_DAC0_Start
                                  000052e3         4   func ,g         1
  _R_DAC0_Stop
                                  000052e7         4   func ,g         0
  _R_DAC0_Set_ConversionValue
                                  000052eb         3   func ,g         2
  _R_DAC1_Start
                                  000052ee         4   func ,g         1
  _R_DAC1_Stop
                                  000052f2         4   func ,g         0
  _R_DAC1_Set_ConversionValue
                                  000052f6         3   func ,g         2
FILE=.\src\r_cg_port.obj
                                  000052f9  00005340        48
  _R_PORT_Create
                                  000052f9        48   func ,g         1
FILE=.\src\r_cg_port_user.obj
                                  00005341  00005341         1
  _R_PORT_Create_UserInit
                                  00005341         1   func ,g         1
FILE=.\src\r_cg_rtc.obj
                                  00005342  0000547f       13e
  _R_RTC_Create
                                  00005342        27   func ,g         2
  _R_RTC_Start
                                  00005369         4   func ,g         0
  _R_RTC_Stop
                                  0000536d         4   func ,g         0
  _R_RTC_Get_CounterValue
                                  00005371        51   func ,g         0
  _R_RTC_Set_CounterValue
                                  000053c2        be   func ,g         0
FILE=.\src\r_cg_serial.obj
                                  00005480  00005972       4f3
  _R_CSI01_Receive
                                  00005480        1a   func ,g         0
  _R_CSI01_Send
                                  0000549a        26   func ,g         0
  _R_SAU0_Create
                                  000054c0        17   func ,g         2
  _R_UART1_Create
                                  000054d7        7e   func ,g         2
  _R_UART1_Start
                                  00005555        26   func ,g         1
  _R_UART1_Stop
                                  0000557b        1e   func ,g         0
  _R_UART1_Receive
                                  00005599        18   func ,g         0
  _R_UART1_Send
                                  000055b1        29   func ,g         0
  _R_CSI00_Create
                                  000055da        53   func ,g         2
  _R_CSI00_Start
                                  0000562d        26   func ,g         1
  _R_CSI00_Stop
                                  00005653        18   func ,g         0
  _R_CSI00_Send
                                  0000566b        28   func ,g         0
  _R_CSI01_Create
                                  00005693        5a   func ,g         3
  _R_CSI01_Start
                                  000056ed        26   func ,g         1
  _R_CSI01_Stop
                                  00005713        18   func ,g         1
  _R_CSI01_Send_Receive
                                  0000572b        36   func ,g         1
  _R_SAU1_Create
                                  00005761        14   func ,g         2
  _R_UART2_Create
                                  00005775        7e   func ,g         2
  _R_UART2_Start
                                  000057f3        26   func ,g         2
  _R_UART2_Stop
                                  00005819        1e   func ,g         1
  _R_UART2_Receive
                                  00005837        18   func ,g         6
  _R_UART2_Send
                                  0000584f        29   func ,g         6
  _R_UART3_Create
                                  00005878        76   func ,g         2
  _R_UART3_Start
                                  000058ee        26   func ,g         2
  _R_UART3_Stop
                                  00005914        1e   func ,g         1
  _R_UART3_Receive
                                  00005932        18   func ,g         3
  _R_UART3_Send
                                  0000594a        29   func ,g         2
FILE=.\src\r_cg_serial_user.obj
                                  00005973  00005b81       20f
  _isCommandNeedResponse
                                  00005973        24   func ,g         1
  _r_uart1_callback_receiveend@1
                                  00005997         1   func ,l         1
  _r_uart1_callback_softwareoverrun@1
                                  00005998         1   func ,l         1
  _r_uart1_callback_sendend@1
                                  00005999         1   func ,l         1
  _r_uart1_callback_error@1
                                  0000599a         1   func ,l         1
  _r_csi00_callback_sendend@1
                                  0000599b         1   func ,l         1
  _r_csi01_callback_receiveend@1
                                  0000599c         7   func ,l         1
  _r_csi01_callback_error@1
                                  000059a3         1   func ,l         1
  _r_csi01_callback_sendend@1
                                  000059a4         4   func ,l         1
  _r_uart2_callback_receiveend@1
                                  000059a8       182   func ,l         1
  _r_uart2_callback_softwareoverrun@1
                                  00005b2a         1   func ,l         1
  _r_uart2_callback_sendend@1
                                  00005b2b         4   func ,l         1
  _r_uart2_callback_error@1
                                  00005b2f         1   func ,l         1
  _r_uart3_callback_receiveend@1
                                  00005b30        49   func ,l         1
  _r_uart3_callback_softwareoverrun@1
                                  00005b79         1   func ,l         1
  _r_uart3_callback_sendend@1
                                  00005b7a         7   func ,l         1
  _r_uart3_callback_error@1
                                  00005b81         1   func ,l         1
FILE=.\src\r_cg_timer.obj
                                  00005b82  00005c8e       10d
  _R_TAU0_Create
                                  00005b82        ad   func ,g         2
  _R_TAU0_Channel0_Start
                                  00005c2f        10   func ,g         1
  _R_TAU0_Channel0_Stop
                                  00005c3f        10   func ,g         0
  _R_TAU0_Channel1_Start
                                  00005c4f        10   func ,g         0
  _R_TAU0_Channel1_Stop
                                  00005c5f        10   func ,g         0
  _R_TAU0_Channel2_Start
                                  00005c6f        10   func ,g         0
  _R_TAU0_Channel2_Stop
                                  00005c7f        10   func ,g         0
FILE=.\src\r_cg_wdt.obj
                                  00005c8f  00005ca3        15
  _R_WDT_Create
                                  00005c8f        11   func ,g         1
  _R_WDT_Restart
                                  00005ca0         4   func ,g         9
FILE=.\src\r_main.obj
                                  00005ca4  00005fb1       30e
  _nostop_checkHandSensor
                                  00005ca4        31   func ,g         0
  _readHS
                                  00005cd5        15   func ,g         0
  _main
                                  00005cea       267   func ,g         1
  _R_MAIN_UserInit
                                  00005f51        61   func ,g         1
FILE=.\src\r_systeminit.obj
                                  00005fb2  00005fe8        37
  _R_Systeminit
                                  00005fb2        32   func ,g         1
  _hdwinit
                                  00005fe4         5   func ,g         1
FILE=.\src\raspberry_pi_interface.obj
                                  00005fe9  000062b8       2d0
  _RaspberryResponse_nostop
                                  00005fe9       234   func ,g         2
  _sendToRasPi_f
                                  0000621d        28   func ,g        19
  _sendToRasPi_u32
                                  00006245        28   func ,g         2
  _stop_waitAlarmConfirm
                                  0000626d        3c   func ,g         5
  _nostop_waitAlarmConfirm
                                  000062a9         c   func ,g         0
  _resetAlarm
                                  000062b5         4   func ,g         5
FILE=.\src\usr_timer.obj
                                  000062b9  000063ea       132
  _delay_ms
                                  000062b9        68   func ,g         4
  _delay
                                  00006321        18   func ,g         0
  _ns_delay_ms
                                  00006339        6c   func ,g        3a
  _non_block_delay
                                  000063a5         2   func ,g         0
  _mTask
                                  000063a7        44   func ,g         0

SECTION=.monitor2
FILE=rlink_generates_02
                                  0007fe00  0007ffff       200

SECTION=.bss
FILE=.\src\EEPROM.obj
                                  000f4700  000f4726        27
  _eeprom_status
                                  000f4700         1   data ,g         c
    union  EEPROM_status_u {
                                                   1
      _eeprom_status.refined
                                  000f4700         1
    struct  {
                                                   1
      _eeprom_status.refined.RB
                                  000f4700         1   unsigned char:1(7)
      _eeprom_status.refined.WEN
                                  000f4700         1   unsigned char:1(6)
      _eeprom_status.refined.BP
                                  000f4700         1   unsigned char:2(4)
      _eeprom_status.refined.RSVD
                                  000f4700         1   unsigned char:3(1)
      _eeprom_status.refined.WPEN
                                  000f4700         1   unsigned char:1(0)
    }
      _eeprom_status.raw
                                  000f4700         1   unsigned char
    }
  _spi_flag
                                  000f4702         2   data ,g         3
  _buf
                                  000f4704        23   data ,g        12
FILE=.\src\interrupt_handle.obj
                                  000f4728  000f472b         4
  _g_adc_value
                                  000f4728         4   data ,g         4
FILE=.\src\main.obj
                                  000f472c  000f491f       1f4
  _g_TimeKeeper@1
                                  000f472c         6   data ,l         e
    struct Tick_Keeper_s {
                                                   6
      _g_TimeKeeper@1.electrolyteOff_h
                                  000f472c         1   unsigned char
      _g_TimeKeeper@1.neutralization
                                  000f472e         4   unsigned long
    }
  _g_numberSetting
                                  000f4732        26   data ,g        35
    struct Number_Setting_s {
                                                  26
      _g_numberSetting.upperVoltage1
                                  000f4732         4   float
      _g_numberSetting.upperVoltage2
                                  000f4736         4   float
      _g_numberSetting.upperVoltage3
                                  000f473a         4   float
      _g_numberSetting.lowerVoltage
                                  000f473e         4   float
      _g_numberSetting.upperCurrent
                                  000f4742         4   float
      _g_numberSetting.lowerCurrent
                                  000f4746         4   float
      _g_numberSetting.upperFlow
                                  000f474a         4   float
      _g_numberSetting.lowerFlow
                                  000f474e         4   float
      _g_numberSetting.cvccCurrent
                                  000f4752         4   float
      _g_numberSetting.crc
                                  000f4756         1   char
    }
  _g_neutralization_time_s
                                  000f4758         4   data ,g         8
  _g_color
                                  000f475c         1   data ,g         b
  _g_pre_color
                                  000f475d         1   data ,g         3
  _g_flow_value
                                  000f475e         4   data ,g         2
  _g_alarm
                                  000f4762         2   data ,g         f
    union  Alarm_Flag_u {
                                                   2
      _g_alarm.refined
                                  000f4762         2
    struct  {
                                                   2
      _g_alarm.refined.overVoltage1
                                  000f4762         1   unsigned char:1(7)
      _g_alarm.refined.overVoltage2
                                  000f4762         1   unsigned char:1(6)
      _g_alarm.refined.overVoltage3
                                  000f4762         1   unsigned char:1(5)
      _g_alarm.refined.overCurrent
                                  000f4762         1   unsigned char:1(4)
      _g_alarm.refined.overFlow
                                  000f4762         1   unsigned char:1(3)
      _g_alarm.refined.underVoltage
                                  000f4762         1   unsigned char:1(2)
      _g_alarm.refined.underCurrent
                                  000f4762         1   unsigned char:1(1)
      _g_alarm.refined.cvcc
                                  000f4762         1   unsigned char:1(0)
      _g_alarm.refined.underFlow
                                  000f4763         1   unsigned char:1(7)
    }
    }
  _g_machine_state
                                  000f4764         f   data ,g        71
    struct Machine_State_u {
                                                   f
      _g_machine_state.akaline
                                  000f4764         1   unsigned char
      _g_machine_state.acid
                                  000f4765         1   unsigned char
      _g_machine_state.water
                                  000f4766         1   unsigned char
      _g_machine_state.handwash
                                  000f4767         1   unsigned char
      _g_machine_state.waterSupply
                                  000f4768         1   unsigned char
      _g_machine_state.flowSensor
                                  000f4769         1   unsigned char
      _g_machine_state.callan
                                  000f476a         1   unsigned char
      _g_machine_state.electrolyteOperation
                                  000f476b         1   unsigned char
      _g_machine_state.electrolyteOFF
                                  000f476c         1   unsigned char
      _g_machine_state.drainage
                                  000f476d         1   unsigned char
      _g_machine_state.isMidNight
                                  000f476e         1   unsigned char
      _g_machine_state.test
                                  000f476f         1   unsigned char
      _g_machine_state.neutrlization
                                  000f4770         1   unsigned char
      _g_machine_state.user
                                  000f4771         1   unsigned char
      _g_machine_state.mode
                                  000f4772         1   unsigned char
    }
  _g_io_status
                                  000f4774        12   data ,g        33
    union  IO_Status_u {
                                                  12
      _g_io_status.refined
                                  000f4774        12
    struct  {
                                                  12
      _g_io_status.refined.AlkalineEmptyLevel
                                  000f4774         1   unsigned char:1(7)
      _g_io_status.refined.AlkalineLowLevel
                                  000f4774         1   unsigned char:1(6)
      _g_io_status.refined.AlkalineHighLevel
                                  000f4774         1   unsigned char:1(5)
      _g_io_status.refined.AcidEmptyLevel
                                  000f4774         1   unsigned char:1(4)
      _g_io_status.refined.AcidLowLevel
                                  000f4774         1   unsigned char:1(3)
      _g_io_status.refined.AcidHighLevel
                                  000f4774         1   unsigned char:1(2)
      _g_io_status.refined.SaltLowLevel
                                  000f4774         1   unsigned char:1(1)
      _g_io_status.refined.SaltHighLevel
                                  000f4774         1   unsigned char:1(0)
      _g_io_status.refined.Valve
                                  000f4775         2
    struct  {
                                                   2
      _g_io_status.refined.Valve.SV1
                                  000f4775         1   unsigned char:1(7)
      _g_io_status.refined.Valve.SV2
                                  000f4775         1   unsigned char:1(6)
      _g_io_status.refined.Valve.SV3
                                  000f4775         1   unsigned char:1(5)
      _g_io_status.refined.Valve.SV4
                                  000f4775         1   unsigned char:1(4)
      _g_io_status.refined.Valve.SV5
                                  000f4775         1   unsigned char:1(3)
      _g_io_status.refined.Valve.SV6
                                  000f4775         1   unsigned char:1(2)
      _g_io_status.refined.Valve.SV7
                                  000f4775         1   unsigned char:1(1)
      _g_io_status.refined.Valve.SV8
                                  000f4775         1   unsigned char:1(0)
      _g_io_status.refined.Valve.SV9
                                  000f4776         1   unsigned char:1(7)
      _g_io_status.refined.Valve.RSVD
                                  000f4776         1   unsigned char:7(0)
    }
      _g_io_status.refined.Pump1
                                  000f4777         1   unsigned char:1(7)
      _g_io_status.refined.Pump2
                                  000f4777         1   unsigned char:1(6)
      _g_io_status.refined.SaltPump
                                  000f4777         1   unsigned char:1(5)
      _g_io_status.refined.RSVD1
                                  000f4777         1   unsigned char:4(1)
      _g_io_status.refined.MachineMode_RSVD
                                  000f4778         1   unsigned char
      _g_io_status.refined.FlowValue
                                  000f477a         4   float
      _g_io_status.refined.CVCCVoltage
                                  000f477e         4   float
      _g_io_status.refined.CVCCCurrent
                                  000f4782         4   float
    }
    }
  _g_mean_io_status
                                  000f4786        12   data ,g        17
    union  IO_Status_u {
                                                  12
      _g_mean_io_status.refined
                                  000f4786        12
    struct  {
                                                  12
      _g_mean_io_status.refined.AlkalineEmptyLevel
                                  000f4786         1   unsigned char:1(7)
      _g_mean_io_status.refined.AlkalineLowLevel
                                  000f4786         1   unsigned char:1(6)
      _g_mean_io_status.refined.AlkalineHighLevel
                                  000f4786         1   unsigned char:1(5)
      _g_mean_io_status.refined.AcidEmptyLevel
                                  000f4786         1   unsigned char:1(4)
      _g_mean_io_status.refined.AcidLowLevel
                                  000f4786         1   unsigned char:1(3)
      _g_mean_io_status.refined.AcidHighLevel
                                  000f4786         1   unsigned char:1(2)
      _g_mean_io_status.refined.SaltLowLevel
                                  000f4786         1   unsigned char:1(1)
      _g_mean_io_status.refined.SaltHighLevel
                                  000f4786         1   unsigned char:1(0)
      _g_mean_io_status.refined.Valve
                                  000f4787         2
    struct  {
                                                   2
      _g_mean_io_status.refined.Valve.SV1
                                  000f4787         1   unsigned char:1(7)
      _g_mean_io_status.refined.Valve.SV2
                                  000f4787         1   unsigned char:1(6)
      _g_mean_io_status.refined.Valve.SV3
                                  000f4787         1   unsigned char:1(5)
      _g_mean_io_status.refined.Valve.SV4
                                  000f4787         1   unsigned char:1(4)
      _g_mean_io_status.refined.Valve.SV5
                                  000f4787         1   unsigned char:1(3)
      _g_mean_io_status.refined.Valve.SV6
                                  000f4787         1   unsigned char:1(2)
      _g_mean_io_status.refined.Valve.SV7
                                  000f4787         1   unsigned char:1(1)
      _g_mean_io_status.refined.Valve.SV8
                                  000f4787         1   unsigned char:1(0)
      _g_mean_io_status.refined.Valve.SV9
                                  000f4788         1   unsigned char:1(7)
      _g_mean_io_status.refined.Valve.RSVD
                                  000f4788         1   unsigned char:7(0)
    }
      _g_mean_io_status.refined.Pump1
                                  000f4789         1   unsigned char:1(7)
      _g_mean_io_status.refined.Pump2
                                  000f4789         1   unsigned char:1(6)
      _g_mean_io_status.refined.SaltPump
                                  000f4789         1   unsigned char:1(5)
      _g_mean_io_status.refined.RSVD1
                                  000f4789         1   unsigned char:4(1)
      _g_mean_io_status.refined.MachineMode_RSVD
                                  000f478a         1   unsigned char
      _g_mean_io_status.refined.FlowValue
                                  000f478c         4   float
      _g_mean_io_status.refined.CVCCVoltage
                                  000f4790         4   float
      _g_mean_io_status.refined.CVCCCurrent
                                  000f4794         4   float
    }
    }
  _g_res_io_status
                                  000f4798        12   data ,g         5
    union  IO_Status_u {
                                                  12
      _g_res_io_status.refined
                                  000f4798        12
    struct  {
                                                  12
      _g_res_io_status.refined.AlkalineEmptyLevel
                                  000f4798         1   unsigned char:1(7)
      _g_res_io_status.refined.AlkalineLowLevel
                                  000f4798         1   unsigned char:1(6)
      _g_res_io_status.refined.AlkalineHighLevel
                                  000f4798         1   unsigned char:1(5)
      _g_res_io_status.refined.AcidEmptyLevel
                                  000f4798         1   unsigned char:1(4)
      _g_res_io_status.refined.AcidLowLevel
                                  000f4798         1   unsigned char:1(3)
      _g_res_io_status.refined.AcidHighLevel
                                  000f4798         1   unsigned char:1(2)
      _g_res_io_status.refined.SaltLowLevel
                                  000f4798         1   unsigned char:1(1)
      _g_res_io_status.refined.SaltHighLevel
                                  000f4798         1   unsigned char:1(0)
      _g_res_io_status.refined.Valve
                                  000f4799         2
    struct  {
                                                   2
      _g_res_io_status.refined.Valve.SV1
                                  000f4799         1   unsigned char:1(7)
      _g_res_io_status.refined.Valve.SV2
                                  000f4799         1   unsigned char:1(6)
      _g_res_io_status.refined.Valve.SV3
                                  000f4799         1   unsigned char:1(5)
      _g_res_io_status.refined.Valve.SV4
                                  000f4799         1   unsigned char:1(4)
      _g_res_io_status.refined.Valve.SV5
                                  000f4799         1   unsigned char:1(3)
      _g_res_io_status.refined.Valve.SV6
                                  000f4799         1   unsigned char:1(2)
      _g_res_io_status.refined.Valve.SV7
                                  000f4799         1   unsigned char:1(1)
      _g_res_io_status.refined.Valve.SV8
                                  000f4799         1   unsigned char:1(0)
      _g_res_io_status.refined.Valve.SV9
                                  000f479a         1   unsigned char:1(7)
      _g_res_io_status.refined.Valve.RSVD
                                  000f479a         1   unsigned char:7(0)
    }
      _g_res_io_status.refined.Pump1
                                  000f479b         1   unsigned char:1(7)
      _g_res_io_status.refined.Pump2
                                  000f479b         1   unsigned char:1(6)
      _g_res_io_status.refined.SaltPump
                                  000f479b         1   unsigned char:1(5)
      _g_res_io_status.refined.RSVD1
                                  000f479b         1   unsigned char:4(1)
      _g_res_io_status.refined.MachineMode_RSVD
                                  000f479c         1   unsigned char
      _g_res_io_status.refined.FlowValue
                                  000f479e         4   float
      _g_res_io_status.refined.CVCCVoltage
                                  000f47a2         4   float
      _g_res_io_status.refined.CVCCCurrent
                                  000f47a6         4   float
    }
    }
  __settingTime
                                  000f47aa        96   data ,g         8
    struct Timer_Setting_s {
                                                  96
      __settingTime.t1_initialWaterDrainageOperation_s
                                  000f47aa         4   unsigned long
      __settingTime.t2_flowSensorStartTime_s
                                  000f47ae         4   unsigned long
      __settingTime.t3_flowSensorMonitorTime_s
                                  000f47b2         4   unsigned long
      __settingTime.t4_electrolysisOperationStart_s
                                  000f47b6         4   unsigned long
      __settingTime.t5_electrolysisStopDelay_s
                                  000f47ba         4   unsigned long
      __settingTime.t6_drainageOffTime_h
                                  000f47be         4   unsigned long
      __settingTime.t7_powerOnPreparation_s
                                  000f47c2         4   unsigned long
      __settingTime.t8_flowRateAdjustmentRelease_s
                                  000f47c6         4   unsigned long
      __settingTime.t9_currentAdjustmentRelease_s
                                  000f47ca         4   unsigned long
      __settingTime.t10_electrolysisCurrentAlarmSpecified_s
                                  000f47ce         4   unsigned long
      __settingTime.t11_overVoltage1Time_s
                                  000f47d2         4   unsigned long
      __settingTime.t12_overVoltage2Time_s
                                  000f47d6         4   unsigned long
      __settingTime.t13_overVoltage3Time_s
                                  000f47da         4   unsigned long
      __settingTime.t14_lowVoltageStartTime_s
                                  000f47de         4   unsigned long
      __settingTime.t15_lowVoltageDelayTime_s
                                  000f47e2         4   unsigned long
      __settingTime.t16_currentMonitoringStart_s
                                  000f47e6         4   unsigned long
      __settingTime.t17_solenoidLeakageStartTime_s
                                  000f47ea         4   unsigned long
      __settingTime.t18_fullWaterMonitoringStart_h
                                  000f47ee         4   unsigned long
      __settingTime.t19_waterFilterAlarm_h
                                  000f47f2         4   unsigned long
      __settingTime.t20_waterFilterAlarmIgnore_h
                                  000f47f6         4   unsigned long
      __settingTime.t26_onDelayEmptyLevel_s
                                  000f47fa         4   unsigned long
      __settingTime.t27_onDelayLowLevel_s
                                  000f47fe         4   unsigned long
      __settingTime.t28_onDelayHighLevel_s
                                  000f4802         4   unsigned long
      __settingTime.t30_offDelayEmptyLevel_s
                                  000f4806         4   unsigned long
      __settingTime.t31_saltLowLevelDelay_s
                                  000f480a         4   unsigned long
      __settingTime.t32_saltHighLevelDelay_s
                                  000f480e         4   unsigned long
      __settingTime.t51_alkalineWaterSpoutingTime_s
                                  000f4812         4   unsigned long
      __settingTime.t52_acidWaterSpoutingTime_s
                                  000f4816         4   unsigned long
      __settingTime.t53_washingWaterSpoutingTime_s
                                  000f481a         4   unsigned long
      __settingTime.t54_overLapTime_ms
                                  000f481e         4   unsigned long
      __settingTime.t55_waterDischargeDelay_s
                                  000f4822         4   unsigned long
      __settingTime.t56_acidWaterDownTime_s
                                  000f4826         4   unsigned long
      __settingTime.t59_alkalineWaterDownTime_s
                                  000f482a         4   unsigned long
      __settingTime.t61_curranCleaningIntervalTime_h
                                  000f482e         4   unsigned long
      __settingTime.t62_callanWashSpoutingTime_s
                                  000f4832         4   unsigned long
      __settingTime.t33_t63_neutralizationStartTime_h
                                  000f4836         4   unsigned long
      __settingTime.t34_t64_neutralizationOpenTime_s
                                  000f483a         4   unsigned long
      __settingTime.crc
                                  000f483e         1   char
    }
  __settingNumber
                                  000f4840        26   data ,g         8
    struct Number_Setting_s {
                                                  26
      __settingNumber.upperVoltage1
                                  000f4840         4   float
      __settingNumber.upperVoltage2
                                  000f4844         4   float
      __settingNumber.upperVoltage3
                                  000f4848         4   float
      __settingNumber.lowerVoltage
                                  000f484c         4   float
      __settingNumber.upperCurrent
                                  000f4850         4   float
      __settingNumber.lowerCurrent
                                  000f4854         4   float
      __settingNumber.upperFlow
                                  000f4858         4   float
      __settingNumber.lowerFlow
                                  000f485c         4   float
      __settingNumber.cvccCurrent
                                  000f4860         4   float
      __settingNumber.crc
                                  000f4864         1   char
    }
  _g_machine_mode
                                  000f4866         1   data ,g         4
  _g_machine_test_mode
                                  000f4867         1   data ,g         0
  _btod
                                  000f4868         4   data ,g         6
    union  BytesToDouble {
                                                   4
      _btod.refined
                                  000f4868         4
    struct  {
                                                   4
      _btod.refined.data
                                  000f4868         4   unsigned char
    }
      _btod.raw
                                  000f4868         4   unsigned long
    }
  _g_Tick
                                  000f486c        a8   data ,g        80
    struct Tick_s {
                                                  a8
      _g_Tick.tick500ms
                                  000f486c         4   unsigned long
      _g_Tick.tick1s
                                  000f4870         4   unsigned long
      _g_Tick.tick5s
                                  000f4874         4   unsigned long
      _g_Tick.tickBlink
                                  000f4878         4   unsigned long
      _g_Tick.tickAlkaline
                                  000f487c         4   unsigned long
      _g_Tick.tickAcid
                                  000f4880         4   unsigned long
      _g_Tick.tickWater
                                  000f4884         4   unsigned long
      _g_Tick.tickHandWash
                                  000f4888         4   unsigned long
      _g_Tick.tickWaterSupply
                                  000f488c         4   unsigned long
      _g_Tick.tickFlowMeasurment
                                  000f4890         4   unsigned long
      _g_Tick.tickDebouceHandSensor
                                  000f4894         4   unsigned long
      _g_Tick.tickVoltage1Check
                                  000f4898         4   unsigned long
      _g_Tick.tickVoltage2Check
                                  000f489c         4   unsigned long
      _g_Tick.tickVoltage3Check
                                  000f48a0         4   unsigned long
      _g_Tick.tickVoltageLowCheck
                                  000f48a4         4   unsigned long
      _g_Tick.tickCurrentCheck
                                  000f48a8         4   unsigned long
      _g_Tick.tickSV1SV2
                                  000f48ac         4   unsigned long
      _g_Tick.tickElectrolyticOff
                                  000f48b0         4   unsigned long
      _g_Tick.tickWaterSoftenerPCB
                                  000f48b4         4   unsigned long
      _g_Tick.tickValvePCB
                                  000f48b8         4   unsigned long
      _g_Tick.tickRS485
                                  000f48bc         4   unsigned long
      _g_Tick.tickCallan
                                  000f48c0         4   unsigned long
      _g_Tick.tickDrainage
                                  000f48c4         4   unsigned long
      _g_Tick.tickTestOperation
                                  000f48c8         4   unsigned long
      _g_Tick.tickAcidLevel
                                  000f48cc        10   unsigned long
      _g_Tick.tickAlkalineLevel
                                  000f48dc        10   unsigned long
      _g_Tick.tickHandSensor
                                  000f48ec         8   unsigned long
      _g_Tick.tickCustom
                                  000f48f4        20   unsigned long
    }
  _water_solfner_buf
                                  000f4914         7   data ,g         5
    struct UART3_Buffer_s {
                                                   7
      _water_solfner_buf.busy
                                  000f4914         1   unsigned char
      _water_solfner_buf.head
                                  000f4915         1   unsigned char
      _water_solfner_buf.set_number
                                  000f4916         1   unsigned char
      _water_solfner_buf.set_value
                                  000f4917         4   unsigned char
    }
  __flow_pulse
                                  000f491c         4   data ,g         8
FILE=.\src\r_cg_rtc_user.obj
                                  000f4920  000f4926         7
  _g_rtc
                                  000f4920         7   data ,g         0
    struct  {
                                                   7
      _g_rtc.sec
                                  000f4920         1   unsigned char
      _g_rtc.min
                                  000f4921         1   unsigned char
      _g_rtc.hour
                                  000f4922         1   unsigned char
      _g_rtc.day
                                  000f4923         1   unsigned char
      _g_rtc.week
                                  000f4924         1   unsigned char
      _g_rtc.month
                                  000f4925         1   unsigned char
      _g_rtc.year
                                  000f4926         1   unsigned char
    }
FILE=.\src\r_cg_serial.obj
                                  000f4928  000f495d        36
  _gp_uart1_tx_address
                                  000f4928         2   data ,g         5
  _g_uart1_tx_count
                                  000f492a         2   data ,g         4
  _gp_uart1_rx_address
                                  000f492c         2   data ,g         3
  _g_uart1_rx_count
                                  000f492e         2   data ,g         4
  _g_uart1_rx_length
                                  000f4930         2   data ,g         3
  _gp_csi00_rx_address
                                  000f4932         2   data ,g         0
  _g_csi00_rx_length
                                  000f4934         2   data ,g         0
  _g_csi00_rx_count
                                  000f4936         2   data ,g         0
  _gp_csi00_tx_address
                                  000f4938         2   data ,g         6
  _g_csi00_send_length
                                  000f493a         2   data ,g         0
  _g_csi00_tx_count
                                  000f493c         2   data ,g         4
  _gp_csi01_rx_address
                                  000f493e         2   data ,g         5
  _g_csi01_rx_length
                                  000f4940         2   data ,g         1
  _g_csi01_rx_count
                                  000f4942         2   data ,g         1
  _gp_csi01_tx_address
                                  000f4944         2   data ,g         7
  _g_csi01_send_length
                                  000f4946         2   data ,g         0
  _g_csi01_tx_count
                                  000f4948         2   data ,g         7
  _gp_uart2_tx_address
                                  000f494a         2   data ,g         5
  _g_uart2_tx_count
                                  000f494c         2   data ,g         4
  _gp_uart2_rx_address
                                  000f494e         2   data ,g         3
  _g_uart2_rx_count
                                  000f4950         2   data ,g         4
  _g_uart2_rx_length
                                  000f4952         2   data ,g         3
  _gp_uart3_tx_address
                                  000f4954         2   data ,g         5
  _g_uart3_tx_count
                                  000f4956         2   data ,g         4
  _gp_uart3_rx_address
                                  000f4958         2   data ,g         3
  _g_uart3_rx_count
                                  000f495a         2   data ,g         4
  _g_uart3_rx_length
                                  000f495c         2   data ,g         3
FILE=.\src\r_cg_serial_user.obj
                                  000f495e  000f4a23        c6
  _g_uart3_rx_data
                                  000f495e         8   data ,g         8
  _send_response_flag
                                  000f4966         1   data ,g         0
  _send_response_time_flag
                                  000f4967         1   data ,g         0
  _send_response_number_flag
                                  000f4968         1   data ,g         0
  _recived_time_setting_flag
                                  000f4969         1   data ,g         0
  _send_respone_status_flag
                                  000f496a         1   data ,g         0
  _recived_number_setting_flag
                                  000f496b         1   data ,g         0
  _commnunication_flag
                                  000f496c         f   data ,g        42
    struct Communicaition_flag_s {
                                                   f
      _commnunication_flag.send_response_flag
                                  000f496c         1   unsigned char
      _commnunication_flag.send_response_time_flag
                                  000f496d         1   unsigned char
      _commnunication_flag.send_response_number_flag
                                  000f496e         1   unsigned char
      _commnunication_flag.recived_number_setting_flag
                                  000f496f         1   unsigned char
      _commnunication_flag.recived_time_setting_flag
                                  000f4970         1   unsigned char
      _commnunication_flag.send_response_status_flag
                                  000f4971         1   unsigned char
      _commnunication_flag.send_response_mode_flag
                                  000f4972         1   unsigned char
      _commnunication_flag.alarm_clear_flag
                                  000f4973         1   unsigned char
      _commnunication_flag.recieve_status_flag
                                  000f4974         1   unsigned char
      _commnunication_flag.test_flag
                                  000f4975         1   unsigned char
      _commnunication_flag.rs485_send_to_watersolfner_response_flag
                                  000f4976         1   unsigned char
      _commnunication_flag.rs485_send_to_watersolfner_SV1_flag
                                  000f4977         1   unsigned char
      _commnunication_flag.rs485_send_to_valve_response_flag
                                  000f4978         1   unsigned char
      _commnunication_flag.rs485_get_valve_gesture_flag
                                  000f4979         1   unsigned char
      _commnunication_flag.rs485_fault
                                  000f497a         1   unsigned char
    }
  _g_csi_count
                                  000f497b         1   data ,g         0
  _g_csi_err
                                  000f497c         1   data ,g         0
  _g_csi_send_end
                                  000f497d         1   data ,g         1
  _g_csi_rev_end
                                  000f497e         1   data ,g         3
  _g_uart1_send
                                  000f497f         1   data ,g         0
  _g_uart2_sendend
                                  000f4980         1   data ,g         e
  _g_uart2_receive
                                  000f4981         1   data ,g         1
  _g_rx_data
                                  000f4982        a0   data ,g        2b
  _g_uart2_fault
                                  000f4a22         1   data ,g         3
  _g_uart3_sendend
                                  000f4a23         1   data ,g         6
FILE=.\src\r_cg_timer_user.obj
                                  000f4a24  000f4a2b         8
  _timer0_ch0_flag
                                  000f4a24         1   data ,g         1
  _timer0_ch1_flag
                                  000f4a25         1   data ,g         1
  _timer0_ch2_flag
                                  000f4a26         1   data ,g         1
  _g_systemTime
                                  000f4a28         4   data ,g        78
FILE=.\src\r_main.obj
                                  000f4a2c  000f4ace        a3
  _g_e_status
                                  000f4a2c         1   data ,g         0
    union  EEPROM_status_u {
                                                   1
      _g_e_status.refined
                                  000f4a2c         1
    struct  {
                                                   1
      _g_e_status.refined.RB
                                  000f4a2c         1   unsigned char:1(7)
      _g_e_status.refined.WEN
                                  000f4a2c         1   unsigned char:1(6)
      _g_e_status.refined.BP
                                  000f4a2c         1   unsigned char:2(4)
      _g_e_status.refined.RSVD
                                  000f4a2c         1   unsigned char:3(1)
      _g_e_status.refined.WPEN
                                  000f4a2c         1   unsigned char:1(0)
    }
      _g_e_status.raw
                                  000f4a2c         1   unsigned char
    }
  _ret_number_setting
                                  000f4a2e        26   data ,g         0
    struct Number_Setting_s {
                                                  26
      _ret_number_setting.upperVoltage1
                                  000f4a2e         4   float
      _ret_number_setting.upperVoltage2
                                  000f4a32         4   float
      _ret_number_setting.upperVoltage3
                                  000f4a36         4   float
      _ret_number_setting.lowerVoltage
                                  000f4a3a         4   float
      _ret_number_setting.upperCurrent
                                  000f4a3e         4   float
      _ret_number_setting.lowerCurrent
                                  000f4a42         4   float
      _ret_number_setting.upperFlow
                                  000f4a46         4   float
      _ret_number_setting.lowerFlow
                                  000f4a4a         4   float
      _ret_number_setting.cvccCurrent
                                  000f4a4e         4   float
      _ret_number_setting.crc
                                  000f4a52         1   char
    }
  _flow_p
                                  000f4a54         1   data ,g         1
  _salt_h_p
                                  000f4a55         1   data ,g         0
  _g_eeprom_wren
                                  000f4a56         1   data ,g         0
  _receive_data
                                  000f4a57         2   data ,g         0
  _receive_setting
                                  000f4a5a        26   data ,g         0
    struct Number_Setting_s {
                                                  26
      _receive_setting.upperVoltage1
                                  000f4a5a         4   float
      _receive_setting.upperVoltage2
                                  000f4a5e         4   float
      _receive_setting.upperVoltage3
                                  000f4a62         4   float
      _receive_setting.lowerVoltage
                                  000f4a66         4   float
      _receive_setting.upperCurrent
                                  000f4a6a         4   float
      _receive_setting.lowerCurrent
                                  000f4a6e         4   float
      _receive_setting.upperFlow
                                  000f4a72         4   float
      _receive_setting.lowerFlow
                                  000f4a76         4   float
      _receive_setting.cvccCurrent
                                  000f4a7a         4   float
      _receive_setting.crc
                                  000f4a7e         1   char
    }
  _set
                                  000f4a80         1   data ,g         0
    union  EEPROM_status_u {
                                                   1
      _set.refined
                                  000f4a80         1
    struct  {
                                                   1
      _set.refined.RB
                                  000f4a80         1   unsigned char:1(7)
      _set.refined.WEN
                                  000f4a80         1   unsigned char:1(6)
      _set.refined.BP
                                  000f4a80         1   unsigned char:2(4)
      _set.refined.RSVD
                                  000f4a80         1   unsigned char:3(1)
      _set.refined.WPEN
                                  000f4a80         1   unsigned char:1(0)
    }
      _set.raw
                                  000f4a80         1   unsigned char
    }
  _rx_data
                                  000f4a82         c   data ,g         0
  _data_f
                                  000f4a8e         4   data ,g         0
  _data_f_test
                                  000f4a92         4   data ,g         0
    union  byte_to_float {
                                                   4
      _data_f_test.refined
                                  000f4a92         4
    struct  {
                                                   4
      _data_f_test.refined.b
                                  000f4a92         4   unsigned char
    }
      _data_f_test.raw
                                  000f4a92         4   float
    }
  _g_control_buffer_f
                                  000f4a96         6   data ,g         5
    struct UART_Buffer_float_s {
                                                   6
      _g_control_buffer_f.head
                                  000f4a96         1   unsigned char
      _g_control_buffer_f.set_number
                                  000f4a97         1   unsigned char
      _g_control_buffer_f.set_value
                                  000f4a98         4   float
    }
  _g_control_buffer_u32
                                  000f4a9c         6   data ,g         5
    struct UART_Buffer_u32_s {
                                                   6
      _g_control_buffer_u32.head
                                  000f4a9c         1   unsigned char
      _g_control_buffer_u32.set_number
                                  000f4a9d         1   unsigned char
      _g_control_buffer_u32.set_value
                                  000f4a9e         4   unsigned long
    }
  _handsensor_status
                                  000f4aa2         1   data ,g         0
    union   {
                                                   1
      _handsensor_status.
                                  000f4aa2         1
    struct  {
                                                   1
      _handsensor_status..up_signal
                                  000f4aa2         1   unsigned char
    }
      _handsensor_status.status
                                  000f4aa2         1   unsigned char
    }
  _g_handsensor_status
                                  000f4aa3         2   data ,g         3
  _g_crc
                                  000f4aa5         8   data ,g         2
  _g_crc_32
                                  000f4aae        20   data ,g         0
  _rx_count
                                  000f4ace         1   data ,g         2

SECTION=.dataR
FILE=.\src\main.obj
                                  000f4ad0  000f4b66        97
  _g_timerSetting
                                  000f4ad0        96   data ,g        6c
    struct Timer_Setting_s {
                                                  96
      _g_timerSetting.t1_initialWaterDrainageOperation_s
                                  000f4ad0         4   unsigned long
      _g_timerSetting.t2_flowSensorStartTime_s
                                  000f4ad4         4   unsigned long
      _g_timerSetting.t3_flowSensorMonitorTime_s
                                  000f4ad8         4   unsigned long
      _g_timerSetting.t4_electrolysisOperationStart_s
                                  000f4adc         4   unsigned long
      _g_timerSetting.t5_electrolysisStopDelay_s
                                  000f4ae0         4   unsigned long
      _g_timerSetting.t6_drainageOffTime_h
                                  000f4ae4         4   unsigned long
      _g_timerSetting.t7_powerOnPreparation_s
                                  000f4ae8         4   unsigned long
      _g_timerSetting.t8_flowRateAdjustmentRelease_s
                                  000f4aec         4   unsigned long
      _g_timerSetting.t9_currentAdjustmentRelease_s
                                  000f4af0         4   unsigned long
      _g_timerSetting.t10_electrolysisCurrentAlarmSpecified_s
                                  000f4af4         4   unsigned long
      _g_timerSetting.t11_overVoltage1Time_s
                                  000f4af8         4   unsigned long
      _g_timerSetting.t12_overVoltage2Time_s
                                  000f4afc         4   unsigned long
      _g_timerSetting.t13_overVoltage3Time_s
                                  000f4b00         4   unsigned long
      _g_timerSetting.t14_lowVoltageStartTime_s
                                  000f4b04         4   unsigned long
      _g_timerSetting.t15_lowVoltageDelayTime_s
                                  000f4b08         4   unsigned long
      _g_timerSetting.t16_currentMonitoringStart_s
                                  000f4b0c         4   unsigned long
      _g_timerSetting.t17_solenoidLeakageStartTime_s
                                  000f4b10         4   unsigned long
      _g_timerSetting.t18_fullWaterMonitoringStart_h
                                  000f4b14         4   unsigned long
      _g_timerSetting.t19_waterFilterAlarm_h
                                  000f4b18         4   unsigned long
      _g_timerSetting.t20_waterFilterAlarmIgnore_h
                                  000f4b1c         4   unsigned long
      _g_timerSetting.t26_onDelayEmptyLevel_s
                                  000f4b20         4   unsigned long
      _g_timerSetting.t27_onDelayLowLevel_s
                                  000f4b24         4   unsigned long
      _g_timerSetting.t28_onDelayHighLevel_s
                                  000f4b28         4   unsigned long
      _g_timerSetting.t30_offDelayEmptyLevel_s
                                  000f4b2c         4   unsigned long
      _g_timerSetting.t31_saltLowLevelDelay_s
                                  000f4b30         4   unsigned long
      _g_timerSetting.t32_saltHighLevelDelay_s
                                  000f4b34         4   unsigned long
      _g_timerSetting.t51_alkalineWaterSpoutingTime_s
                                  000f4b38         4   unsigned long
      _g_timerSetting.t52_acidWaterSpoutingTime_s
                                  000f4b3c         4   unsigned long
      _g_timerSetting.t53_washingWaterSpoutingTime_s
                                  000f4b40         4   unsigned long
      _g_timerSetting.t54_overLapTime_ms
                                  000f4b44         4   unsigned long
      _g_timerSetting.t55_waterDischargeDelay_s
                                  000f4b48         4   unsigned long
      _g_timerSetting.t56_acidWaterDownTime_s
                                  000f4b4c         4   unsigned long
      _g_timerSetting.t59_alkalineWaterDownTime_s
                                  000f4b50         4   unsigned long
      _g_timerSetting.t61_curranCleaningIntervalTime_h
                                  000f4b54         4   unsigned long
      _g_timerSetting.t62_callanWashSpoutingTime_s
                                  000f4b58         4   unsigned long
      _g_timerSetting.t33_t63_neutralizationStartTime_h
                                  000f4b5c         4   unsigned long
      _g_timerSetting.t34_t64_neutralizationOpenTime_s
                                  000f4b60         4   unsigned long
      _g_timerSetting.crc
                                  000f4b64         1   char
    }
  __pre_flow_state
                                  000f4b66         1   data ,g         2
FILE=.\src\r_main.obj
                                  000f4b68  000f4b81        1a
  _g_error
                                  000f4b68         2   data ,g         0
  _g_adc_ch
                                  000f4b6a         2   data ,g         0
  _led_st
                                  000f4b6c         1   data ,g         2
  _send_data
                                  000f4b6d         2   data ,g         0
  _this_size
                                  000f4b6f         1   data ,g         0
  _this_size_2
                                  000f4b70         1   data ,g         0
  _send_buf
                                  000f4b71         7   data ,g         0
  _data_crc
                                  000f4b78         8   data ,g         0
  _dac_out
                                  000f4b80         2   data ,g         2
FILE=.\src\raspberry_pi_interface.obj
                                  000f4b82  000f4b87         6
  _test_control_buf
                                  000f4b82         6   data ,g         0
    struct UART_Buffer_float_s {
                                                   6
      _test_control_buf.head
                                  000f4b82         1   unsigned char
      _test_control_buf.set_number
                                  000f4b83         1   unsigned char
      _test_control_buf.set_value
                                  000f4b84         4   float
    }

Absolute value symbols
FILE=rlink_generates_05
  __s.text
                                  00000190         0   none ,g         0
  __e.text
                                  000004aa         0   none ,g         0
  __s.textf
                                  00003510         0   none ,g         0
  __e.textf
                                  000063eb         0   none ,g         0
  __s.const
                                  00003000         0   none ,g         0
  __e.const
                                  00003510         0   none ,g         0
  __s.constf
                                  00000080         0   none ,g         0
  __e.constf
                                  00000080         0   none ,g         0
  __s.data
                                  000000d8         0   none ,g         0
  __e.data
                                  00000190         0   none ,g         0
  __s.sdata
                                  00000080         0   none ,g         0
  __e.sdata
                                  00000080         0   none ,g         0
  __s.bss
                                  000f4700         0   none ,g         0
  __e.bss
                                  000f4acf         0   none ,g         0
  __s.sbss
                                  000ffe20         0   none ,g         0
  __e.sbss
                                  000ffe20         0   none ,g         0
  __s.dataR
                                  000f4ad0         0   none ,g         0
  __e.dataR
                                  000f4b88         0   none ,g         0
  __s.sdataR
                                  000ffe20         0   none ,g         0
  __e.sdataR
                                  000ffe20         0   none ,g         0
  __s.RLIB
                                  000004aa         0   none ,g         0
  __e.RLIB
                                  00000943         0   none ,g         0
  __s.SLIB
                                  000000c4         0   none ,g         0
  __e.SLIB
                                  000000c4         0   none ,g         0
  __s.option_byte
                                  000000c0         0   none ,g         0
  __e.option_byte
                                  000000c4         0   none ,g         0
  __s.monitor1
                                  000000ce         0   none ,g         0
  __e.monitor1
                                  000000d8         0   none ,g         0
  __s.monitor2
                                  0007fe00         0   none ,g         0
  __e.monitor2
                                  00080000         0   none ,g         0
  __s.security_id
                                  000000c4         0   none ,g         0
  __e.security_id
                                  000000ce         0   none ,g         0
  __s.vect
                                  00000000         0   none ,g         0
  __e.vect
                                  00000080         0   none ,g         0
  __RAM_ADDR_START
                                  000f3f00         0   none ,g         0
  __RAM_ADDR_END
                                  000ffee0         0   none ,g         0
  __STACK_ADDR_START
                                  000ffe20         0   none ,g         1
  __STACK_ADDR_END
                                  000f4b88         0   none ,g         1

*** Unfilled Areas ***

AREA                                START    END

*** Delete Symbols ***

SYMBOL                                SIZE    INFO

*** Variable Vector Table List ***

ADDRESS  SYMBOL/ADDRESS
00       _start
02       ffff
04       _r_wdt_interrupt@1
06       
08       
0a       
0c       
0e       
10       
12       
14       _r_uart2_interrupt_send@1
16       _r_uart2_interrupt_receive@1
18       
1a       
1c       
1e       _r_csi00_interrupt@1
20       _r_csi01_interrupt@1
22       
24       _r_uart1_interrupt_send@1
26       _r_uart1_interrupt_receive@1
28       
2a       
2c       _r_tau0_channel0_interrupt@1
2e       _r_tau0_channel1_interrupt@1
30       _r_tau0_channel2_interrupt@1
32       
34       _r_adc_interrupt@1
36       
38       
3a       
3c       _r_uart3_interrupt_send@1
3e       _r_uart3_interrupt_receive@1
40       
42       
44       
46       
48       
4a       
4c       
4e       
50       
52       
54       
56       
58       
5a       
5c       
5e       
60       
62       
64       
66       
68       
6a       
6c       
6e       
70       
72       
74       
76       
78       
7a       
7c       
7e       

*** Cross Reference List ***

No   Unit Name   Global.Symbol   Location External Infomation
---- ----------- --------------- -------- ---------------------
0001 cstart
     SECTION=.text
                 _start
                                 00000190
                 _exit
                                 000001e8 0001(000001e9:.text)
     SECTION=.textf
     SECTION=.const
     SECTION=.constf
[...]
                                          0026(00006098:.textf)
                                          0026(000060c8:.textf)
                                          0026(000060f8:.textf)
                                          0027(00006330:.textf)
0023 r_cg_wdt_user
     SECTION=.text
0024 r_main
     SECTION=.textf
                 _nostop_checkHandSensor
                                 00005ca4
                 _readHS
                                 00005cd5
                 _main
                                 00005cea 0001(000001e4:.text)
                 _R_MAIN_UserInit
                                 00005f51 0024(00005ced:.textf)
     SECTION=.bss
                 _g_e_status
                                 000f4a2c
                 _ret_number_setting
                                 000f4a2e
                 _flow_p
                                 000f4a54 0024(00005eec:.textf)
                 _salt_h_p
                                 000f4a55
                 _g_eeprom_wren
                                 000f4a56
                 _receive_data
                                 000f4a57
                 _receive_setting
                                 000f4a5a
                 _set
                                 000f4a80
                 _rx_data
                                 000f4a82
                 _data_f
                                 000f4a8e
                 _data_f_test
                                 000f4a92
                 _g_control_buffer_f
                                 000f4a96 0026(0000621f:.textf)
                                          0026(00006223:.textf)
                                          0026(00006227:.textf)
                                          0026(0000622b:.textf)
                                          0026(00006236:.textf)
                 _g_control_buffer_u32
                                 000f4a9c 0026(00006247:.textf)
                                          0026(0000624b:.textf)
                                          0026(0000624f:.textf)
                                          0026(00006253:.textf)
                                          0026(0000625e:.textf)
                 _handsensor_status
                                 000f4aa2
                 _g_handsensor_status
                                 000f4aa3 0024(00005cba:.textf)
                                          0024(00005cc1:.textf)
                                          0024(00005cca:.textf)
                 _g_crc
                                 000f4aa5 0024(00005f2e:.textf)
                                          0024(00005f3a:.textf)
                 _g_crc_32
                                 000f4aae
                 _rx_count
                                 000f4ace 0007(00004b12:.textf)
                                          0024(00005e6c:.textf)
     SECTION=.dataR
                 _g_error
                                 000f4b68
                 _g_adc_ch
                                 000f4b6a
                 _led_st
                                 000f4b6c 0024(00005f17:.textf)
                                          0024(00005f1f:.textf)
                 _send_data
                                 000f4b6d
                 _this_size
                                 000f4b6f
                 _this_size_2
                                 000f4b70
                 _send_buf
                                 000f4b71
                 _data_crc
                                 000f4b78
                 _dac_out
                                 000f4b80 0024(00005f3d:.textf)
                                          0024(00005f44:.textf)
     SECTION=.const
     SECTION=.data
0025 r_systeminit
     SECTION=.textf
                 _R_Systeminit
                                 00005fb2 0025(00005fe8:.textf)
                 _hdwinit
                                 00005fe4 0001(0000019c:.text)
0026 raspberry_pi_interface
     SECTION=.const
                 _time_setting_p
                                 0000350c
                 _number_setting_p
                                 0000350e
     SECTION=.textf
                 _RaspberryResponse_nostop
                                 00005fe9 0007(000048b4:.textf)
                                          0007(00004f4b:.textf)
                 _sendToRasPi_f
                                 0000621d 0007(00003e78:.textf)
                                          0007(00003f0a:.textf)
                                          0007(00003fc9:.textf)
                                          0007(00004085:.textf)
                                          0007(0000416e:.textf)
                                          0007(00004256:.textf)
                                          0007(0000431a:.textf)
                                          0007(000043d9:.textf)
                                          0007(00004489:.textf)
                                          0007(0000449b:.textf)
                                          0007(000044c2:.textf)
                                          0007(000044ff:.textf)
                                          0007(0000453f:.textf)
                                          0007(00004589:.textf)
                                          0007(000045ad:.textf)
                                          0007(0000464b:.textf)
                                          0007(000046a3:.textf)
                                          0007(0000476d:.textf)
                                          0007(000047ae:.textf)
                                          0007(00004817:.textf)
                                          0007(0000485a:.textf)
                                          0007(00004918:.textf)
                                          0026(0000617f:.textf)
                                          0026(000061ec:.textf)
                                          0026(00006216:.textf)
                 _sendToRasPi_u32
                                 00006245 0007(00004efb:.textf)
                                          0026(00006027:.textf)
                 _stop_waitAlarmConfirm
                                 0000626d 0007(00003f1f:.textf)
                                          0007(0000408c:.textf)
                                          0007(00004175:.textf)
                                          0007(00004321:.textf)
                                          0007(000043e0:.textf)
                 _nostop_waitAlarmConfirm
                                 000062a9
                 _resetAlarm
                                 000062b5 0007(00003efd:.textf)
                                          0007(00003fb6:.textf)
                                          0007(0000405e:.textf)
                                          0007(00004147:.textf)
                                          0007(000042f3:.textf)
     SECTION=.dataR
                 _test_control_buf
                                 000f4b82
     SECTION=.data
0027 usr_timer
     SECTION=.textf
                 _delay_ms
                                 000062b9 0007(0000445b:.textf)
                                          0024(00005ce0:.textf)
                                          0024(00005d90:.textf)
                                          0027(0000632d:.textf)
                 _delay
                                 00006321
                 _ns_delay_ms
                                 00006339 0007(00003965:.textf)
                                          0007(00003a46:.textf)
                                          0007(00003a8f:.textf)
                                          0007(00003ad8:.textf)
                                          0007(00003b31:.textf)
                                          0007(00003b68:.textf)
                                          0007(00003bb1:.textf)
                                          0007(00003bfa:.textf)
                                          0007(00003c53:.textf)
                                          0007(00003db0:.textf)
                                          0007(00003ddb:.textf)
                                          0007(00003df3:.textf)
                                          0007(00003e17:.textf)
                                          0007(00003ef1:.textf)
                                          0007(00003f97:.textf)
                                          0007(0000403f:.textf)
                                          0007(0000413b:.textf)
                                          0007(000042eb:.textf)
                                          0007(0000457c:.textf)
                                          0007(00004632:.textf)
                                          0007(00004676:.textf)
                                          0007(0000468e:.textf)
                                          0007(000046bc:.textf)
                                          0007(000046f2:.textf)
                                          0007(00004710:.textf)
                                          0007(00004739:.textf)
                                          0007(0000479b:.textf)
                                          0007(000047ce:.textf)
                                          0007(000047e8:.textf)
                                          0007(00004847:.textf)
                                          0007(0000487a:.textf)
                                          0007(00004894:.textf)
                                          0007(000049ff:.textf)
                                          0007(00004a70:.textf)
                                          0007(00004ac5:.textf)
                                          0007(00004b2c:.textf)
                                          0007(00004ba5:.textf)
                                          0007(00004bd6:.textf)
                                          0007(00004cb8:.textf)
                                          0007(00004ce6:.textf)
                                          0007(00004cfb:.textf)
                                          0007(00004d2d:.textf)
                                          0007(00004d7b:.textf)
                                          0007(00004e54:.textf)
                                          0007(00004ece:.textf)
                                          0007(00004ee9:.textf)
                                          0007(00004f11:.textf)
                                          0007(00004f5e:.textf)
                                          0007(00004fac:.textf)
                                          0007(000050b4:.textf)
                                          0024(00005cb2:.textf)
                                          0024(00005df0:.textf)
                                          0024(00005e8d:.textf)
                                          0024(00005ecb:.textf)
                                          0024(00005ef7:.textf)
                                          0024(00005f03:.textf)
                                          0024(00005f0f:.textf)
                                          0026(00006297:.textf)
                 _non_block_delay
                                 000063a5
                 _mTask
                                 000063a7
0028 memcpy
     SECTION=.RLIB
                 _memcpy
                                 000004aa 0024(00005d21:.textf)
                                          0024(00005d2e:.textf)
                                          0024(00005e1e:.textf)
                                          0024(00005e5e:.textf)
                                          0026(0000615f:.textf)
                                          0026(000061f8:.textf)
0029 _COM_faddsub
     SECTION=.RLIB
                 __COM_fsub
                                 00000517
                 __COM_fadd
                                 0000051f 0007(00004fd1:.textf)
                                          0007(0000508b:.textf)
0030 _COM_fdiv
     SECTION=.RLIB
                 __COM_fdiv
                                 00000655 0007(00005012:.textf)
                                          0007(0000502f:.textf)
                                          0007(000050f1:.textf)
                                          0007(0000510d:.textf)
0031 _COM_fge
     SECTION=.RLIB
                 __COM_fge
                                 00000724 0007(00003fad:.textf)
                                          0007(00004055:.textf)
                                          0007(000048f9:.textf)
0032 _COM_fgt
     SECTION=.RLIB
                 __COM_fgt
                                 0000073a 0007(00003e5b:.textf)
                                          0007(00004108:.textf)
                                          0007(00004237:.textf)
                                          0007(00004284:.textf)
                                          0007(00004afb:.textf)
0033 _COM_fle
     SECTION=.RLIB
                 __COM_fle
                                 00000750 0007(000041cb:.textf)
                                          0007(00004443:.textf)
0034 _COM_flt
     SECTION=.RLIB
                 __COM_flt
                                 00000766 0007(00003e45:.textf)
                                          0007(00003ebe:.textf)
                                          0007(00003f64:.textf)
                                          0007(0000400c:.textf)
                                          0007(000041f8:.textf)
                                          0007(000042cc:.textf)
                                          0007(00004ae5:.textf)
0035 _COM_fmul
     SECTION=.RLIB
                 __COM_fmul
                                 000007c7 0006(000038d2:.textf)
                                          0006(000038e0:.textf)
                                          0006(0000390b:.textf)
                                          0006(00003919:.textf)
                                          0007(00004ff6:.textf)
                                          0007(00005004:.textf)
                                          0007(000050d5:.textf)
                                          0007(000050e3:.textf)
0036 _COM_funordered
     SECTION=.RLIB
                 __COM_funordered
                                 00000869 0007(00003eab:.textf)
                                          0007(00003f51:.textf)
                                          0007(00003ff9:.textf)
                                          0007(000040f5:.textf)
                                          0007(000041e5:.textf)
                                          0007(00004224:.textf)
                                          0007(00004271:.textf)
                                          0007(000042b9:.textf)
                                          0007(000048e6:.textf)
0037 _COM_ultof
     SECTION=.RLIB
                 __COM_ultof
                                 00000874 0006(000038c6:.textf)
                                          0006(000038ff:.textf)
                                          0007(00005024:.textf)
                                          0007(00005102:.textf)
0038 _REL_fcmp
     SECTION=.RLIB
                 __REL_fcmp
                                 0000087a 0031(0000072e:.RLIB)
                                          0032(00000744:.RLIB)
                                          0033(0000075a:.RLIB)
                                          0034(00000770:.RLIB)
0039 _REL_fordered_core
     SECTION=.RLIB
                 __REL_fordered_core
                                 000008b2 0031(00000727:.RLIB)
                                          0032(0000073d:.RLIB)
                                          0033(00000753:.RLIB)
                                          0034(00000769:.RLIB)
                                          0036(0000086c:.RLIB)
0040 _REL_f_inf
     SECTION=.RLIB
                 __REL_f_inf
                                 000008ce 0029(000005ae:.RLIB)
                                          0030(0000063f:.RLIB)
                                          0030(000006df:.RLIB)
                                          0035(00000799:.RLIB)
                                          0035(0000083c:.RLIB)
0041 _REL_f_norm
     SECTION=.RLIB
                 __REL_f_norm
                                 000008d6 0030(00000620:.RLIB)
                                          0030(0000064b:.RLIB)
                                          0035(000007ba:.RLIB)
0042 _REL_f_round
     SECTION=.RLIB
                 __REL_f_round
                                 000008e6 0029(000005bb:.RLIB)
                                          0029(000005f3:.RLIB)
                                          0030(00000721:.RLIB)
                                          0035(00000849:.RLIB)
0043 _REL_ltof
     SECTION=.RLIB
                 __REL_ltof
                                 000008f9 0037(00000877:.RLIB)
0044 rlink_generates_01
     SECTION=.option_byte
0045 rlink_generates_02
     SECTION=.monitor1
     SECTION=.monitor2
0046 rlink_generates_03
     SECTION=.security_id
0047 rlink_generates_04
     SECTION=.vect
0048 rlink_generates_05
     SECTION=
                 __s.vect
                                 00000000
                 __s.constf
                                 00000080
                 __e.constf
                                 00000080
                 __s.sdata
                                 00000080
                 __e.sdata
                                 00000080
                 __e.vect
                                 00000080
                 __s.option_byte
                                 000000c0
                 __s.SLIB
                                 000000c4
                 __e.SLIB
                                 000000c4
                 __e.option_byte
                                 000000c4
                 __s.security_id
                                 000000c4
                 __s.monitor1
                                 000000ce
                 __e.security_id
                                 000000ce
                 __s.data
                                 000000d8
                 __e.monitor1
                                 000000d8
                 __s.text
                                 00000190
                 __e.data
                                 00000190
                 __e.text
                                 000004aa
                 __s.RLIB
                                 000004aa
                 __e.RLIB
                                 00000943
                 __s.const
                                 00003000
                 __s.textf
                                 00003510
                 __e.const
                                 00003510
                 __e.textf
                                 000063eb
                 __s.monitor2
                                 0007fe00
                 __e.monitor2
                                 00080000
                 __RAM_ADDR_START
                                 000f3f00
                 __s.bss
                                 000f4700
                 __e.bss
                                 000f4acf
                 __s.dataR
                                 000f4ad0
                 __e.dataR
                                 000f4b88
                 __STACK_ADDR_END
                                 000f4b88 0001(00000195:.text)
                 __s.sbss
                                 000ffe20
                 __e.sbss
                                 000ffe20
                 __s.sdataR
                                 000ffe20
                 __e.sdataR
                                 000ffe20
                 __STACK_ADDR_START
                                 000ffe20 0001(00000192:.text)
                 __RAM_ADDR_END
                                 000ffee0
