Renesas Optimizing Linker (W3.03.00 )             06-Apr-2022 08:39:14

*** Options ***

-subcommand=LinkerControlPCB_HWM.tmp
-MAKEUD=D:\Chieniwa\E2_Studio\ControlPCB_HWM\HardwareDebug/ControlPCB_HWM_l.ud
-device="D:/Chieniwa/E2_Studio/.eclipse/com.renesas.platform_1435879475/DebugComp/RL78/RL78/Common/DR5F104ML.DVF"
-list="ControlPCB_HWM.map"
-show=all
-nooptimize
-entry=_start
-auto_section_layout
-security_id=00000000000000000000
-debug_monitor=7FE00-7FFFF
-user_opt_byte=FFFFF8
-ocdbg=84
-ocdtr
-input=".\generate\cstart.obj"
-input=".\generate\stkinit.obj"
-input=".\src\EEPROM.obj"
-input=".\src\crc32.obj"
-input=".\src\crc8.obj"
-input=".\src/hwm\error_check.obj"
-input=".\src/hwm\hand_sensor_interface.obj"
-input=".\src/hwm\hwm_main.obj"
-input=".\src/hwm\io_control.obj"
-input=".\src/hwm\normal_operation.obj"
-input=".\src/hwm\operation.obj"
-input=".\src/hwm\raspberry_pi_interface.obj"
-input=".\src\interrupt_handle.obj"
-input=".\src\r_cg_adc.obj"
-input=".\src\r_cg_adc_user.obj"
-input=".\src\r_cg_cgc.obj"
-input=".\src\r_cg_cgc_user.obj"
-input=".\src\r_cg_dac.obj"
-input=".\src\r_cg_dac_user.obj"
-input=".\src\r_cg_port.obj"
-input=".\src\r_cg_port_user.obj"
-input=".\src\r_cg_rtc.obj"
-input=".\src\r_cg_rtc_user.obj"
-input=".\src\r_cg_serial.obj"
-input=".\src\r_cg_serial_user.obj"
-input=".\src\r_cg_timer.obj"
-input=".\src\r_cg_timer_user.obj"
-input=".\src\r_cg_wdt.obj"
-input=".\src\r_cg_wdt_user.obj"
-input=".\src\r_main.obj"
-input=".\src\r_systeminit.obj"
-input=".\src\usr_timer.obj"
-library="C:\Program Files (x86)\Renesas Electronics\CS+\CC\CC-RL\V1.10.00\lib\rl78em4s99.lib"
-library="C:\Program Files (x86)\Renesas Electronics\CS+\CC\CC-RL\V1.10.00\lib\rl78em4r.lib"
-library="C:\Program Files (x86)\Renesas Electronics\CS+\CC\CC-RL\V1.10.00\lib\malloc_n.lib"
-output="ControlPCB_HWM.abs"
-debug
-nocompress
-rom=.data=.dataR,.sdata=.sdataR
-nomessage
-nologo

*** Error information ***

*** Mapping List ***

SECTION                            START      END         SIZE   ALIGN
.vect
                                  00000000  0000007f        80   0
.constf
                                  00000080  00000080         0   2
.sdata
                                  00000080  00000080         0   2
.option_byte
                                  000000c0  000000c3         4   1
.security_id
                                  000000c4  000000cd         a   1
.SLIB
                                  000000c4  000000c4         0   1
.monitor1
                                  000000ce  000000d7         a   1
.data
                                  000000d8  0000018d        b6   2
.text
                                  0000018e  000004a7       31a   1
.RLIB
                                  000004a8  000009a2       4fb   1
.const
                                  00003000  0000350f       510   2
.textf
                                  00003510  00006a9b      358c   1
.monitor2
                                  0007fe00  0007ffff       200   1
.bss
                                  000f4700  000f4b16       417   2
.dataR
                                  000f4b18  000f4bcd        b6   2
.sbss
                                  000ffe20  000ffe20         0   2
.sdataR
                                  000ffe20  000ffe20         0   2

*** Total Section Size ***

RAMDATA SECTION:  000004cd Byte(s)
ROMDATA SECTION:  0000085e Byte(s)
PROGRAM SECTION:  00003da1 Byte(s)

*** Symbol List ***

SECTION=
FILE=                               START        END    SIZE
  SYMBOL                            ADDR        SIZE    INFO      COUNTS  OPT
    STRUCT                                      SIZE
      MEMBER                        ADDR        SIZE    INFO

SECTION=.vect
FILE=rlink_generates_04
                                  00000000  0000007f        80

SECTION=.option_byte
FILE=rlink_generates_01
                                  000000c0  000000c3         4

SECTION=.security_id
FILE=rlink_generates_03
                                  000000c4  000000cd         a

SECTION=.monitor1
FILE=rlink_generates_02
                                  000000ce  000000d7         a

SECTION=.data
FILE=.\src\hwm\hwm_main.obj
                                  000000d8  0000016d        96
FILE=.\src\hwm\io_control.obj
                                  0000016e  0000016e         1
FILE=.\src\hwm\raspberry_pi_interface.obj
                                  00000170  00000175         6
FILE=.\src\r_main.obj
                                  00000176  0000018d        18

SECTION=.text
FILE=.\generate\cstart.obj
                                  0000018e  000001e7        5a
  _start
                                  0000018e         0   entry,g         0
  _exit
                                  000001e6         0   none ,g         1
FILE=.\src\r_cg_adc_user.obj
                                  000001e8  00000201        1a
  _r_adc_interrupt@1
                                  000001e8        1a   func ,l         0
FILE=.\src\r_cg_serial_user.obj
                                  00000202  0000047f       27e
  _r_uart1_interrupt_receive@1
                                  00000202        5f   func ,l         0
  _r_uart1_interrupt_send@1
                                  00000261        31   func ,l         0
  _r_csi00_interrupt@1
                                  00000292        49   func ,l         0
  _r_csi01_interrupt@1
                                  000002db        85   func ,l         0
  _r_uart2_interrupt_receive@1
                                  00000360        5f   func ,l         0
  _r_uart2_interrupt_send@1
                                  000003bf        31   func ,l         0
  _r_uart3_interrupt_receive@1
                                  000003f0        5f   func ,l         0
  _r_uart3_interrupt_send@1
                                  0000044f        31   func ,l         0
FILE=.\src\r_cg_timer_user.obj
                                  00000480  000004a5        26
  _r_tau0_channel0_interrupt@1
                                  00000480        1c   func ,l         0
  _r_tau0_channel1_interrupt@1
                                  0000049c         5   func ,l         0
  _r_tau0_channel2_interrupt@1
                                  000004a1         5   func ,l         0
FILE=.\src\r_cg_wdt_user.obj
                                  000004a6  000004a7         2
  _r_wdt_interrupt@1
                                  000004a6         2   func ,l         0

SECTION=.RLIB
FILE=memcpy
                                  000004a8  000004b8        11
  _memcpy
                                  000004a8         0   none ,g         6
FILE=_COM_faddsub
                                  000004b9  000005f3       13b
  __COM_fsub
                                  00000515         0   none ,g         0
  __COM_fadd
                                  0000051d         0   none ,g         2
FILE=_COM_fdiv
                                  000005f4  00000721       12e
  __COM_fdiv
                                  00000653         0   none ,g         8
FILE=_COM_fge
                                  00000722  00000737        16
  __COM_fge
                                  00000722         0   none ,g         3
FILE=_COM_fgt
                                  00000738  0000074d        16
  __COM_fgt
                                  00000738         0   none ,g         6
FILE=_COM_fle
                                  0000074e  00000763        16
  __COM_fle
                                  0000074e         0   none ,g         3
FILE=_COM_flt
                                  00000764  00000779        16
  __COM_flt
                                  00000764         0   none ,g         8
FILE=_COM_fmul
                                  0000077a  00000866        ed
  __COM_fmul
                                  000007c5         0   none ,g         c
FILE=_COM_ftoul
                                  00000867  00000872         c
  __COM_ftoul
                                  00000867         0   none ,g         4
FILE=_COM_funordered
                                  00000873  0000087d         b
  __COM_funordered
                                  00000873         0   none ,g         c
FILE=_COM_ultof
                                  0000087e  00000883         6
  __COM_ultof
                                  0000087e         0   none ,g         4
FILE=_REL_fcmp
                                  00000884  000008bb        38
  __REL_fcmp
                                  00000884         0   none ,g         4
FILE=_REL_fordered_core
                                  000008bc  000008d7        1c
  __REL_fordered_core
                                  000008bc         0   none ,g         5
FILE=_REL_ftol
                                  000008d8  0000090c        35
  __REL_ftol
                                  000008d8         0   none ,g         1
FILE=_REL_f_inf
                                  0000090d  00000914         8
  __REL_f_inf
                                  0000090d         0   none ,g         5
FILE=_REL_f_norm
                                  00000915  00000924        10
  __REL_f_norm
                                  00000915         0   none ,g         3
FILE=_REL_f_round
                                  00000925  00000937        13
  __REL_f_round
                                  00000925         0   none ,g         4
FILE=_REL_ltof
                                  00000938  00000981        4a
  __REL_ltof
                                  00000938         0   none ,g         1
FILE=_COM_lshr
                                  00000982  000009a2        21
  __COM_lshr
                                  0000098c         0   none ,g         1

SECTION=.const
FILE=.\src\EEPROM.obj
                                  00003000  00003001         2
FILE=.\src\crc32.obj
                                  00003002  00003401       400
  _crc32_table
                                  00003002       400   data ,g         2
FILE=.\src\crc8.obj
                                  00003402  00003501       100
  _crc_table@1
                                  00003402       100   data ,l         2
FILE=.\src\hwm\raspberry_pi_interface.obj
                                  00003502  00003505         4
  _time_setting_p
                                  00003502         2   data ,g         0
  _number_setting_p
                                  00003504         2   data ,g         0
FILE=.\src\r_main.obj
                                  00003506  0000350f         a

SECTION=.textf
FILE=.\generate\stkinit.obj
                                  00003510  00003553        44
  _stkinit
                                  00003510         0   none ,g         1
  LSTINIT1
                                  0000351e         0   none ,l         1
  LSTINIT2
                                  00003548         0   none ,l         2
  LSTINIT3
                                  00003553         0   none ,l         2
FILE=.\src\EEPROM.obj
                                  00003554  000037b2       25f
  _EEPROM_Init
                                  00003554        2b   func ,g         1
  _rEE_Status
                                  0000357f        1b   func ,g         6
  _sEE_WriteEnable
                                  0000359a        12   func ,g         3
  _sEE_WriteDisable
                                  000035ac        12   func ,g         0
  _EE_SPI_Write
                                  000035be        df   func ,g         3
  _EE_SPI_Read
                                  0000369d        b7   func ,g         3
  _sEE_Block
                                  00003754        11   func ,g         0
  _sEE_SendInstruction
                                  00003765         3   func ,g         0
  _sEE_SendReceiveInstruction
                                  00003768         4   func ,g         0
  _EE_TransmitData
                                  0000376c        2c   func ,g         a
  _sEE_WriteStatusRegister
                                  00003798        1b   func ,g         2
FILE=.\src\crc32.obj
                                  000037b3  00003851        9f
  _xcrc32
                                  000037b3        4e   func ,g         0
  _CRC32
                                  00003801        51   func ,g         0
FILE=.\src\crc8.obj
                                  00003852  000038b1        60
  _crc8_4
                                  00003852        43   func ,g         1
  _crc8_1
                                  00003895        1d   func ,g         6
FILE=.\src\hwm\error_check.obj
                                  000038b2  00004003       752
  _Voltage1Check_waitReset
                                  000038b2        a6   func ,g         1
  _Voltage2Check_nostop
                                  00003958        a8   func ,g         1
  _Voltage3Check_waitReset
                                  00003a00        c7   func ,g         1
  _LowVoltageCheck_waitReset
                                  00003ac7        e7   func ,g         1
  _OverCurrentCheck_waitReset
                                  00003bae       1ae   func ,g         1
  _FlowSensorCheck_nonstop
                                  00003d5c        54   func ,g         1
  _solenoidCheck_nonstop
                                  00003db0        92   func ,g         0
  _saltWaterTankFullCheck_nonstop
                                  00003e42        6e   func ,g         0
  _saltWaterTankEmptyCheck
                                  00003eb0        2e   func ,g         0
  _acidSkipErrorCheck_nonstop
                                  00003ede        2c   func ,g         0
  _alkalineSkipErrorCheck
                                  00003f0a        2c   func ,g         0
  _waterFullErrorCheck
                                  00003f36        3f   func ,g         0
  _filterReplacementErrorCheck
                                  00003f75        3e   func ,g         1
  _levelSkipErrorCheck
                                  00003fb3        51   func ,g         2
FILE=.\src\hwm\hand_sensor_interface.obj
                                  00004004  00004051        4e
  _handSensorLED
                                  00004004        30   func ,g         f
  _handSensorLEDBlink
                                  00004034        1e   func ,g         2
FILE=.\src\hwm\hwm_main.obj
                                  00004052  00004c8d       c3c
  _setting_default
                                  00004052        a8   func ,g         0
  _sendRS485
                                  000040fa        3f   func ,g         3
  _sendR485_7byte
                                  00004139        57   func ,g         2
  _isThisCommand
                                  00004190        3e   func ,g         0
  _DrainageAcidAndAlkalineTankStart_nostop
                                  000041ce         2   func ,g         0
  _WaterSupplyStart_nostop
                                  000041d0        e8   func ,g         1
  _ElectrolyticOperation_nostop
                                  000042b8        e3   func ,g         3
  _acidWaterTankSkipCheck
                                  0000439b        3c   func ,g         0
  _alkalineWaterTankSkipCheck
                                  000043d7        40   func ,g         0
  _FilterReplacementCheck
                                  00004417         2   func ,g         0
  _main_init_20211111
                                  00004419        6e   func ,g         1
  _userAuthHandler_nostop
                                  00004487        46   func ,g         1
  _ElectrolyzeWaterGeneration_nostop
                                  000044cd        8f   func ,g         1
  _isSV1andSV2Off8h
                                  0000455c        4e   func ,g         1
  _CallanCleaningMode_nostop
                                  000045aa        6e   func ,g         1
  _DrainageMode_nostop
                                  00004618        e2   func ,g         1
  _NormalMode_nostop
                                  000046fa        53   func ,g         1
  _TestPowerOn_nostop_keepstate
                                  0000474d        d7   func ,g         1
  _FlowRateAdjustmentMode_nostop_keepstate
                                  00004824        7d   func ,g         1
  _CurrentAdjustmentMode_nostop_keepstate
                                  000048a1        4f   func ,g         1
  _ElectrolyteAdjustmentOperation
                                  000048f0        57   func ,g         1
  _TestOperation_nostop
                                  00004947        45   func ,g         0
  _NeutralizationTreatment
                                  0000498c        6c   func ,g         0
  _main_loop_20211111
                                  000049f8        1d   func ,g         1
  _realTimeResponse
                                  00004a15        52   func ,g         7
  _UpdateMachineStatus
                                  00004a67       126   func ,g         4
  _manufactureReset
                                  00004b8d       101   func ,g         1
FILE=.\src\hwm\io_control.obj
                                  00004c8e  00005087       3fa
  _isAcidTankFull
                                  00004c8e        49   func ,g         5
  _isAcidTankAlmostFull
                                  00004cd7        49   func ,g         0
  _isAcidTankHasSomething
                                  00004d20        48   func ,g         1
  _isAcidTankEmpty
                                  00004d68        48   func ,g         2
  _isAlkalineTankFull
                                  00004db0        49   func ,g         5
  _isAlkalineTankAlmostFull
                                  00004df9        49   func ,g         0
  _isAlkalineTankHasSomething_nonstop
                                  00004e42        48   func ,g         1
  _isAlkalineTankEmpty_nonstop
                                  00004e8a        48   func ,g         2
  _measureFlowSensor
                                  00004ed2        d2   func ,g         1
  _measureFlowSensor_nostop
                                  00004fa4        e4   func ,g         3
FILE=.\src\hwm\normal_operation.obj
                                  00005088  000054fb       474
  _WaterWashingMode_nostop
                                  00005088        6f   func ,g         1
  _HandWashingMode_nostop
                                  000050f7       1ea   func ,g         1
  _AcidWaterMode_nostop
                                  000052e1       10c   func ,g         1
  _AlkalineWaterMode_nostop
                                  000053ed       10f   func ,g         1
FILE=.\src\hwm\operation.obj
                                  000054fc  000055ce        d3
  _electrolyticOperationON
                                  000054fc        2a   func ,g         4
  _isElectrolyticOperationOFF_nostop
                                  00005526        a5   func ,g         1
  _TestModeOperation
                                  000055cb         4   func ,g         0
FILE=.\src\hwm\raspberry_pi_interface.obj
                                  000055cf  00005a6b       49d
  _IO_Output
                                  000055cf        7b   func ,g         2
  _RaspberryCommunication_nostop
                                  0000564a       281   func ,g         1
  _sendToRasPi_f
                                  000058cb        28   func ,g        1f
  _sendToRasPi_u32
                                  000058f3        28   func ,g         6
  _waitAlarmConfirm_stop
                                  0000591b        3c   func ,g         5
  _waitAlarmConfirm_nonstop
                                  00005957         c   func ,g         0
  _resetAlarm
                                  00005963         4   func ,g         5
  _ResponseHandler
                                  00005967        32   func ,g         1
  _ResponseWashingMode
                                  00005999        16   func ,g         1
  _MonitoringStatus
                                  000059af        28   func ,g         1
  _TestIndividual
                                  000059d7        1e   func ,g         1
  _TestControl
                                  000059f5        77   func ,g         1
FILE=.\src\interrupt_handle.obj
                                  00005a6c  00005cda       26f
  _adc_int_handle
                                  00005a6c        7c   func ,g         1
  _Raspberry_uart2_handle
                                  00005ae8       1cf   func ,g         1
  _isCommandNeedResponse
                                  00005cb7        24   func ,g         1
FILE=.\src\r_cg_adc.obj
                                  00005cdb  00005d3c        62
  _R_ADC_Create
                                  00005cdb        33   func ,g         2
  _R_ADC_Start
                                  00005d0e         a   func ,g         2
  _R_ADC_Stop
                                  00005d18         a   func ,g         0
  _R_ADC_Set_OperationOn
                                  00005d22         4   func ,g         1
  _R_ADC_Set_OperationOff
                                  00005d26         4   func ,g         0
  _R_ADC_Get_Result
                                  00005d2a         7   func ,g         2
  _R_ADC_Set_ADChannel
                                  00005d31         c   func ,g         0
FILE=.\src\r_cg_cgc.obj
                                  00005d3d  00005d52        16
  _R_CGC_Create
                                  00005d3d        16   func ,g         1
FILE=.\src\r_cg_cgc_user.obj
                                  00005d53  00005d55         3
  _R_CGC_Get_ResetSource
                                  00005d53         3   func ,g         1
FILE=.\src\r_cg_dac.obj
                                  00005d56  00005d88        33
  _R_DAC_Create
                                  00005d56        1d   func ,g         2
  _R_DAC0_Start
                                  00005d73         4   func ,g         1
  _R_DAC0_Stop
                                  00005d77         4   func ,g         0
  _R_DAC0_Set_ConversionValue
                                  00005d7b         3   func ,g         2
  _R_DAC1_Start
                                  00005d7e         4   func ,g         1
  _R_DAC1_Stop
                                  00005d82         4   func ,g         0
  _R_DAC1_Set_ConversionValue
                                  00005d86         3   func ,g         2
FILE=.\src\r_cg_port.obj
                                  00005d89  00005dd0        48
  _R_PORT_Create
                                  00005d89        48   func ,g         1
FILE=.\src\r_cg_port_user.obj
                                  00005dd1  00005dd1         1
  _R_PORT_Create_UserInit
                                  00005dd1         1   func ,g         1
FILE=.\src\r_cg_rtc.obj
                                  00005dd2  00005f0f       13e
  _R_RTC_Create
                                  00005dd2        27   func ,g         2
  _R_RTC_Start
                                  00005df9         4   func ,g         0
  _R_RTC_Stop
                                  00005dfd         4   func ,g         0
  _R_RTC_Get_CounterValue
                                  00005e01        51   func ,g         0
  _R_RTC_Set_CounterValue
                                  00005e52        be   func ,g         0
FILE=.\src\r_cg_serial.obj
                                  00005f10  00006402       4f3
  _R_CSI01_Receive
                                  00005f10        1a   func ,g         0
  _R_CSI01_Send
                                  00005f2a        26   func ,g         0
  _R_SAU0_Create
                                  00005f50        17   func ,g         2
  _R_UART1_Create
                                  00005f67        7e   func ,g         2
  _R_UART1_Start
                                  00005fe5        26   func ,g         1
  _R_UART1_Stop
                                  0000600b        1e   func ,g         0
  _R_UART1_Receive
                                  00006029        18   func ,g         0
  _R_UART1_Send
                                  00006041        29   func ,g         0
  _R_CSI00_Create
                                  0000606a        53   func ,g         2
  _R_CSI00_Start
                                  000060bd        26   func ,g         1
  _R_CSI00_Stop
                                  000060e3        18   func ,g         0
  _R_CSI00_Send
                                  000060fb        28   func ,g         0
  _R_CSI01_Create
                                  00006123        5a   func ,g         3
  _R_CSI01_Start
                                  0000617d        26   func ,g         1
  _R_CSI01_Stop
                                  000061a3        18   func ,g         1
  _R_CSI01_Send_Receive
                                  000061bb        36   func ,g         1
  _R_SAU1_Create
                                  000061f1        14   func ,g         2
  _R_UART2_Create
                                  00006205        7e   func ,g         2
  _R_UART2_Start
                                  00006283        26   func ,g         2
  _R_UART2_Stop
                                  000062a9        1e   func ,g         1
  _R_UART2_Receive
                                  000062c7        18   func ,g         5
  _R_UART2_Send
                                  000062df        29   func ,g         6
  _R_UART3_Create
                                  00006308        76   func ,g         2
  _R_UART3_Start
                                  0000637e        26   func ,g         2
  _R_UART3_Stop
                                  000063a4        1e   func ,g         1
  _R_UART3_Receive
                                  000063c2        18   func ,g         3
  _R_UART3_Send
                                  000063da        29   func ,g         2
FILE=.\src\r_cg_serial_user.obj
                                  00006403  0000646f        6d
  _r_uart1_callback_receiveend@1
                                  00006403         1   func ,l         1
  _r_uart1_callback_softwareoverrun@1
                                  00006404         1   func ,l         1
  _r_uart1_callback_sendend@1
                                  00006405         1   func ,l         1
  _r_uart1_callback_error@1
                                  00006406         1   func ,l         1
  _r_csi00_callback_sendend@1
                                  00006407         1   func ,l         1
  _r_csi01_callback_receiveend@1
                                  00006408         7   func ,l         1
  _r_csi01_callback_error@1
                                  0000640f         1   func ,l         1
  _r_csi01_callback_sendend@1
                                  00006410         4   func ,l         1
  _r_uart2_callback_receiveend@1
                                  00006414         4   func ,l         1
  _r_uart2_callback_softwareoverrun@1
                                  00006418         1   func ,l         1
  _r_uart2_callback_sendend@1
                                  00006419         4   func ,l         1
  _r_uart2_callback_error@1
                                  0000641d         1   func ,l         1
  _r_uart3_callback_receiveend@1
                                  0000641e        49   func ,l         1
  _r_uart3_callback_softwareoverrun@1
                                  00006467         1   func ,l         1
  _r_uart3_callback_sendend@1
                                  00006468         7   func ,l         1
  _r_uart3_callback_error@1
                                  0000646f         1   func ,l         1
FILE=.\src\r_cg_timer.obj
                                  00006470  0000657c       10d
  _R_TAU0_Create
                                  00006470        ad   func ,g         2
  _R_TAU0_Channel0_Start
                                  0000651d        10   func ,g         1
  _R_TAU0_Channel0_Stop
                                  0000652d        10   func ,g         0
  _R_TAU0_Channel1_Start
                                  0000653d        10   func ,g         0
  _R_TAU0_Channel1_Stop
                                  0000654d        10   func ,g         0
  _R_TAU0_Channel2_Start
                                  0000655d        10   func ,g         0
  _R_TAU0_Channel2_Stop
                                  0000656d        10   func ,g         0
FILE=.\src\r_cg_wdt.obj
                                  0000657d  00006591        15
  _R_WDT_Create
                                  0000657d        11   func ,g         1
  _R_WDT_Restart
                                  0000658e         4   func ,g         8
FILE=.\src\r_main.obj
                                  00006592  00006934       3a3
  _nostop_checkHandSensor
                                  00006592        31   func ,g         0
  _readHS
                                  000065c3        15   func ,g         0
  _main
                                  000065d8       306   func ,g         1
  _R_MAIN_UserInit
                                  000068de        57   func ,g         1
FILE=.\src\r_systeminit.obj
                                  00006935  0000696b        37
  _R_Systeminit
                                  00006935        32   func ,g         1
  _hdwinit
                                  00006967         5   func ,g         1
FILE=.\src\usr_timer.obj
                                  0000696c  00006a9b       130
  _delay_ms
                                  0000696c        68   func ,g         3
  _delay
                                  000069d4        18   func ,g         0
  _ns_delay_ms
                                  000069ec        6c   func ,g        42
  _mTask
                                  00006a58        44   func ,g         0

SECTION=.monitor2
FILE=rlink_generates_02
                                  0007fe00  0007ffff       200

SECTION=.bss
FILE=.\src\EEPROM.obj
                                  000f4700  000f4726        27
  _eeprom_status
                                  000f4700         1   data ,g         c
    union  EEPROM_status_u {
                                                   1
      _eeprom_status.refined
                                  000f4700         1
    struct  {
                                                   1
      _eeprom_status.refined.RB
                                  000f4700         1   unsigned char:1(7)
      _eeprom_status.refined.WEN
                                  000f4700         1   unsigned char:1(6)
      _eeprom_status.refined.BP
                                  000f4700         1   unsigned char:2(4)
      _eeprom_status.refined.RSVD
                                  000f4700         1   unsigned char:3(1)
      _eeprom_status.refined.WPEN
                                  000f4700         1   unsigned char:1(0)
    }
      _eeprom_status.raw
                                  000f4700         1   unsigned char
    }
  _spi_flag
                                  000f4702         2   data ,g         3
  _buf
                                  000f4704        23   data ,g        12
FILE=.\src\hwm\error_check.obj
                                  000f4728  000f4733         c
  _g_TimeKeeper@1
                                  000f4728         a   data ,l         5
    struct Tick_Keeper_s {
                                                   a
      _g_TimeKeeper@1.electrolyteOff_h
                                  000f4728         1   unsigned char
      _g_TimeKeeper@1.SV1SV2OnTime_s
                                  000f472a         2   unsigned short
      _g_TimeKeeper@1.SV1SV2OnTime_h
                                  000f472c         2   unsigned short
      _g_TimeKeeper@1.neutralization
                                  000f472e         4   unsigned long
    }
  _g_alarm
                                  000f4732         2   data ,g        1b
    union  Alarm_Flag_u {
                                                   2
      _g_alarm.refined
                                  000f4732         2
    struct  {
                                                   2
      _g_alarm.refined.over_voltage_1
                                  000f4732         1   unsigned char:1(7)
      _g_alarm.refined.over_voltage_2
                                  000f4732         1   unsigned char:1(6)
      _g_alarm.refined.over_voltage_3
                                  000f4732         1   unsigned char:1(5)
      _g_alarm.refined.underVoltage
                                  000f4732         1   unsigned char:1(4)
      _g_alarm.refined.abnormal_flow
                                  000f4732         1   unsigned char:1(3)
      _g_alarm.refined.abnormal_current
                                  000f4732         1   unsigned char:1(2)
      _g_alarm.refined.over_curent
                                  000f4732         1   unsigned char:1(1)
      _g_alarm.refined.solenoid
                                  000f4732         1   unsigned char:1(0)
      _g_alarm.refined.salt_full
                                  000f4733         1   unsigned char:1(7)
      _g_alarm.refined.salt_empty
                                  000f4733         1   unsigned char:1(6)
      _g_alarm.refined.acid_skip
                                  000f4733         1   unsigned char:1(5)
      _g_alarm.refined.alkaline_skip
                                  000f4733         1   unsigned char:1(4)
      _g_alarm.refined.water_full
                                  000f4733         1   unsigned char:1(3)
      _g_alarm.refined.filter
                                  000f4733         1   unsigned char:1(2)
      _g_alarm.refined.cvcc
                                  000f4733         1   unsigned char:1(1)
    }
    }
FILE=.\src\hwm\hwm_main.obj
                                  000f4734  000f493c       209
  _g_TimeKeeper@1
                                  000f4734         a   data ,l         5
    struct Tick_Keeper_s {
                                                   a
      _g_TimeKeeper@1.electrolyteOff_h
                                  000f4734         1   unsigned char
      _g_TimeKeeper@1.SV1SV2OnTime_s
                                  000f4736         2   unsigned short
      _g_TimeKeeper@1.SV1SV2OnTime_h
                                  000f4738         2   unsigned short
      _g_TimeKeeper@1.neutralization
                                  000f473a         4   unsigned long
    }
  _g_numberSetting
                                  000f473e        2a   data ,g        45
    struct Number_Setting_s {
                                                  2a
      _g_numberSetting.upperVoltage1
                                  000f473e         4   float
      _g_numberSetting.upperVoltage2
                                  000f4742         4   float
      _g_numberSetting.upperVoltage3
                                  000f4746         4   float
      _g_numberSetting.lowerVoltage
                                  000f474a         4   float
      _g_numberSetting.upperCurrent
                                  000f474e         4   float
      _g_numberSetting.lowerCurrent
                                  000f4752         4   float
      _g_numberSetting.upperFlow
                                  000f4756         4   float
      _g_numberSetting.lowerFlow
                                  000f475a         4   float
      _g_numberSetting.cvccCurrent
                                  000f475e         4   float
      _g_numberSetting.saltPumpVoltage
                                  000f4762         4   float
      _g_numberSetting.crc
                                  000f4766         1   char
    }
  _g_neutralization_time_s
                                  000f4768         4   data ,g         8
  _g_color
                                  000f476c         1   data ,g         b
  _g_pre_color
                                  000f476d         1   data ,g         3
  _g_flow_value
                                  000f476e         4   data ,g         0
  _g_machine_state
                                  000f4772         f   data ,g        79
    struct Machine_State_u {
                                                   f
      _g_machine_state.akaline
                                  000f4772         1   unsigned char
      _g_machine_state.acid
                                  000f4773         1   unsigned char
      _g_machine_state.water
                                  000f4774         1   unsigned char
      _g_machine_state.handwash
                                  000f4775         1   unsigned char
      _g_machine_state.waterSupply
                                  000f4776         1   unsigned char
      _g_machine_state.flowSensor
                                  000f4777         1   unsigned char
      _g_machine_state.callan
                                  000f4778         1   unsigned char
      _g_machine_state.electrolyteOperation
                                  000f4779         1   unsigned char
      _g_machine_state.electrolyteOFF
                                  000f477a         1   unsigned char
      _g_machine_state.drainage
                                  000f477b         1   unsigned char
      _g_machine_state.isMidNight
                                  000f477c         1   unsigned char
      _g_machine_state.test
                                  000f477d         1   unsigned char
      _g_machine_state.neutrlization
                                  000f477e         1   unsigned char
      _g_machine_state.user
                                  000f477f         1   unsigned char
      _g_machine_state.mode
                                  000f4780         1   unsigned char
    }
  _g_io_status
                                  000f4782        12   data ,g        35
    union  IO_Status_u {
                                                  12
      _g_io_status.refined
                                  000f4782        12
    struct  {
                                                  12
      _g_io_status.refined.io
                                  000f4782         5
    struct IO_Struct {
                                                   5
      _g_io_status.refined.io.AlkalineEmptyLevel
                                  000f4782         1   unsigned char:1(7)
      _g_io_status.refined.io.AlkalineLowLevel
                                  000f4782         1   unsigned char:1(6)
      _g_io_status.refined.io.AlkalineHighLevel
                                  000f4782         1   unsigned char:1(5)
      _g_io_status.refined.io.AcidEmptyLevel
                                  000f4782         1   unsigned char:1(4)
      _g_io_status.refined.io.AcidLowLevel
                                  000f4782         1   unsigned char:1(3)
      _g_io_status.refined.io.AcidHighLevel
                                  000f4782         1   unsigned char:1(2)
      _g_io_status.refined.io.SaltLowLevel
                                  000f4782         1   unsigned char:1(1)
      _g_io_status.refined.io.SaltHighLevel
                                  000f4782         1   unsigned char:1(0)
      _g_io_status.refined.io.Valve
                                  000f4783         2
    struct  {
                                                   2
      _g_io_status.refined.io.Valve.SV1
                                  000f4783         1   unsigned char:1(7)
      _g_io_status.refined.io.Valve.SV2
                                  000f4783         1   unsigned char:1(6)
      _g_io_status.refined.io.Valve.SV3
                                  000f4783         1   unsigned char:1(5)
      _g_io_status.refined.io.Valve.SV4
                                  000f4783         1   unsigned char:1(4)
      _g_io_status.refined.io.Valve.SV5
                                  000f4783         1   unsigned char:1(3)
      _g_io_status.refined.io.Valve.SV6
                                  000f4783         1   unsigned char:1(2)
      _g_io_status.refined.io.Valve.SV7
                                  000f4783         1   unsigned char:1(1)
      _g_io_status.refined.io.Valve.SV8
                                  000f4783         1   unsigned char:1(0)
      _g_io_status.refined.io.Valve.SV9
                                  000f4784         1   unsigned char:1(7)
      _g_io_status.refined.io.Valve.RSVD
                                  000f4784         1   unsigned char:7(0)
    }
      _g_io_status.refined.io.Pump1
                                  000f4785         1   unsigned char:1(7)
      _g_io_status.refined.io.Pump2
                                  000f4785         1   unsigned char:1(6)
      _g_io_status.refined.io.SaltPump
                                  000f4785         1   unsigned char:1(5)
      _g_io_status.refined.io.CVCC_ON
                                  000f4785         1   unsigned char:1(4)
      _g_io_status.refined.io.RSVD1
                                  000f4785         1   unsigned char:4(0)
      _g_io_status.refined.io.MachineMode_RSVD
                                  000f4786         1   unsigned char
    }
      _g_io_status.refined.FlowValue
                                  000f4788         4   float
      _g_io_status.refined.CVCCVoltage
                                  000f478c         4   float
      _g_io_status.refined.CVCCCurrent
                                  000f4790         4   float
    }
    }
  _g_mean_io_status
                                  000f4794        12   data ,g        17
    union  IO_Status_u {
                                                  12
      _g_mean_io_status.refined
                                  000f4794        12
    struct  {
                                                  12
      _g_mean_io_status.refined.io
                                  000f4794         5
    struct IO_Struct {
                                                   5
      _g_mean_io_status.refined.io.AlkalineEmptyLevel
                                  000f4794         1   unsigned char:1(7)
      _g_mean_io_status.refined.io.AlkalineLowLevel
                                  000f4794         1   unsigned char:1(6)
      _g_mean_io_status.refined.io.AlkalineHighLevel
                                  000f4794         1   unsigned char:1(5)
      _g_mean_io_status.refined.io.AcidEmptyLevel
                                  000f4794         1   unsigned char:1(4)
      _g_mean_io_status.refined.io.AcidLowLevel
                                  000f4794         1   unsigned char:1(3)
      _g_mean_io_status.refined.io.AcidHighLevel
                                  000f4794         1   unsigned char:1(2)
      _g_mean_io_status.refined.io.SaltLowLevel
                                  000f4794         1   unsigned char:1(1)
      _g_mean_io_status.refined.io.SaltHighLevel
                                  000f4794         1   unsigned char:1(0)
      _g_mean_io_status.refined.io.Valve
                                  000f4795         2
    struct  {
                                                   2
      _g_mean_io_status.refined.io.Valve.SV1
                                  000f4795         1   unsigned char:1(7)
      _g_mean_io_status.refined.io.Valve.SV2
                                  000f4795         1   unsigned char:1(6)
      _g_mean_io_status.refined.io.Valve.SV3
                                  000f4795         1   unsigned char:1(5)
      _g_mean_io_status.refined.io.Valve.SV4
                                  000f4795         1   unsigned char:1(4)
      _g_mean_io_status.refined.io.Valve.SV5
                                  000f4795         1   unsigned char:1(3)
      _g_mean_io_status.refined.io.Valve.SV6
                                  000f4795         1   unsigned char:1(2)
      _g_mean_io_status.refined.io.Valve.SV7
                                  000f4795         1   unsigned char:1(1)
      _g_mean_io_status.refined.io.Valve.SV8
                                  000f4795         1   unsigned char:1(0)
      _g_mean_io_status.refined.io.Valve.SV9
                                  000f4796         1   unsigned char:1(7)
      _g_mean_io_status.refined.io.Valve.RSVD
                                  000f4796         1   unsigned char:7(0)
    }
      _g_mean_io_status.refined.io.Pump1
                                  000f4797         1   unsigned char:1(7)
      _g_mean_io_status.refined.io.Pump2
                                  000f4797         1   unsigned char:1(6)
      _g_mean_io_status.refined.io.SaltPump
                                  000f4797         1   unsigned char:1(5)
      _g_mean_io_status.refined.io.CVCC_ON
                                  000f4797         1   unsigned char:1(4)
      _g_mean_io_status.refined.io.RSVD1
                                  000f4797         1   unsigned char:4(0)
      _g_mean_io_status.refined.io.MachineMode_RSVD
                                  000f4798         1   unsigned char
    }
      _g_mean_io_status.refined.FlowValue
                                  000f479a         4   float
      _g_mean_io_status.refined.CVCCVoltage
                                  000f479e         4   float
      _g_mean_io_status.refined.CVCCCurrent
                                  000f47a2         4   float
    }
    }
  _g_res_io_status
                                  000f47a6        12   data ,g         0
    union  IO_Status_u {
                                                  12
      _g_res_io_status.refined
                                  000f47a6        12
    struct  {
                                                  12
      _g_res_io_status.refined.io
                                  000f47a6         5
    struct IO_Struct {
                                                   5
      _g_res_io_status.refined.io.AlkalineEmptyLevel
                                  000f47a6         1   unsigned char:1(7)
      _g_res_io_status.refined.io.AlkalineLowLevel
                                  000f47a6         1   unsigned char:1(6)
      _g_res_io_status.refined.io.AlkalineHighLevel
                                  000f47a6         1   unsigned char:1(5)
      _g_res_io_status.refined.io.AcidEmptyLevel
                                  000f47a6         1   unsigned char:1(4)
      _g_res_io_status.refined.io.AcidLowLevel
                                  000f47a6         1   unsigned char:1(3)
      _g_res_io_status.refined.io.AcidHighLevel
                                  000f47a6         1   unsigned char:1(2)
      _g_res_io_status.refined.io.SaltLowLevel
                                  000f47a6         1   unsigned char:1(1)
      _g_res_io_status.refined.io.SaltHighLevel
                                  000f47a6         1   unsigned char:1(0)
      _g_res_io_status.refined.io.Valve
                                  000f47a7         2
    struct  {
                                                   2
      _g_res_io_status.refined.io.Valve.SV1
                                  000f47a7         1   unsigned char:1(7)
      _g_res_io_status.refined.io.Valve.SV2
                                  000f47a7         1   unsigned char:1(6)
      _g_res_io_status.refined.io.Valve.SV3
                                  000f47a7         1   unsigned char:1(5)
      _g_res_io_status.refined.io.Valve.SV4
                                  000f47a7         1   unsigned char:1(4)
      _g_res_io_status.refined.io.Valve.SV5
                                  000f47a7         1   unsigned char:1(3)
      _g_res_io_status.refined.io.Valve.SV6
                                  000f47a7         1   unsigned char:1(2)
      _g_res_io_status.refined.io.Valve.SV7
                                  000f47a7         1   unsigned char:1(1)
      _g_res_io_status.refined.io.Valve.SV8
                                  000f47a7         1   unsigned char:1(0)
      _g_res_io_status.refined.io.Valve.SV9
                                  000f47a8         1   unsigned char:1(7)
      _g_res_io_status.refined.io.Valve.RSVD
                                  000f47a8         1   unsigned char:7(0)
    }
      _g_res_io_status.refined.io.Pump1
                                  000f47a9         1   unsigned char:1(7)
      _g_res_io_status.refined.io.Pump2
                                  000f47a9         1   unsigned char:1(6)
      _g_res_io_status.refined.io.SaltPump
                                  000f47a9         1   unsigned char:1(5)
      _g_res_io_status.refined.io.CVCC_ON
                                  000f47a9         1   unsigned char:1(4)
      _g_res_io_status.refined.io.RSVD1
                                  000f47a9         1   unsigned char:4(0)
      _g_res_io_status.refined.io.MachineMode_RSVD
                                  000f47aa         1   unsigned char
    }
      _g_res_io_status.refined.FlowValue
                                  000f47ac         4   float
      _g_res_io_status.refined.CVCCVoltage
                                  000f47b0         4   float
      _g_res_io_status.refined.CVCCCurrent
                                  000f47b4         4   float
    }
    }
  __settingTime
                                  000f47b8        96   data ,g         8
    struct Timer_Setting_s {
                                                  96
      __settingTime.t1_initialWaterDrainageOperation_s
                                  000f47b8         4   unsigned long
      __settingTime.t2_flowSensorStartTime_s
                                  000f47bc         4   unsigned long
      __settingTime.t3_flowSensorMonitorTime_s
                                  000f47c0         4   unsigned long
      __settingTime.t4_electrolysisOperationStart_s
                                  000f47c4         4   unsigned long
      __settingTime.t5_electrolysisStopDelay_s
                                  000f47c8         4   unsigned long
      __settingTime.t6_drainageOffTime_h
                                  000f47cc         4   unsigned long
      __settingTime.t7_powerOnPreparation_s
                                  000f47d0         4   unsigned long
      __settingTime.t8_flowRateAdjustmentRelease_s
                                  000f47d4         4   unsigned long
      __settingTime.t9_currentAdjustmentRelease_s
                                  000f47d8         4   unsigned long
      __settingTime.t10_electrolysisCurrentAlarmSpecified_s
                                  000f47dc         4   unsigned long
      __settingTime.t11_overVoltage1Time_s
                                  000f47e0         4   unsigned long
      __settingTime.t12_overVoltage2Time_s
                                  000f47e4         4   unsigned long
      __settingTime.t13_overVoltage3Time_s
                                  000f47e8         4   unsigned long
      __settingTime.t14_lowVoltageStartTime_s
                                  000f47ec         4   unsigned long
      __settingTime.t15_lowVoltageDelayTime_s
                                  000f47f0         4   unsigned long
      __settingTime.t16_currentMonitoringStart_s
                                  000f47f4         4   unsigned long
      __settingTime.t17_solenoidLeakageStartTime_s
                                  000f47f8         4   unsigned long
      __settingTime.t18_fullSaltWaterMonitoringStart_h
                                  000f47fc         4   unsigned long
      __settingTime.t19_waterFilterAlarm_h
                                  000f4800         4   unsigned long
      __settingTime.t20_waterFilterAlarmIgnore_h
                                  000f4804         4   unsigned long
      __settingTime.t26_onDelayEmptyLevel_s
                                  000f4808         4   unsigned long
      __settingTime.t27_onDelayLowLevel_s
                                  000f480c         4   unsigned long
      __settingTime.t28_onDelayHighLevel_s
                                  000f4810         4   unsigned long
      __settingTime.t30_offDelayEmptyLevel_s
                                  000f4814         4   unsigned long
      __settingTime.t31_saltLowLevelDelay_s
                                  000f4818         4   unsigned long
      __settingTime.t32_saltHighLevelDelay_s
                                  000f481c         4   unsigned long
      __settingTime.t51_alkalineWaterSpoutingTime_s
                                  000f4820         4   unsigned long
      __settingTime.t52_acidWaterSpoutingTime_s
                                  000f4824         4   unsigned long
      __settingTime.t53_washingWaterSpoutingTime_s
                                  000f4828         4   unsigned long
      __settingTime.t54_overLapTime_ms
                                  000f482c         4   unsigned long
      __settingTime.t60_waterDischargeDelay_s
                                  000f4830         4   unsigned long
      __settingTime.t56_acidWaterDownTime_s
                                  000f4834         4   unsigned long
      __settingTime.t57_alkalineWaterDownTime_s
                                  000f4838         4   unsigned long
      __settingTime.t61_curranCleaningIntervalTime_h
                                  000f483c         4   unsigned long
      __settingTime.t62_callanWashSpoutingTime_s
                                  000f4840         4   unsigned long
      __settingTime.t33_t63_neutralizationStartTime_h
                                  000f4844         4   unsigned long
      __settingTime.t34_t64_neutralizationOpenTime_s
                                  000f4848         4   unsigned long
      __settingTime.crc
                                  000f484c         1   char
    }
  __settingNumber
                                  000f484e        2a   data ,g         8
    struct Number_Setting_s {
                                                  2a
      __settingNumber.upperVoltage1
                                  000f484e         4   float
      __settingNumber.upperVoltage2
                                  000f4852         4   float
      __settingNumber.upperVoltage3
                                  000f4856         4   float
      __settingNumber.lowerVoltage
                                  000f485a         4   float
      __settingNumber.upperCurrent
                                  000f485e         4   float
      __settingNumber.lowerCurrent
                                  000f4862         4   float
      __settingNumber.upperFlow
                                  000f4866         4   float
      __settingNumber.lowerFlow
                                  000f486a         4   float
      __settingNumber.cvccCurrent
                                  000f486e         4   float
      __settingNumber.saltPumpVoltage
                                  000f4872         4   float
      __settingNumber.crc
                                  000f4876         1   char
    }
  _g_machine_mode
                                  000f4878         1   data ,g         4
  _g_machine_test_mode
                                  000f4879         1   data ,g         0
  _btod
                                  000f487a         4   data ,g         6
    union  BytesToDouble {
                                                   4
      _btod.refined
                                  000f487a         4
    struct  {
                                                   4
      _btod.refined.data
                                  000f487a         4   unsigned char
    }
      _btod.raw
                                  000f487a         4   unsigned long
    }
  _g_Tick
                                  000f487e        b8   data ,g        98
    struct Tick_s {
                                                  b8
      _g_Tick.tick500ms
                                  000f487e         4   unsigned long
      _g_Tick.tick1s
                                  000f4882         4   unsigned long
      _g_Tick.tick5s
                                  000f4886         4   unsigned long
      _g_Tick.tickBlink
                                  000f488a         4   unsigned long
      _g_Tick.tickAlkaline
                                  000f488e         4   unsigned long
      _g_Tick.tickAcid
                                  000f4892         4   unsigned long
      _g_Tick.tickWater
                                  000f4896         4   unsigned long
      _g_Tick.tickHandWash
                                  000f489a         4   unsigned long
      _g_Tick.tickWaterSupply
                                  000f489e         4   unsigned long
      _g_Tick.tickFlowMeasurment
                                  000f48a2         4   unsigned long
      _g_Tick.tickDebouceHandSensor
                                  000f48a6         4   unsigned long
      _g_Tick.tickVoltage1Check
                                  000f48aa         4   unsigned long
      _g_Tick.tickVoltage2Check
                                  000f48ae         4   unsigned long
      _g_Tick.tickVoltage3Check
                                  000f48b2         4   unsigned long
      _g_Tick.tickVoltageLowCheck
                                  000f48b6         4   unsigned long
      _g_Tick.tickCurrentCheck
                                  000f48ba         4   unsigned long
      _g_Tick.tickSolenoidCheck
                                  000f48be         4   unsigned long
      _g_Tick.tickSaltFullCheck
                                  000f48c2         4   unsigned long
      _g_Tick.tickSV1SV2
                                  000f48c6         4   unsigned long
      _g_Tick.tickElectrolyticOff
                                  000f48ca         4   unsigned long
      _g_Tick.tickWaterSoftenerPCB
                                  000f48ce         4   unsigned long
      _g_Tick.tickValvePCB
                                  000f48d2         4   unsigned long
      _g_Tick.tickRS485
                                  000f48d6         4   unsigned long
      _g_Tick.tickAnimation
                                  000f48da         4   unsigned long
      _g_Tick.tickCallan
                                  000f48de         4   unsigned long
      _g_Tick.tickDrainage
                                  000f48e2         4   unsigned long
      _g_Tick.tickTestOperation
                                  000f48e6         4   unsigned long
      _g_Tick.tickWaterFull
                                  000f48ea         4   unsigned long
      _g_Tick.tickAcidLevel
                                  000f48ee        10   unsigned long
      _g_Tick.tickAlkalineLevel
                                  000f48fe        10   unsigned long
      _g_Tick.tickHandSensor
                                  000f490e         8   unsigned long
      _g_Tick.tickCustom
                                  000f4916        20   unsigned long
    }
  _water_solfner_buf
                                  000f4936         7   data ,g         5
    struct UART3_Buffer_s {
                                                   7
      _water_solfner_buf.busy
                                  000f4936         1   unsigned char
      _water_solfner_buf.head
                                  000f4937         1   unsigned char
      _water_solfner_buf.set_number
                                  000f4938         1   unsigned char
      _water_solfner_buf.set_value
                                  000f4939         4   unsigned char
    }
FILE=.\src\hwm\io_control.obj
                                  000f493e  000f4941         4
  __flow_pulse
                                  000f493e         4   data ,g         8
FILE=.\src\hwm\normal_operation.obj
                                  000f4942  000f4942         1
  _g_animation_queue
                                  000f4942         1   data ,g         2
FILE=.\src\hwm\operation.obj
                                  000f4944  000f494d         a
  _g_TimeKeeper@1
                                  000f4944         a   data ,l         9
    struct Tick_Keeper_s {
                                                   a
      _g_TimeKeeper@1.electrolyteOff_h
                                  000f4944         1   unsigned char
      _g_TimeKeeper@1.SV1SV2OnTime_s
                                  000f4946         2   unsigned short
      _g_TimeKeeper@1.SV1SV2OnTime_h
                                  000f4948         2   unsigned short
      _g_TimeKeeper@1.neutralization
                                  000f494a         4   unsigned long
    }
FILE=.\src\hwm\raspberry_pi_interface.obj
                                  000f494e  000f4958         b
  _g_io_response
                                  000f494e         5   data ,g         2
    struct IO_Struct {
                                                   5
      _g_io_response.AlkalineEmptyLevel
                                  000f494e         1   unsigned char:1(7)
      _g_io_response.AlkalineLowLevel
                                  000f494e         1   unsigned char:1(6)
      _g_io_response.AlkalineHighLevel
                                  000f494e         1   unsigned char:1(5)
      _g_io_response.AcidEmptyLevel
                                  000f494e         1   unsigned char:1(4)
      _g_io_response.AcidLowLevel
                                  000f494e         1   unsigned char:1(3)
      _g_io_response.AcidHighLevel
                                  000f494e         1   unsigned char:1(2)
      _g_io_response.SaltLowLevel
                                  000f494e         1   unsigned char:1(1)
      _g_io_response.SaltHighLevel
                                  000f494e         1   unsigned char:1(0)
      _g_io_response.Valve
                                  000f494f         2
    struct  {
                                                   2
      _g_io_response.Valve.SV1
                                  000f494f         1   unsigned char:1(7)
      _g_io_response.Valve.SV2
                                  000f494f         1   unsigned char:1(6)
      _g_io_response.Valve.SV3
                                  000f494f         1   unsigned char:1(5)
      _g_io_response.Valve.SV4
                                  000f494f         1   unsigned char:1(4)
      _g_io_response.Valve.SV5
                                  000f494f         1   unsigned char:1(3)
      _g_io_response.Valve.SV6
                                  000f494f         1   unsigned char:1(2)
      _g_io_response.Valve.SV7
                                  000f494f         1   unsigned char:1(1)
      _g_io_response.Valve.SV8
                                  000f494f         1   unsigned char:1(0)
      _g_io_response.Valve.SV9
                                  000f4950         1   unsigned char:1(7)
      _g_io_response.Valve.RSVD
                                  000f4950         1   unsigned char:7(0)
    }
      _g_io_response.Pump1
                                  000f4951         1   unsigned char:1(7)
      _g_io_response.Pump2
                                  000f4951         1   unsigned char:1(6)
      _g_io_response.SaltPump
                                  000f4951         1   unsigned char:1(5)
      _g_io_response.CVCC_ON
                                  000f4951         1   unsigned char:1(4)
      _g_io_response.RSVD1
                                  000f4951         1   unsigned char:4(0)
      _g_io_response.MachineMode_RSVD
                                  000f4952         1   unsigned char
    }
  _io_off
                                  000f4953         5   data ,g         1
    struct IO_Struct {
                                                   5
      _io_off.AlkalineEmptyLevel
                                  000f4953         1   unsigned char:1(7)
      _io_off.AlkalineLowLevel
                                  000f4953         1   unsigned char:1(6)
      _io_off.AlkalineHighLevel
                                  000f4953         1   unsigned char:1(5)
      _io_off.AcidEmptyLevel
                                  000f4953         1   unsigned char:1(4)
      _io_off.AcidLowLevel
                                  000f4953         1   unsigned char:1(3)
      _io_off.AcidHighLevel
                                  000f4953         1   unsigned char:1(2)
      _io_off.SaltLowLevel
                                  000f4953         1   unsigned char:1(1)
      _io_off.SaltHighLevel
                                  000f4953         1   unsigned char:1(0)
      _io_off.Valve
                                  000f4954         2
    struct  {
                                                   2
      _io_off.Valve.SV1
                                  000f4954         1   unsigned char:1(7)
      _io_off.Valve.SV2
                                  000f4954         1   unsigned char:1(6)
      _io_off.Valve.SV3
                                  000f4954         1   unsigned char:1(5)
      _io_off.Valve.SV4
                                  000f4954         1   unsigned char:1(4)
      _io_off.Valve.SV5
                                  000f4954         1   unsigned char:1(3)
      _io_off.Valve.SV6
                                  000f4954         1   unsigned char:1(2)
      _io_off.Valve.SV7
                                  000f4954         1   unsigned char:1(1)
      _io_off.Valve.SV8
                                  000f4954         1   unsigned char:1(0)
      _io_off.Valve.SV9
                                  000f4955         1   unsigned char:1(7)
      _io_off.Valve.RSVD
                                  000f4955         1   unsigned char:7(0)
    }
      _io_off.Pump1
                                  000f4956         1   unsigned char:1(7)
      _io_off.Pump2
                                  000f4956         1   unsigned char:1(6)
      _io_off.SaltPump
                                  000f4956         1   unsigned char:1(5)
      _io_off.CVCC_ON
                                  000f4956         1   unsigned char:1(4)
      _io_off.RSVD1
                                  000f4956         1   unsigned char:4(0)
      _io_off.MachineMode_RSVD
                                  000f4957         1   unsigned char
    }
  _g_test_control
                                  000f4958         1   data ,g         d
    union  Control_u {
                                                   1
      _g_test_control.raw
                                  000f4958         1
    struct Cotrol_s {
                                                   1
      _g_test_control.raw.drain
                                  000f4958         1   unsigned char:1(7)
      _g_test_control.raw.power_on
                                  000f4958         1   unsigned char:1(6)
      _g_test_control.raw.filter
                                  000f4958         1   unsigned char:1(5)
      _g_test_control.raw.biomectric
                                  000f4958         1   unsigned char:1(4)
      _g_test_control.raw.RSVD
                                  000f4958         1   unsigned char:4(0)
    }
      _g_test_control.data
                                  000f4958         1   unsigned char
    }
FILE=.\src\interrupt_handle.obj
                                  000f495a  000f495d         4
  _g_adc_value
                                  000f495a         4   data ,g         4
FILE=.\src\r_cg_rtc_user.obj
                                  000f495e  000f4964         7
  _g_rtc
                                  000f495e         7   data ,g         0
    struct  {
                                                   7
      _g_rtc.sec
                                  000f495e         1   unsigned char
      _g_rtc.min
                                  000f495f         1   unsigned char
      _g_rtc.hour
                                  000f4960         1   unsigned char
      _g_rtc.day
                                  000f4961         1   unsigned char
      _g_rtc.week
                                  000f4962         1   unsigned char
      _g_rtc.month
                                  000f4963         1   unsigned char
      _g_rtc.year
                                  000f4964         1   unsigned char
    }
FILE=.\src\r_cg_serial.obj
                                  000f4966  000f499b        36
  _gp_uart1_tx_address
                                  000f4966         2   data ,g         5
  _g_uart1_tx_count
                                  000f4968         2   data ,g         4
  _gp_uart1_rx_address
                                  000f496a         2   data ,g         3
  _g_uart1_rx_count
                                  000f496c         2   data ,g         4
  _g_uart1_rx_length
                                  000f496e         2   data ,g         3
  _gp_csi00_rx_address
                                  000f4970         2   data ,g         0
  _g_csi00_rx_length
                                  000f4972         2   data ,g         0
  _g_csi00_rx_count
                                  000f4974         2   data ,g         0
  _gp_csi00_tx_address
                                  000f4976         2   data ,g         6
  _g_csi00_send_length
                                  000f4978         2   data ,g         0
  _g_csi00_tx_count
                                  000f497a         2   data ,g         4
  _gp_csi01_rx_address
                                  000f497c         2   data ,g         5
  _g_csi01_rx_length
                                  000f497e         2   data ,g         1
  _g_csi01_rx_count
                                  000f4980         2   data ,g         1
  _gp_csi01_tx_address
                                  000f4982         2   data ,g         7
  _g_csi01_send_length
                                  000f4984         2   data ,g         0
  _g_csi01_tx_count
                                  000f4986         2   data ,g         7
  _gp_uart2_tx_address
                                  000f4988         2   data ,g         5
  _g_uart2_tx_count
                                  000f498a         2   data ,g         4
  _gp_uart2_rx_address
                                  000f498c         2   data ,g         3
  _g_uart2_rx_count
                                  000f498e         2   data ,g         4
  _g_uart2_rx_length
                                  000f4990         2   data ,g         3
  _gp_uart3_tx_address
                                  000f4992         2   data ,g         5
  _g_uart3_tx_count
                                  000f4994         2   data ,g         4
  _gp_uart3_rx_address
                                  000f4996         2   data ,g         3
  _g_uart3_rx_count
                                  000f4998         2   data ,g         4
  _g_uart3_rx_length
                                  000f499a         2   data ,g         3
FILE=.\src\r_cg_serial_user.obj
                                  000f499c  000f4a63        c8
  _g_uart3_rx_data
                                  000f499c         8   data ,g         8
  _send_response_flag
                                  000f49a4         1   data ,g         0
  _send_response_time_flag
                                  000f49a5         1   data ,g         0
  _send_response_number_flag
                                  000f49a6         1   data ,g         0
  _recived_time_setting_flag
                                  000f49a7         1   data ,g         0
  _send_respone_status_flag
                                  000f49a8         1   data ,g         0
  _recived_number_setting_flag
                                  000f49a9         1   data ,g         0
  _g_commnunication_flag
                                  000f49aa        11   data ,g        5c
    struct Communicaition_flag_s {
                                                  11
      _g_commnunication_flag.send_response_flag
                                  000f49aa         1   unsigned char
      _g_commnunication_flag.send_response_time_flag
                                  000f49ab         1   unsigned char
      _g_commnunication_flag.send_response_number_flag
                                  000f49ac         1   unsigned char
      _g_commnunication_flag.recived_number_setting_flag
                                  000f49ad         1   unsigned char
      _g_commnunication_flag.recived_time_setting_flag
                                  000f49ae         1   unsigned char
      _g_commnunication_flag.send_response_status_flag
                                  000f49af         1   unsigned char
      _g_commnunication_flag.send_response_mode_flag
                                  000f49b0         1   unsigned char
      _g_commnunication_flag.alarm_clear_flag
                                  000f49b1         1   unsigned char
      _g_commnunication_flag.recieve_status_flag
                                  000f49b2         1   unsigned char
      _g_commnunication_flag.test_flag
                                  000f49b3         1   unsigned char
      _g_commnunication_flag.rs485_send_to_watersolfner_response_flag
                                  000f49b4         1   unsigned char
      _g_commnunication_flag.rs485_send_to_watersolfner_SV1_flag
                                  000f49b5         1   unsigned char
      _g_commnunication_flag.rs485_send_to_valve_response_flag
                                  000f49b6         1   unsigned char
      _g_commnunication_flag.rs485_get_valve_gesture_flag
                                  000f49b7         1   unsigned char
      _g_commnunication_flag.rs485_fault
                                  000f49b8         1   unsigned char
      _g_commnunication_flag.control_test_flag
                                  000f49b9         1   unsigned char
      _g_commnunication_flag.control_test_save_flag
                                  000f49ba         1   unsigned char
    }
  _g_csi_count
                                  000f49bb         1   data ,g         0
  _g_csi_err
                                  000f49bc         1   data ,g         0
  _g_csi_send_end
                                  000f49bd         1   data ,g         1
  _g_csi_rev_end
                                  000f49be         1   data ,g         3
  _g_uart1_send
                                  000f49bf         1   data ,g         0
  _g_uart2_sendend
                                  000f49c0         1   data ,g         e
  _g_uart2_receive
                                  000f49c1         1   data ,g         1
  _g_rx_data
                                  000f49c2        a0   data ,g        1d
  _g_uart2_fault
                                  000f4a62         1   data ,g         3
  _g_uart3_sendend
                                  000f4a63         1   data ,g         6
FILE=.\src\r_cg_timer_user.obj
                                  000f4a64  000f4a6b         8
  _timer0_ch0_flag
                                  000f4a64         1   data ,g         1
  _timer0_ch1_flag
                                  000f4a65         1   data ,g         1
  _timer0_ch2_flag
                                  000f4a66         1   data ,g         1
  _g_systemTime
                                  000f4a68         4   data ,g        88
FILE=.\src\r_main.obj
                                  000f4a6c  000f4b16        ab
  _g_e_status
                                  000f4a6c         1   data ,g         0
    union  EEPROM_status_u {
                                                   1
      _g_e_status.refined
                                  000f4a6c         1
    struct  {
                                                   1
      _g_e_status.refined.RB
                                  000f4a6c         1   unsigned char:1(7)
      _g_e_status.refined.WEN
                                  000f4a6c         1   unsigned char:1(6)
      _g_e_status.refined.BP
                                  000f4a6c         1   unsigned char:2(4)
      _g_e_status.refined.RSVD
                                  000f4a6c         1   unsigned char:3(1)
      _g_e_status.refined.WPEN
                                  000f4a6c         1   unsigned char:1(0)
    }
      _g_e_status.raw
                                  000f4a6c         1   unsigned char
    }
  _ret_number_setting
                                  000f4a6e        2a   data ,g         0
    struct Number_Setting_s {
                                                  2a
      _ret_number_setting.upperVoltage1
                                  000f4a6e         4   float
      _ret_number_setting.upperVoltage2
                                  000f4a72         4   float
      _ret_number_setting.upperVoltage3
                                  000f4a76         4   float
      _ret_number_setting.lowerVoltage
                                  000f4a7a         4   float
      _ret_number_setting.upperCurrent
                                  000f4a7e         4   float
      _ret_number_setting.lowerCurrent
                                  000f4a82         4   float
      _ret_number_setting.upperFlow
                                  000f4a86         4   float
      _ret_number_setting.lowerFlow
                                  000f4a8a         4   float
      _ret_number_setting.cvccCurrent
                                  000f4a8e         4   float
      _ret_number_setting.saltPumpVoltage
                                  000f4a92         4   float
      _ret_number_setting.crc
                                  000f4a96         1   char
    }
  _flow_p
                                  000f4a98         1   data ,g         1
  _salt_h_p
                                  000f4a99         1   data ,g         0
  _g_eeprom_wren
                                  000f4a9a         1   data ,g         0
  _receive_data
                                  000f4a9b         2   data ,g         0
  _receive_setting
                                  000f4a9e        2a   data ,g         0
    struct Number_Setting_s {
                                                  2a
      _receive_setting.upperVoltage1
                                  000f4a9e         4   float
      _receive_setting.upperVoltage2
                                  000f4aa2         4   float
      _receive_setting.upperVoltage3
                                  000f4aa6         4   float
      _receive_setting.lowerVoltage
                                  000f4aaa         4   float
      _receive_setting.upperCurrent
                                  000f4aae         4   float
      _receive_setting.lowerCurrent
                                  000f4ab2         4   float
      _receive_setting.upperFlow
                                  000f4ab6         4   float
      _receive_setting.lowerFlow
                                  000f4aba         4   float
      _receive_setting.cvccCurrent
                                  000f4abe         4   float
      _receive_setting.saltPumpVoltage
                                  000f4ac2         4   float
      _receive_setting.crc
                                  000f4ac6         1   char
    }
  _set
                                  000f4ac8         1   data ,g         0
    union  EEPROM_status_u {
                                                   1
      _set.refined
                                  000f4ac8         1
    struct  {
                                                   1
      _set.refined.RB
                                  000f4ac8         1   unsigned char:1(7)
      _set.refined.WEN
                                  000f4ac8         1   unsigned char:1(6)
      _set.refined.BP
                                  000f4ac8         1   unsigned char:2(4)
[...]
                                          0032(000069b4:.textf)
                                          0032(000069bc:.textf)
                                          0032(000069f6:.textf)
                                          0032(000069fd:.textf)
                                          0032(00006a1c:.textf)
                                          0032(00006a22:.textf)
                                          0032(00006a28:.textf)
                                          0032(00006a2b:.textf)
                                          0032(00006a35:.textf)
                                          0032(00006a38:.textf)
                                          0032(00006a60:.textf)
                                          0032(00006a65:.textf)
                                          0032(00006a8e:.textf)
                                          0032(00006a94:.textf)
     SECTION=.text
0028 r_cg_wdt
     SECTION=.textf
                 _R_WDT_Create
                                 0000657d 0031(00006958:.textf)
                 _R_WDT_Restart
                                 0000658e 0008(00004a21:.textf)
                                          0009(00004f43:.textf)
                                          0012(00005683:.textf)
                                          0012(000056b3:.textf)
                                          0012(0000598f:.textf)
                                          0012(000059cd:.textf)
                                          0030(000068d8:.textf)
                                          0032(000069e3:.textf)
0029 r_cg_wdt_user
     SECTION=.text
0030 r_main
     SECTION=.textf
                 _nostop_checkHandSensor
                                 00006592
                 _readHS
                                 000065c3
                 _main
                                 000065d8 0001(000001e2:.text)
                 _R_MAIN_UserInit
                                 000068de 0030(000065db:.textf)
     SECTION=.bss
                 _g_e_status
                                 000f4a6c
                 _ret_number_setting
                                 000f4a6e
                 _flow_p
                                 000f4a98 0030(00006893:.textf)
                 _salt_h_p
                                 000f4a99
                 _g_eeprom_wren
                                 000f4a9a
                 _receive_data
                                 000f4a9b
                 _receive_setting
                                 000f4a9e
                 _set
                                 000f4ac8
                 _rx_data
                                 000f4aca
                 _data_f
                                 000f4ad6
                 _data_f_test
                                 000f4ada
                 _g_control_buffer_f
                                 000f4ade 0012(000058cd:.textf)
                                          0012(000058d1:.textf)
                                          0012(000058d5:.textf)
                                          0012(000058d9:.textf)
                                          0012(000058e4:.textf)
                 _g_control_buffer_u32
                                 000f4ae4 0012(000058f5:.textf)
                                          0012(000058f9:.textf)
                                          0012(000058fd:.textf)
                                          0012(00005901:.textf)
                                          0012(0000590c:.textf)
                 _handsensor_status
                                 000f4aea
                 _g_handsensor_status
                                 000f4aeb 0030(000065a8:.textf)
                                          0030(000065af:.textf)
                                          0030(000065b8:.textf)
                 _g_crc
                                 000f4aed 0030(000068c9:.textf)
                                          0030(000068d5:.textf)
                 _g_crc_32
                                 000f4af6
                 _rx_count
                                 000f4b16 0008(000044a5:.textf)
                                          0012(00005a0f:.textf)
                                          0013(00005c17:.textf)
     SECTION=.dataR
                 _g_adc_ch
                                 000f4bb6
                 _led_st
                                 000f4bb8 0030(000068b2:.textf)
                                          0030(000068ba:.textf)
                 _send_data
                                 000f4bb9
                 _this_size
                                 000f4bbb
                 _this_size_2
                                 000f4bbc
                 _send_buf
                                 000f4bbd
                 _data_crc
                                 000f4bc4
                 _dac_out
                                 000f4bcc
     SECTION=.const
     SECTION=.data
0031 r_systeminit
     SECTION=.textf
                 _R_Systeminit
                                 00006935 0031(0000696b:.textf)
                 _hdwinit
                                 00006967 0001(0000019a:.text)
0032 usr_timer
     SECTION=.textf
                 _delay_ms
                                 0000696c 0030(000065ce:.textf)
                                          0030(0000673a:.textf)
                                          0032(000069e0:.textf)
                 _delay
                                 000069d4
                 _ns_delay_ms
                                 000069ec 0006(00003912:.textf)
                                          0006(000039b8:.textf)
                                          0006(00003a60:.textf)
                                          0006(00003b5c:.textf)
                                          0006(00003d0c:.textf)
                                          0006(00003e1a:.textf)
                                          0006(00003e7f:.textf)
                                          0006(00003f60:.textf)
                                          0007(0000403b:.textf)
                                          0008(0000420e:.textf)
                                          0008(00004239:.textf)
                                          0008(00004251:.textf)
                                          0008(00004275:.textf)
                                          0008(00004590:.textf)
                                          0008(00004602:.textf)
                                          0008(00004652:.textf)
                                          0008(000046b3:.textf)
                                          0008(0000472f:.textf)
                                          0008(00004760:.textf)
                                          0008(00004843:.textf)
                                          0008(00004871:.textf)
                                          0008(00004886:.textf)
                                          0008(000048b8:.textf)
                                          0008(00004907:.textf)
                                          0008(000049e3:.textf)
                                          0008(00004a44:.textf)
                                          0009(00004cb0:.textf)
                                          0009(00004cf9:.textf)
                                          0009(00004d42:.textf)
                                          0009(00004d9b:.textf)
                                          0009(00004dd2:.textf)
                                          0009(00004e1b:.textf)
                                          0009(00004e64:.textf)
                                          0009(00004ebd:.textf)
                                          0009(00004f0b:.textf)
                                          0009(00005017:.textf)
                                          0010(000050c1:.textf)
                                          0010(0000518d:.textf)
                                          0010(0000519c:.textf)
                                          0010(000051d4:.textf)
                                          0010(0000520e:.textf)
                                          0010(00005226:.textf)
                                          0010(00005248:.textf)
                                          0010(0000527e:.textf)
                                          0010(0000529e:.textf)
                                          0010(000052c7:.textf)
                                          0010(00005334:.textf)
                                          0010(0000535a:.textf)
                                          0010(0000538a:.textf)
                                          0010(000053be:.textf)
                                          0010(000053d8:.textf)
                                          0010(00005442:.textf)
                                          0010(00005466:.textf)
                                          0010(00005496:.textf)
                                          0010(000054cd:.textf)
                                          0010(000054e7:.textf)
                                          0011(00005552:.textf)
                                          0011(0000556d:.textf)
                                          0011(00005595:.textf)
                                          0012(00005945:.textf)
                                          0030(000065a0:.textf)
                                          0030(0000679a:.textf)
                                          0030(00006834:.textf)
                                          0030(00006872:.textf)
                                          0030(0000689e:.textf)
                                          0030(000068aa:.textf)
                 _mTask
                                 00006a58
0033 memcpy
     SECTION=.RLIB
                 _memcpy
                                 000004a8 0012(0000571a:.textf)
                                          0012(000057b7:.textf)
                                          0030(0000666d:.textf)
                                          0030(0000667a:.textf)
                                          0030(000067c8:.textf)
                                          0030(00006808:.textf)
0034 _COM_faddsub
     SECTION=.RLIB
                 __COM_fsub
                                 00000515
                 __COM_fadd
                                 0000051d 0009(00004f30:.textf)
                                          0009(00004fee:.textf)
0035 _COM_fdiv
     SECTION=.RLIB
                 __COM_fdiv
                                 00000653 0009(00004f75:.textf)
                                          0009(00004f92:.textf)
                                          0009(00005054:.textf)
                                          0009(00005070:.textf)
                                          0012(00005854:.textf)
                                          0012(0000587f:.textf)
                                          0030(000066ca:.textf)
                                          0030(000066f5:.textf)
0036 _COM_fge
     SECTION=.RLIB
                 __COM_fge
                                 00000722 0006(000039ce:.textf)
                                          0006(00003a76:.textf)
                                          0008(00004457:.textf)
0037 _COM_fgt
     SECTION=.RLIB
                 __COM_fgt
                                 00000738 0006(00003b29:.textf)
                                          0006(00003c58:.textf)
                                          0006(00003ca5:.textf)
                                          0006(00003d88:.textf)
                                          0008(00004688:.textf)
                                          0012(0000582f:.textf)
0038 _COM_fle
     SECTION=.RLIB
                 __COM_fle
                                 0000074e 0006(00003bec:.textf)
                                          0012(000057fb:.textf)
                                          0030(00006649:.textf)
0039 _COM_flt
     SECTION=.RLIB
                 __COM_flt
                                 00000764 0006(000038df:.textf)
                                          0006(00003985:.textf)
                                          0006(00003a2d:.textf)
                                          0006(00003c19:.textf)
                                          0006(00003ced:.textf)
                                          0006(00003d72:.textf)
                                          0006(00003de7:.textf)
                                          0008(00004672:.textf)
0040 _COM_fmul
     SECTION=.RLIB
                 __COM_fmul
                                 000007c5 0009(00004f59:.textf)
                                          0009(00004f67:.textf)
                                          0009(00005038:.textf)
                                          0009(00005046:.textf)
                                          0012(00005862:.textf)
                                          0012(0000588d:.textf)
                                          0013(00005a8c:.textf)
                                          0013(00005a9a:.textf)
                                          0013(00005ac5:.textf)
                                          0013(00005ad3:.textf)
                                          0030(000066d8:.textf)
                                          0030(00006703:.textf)
0041 _COM_ftoul
     SECTION=.RLIB
                 __COM_ftoul
                                 00000867 0012(00005868:.textf)
                                          0012(00005893:.textf)
                                          0030(000066de:.textf)
                                          0030(00006709:.textf)
0042 _COM_funordered
     SECTION=.RLIB
                 __COM_funordered
                                 00000873 0006(000038cc:.textf)
                                          0006(00003972:.textf)
                                          0006(00003a1a:.textf)
                                          0006(00003b16:.textf)
                                          0006(00003c06:.textf)
                                          0006(00003c45:.textf)
                                          0006(00003c92:.textf)
                                          0006(00003cda:.textf)
                                          0006(00003dd2:.textf)
                                          0008(00004444:.textf)
                                          0012(000057e6:.textf)
                                          0030(00006636:.textf)
0043 _COM_ultof
     SECTION=.RLIB
                 __COM_ultof
                                 0000087e 0009(00004f87:.textf)
                                          0009(00005065:.textf)
                                          0013(00005a80:.textf)
                                          0013(00005ab9:.textf)
0044 _REL_fcmp
     SECTION=.RLIB
                 __REL_fcmp
                                 00000884 0036(0000072c:.RLIB)
                                          0037(00000742:.RLIB)
                                          0038(00000758:.RLIB)
                                          0039(0000076e:.RLIB)
0045 _REL_fordered_core
     SECTION=.RLIB
                 __REL_fordered_core
                                 000008bc 0036(00000725:.RLIB)
                                          0037(0000073b:.RLIB)
                                          0038(00000751:.RLIB)
                                          0039(00000767:.RLIB)
                                          0042(00000876:.RLIB)
0046 _REL_ftol
     SECTION=.RLIB
                 __REL_ftol
                                 000008d8 0041(0000086d:.RLIB)
0047 _REL_f_inf
     SECTION=.RLIB
                 __REL_f_inf
                                 0000090d 0034(000005ac:.RLIB)
                                          0035(0000063d:.RLIB)
                                          0035(000006dd:.RLIB)
                                          0040(00000797:.RLIB)
                                          0040(0000083a:.RLIB)
0048 _REL_f_norm
     SECTION=.RLIB
                 __REL_f_norm
                                 00000915 0035(0000061e:.RLIB)
                                          0035(00000649:.RLIB)
                                          0040(000007b8:.RLIB)
0049 _REL_f_round
     SECTION=.RLIB
                 __REL_f_round
                                 00000925 0034(000005b9:.RLIB)
                                          0034(000005f1:.RLIB)
                                          0035(0000071f:.RLIB)
                                          0040(00000847:.RLIB)
0050 _REL_ltof
     SECTION=.RLIB
                 __REL_ltof
                                 00000938 0043(00000881:.RLIB)
0051 _COM_lshr
     SECTION=.RLIB
                 __COM_lshr
                                 0000098c 0046(00000904:.RLIB)
0052 rlink_generates_01
     SECTION=.option_byte
0053 rlink_generates_02
     SECTION=.monitor1
     SECTION=.monitor2
0054 rlink_generates_03
     SECTION=.security_id
0055 rlink_generates_04
     SECTION=.vect
0056 rlink_generates_05
     SECTION=
                 __s.vect
                                 00000000
                 __s.constf
                                 00000080
                 __e.constf
                                 00000080
                 __s.sdata
                                 00000080
                 __e.sdata
                                 00000080
                 __e.vect
                                 00000080
                 __s.option_byte
                                 000000c0
                 __s.SLIB
                                 000000c4
                 __e.SLIB
                                 000000c4
                 __e.option_byte
                                 000000c4
                 __s.security_id
                                 000000c4
                 __s.monitor1
                                 000000ce
                 __e.security_id
                                 000000ce
                 __s.data
                                 000000d8
                 __e.monitor1
                                 000000d8
                 __s.text
                                 0000018e
                 __e.data
                                 0000018e
                 __e.text
                                 000004a8
                 __s.RLIB
                                 000004a8
                 __e.RLIB
                                 000009a3
                 __s.const
                                 00003000
                 __s.textf
                                 00003510
                 __e.const
                                 00003510
                 __e.textf
                                 00006a9c
                 __s.monitor2
                                 0007fe00
                 __e.monitor2
                                 00080000
                 __RAM_ADDR_START
                                 000f3f00
                 __s.bss
                                 000f4700
                 __e.bss
                                 000f4b17
                 __s.dataR
                                 000f4b18
                 __e.dataR
                                 000f4bce
                 __STACK_ADDR_END
                                 000f4bce 0001(00000193:.text)
                 __s.sbss
                                 000ffe20
                 __e.sbss
                                 000ffe20
                 __s.sdataR
                                 000ffe20
                 __e.sdataR
                                 000ffe20
                 __STACK_ADDR_START
                                 000ffe20 0001(00000190:.text)
                 __RAM_ADDR_END
                                 000ffee0
