Renesas Optimizing Linker (W3.03.00 )             20-Dec-2021 15:45:34

*** Options ***

-subcommand=LinkerControlPCB_HWM.tmp
-MAKEUD=D:\Chieniwa\E2_Studio\ControlPCB_HWM\HardwareDebug/ControlPCB_HWM_l.ud
-device="D:/Chieniwa/E2_Studio/.eclipse/com.renesas.platform_1435879475/DebugComp/RL78/RL78/Common/DR5F104ML.DVF"
-list="ControlPCB_HWM.map"
-show=all
-nooptimize
-entry=_start
-auto_section_layout
-security_id=00000000000000000000
-debug_monitor=7FE00-7FFFF
-user_opt_byte=FFFFF8
-ocdbg=84
-ocdtr
-input=".\generate\cstart.obj"
-input=".\generate\stkinit.obj"
-input=".\src\EEPROM.obj"
-input=".\src\crc32.obj"
-input=".\src\crc8.obj"
-input=".\src\interrupt_handle.obj"
-input=".\src\main.obj"
-input=".\src\r_cg_adc.obj"
-input=".\src\r_cg_adc_user.obj"
-input=".\src\r_cg_cgc.obj"
-input=".\src\r_cg_cgc_user.obj"
-input=".\src\r_cg_dac.obj"
-input=".\src\r_cg_dac_user.obj"
-input=".\src\r_cg_port.obj"
-input=".\src\r_cg_port_user.obj"
-input=".\src\r_cg_rtc.obj"
-input=".\src\r_cg_rtc_user.obj"
-input=".\src\r_cg_serial.obj"
-input=".\src\r_cg_serial_user.obj"
-input=".\src\r_cg_timer.obj"
-input=".\src\r_cg_timer_user.obj"
-input=".\src\r_cg_wdt.obj"
-input=".\src\r_cg_wdt_user.obj"
-input=".\src\r_main.obj"
-input=".\src\r_systeminit.obj"
-input=".\src\usr_timer.obj"
-library="C:\Program Files (x86)\Renesas Electronics\CS+\CC\CC-RL\V1.10.00\lib\rl78em4s99.lib"
-library="C:\Program Files (x86)\Renesas Electronics\CS+\CC\CC-RL\V1.10.00\lib\rl78em4r.lib"
-library="C:\Program Files (x86)\Renesas Electronics\CS+\CC\CC-RL\V1.10.00\lib\malloc_n.lib"
-output="ControlPCB_HWM.abs"
-debug
-nocompress
-rom=.data=.dataR,.sdata=.sdataR
-nomessage
-nologo

*** Error information ***

*** Mapping List ***

SECTION                            START      END         SIZE   ALIGN
.vect
                                  00000000  0000007f        80   0
.constf
                                  00000080  00000080         0   2
.sdata
                                  00000080  00000080         0   2
.option_byte
                                  000000c0  000000c3         4   1
.security_id
                                  000000c4  000000cd         a   1
.SLIB
                                  000000c4  000000c4         0   1
.monitor1
                                  000000ce  000000d7         a   1
.data
                                  000000d8  00000155        7e   2
.text
                                  00000156  0000046f       31a   1
.textf
                                  00000470  00002717      22a8   1
.RLIB
                                  00002718  00002c12       4fb   1
.const
                                  00003000  00003504       505   2
.monitor2
                                  0007fe00  0007ffff       200   1
.bss
                                  000f4700  000f4a5a       35b   2
.dataR
                                  000f4a5c  000f4ad9        7e   2
.sbss
                                  000ffe20  000ffe20         0   2
.sdataR
                                  000ffe20  000ffe20         0   2

*** Total Section Size ***

RAMDATA SECTION:  000003d9 Byte(s)
ROMDATA SECTION:  0000081b Byte(s)
PROGRAM SECTION:  00002abd Byte(s)

*** Symbol List ***

SECTION=
FILE=                               START        END    SIZE
  SYMBOL                            ADDR        SIZE    INFO      COUNTS  OPT
    STRUCT                                      SIZE
      MEMBER                        ADDR        SIZE    INFO

SECTION=.vect
FILE=rlink_generates_04
                                  00000000  0000007f        80

SECTION=.option_byte
FILE=rlink_generates_01
                                  000000c0  000000c3         4

SECTION=.security_id
FILE=rlink_generates_03
                                  000000c4  000000cd         a

SECTION=.monitor1
FILE=rlink_generates_02
                                  000000ce  000000d7         a

SECTION=.data
FILE=.\src\main.obj
                                  000000d8  0000013b        64
FILE=.\src\r_main.obj
                                  0000013c  00000155        1a

SECTION=.text
FILE=.\generate\cstart.obj
                                  00000156  000001af        5a
  _start
                                  00000156         0   entry,g         0
  _exit
                                  000001ae         0   none ,g         1
FILE=.\src\r_cg_adc_user.obj
                                  000001b0  000001c9        1a
  _r_adc_interrupt@1
                                  000001b0        1a   func ,l         0
FILE=.\src\r_cg_serial_user.obj
                                  000001ca  00000447       27e
  _r_uart1_interrupt_receive@1
                                  000001ca        5f   func ,l         0
  _r_uart1_interrupt_send@1
                                  00000229        31   func ,l         0
  _r_csi00_interrupt@1
                                  0000025a        49   func ,l         0
  _r_csi01_interrupt@1
                                  000002a3        85   func ,l         0
  _r_uart2_interrupt_receive@1
                                  00000328        5f   func ,l         0
  _r_uart2_interrupt_send@1
                                  00000387        31   func ,l         0
  _r_uart3_interrupt_receive@1
                                  000003b8        5f   func ,l         0
  _r_uart3_interrupt_send@1
                                  00000417        31   func ,l         0
FILE=.\src\r_cg_timer_user.obj
                                  00000448  0000046d        26
  _r_tau0_channel0_interrupt@1
                                  00000448        1c   func ,l         0
  _r_tau0_channel1_interrupt@1
                                  00000464         5   func ,l         0
  _r_tau0_channel2_interrupt@1
                                  00000469         5   func ,l         0
FILE=.\src\r_cg_wdt_user.obj
                                  0000046e  0000046f         2
  _r_wdt_interrupt@1
                                  0000046e         2   func ,l         0

SECTION=.textf
FILE=.\generate\stkinit.obj
                                  00000470  000004b3        44
  _stkinit
                                  00000470         0   none ,g         1
  LSTINIT1
                                  0000047e         0   none ,l         1
  LSTINIT2
                                  000004a8         0   none ,l         2
  LSTINIT3
                                  000004b3         0   none ,l         2
FILE=.\src\EEPROM.obj
                                  000004b4  00000718       265
  _EEPROM_Init
                                  000004b4        2b   func ,g         1
  _rEE_Status
                                  000004df        1b   func ,g         6
  _sEE_WriteEnable
                                  000004fa        12   func ,g         3
  _sEE_WriteDisable
                                  0000050c        12   func ,g         0
  _EE_SPI_Write
                                  0000051e        e2   func ,g         2
  _EE_SPI_Read
                                  00000600        ba   func ,g         2
  _sEE_Block
                                  000006ba        11   func ,g         0
  _sEE_SendInstruction
                                  000006cb         3   func ,g         0
  _sEE_SendReceiveInstruction
                                  000006ce         4   func ,g         0
  _EE_TransmitData
                                  000006d2        2c   func ,g         a
  _sEE_WriteStatusRegister
                                  000006fe        1b   func ,g         2
FILE=.\src\crc32.obj
                                  00000719  000007b7        9f
  _xcrc32
                                  00000719        4e   func ,g         0
  _CRC32
                                  00000767        51   func ,g         0
FILE=.\src\crc8.obj
                                  000007b8  00000817        60
  _crc8_4
                                  000007b8        43   func ,g         1
  _crc8_1
                                  000007fb        1d   func ,g         5
FILE=.\src\interrupt_handle.obj
                                  00000818  00000893        7c
  _adc_int_handle
                                  00000818        7c   func ,g         1
FILE=.\src\main.obj
                                  00000894  00001a17      1184
  _handSensorLED
                                  00000894        30   func ,g         d
  _setting_default
                                  000008c4        a8   func ,g         0
  _sendToRasPi
                                  0000096c        33   func ,g        14
  _sendToWaterSolfner
                                  0000099f        28   func ,g         0
  _RaspberryResponse_nostop
                                  000009c7       1d4   func ,g         1
  _InitialOperationModeStart
                                  00000b9b        e3   func ,g         1
  _FlowSensorCheck
                                  00000c7e        90   func ,g         0
  _nostop_WaterSupplyOperation
                                  00000d0e        62   func ,g         1
  _stop_waitAlarmConfirm
                                  00000d70        21   func ,g         5
  _nostop_waitAlarmConfirm
                                  00000d91        18   func ,g         0
  _Voltage1Check_waitReset
                                  00000da9        a3   func ,g         1
  _Voltage2Check_loop
                                  00000e4c        8e   func ,g         1
  _Voltage3Check_waitReset
                                  00000eda        a0   func ,g         1
  _LowVoltageCheck_waitReset
                                  00000f7a        d8   func ,g         1
  _OverCurrentCheck_waitReset
                                  00001052       173   func ,g         1
  _ElectrolyticOperation
                                  000011c5        4f   func ,g         1
  _solenoidCheck
                                  00001214        76   func ,g         0
  _saltWaterTankFullCheck
                                  0000128a        13   func ,g         0
  _saltWaterTankEmptyCheck
                                  0000129d        10   func ,g         0
  _acidWaterTankSkipCheck
                                  000012ad        3b   func ,g         0
  _alkalineWaterTankSkipCheck
                                  000012e8        3f   func ,g         0
  _FilterReplacementCheck
                                  00001327         2   func ,g         0
  _ElectrolyzeWaterGeneration
                                  00001329        30   func ,g         1
  _WaterWashingMode_nostop
                                  00001359        42   func ,g         0
  _HandWashingMode_nostop
                                  0000139b       16e   func ,g         1
  _AcidWaterMode_nostop
                                  00001509        a3   func ,g         0
  _AlkalineWaterMode_nostop
                                  000015ac        a5   func ,g         0
  _CallanCleaningMode_nostop
                                  00001651        8d   func ,g         0
  _main_init_20211111
                                  000016de        68   func ,g         1
  _main_loop_20211111
                                  00001746         3   func ,g         0
  _electrolyticOperationON
                                  00001749        27   func ,g         2
  _electrolyticOperationOFF
                                  00001770        1a   func ,g         6
  _measureFlowSensor
                                  0000178a        c8   func ,g         1
  _nostop_measureFlowSensor
                                  00001852        dd   func ,g         0
  _UpdateMachineStatus
                                  0000192f        e9   func ,g         6
FILE=.\src\r_cg_adc.obj
                                  00001a18  00001a79        62
  _R_ADC_Create
                                  00001a18        33   func ,g         2
  _R_ADC_Start
                                  00001a4b         a   func ,g         2
  _R_ADC_Stop
                                  00001a55         a   func ,g         0
  _R_ADC_Set_OperationOn
                                  00001a5f         4   func ,g         1
  _R_ADC_Set_OperationOff
                                  00001a63         4   func ,g         0
  _R_ADC_Get_Result
                                  00001a67         7   func ,g         2
  _R_ADC_Set_ADChannel
                                  00001a6e         c   func ,g         0
FILE=.\src\r_cg_cgc.obj
                                  00001a7a  00001a8f        16
  _R_CGC_Create
                                  00001a7a        16   func ,g         1
FILE=.\src\r_cg_cgc_user.obj
                                  00001a90  00001a92         3
  _R_CGC_Get_ResetSource
                                  00001a90         3   func ,g         1
FILE=.\src\r_cg_dac.obj
                                  00001a93  00001ac5        33
  _R_DAC_Create
                                  00001a93        1d   func ,g         2
  _R_DAC0_Start
                                  00001ab0         4   func ,g         1
  _R_DAC0_Stop
                                  00001ab4         4   func ,g         0
  _R_DAC0_Set_ConversionValue
                                  00001ab8         3   func ,g         2
  _R_DAC1_Start
                                  00001abb         4   func ,g         1
  _R_DAC1_Stop
                                  00001abf         4   func ,g         0
  _R_DAC1_Set_ConversionValue
                                  00001ac3         3   func ,g         2
FILE=.\src\r_cg_port.obj
                                  00001ac6  00001b0d        48
  _R_PORT_Create
                                  00001ac6        48   func ,g         1
FILE=.\src\r_cg_port_user.obj
                                  00001b0e  00001b0e         1
  _R_PORT_Create_UserInit
                                  00001b0e         1   func ,g         1
FILE=.\src\r_cg_rtc.obj
                                  00001b0f  00001c4c       13e
  _R_RTC_Create
                                  00001b0f        27   func ,g         2
  _R_RTC_Start
                                  00001b36         4   func ,g         1
  _R_RTC_Stop
                                  00001b3a         4   func ,g         0
  _R_RTC_Get_CounterValue
                                  00001b3e        51   func ,g         0
  _R_RTC_Set_CounterValue
                                  00001b8f        be   func ,g         1
FILE=.\src\r_cg_serial.obj
                                  00001c4d  0000213f       4f3
  _R_CSI01_Receive
                                  00001c4d        1a   func ,g         0
  _R_CSI01_Send
                                  00001c67        26   func ,g         0
  _R_SAU0_Create
                                  00001c8d        17   func ,g         2
  _R_UART1_Create
                                  00001ca4        7e   func ,g         2
  _R_UART1_Start
                                  00001d22        26   func ,g         1
  _R_UART1_Stop
                                  00001d48        1e   func ,g         0
  _R_UART1_Receive
                                  00001d66        18   func ,g         0
  _R_UART1_Send
                                  00001d7e        29   func ,g         0
  _R_CSI00_Create
                                  00001da7        53   func ,g         2
  _R_CSI00_Start
                                  00001dfa        26   func ,g         1
  _R_CSI00_Stop
                                  00001e20        18   func ,g         0
  _R_CSI00_Send
                                  00001e38        28   func ,g         0
  _R_CSI01_Create
                                  00001e60        5a   func ,g         3
  _R_CSI01_Start
                                  00001eba        26   func ,g         1
  _R_CSI01_Stop
                                  00001ee0        18   func ,g         1
  _R_CSI01_Send_Receive
                                  00001ef8        36   func ,g         1
  _R_SAU1_Create
                                  00001f2e        14   func ,g         2
  _R_UART2_Create
                                  00001f42        7e   func ,g         2
  _R_UART2_Start
                                  00001fc0        26   func ,g         2
  _R_UART2_Stop
                                  00001fe6        1e   func ,g         1
  _R_UART2_Receive
                                  00002004        18   func ,g         4
  _R_UART2_Send
                                  0000201c        29   func ,g         5
  _R_UART3_Create
                                  00002045        76   func ,g         2
  _R_UART3_Start
                                  000020bb        26   func ,g         1
  _R_UART3_Stop
                                  000020e1        1e   func ,g         0
  _R_UART3_Receive
                                  000020ff        18   func ,g         2
  _R_UART3_Send
                                  00002117        29   func ,g         2
FILE=.\src\r_cg_serial_user.obj
                                  00002140  00002246       107
  _isCommand
                                  00002140        22   func ,g         1
  _r_uart1_callback_receiveend@1
                                  00002162         1   func ,l         1
  _r_uart1_callback_softwareoverrun@1
                                  00002163         1   func ,l         1
  _r_uart1_callback_sendend@1
                                  00002164         1   func ,l         1
  _r_uart1_callback_error@1
                                  00002165         1   func ,l         1
  _r_csi00_callback_sendend@1
                                  00002166         1   func ,l         1
  _r_csi01_callback_receiveend@1
                                  00002167         7   func ,l         1
  _r_csi01_callback_error@1
                                  0000216e         1   func ,l         1
  _r_csi01_callback_sendend@1
                                  0000216f         4   func ,l         1
  _r_uart2_callback_receiveend@1
                                  00002173        96   func ,l         1
  _r_uart2_callback_softwareoverrun@1
                                  00002209         1   func ,l         1
  _r_uart2_callback_sendend@1
                                  0000220a         4   func ,l         1
  _r_uart2_callback_error@1
                                  0000220e         1   func ,l         1
  _r_uart3_callback_receiveend@1
                                  0000220f        2f   func ,l         1
  _r_uart3_callback_softwareoverrun@1
                                  0000223e         1   func ,l         1
  _r_uart3_callback_sendend@1
                                  0000223f         7   func ,l         1
  _r_uart3_callback_error@1
                                  00002246         1   func ,l         1
FILE=.\src\r_cg_timer.obj
                                  00002247  00002353       10d
  _R_TAU0_Create
                                  00002247        ad   func ,g         2
  _R_TAU0_Channel0_Start
                                  000022f4        10   func ,g         1
  _R_TAU0_Channel0_Stop
                                  00002304        10   func ,g         0
  _R_TAU0_Channel1_Start
                                  00002314        10   func ,g         0
  _R_TAU0_Channel1_Stop
                                  00002324        10   func ,g         0
  _R_TAU0_Channel2_Start
                                  00002334        10   func ,g         0
  _R_TAU0_Channel2_Stop
                                  00002344        10   func ,g         0
FILE=.\src\r_cg_wdt.obj
                                  00002354  00002368        15
  _R_WDT_Create
                                  00002354        11   func ,g         1
  _R_WDT_Restart
                                  00002365         4   func ,g         c
FILE=.\src\r_main.obj
                                  00002369  000025e5       27d
  _nostop_checkHandSensor
                                  00002369        31   func ,g         0
  _readHS
                                  0000239a        15   func ,g         0
  _main
                                  000023af       1d6   func ,g         1
  _R_MAIN_UserInit
                                  00002585        61   func ,g         1
FILE=.\src\r_systeminit.obj
                                  000025e6  0000261c        37
  _R_Systeminit
                                  000025e6        32   func ,g         1
  _hdwinit
                                  00002618         5   func ,g         1
FILE=.\src\usr_timer.obj
                                  0000261d  00002717        fb
  _delay_ms
                                  0000261d        68   func ,g         4
  _delay
                                  00002685        18   func ,g         1
  _ns_delay_ms
                                  0000269d        35   func ,g        1e
  _non_block_delay
                                  000026d2         2   func ,g         0
  _mTask
                                  000026d4        44   func ,g         0

SECTION=.RLIB
FILE=memcpy
                                  00002718  00002728        11
  _memcpy
                                  00002718         0   none ,g         3
FILE=_COM_faddsub
                                  00002729  00002863       13b
  __COM_fsub
                                  00002785         0   none ,g         0
  __COM_fadd
                                  0000278d         0   none ,g         2
FILE=_COM_fdiv
                                  00002864  00002991       12e
  __COM_fdiv
                                  000028c3         0   none ,g         4
FILE=_COM_fge
                                  00002992  000029a7        16
  __COM_fge
                                  00002992         0   none ,g         3
FILE=_COM_fgt
                                  000029a8  000029bd        16
  __COM_fgt
                                  000029a8         0   none ,g         3
FILE=_COM_fle
                                  000029be  000029d3        16
  __COM_fle
                                  000029be         0   none ,g         2
FILE=_COM_flt
                                  000029d4  000029e9        16
  __COM_flt
                                  000029d4         0   none ,g         4
FILE=_COM_fmul
                                  000029ea  00002ad6        ed
  __COM_fmul
                                  00002a35         0   none ,g         8
FILE=_COM_ftoul
                                  00002ad7  00002ae2         c
  __COM_ftoul
                                  00002ad7         0   none ,g         6
FILE=_COM_funordered
                                  00002ae3  00002aed         b
  __COM_funordered
                                  00002ae3         0   none ,g         a
FILE=_COM_ultof
                                  00002aee  00002af3         6
  __COM_ultof
                                  00002aee         0   none ,g         9
FILE=_REL_fcmp
                                  00002af4  00002b2b        38
  __REL_fcmp
                                  00002af4         0   none ,g         4
FILE=_REL_fordered_core
                                  00002b2c  00002b47        1c
  __REL_fordered_core
                                  00002b2c         0   none ,g         5
FILE=_REL_ftol
                                  00002b48  00002b7c        35
  __REL_ftol
                                  00002b48         0   none ,g         1
FILE=_REL_f_inf
                                  00002b7d  00002b84         8
  __REL_f_inf
                                  00002b7d         0   none ,g         5
FILE=_REL_f_norm
                                  00002b85  00002b94        10
  __REL_f_norm
                                  00002b85         0   none ,g         3
FILE=_REL_f_round
                                  00002b95  00002ba7        13
  __REL_f_round
                                  00002b95         0   none ,g         4
FILE=_REL_ltof
                                  00002ba8  00002bf1        4a
  __REL_ltof
                                  00002ba8         0   none ,g         1
FILE=_COM_lshr
                                  00002bf2  00002c12        21
  __COM_lshr
                                  00002bfc         0   none ,g         1

SECTION=.const
FILE=.\src\EEPROM.obj
                                  00003000  00003001         2
FILE=.\src\crc32.obj
                                  00003002  00003401       400
  _crc32_table
                                  00003002       400   data ,g         2
FILE=.\src\crc8.obj
                                  00003402  00003501       100
  _crc_table@1
                                  00003402       100   data ,l         2
FILE=.\src\main.obj
                                  00003502  00003504         3
  _io_statusSize
                                  00003502         1   data ,g         0
  _timeSettingSize
                                  00003503         1   data ,g         0
  _numberSettingSize
                                  00003504         1   data ,g         0

SECTION=.monitor2
FILE=rlink_generates_02
                                  0007fe00  0007ffff       200

SECTION=.bss
FILE=.\src\EEPROM.obj
                                  000f4700  000f4726        27
  _eeprom_status
                                  000f4700         1   data ,g         c
    union  EEPROM_status_u {
                                                   1
      _eeprom_status.refined
                                  000f4700         1
    struct  {
                                                   1
      _eeprom_status.refined.RB
                                  000f4700         1   unsigned char:1(7)
      _eeprom_status.refined.WEN
                                  000f4700         1   unsigned char:1(6)
      _eeprom_status.refined.BP
                                  000f4700         1   unsigned char:2(4)
      _eeprom_status.refined.RSVD
                                  000f4700         1   unsigned char:3(1)
      _eeprom_status.refined.WPEN
                                  000f4700         1   unsigned char:1(0)
    }
      _eeprom_status.raw
                                  000f4700         1   unsigned char
    }
  _spi_flag
                                  000f4702         2   data ,g         3
  _buf
                                  000f4704        23   data ,g        12
FILE=.\src\interrupt_handle.obj
                                  000f4728  000f472b         4
  _g_adc_value
                                  000f4728         4   data ,g         4
FILE=.\src\main.obj
                                  000f472c  000f4891       166
  _g_Tick@1
                                  000f472c        68   data ,l        2e
    struct Tick_s {
                                                  68
      _g_Tick@1.tick500ms
                                  000f472c         4   unsigned long
      _g_Tick@1.tick1s
                                  000f4730         4   unsigned long
      _g_Tick@1.tick5s
                                  000f4734         4   unsigned long
      _g_Tick@1.tickBlink
                                  000f4738         4   unsigned long
      _g_Tick@1.tickAlkaline
                                  000f473c         4   unsigned long
      _g_Tick@1.tickAcid
                                  000f4740         4   unsigned long
      _g_Tick@1.tickWater
                                  000f4744         4   unsigned long
      _g_Tick@1.tickHandWash
                                  000f4748         4   unsigned long
      _g_Tick@1.tickWaterSupply
                                  000f474c         4   unsigned long
      _g_Tick@1.tickFlowMeasurment
                                  000f4750         4   unsigned long
      _g_Tick@1.tickDebouceHandSensor
                                  000f4754         4   unsigned long
      _g_Tick@1.tickVoltage1Check
                                  000f4758         4   unsigned long
      _g_Tick@1.tickVoltage2Check
                                  000f475c         4   unsigned long
      _g_Tick@1.tickVoltage3Check
                                  000f4760         4   unsigned long
      _g_Tick@1.tickVoltageLowCheck
                                  000f4764         4   unsigned long
      _g_Tick@1.tickCurrentCheck
                                  000f4768         4   unsigned long
      _g_Tick@1.tickHandSensor
                                  000f476c         8   unsigned long
      _g_Tick@1.tickCustom
                                  000f4774        20   unsigned long
    }
  _g_TickKeeper@2
                                  000f4794        14   data ,l         e
    struct Tick_Keeper_s {
                                                  14
      _g_TickKeeper@2.SV1_ON_minutes
                                  000f4794         4   unsigned long
      _g_TickKeeper@2.SV1_OFF_minutes
                                  000f4798         4   unsigned long
      _g_TickKeeper@2.SV2_ON_minutes
                                  000f479c         4   unsigned long
      _g_TickKeeper@2.SV2_OFF_minutes
                                  000f47a0         4   unsigned long
      _g_TickKeeper@2.neutralization
                                  000f47a4         4   unsigned long
    }
  _pre_machine_mode@3
                                  000f47a8         1   data ,l         2
  __settingTime@4
                                  000f47aa        62   data ,l         3
    struct Timer_Setting_s {
                                                  62
      __settingTime@4.t2_flowSensorStartTime_s
                                  000f47aa         4   unsigned long
      __settingTime@4.t3_flowSensorMonitorTime_s
                                  000f47ae         4   unsigned long
      __settingTime@4.t6_drainageOffTime_h
                                  000f47b2         4   unsigned long
      __settingTime@4.t11_overVoltage1Time_s
                                  000f47b6         4   unsigned long
      __settingTime@4.t12_overVoltage2Time_s
                                  000f47ba         4   unsigned long
      __settingTime@4.t13_overVoltage3Time_s
                                  000f47be         4   unsigned long
      __settingTime@4.t14_lowVoltageStartTime_s
                                  000f47c2         4   unsigned long
      __settingTime@4.t15_lowVoltageDelayTime_s
                                  000f47c6         4   unsigned long
      __settingTime@4.t17_solenoidLeakageStartTime_s
                                  000f47ca         4   unsigned long
      __settingTime@4.t51_alkalineWaterSpoutingTime_s
                                  000f47ce         4   unsigned long
      __settingTime@4.t52_acidWaterSpoutingTime_s
                                  000f47d2         4   unsigned long
      __settingTime@4.t53_washingWaterSpoutingTime_s
                                  000f47d6         4   unsigned long
      __settingTime@4.t54_overLapTime_ms
                                  000f47da         4   unsigned long
      __settingTime@4.t56_acidWaterDownTime_s
                                  000f47de         4   unsigned long
      __settingTime@4.t59_alkalineWaterDownTime_s
                                  000f47e2         4   unsigned long
      __settingTime@4.t61_curranCleaningIntervalTime_h
                                  000f47e6         4   unsigned long
      __settingTime@4.t62_callanWashSpoutingTime_s
                                  000f47ea         4   unsigned long
      __settingTime@4.crc
                                  000f47ee         1   char
      __settingTime@4.t26_onDelayLowLevel_s
                                  000f47f0         4   unsigned long
      __settingTime@4.t27_onDelayMediumLevel_s
                                  000f47f4         4   unsigned long
      __settingTime@4.t28_onDelayHighLevel_s
                                  000f47f8         4   unsigned long
      __settingTime@4.t30_offDelayLowLevel_s
                                  000f47fc         4   unsigned long
      __settingTime@4.t31_saltLowLevelDelay_s
                                  000f4800         4   unsigned long
      __settingTime@4.t32_saltHighLevelDelay_s
                                  000f4804         4   unsigned long
      __settingTime@4.t55_waterDischargeDelay_s
                                  000f4808         4   unsigned long
    }
  __settingNumber@5
                                  000f480c        26   data ,l         5
    struct Number_Setting_s {
                                                  26
      __settingNumber@5.upperVoltage1
                                  000f480c         4   float
      __settingNumber@5.upperVoltage2
                                  000f4810         4   float
      __settingNumber@5.upperVoltage3
                                  000f4814         4   float
      __settingNumber@5.lowerVoltage
                                  000f4818         4   float
      __settingNumber@5.upperCurrent
                                  000f481c         4   float
      __settingNumber@5.lowerCurrent
                                  000f4820         4   float
      __settingNumber@5.upperFlow
                                  000f4824         4   float
      __settingNumber@5.lowerFlow
                                  000f4828         4   float
      __settingNumber@5.crc
                                  000f482c         1   char
      __settingNumber@5.cvccCurrent
                                  000f482e         4   float
    }
  _g_callan_clear_flag@6
                                  000f4832         1   data ,l         3
  _g_numberSetting
                                  000f4834        26   data ,g        2c
    struct Number_Setting_s {
                                                  26
      _g_numberSetting.upperVoltage1
                                  000f4834         4   float
      _g_numberSetting.upperVoltage2
                                  000f4838         4   float
      _g_numberSetting.upperVoltage3
                                  000f483c         4   float
      _g_numberSetting.lowerVoltage
                                  000f4840         4   float
      _g_numberSetting.upperCurrent
                                  000f4844         4   float
      _g_numberSetting.lowerCurrent
                                  000f4848         4   float
      _g_numberSetting.upperFlow
                                  000f484c         4   float
      _g_numberSetting.lowerFlow
                                  000f4850         4   float
      _g_numberSetting.crc
                                  000f4854         1   char
      _g_numberSetting.cvccCurrent
                                  000f4856         4   float
    }
  _g_color
                                  000f485a         1   data ,g         d
  _g_pre_color
                                  000f485b         1   data ,g         3
  _g_flow_value
                                  000f485c         4   data ,g         4
  _g_alarm
                                  000f4860         2   data ,g         f
    union  Alarm_Flag_u {
                                                   2
      _g_alarm.refined
                                  000f4860         2
    struct  {
                                                   2
      _g_alarm.refined.overVoltage1
                                  000f4860         1   unsigned char:1(7)
      _g_alarm.refined.overVoltage2
                                  000f4860         1   unsigned char:1(6)
      _g_alarm.refined.overVoltage3
                                  000f4860         1   unsigned char:1(5)
      _g_alarm.refined.overCurrent
                                  000f4860         1   unsigned char:1(4)
      _g_alarm.refined.overFlow
                                  000f4860         1   unsigned char:1(3)
      _g_alarm.refined.underVoltage
                                  000f4860         1   unsigned char:1(2)
      _g_alarm.refined.underCurrent
                                  000f4860         1   unsigned char:1(1)
      _g_alarm.refined.underFlow
                                  000f4860         1   unsigned char:1(0)
      _g_alarm.refined.cvcc
                                  000f4861         1   unsigned char:1(7)
    }
    }
  _g_machine_state
                                  000f4862         8   data ,g        27
    struct Machine_State_u {
                                                   8
      _g_machine_state.akaline
                                  000f4862         1   unsigned char
      _g_machine_state.acid
                                  000f4863         1   unsigned char
      _g_machine_state.water
                                  000f4864         1   unsigned char
      _g_machine_state.handwash
                                  000f4865         1   unsigned char
      _g_machine_state.waterSupply
                                  000f4866         1   unsigned char
      _g_machine_state.flowSensor
                                  000f4867         1   unsigned char
      _g_machine_state.user
                                  000f4868         1   unsigned char
      _g_machine_state.mode
                                  000f4869         1   unsigned char
    }
  _g_io_status
                                  000f486a        12   data ,g        2a
    union  IO_Status_u {
                                                  12
      _g_io_status.refined
                                  000f486a        12
    struct  {
                                                  12
      _g_io_status.refined.AlkalineEmptyLevel
                                  000f486a         1   unsigned char:1(7)
      _g_io_status.refined.AlkalineLowLevel
                                  000f486a         1   unsigned char:1(6)
      _g_io_status.refined.AlkalineHighLevel
                                  000f486a         1   unsigned char:1(5)
      _g_io_status.refined.AcidEmptyLevel
                                  000f486a         1   unsigned char:1(4)
      _g_io_status.refined.AcidLowLevel
                                  000f486a         1   unsigned char:1(3)
      _g_io_status.refined.AcidHighLevel
                                  000f486a         1   unsigned char:1(2)
      _g_io_status.refined.SaltLowLevel
                                  000f486a         1   unsigned char:1(1)
      _g_io_status.refined.SaltHighLevel
                                  000f486a         1   unsigned char:1(0)
      _g_io_status.refined.Valve
                                  000f486b         2
    struct  {
                                                   2
      _g_io_status.refined.Valve.SV1
                                  000f486b         1   unsigned char:1(7)
      _g_io_status.refined.Valve.SV2
                                  000f486b         1   unsigned char:1(6)
      _g_io_status.refined.Valve.SV3
                                  000f486b         1   unsigned char:1(5)
      _g_io_status.refined.Valve.SV4
                                  000f486b         1   unsigned char:1(4)
      _g_io_status.refined.Valve.SV5
                                  000f486b         1   unsigned char:1(3)
      _g_io_status.refined.Valve.SV6
                                  000f486b         1   unsigned char:1(2)
      _g_io_status.refined.Valve.SV7
                                  000f486b         1   unsigned char:1(1)
      _g_io_status.refined.Valve.SV8
                                  000f486b         1   unsigned char:1(0)
      _g_io_status.refined.Valve.SV9
                                  000f486c         1   unsigned char:1(7)
      _g_io_status.refined.Valve.RSVD
                                  000f486c         1   unsigned char:7(0)
    }
      _g_io_status.refined.Pump1
                                  000f486d         1   unsigned char:1(7)
      _g_io_status.refined.Pump2
                                  000f486d         1   unsigned char:1(6)
      _g_io_status.refined.SaltPump
                                  000f486d         1   unsigned char:1(5)
      _g_io_status.refined.RSVD1
                                  000f486d         1   unsigned char:4(1)
      _g_io_status.refined.MachineMode
                                  000f486e         1   unsigned char
      _g_io_status.refined.FlowValue
                                  000f4870         4   float
      _g_io_status.refined.CVCCVoltage
                                  000f4874         4   float
      _g_io_status.refined.CVCCCurrent
                                  000f4878         4   float
    }
    }
  _g_pre_io_status
                                  000f487c        12   data ,g         0
    union  IO_Status_u {
                                                  12
      _g_pre_io_status.refined
                                  000f487c        12
    struct  {
                                                  12
      _g_pre_io_status.refined.AlkalineEmptyLevel
                                  000f487c         1   unsigned char:1(7)
      _g_pre_io_status.refined.AlkalineLowLevel
                                  000f487c         1   unsigned char:1(6)
      _g_pre_io_status.refined.AlkalineHighLevel
                                  000f487c         1   unsigned char:1(5)
      _g_pre_io_status.refined.AcidEmptyLevel
                                  000f487c         1   unsigned char:1(4)
      _g_pre_io_status.refined.AcidLowLevel
                                  000f487c         1   unsigned char:1(3)
      _g_pre_io_status.refined.AcidHighLevel
                                  000f487c         1   unsigned char:1(2)
      _g_pre_io_status.refined.SaltLowLevel
                                  000f487c         1   unsigned char:1(1)
      _g_pre_io_status.refined.SaltHighLevel
                                  000f487c         1   unsigned char:1(0)
      _g_pre_io_status.refined.Valve
                                  000f487d         2
    struct  {
                                                   2
      _g_pre_io_status.refined.Valve.SV1
                                  000f487d         1   unsigned char:1(7)
      _g_pre_io_status.refined.Valve.SV2
                                  000f487d         1   unsigned char:1(6)
      _g_pre_io_status.refined.Valve.SV3
                                  000f487d         1   unsigned char:1(5)
      _g_pre_io_status.refined.Valve.SV4
                                  000f487d         1   unsigned char:1(4)
      _g_pre_io_status.refined.Valve.SV5
                                  000f487d         1   unsigned char:1(3)
      _g_pre_io_status.refined.Valve.SV6
                                  000f487d         1   unsigned char:1(2)
      _g_pre_io_status.refined.Valve.SV7
                                  000f487d         1   unsigned char:1(1)
      _g_pre_io_status.refined.Valve.SV8
                                  000f487d         1   unsigned char:1(0)
      _g_pre_io_status.refined.Valve.SV9
                                  000f487e         1   unsigned char:1(7)
      _g_pre_io_status.refined.Valve.RSVD
                                  000f487e         1   unsigned char:7(0)
    }
      _g_pre_io_status.refined.Pump1
                                  000f487f         1   unsigned char:1(7)
      _g_pre_io_status.refined.Pump2
                                  000f487f         1   unsigned char:1(6)
      _g_pre_io_status.refined.SaltPump
                                  000f487f         1   unsigned char:1(5)
      _g_pre_io_status.refined.RSVD1
                                  000f487f         1   unsigned char:4(1)
      _g_pre_io_status.refined.MachineMode
                                  000f4880         1   unsigned char
      _g_pre_io_status.refined.FlowValue
                                  000f4882         4   float
      _g_pre_io_status.refined.CVCCVoltage
                                  000f4886         4   float
      _g_pre_io_status.refined.CVCCCurrent
                                  000f488a         4   float
    }
    }
  __flow_pulse
                                  000f488e         4   data ,g         8
FILE=.\src\r_cg_rtc_user.obj
                                  000f4892  000f4898         7
  _g_rtc
                                  000f4892         7   data ,g         3
    struct  {
                                                   7
      _g_rtc.sec
                                  000f4892         1   unsigned char
      _g_rtc.min
                                  000f4893         1   unsigned char
      _g_rtc.hour
                                  000f4894         1   unsigned char
      _g_rtc.day
                                  000f4895         1   unsigned char
      _g_rtc.week
                                  000f4896         1   unsigned char
      _g_rtc.month
                                  000f4897         1   unsigned char
      _g_rtc.year
                                  000f4898         1   unsigned char
    }
FILE=.\src\r_cg_serial.obj
                                  000f489a  000f48cf        36
  _gp_uart1_tx_address
                                  000f489a         2   data ,g         5
  _g_uart1_tx_count
                                  000f489c         2   data ,g         4
  _gp_uart1_rx_address
                                  000f489e         2   data ,g         3
  _g_uart1_rx_count
                                  000f48a0         2   data ,g         4
  _g_uart1_rx_length
                                  000f48a2         2   data ,g         3
  _gp_csi00_rx_address
                                  000f48a4         2   data ,g         0
  _g_csi00_rx_length
                                  000f48a6         2   data ,g         0
  _g_csi00_rx_count
                                  000f48a8         2   data ,g         0
  _gp_csi00_tx_address
                                  000f48aa         2   data ,g         6
  _g_csi00_send_length
                                  000f48ac         2   data ,g         0
  _g_csi00_tx_count
                                  000f48ae         2   data ,g         4
  _gp_csi01_rx_address
                                  000f48b0         2   data ,g         5
  _g_csi01_rx_length
                                  000f48b2         2   data ,g         1
  _g_csi01_rx_count
                                  000f48b4         2   data ,g         1
  _gp_csi01_tx_address
                                  000f48b6         2   data ,g         7
  _g_csi01_send_length
                                  000f48b8         2   data ,g         0
  _g_csi01_tx_count
                                  000f48ba         2   data ,g         7
  _gp_uart2_tx_address
                                  000f48bc         2   data ,g         5
  _g_uart2_tx_count
                                  000f48be         2   data ,g         4
  _gp_uart2_rx_address
                                  000f48c0         2   data ,g         3
  _g_uart2_rx_count
                                  000f48c2         2   data ,g         4
  _g_uart2_rx_length
                                  000f48c4         2   data ,g         3
  _gp_uart3_tx_address
                                  000f48c6         2   data ,g         5
  _g_uart3_tx_count
                                  000f48c8         2   data ,g         4
  _gp_uart3_rx_address
                                  000f48ca         2   data ,g         3
  _g_uart3_rx_count
                                  000f48cc         2   data ,g         4
  _g_uart3_rx_length
                                  000f48ce         2   data ,g         3
FILE=.\src\r_cg_serial_user.obj
                                  000f48d0  000f492c        5d
  _send_response_flag
                                  000f48d0         1   data ,g         0
  _send_response_time_flag
                                  000f48d1         1   data ,g         0
  _send_response_number_flag
                                  000f48d2         1   data ,g         0
  _recived_time_setting_flag
                                  000f48d3         1   data ,g         0
  _send_respone_status_flag
                                  000f48d4         1   data ,g         0
  _recived_number_setting_flag
                                  000f48d5         1   data ,g         0
  _commnunication_flag
                                  000f48d6         6   data ,g        18
    struct Communicaition_flag_s {
                                                   6
      _commnunication_flag.send_response_flag
                                  000f48d6         1   unsigned char
      _commnunication_flag.send_response_time_flag
                                  000f48d7         1   unsigned char
      _commnunication_flag.send_response_number_flag
                                  000f48d8         1   unsigned char
      _commnunication_flag.recived_number_setting_flag
                                  000f48d9         1   unsigned char
      _commnunication_flag.recived_time_setting_flag
                                  000f48da         1   unsigned char
      _commnunication_flag.send_respone_status_flag
                                  000f48db         1   unsigned char
    }
  _g_csi_count
                                  000f48dc         1   data ,g         0
  _g_csi_err
                                  000f48dd         1   data ,g         0
  _g_csi_send_end
                                  000f48de         1   data ,g         1
  _g_csi_rev_end
                                  000f48df         1   data ,g         3
  _g_uart1_send
                                  000f48e0         1   data ,g         0
  _g_uart2_sendend
                                  000f48e1         1   data ,g         c
  _g_uart2_receive
                                  000f48e2         1   data ,g         1
  _g_rx_data
                                  000f48e3        48   data ,g        1c
  _g_uart2_fault
                                  000f492b         1   data ,g         3
  _g_uart3_sendend
                                  000f492c         1   data ,g         3
FILE=.\src\r_cg_timer_user.obj
                                  000f492e  000f4935         8
  _timer0_ch0_flag
                                  000f492e         1   data ,g         1
  _timer0_ch1_flag
                                  000f492f         1   data ,g         1
  _timer0_ch2_flag
                                  000f4930         1   data ,g         1
  _g_systemTime
                                  000f4932         4   data ,g        3a
FILE=.\src\r_main.obj
                                  000f4936  000f4a5a       125
  _g_Tick@1
                                  000f4936        68   data ,l         9
    struct Tick_s {
                                                  68
      _g_Tick@1.tick500ms
                                  000f4936         4   unsigned long
      _g_Tick@1.tick1s
                                  000f493a         4   unsigned long
      _g_Tick@1.tick5s
                                  000f493e         4   unsigned long
      _g_Tick@1.tickBlink
                                  000f4942         4   unsigned long
      _g_Tick@1.tickAlkaline
                                  000f4946         4   unsigned long
      _g_Tick@1.tickAcid
                                  000f494a         4   unsigned long
      _g_Tick@1.tickWater
                                  000f494e         4   unsigned long
      _g_Tick@1.tickHandWash
                                  000f4952         4   unsigned long
      _g_Tick@1.tickWaterSupply
                                  000f4956         4   unsigned long
      _g_Tick@1.tickFlowMeasurment
                                  000f495a         4   unsigned long
      _g_Tick@1.tickDebouceHandSensor
                                  000f495e         4   unsigned long
      _g_Tick@1.tickVoltage1Check
                                  000f4962         4   unsigned long
      _g_Tick@1.tickVoltage2Check
                                  000f4966         4   unsigned long
      _g_Tick@1.tickVoltage3Check
                                  000f496a         4   unsigned long
      _g_Tick@1.tickVoltageLowCheck
                                  000f496e         4   unsigned long
      _g_Tick@1.tickCurrentCheck
                                  000f4972         4   unsigned long
      _g_Tick@1.tickHandSensor
                                  000f4976         8   unsigned long
      _g_Tick@1.tickCustom
                                  000f497e        20   unsigned long
    }
  _g_TickKeeper@2
                                  000f499e        14   data ,l        18
    struct Tick_Keeper_s {
                                                  14
      _g_TickKeeper@2.SV1_ON_minutes
                                  000f499e         4   unsigned long
      _g_TickKeeper@2.SV1_OFF_minutes
                                  000f49a2         4   unsigned long
      _g_TickKeeper@2.SV2_ON_minutes
                                  000f49a6         4   unsigned long
      _g_TickKeeper@2.SV2_OFF_minutes
                                  000f49aa         4   unsigned long
      _g_TickKeeper@2.neutralization
                                  000f49ae         4   unsigned long
    }
  _g_e_status
                                  000f49b2         1   data ,g         0
    union  EEPROM_status_u {
                                                   1
      _g_e_status.refined
                                  000f49b2         1
    struct  {
                                                   1
      _g_e_status.refined.RB
                                  000f49b2         1   unsigned char:1(7)
      _g_e_status.refined.WEN
                                  000f49b2         1   unsigned char:1(6)
      _g_e_status.refined.BP
                                  000f49b2         1   unsigned char:2(4)
      _g_e_status.refined.RSVD
                                  000f49b2         1   unsigned char:3(1)
      _g_e_status.refined.WPEN
                                  000f49b2         1   unsigned char:1(0)
    }
      _g_e_status.raw
                                  000f49b2         1   unsigned char
    }
  _ret_number_setting
                                  000f49b4        26   data ,g         0
    struct Number_Setting_s {
                                                  26
      _ret_number_setting.upperVoltage1
                                  000f49b4         4   float
      _ret_number_setting.upperVoltage2
                                  000f49b8         4   float
      _ret_number_setting.upperVoltage3
                                  000f49bc         4   float
      _ret_number_setting.lowerVoltage
                                  000f49c0         4   float
      _ret_number_setting.upperCurrent
                                  000f49c4         4   float
      _ret_number_setting.lowerCurrent
                                  000f49c8         4   float
      _ret_number_setting.upperFlow
                                  000f49cc         4   float
      _ret_number_setting.lowerFlow
                                  000f49d0         4   float
      _ret_number_setting.crc
                                  000f49d4         1   char
      _ret_number_setting.cvccCurrent
                                  000f49d6         4   float
    }
  _flow_p
                                  000f49da         1   data ,g         1
  _salt_h_p
                                  000f49db         1   data ,g         0
  _g_eeprom_wren
                                  000f49dc         1   data ,g         0
  _receive_data
                                  000f49dd         2   data ,g         0
  _receive_setting
                                  000f49e0        26   data ,g         0
    struct Number_Setting_s {
                                                  26
      _receive_setting.upperVoltage1
                                  000f49e0         4   float
      _receive_setting.upperVoltage2
                                  000f49e4         4   float
      _receive_setting.upperVoltage3
                                  000f49e8         4   float
      _receive_setting.lowerVoltage
                                  000f49ec         4   float
      _receive_setting.upperCurrent
                                  000f49f0         4   float
      _receive_setting.lowerCurrent
                                  000f49f4         4   float
      _receive_setting.upperFlow
                                  000f49f8         4   float
      _receive_setting.lowerFlow
                                  000f49fc         4   float
      _receive_setting.crc
                                  000f4a00         1   char
      _receive_setting.cvccCurrent
                                  000f4a02         4   float
    }
  _set
                                  000f4a06         1   data ,g         0
    union  EEPROM_status_u {
                                                   1
      _set.refined
                                  000f4a06         1
    struct  {
                                                   1
      _set.refined.RB
                                  000f4a06         1   unsigned char:1(7)
      _set.refined.WEN
                                  000f4a06         1   unsigned char:1(6)
      _set.refined.BP
                                  000f4a06         1   unsigned char:2(4)
      _set.refined.RSVD
                                  000f4a06         1   unsigned char:3(1)
      _set.refined.WPEN
                                  000f4a06         1   unsigned char:1(0)
    }
      _set.raw
                                  000f4a06         1   unsigned char
    }
  _rx_data
                                  000f4a08         c   data ,g         0
  _data_f
                                  000f4a14         4   data ,g         0
  _data_f_test
                                  000f4a18         4   data ,g         0
    union  byte_to_float {
                                                   4
      _data_f_test.refined
                                  000f4a18         4
    struct  {
                                                   4
      _data_f_test.refined.b
                                  000f4a18         4   unsigned char
    }
      _data_f_test.raw
                                  000f4a18         4   float
    }
  _g_control_buffer
                                  000f4a1c         6   data ,g         a
    struct UART_Buffer_s {
                                                   6
      _g_control_buffer.head
                                  000f4a1c         1   unsigned char
      _g_control_buffer.set_number
                                  000f4a1d         1   unsigned char
      _g_control_buffer.set_value
                                  000f4a1e         4   unsigned long
    }
  _handsensor_status
                                  000f4a22         1   data ,g         0
    union   {
                                                   1
      _handsensor_status.
                                  000f4a22         1
    struct  {
                                                   1
      _handsensor_status..up_signal
                                  000f4a22         1   unsigned char
    }
      _handsensor_status.status
                                  000f4a22         1   unsigned char
    }
  _g_handsensor_status
                                  000f4a23         2   data ,g         3
  _rec_buf
                                  000f4a25         c   data ,g         5
  _g_crc
                                  000f4a31         8   data ,g         2
  _g_crc_32
                                  000f4a3a        20   data ,g         0
  _rx_count
                                  000f4a5a         1   data ,g         3

SECTION=.dataR
FILE=.\src\main.obj
                                  000f4a5c  000f4abf        64
  _g_timerSetting
                                  000f4a5c        62   data ,g        4e
    struct Timer_Setting_s {
                                                  62
      _g_timerSetting.t2_flowSensorStartTime_s
                                  000f4a5c         4   unsigned long
      _g_timerSetting.t3_flowSensorMonitorTime_s
                                  000f4a60         4   unsigned long
      _g_timerSetting.t6_drainageOffTime_h
                                  000f4a64         4   unsigned long
      _g_timerSetting.t11_overVoltage1Time_s
                                  000f4a68         4   unsigned long
      _g_timerSetting.t12_overVoltage2Time_s
                                  000f4a6c         4   unsigned long
      _g_timerSetting.t13_overVoltage3Time_s
                                  000f4a70         4   unsigned long
      _g_timerSetting.t14_lowVoltageStartTime_s
                                  000f4a74         4   unsigned long
      _g_timerSetting.t15_lowVoltageDelayTime_s
                                  000f4a78         4   unsigned long
      _g_timerSetting.t17_solenoidLeakageStartTime_s
                                  000f4a7c         4   unsigned long
      _g_timerSetting.t51_alkalineWaterSpoutingTime_s
                                  000f4a80         4   unsigned long
      _g_timerSetting.t52_acidWaterSpoutingTime_s
                                  000f4a84         4   unsigned long
      _g_timerSetting.t53_washingWaterSpoutingTime_s
                                  000f4a88         4   unsigned long
      _g_timerSetting.t54_overLapTime_ms
                                  000f4a8c         4   unsigned long
      _g_timerSetting.t56_acidWaterDownTime_s
                                  000f4a90         4   unsigned long
      _g_timerSetting.t59_alkalineWaterDownTime_s
                                  000f4a94         4   unsigned long
      _g_timerSetting.t61_curranCleaningIntervalTime_h
                                  000f4a98         4   unsigned long
      _g_timerSetting.t62_callanWashSpoutingTime_s
                                  000f4a9c         4   unsigned long
      _g_timerSetting.crc
                                  000f4aa0         1   char
      _g_timerSetting.t26_onDelayLowLevel_s
                                  000f4aa2         4   unsigned long
      _g_timerSetting.t27_onDelayMediumLevel_s
                                  000f4aa6         4   unsigned long
      _g_timerSetting.t28_onDelayHighLevel_s
                                  000f4aaa         4   unsigned long
      _g_timerSetting.t30_offDelayLowLevel_s
                                  000f4aae         4   unsigned long
      _g_timerSetting.t31_saltLowLevelDelay_s
                                  000f4ab2         4   unsigned long
      _g_timerSetting.t32_saltHighLevelDelay_s
                                  000f4ab6         4   unsigned long
      _g_timerSetting.t55_waterDischargeDelay_s
                                  000f4aba         4   unsigned long
    }
  _g_electrolytic_flag
                                  000f4abe         1   data ,g         2
  __pre_flow_state
                                  000f4abf         1   data ,g         2
FILE=.\src\r_main.obj
                                  000f4ac0  000f4ad9        1a
  _g_error
                                  000f4ac0         2   data ,g         0
  _g_adc_ch
                                  000f4ac2         2   data ,g         0
  _led_st
                                  000f4ac4         1   data ,g         2
  _send_data
                                  000f4ac5         2   data ,g         0
  _this_size
                                  000f4ac7         1   data ,g         0
  _this_size_2
                                  000f4ac8         1   data ,g         0
  _send_buf
                                  000f4ac9         7   data ,g         0
  _data_crc
                                  000f4ad0         8   data ,g         0
  _dac_out
                                  000f4ad8         2   data ,g         2

Absolute value symbols
FILE=rlink_generates_05
  __s.text
                                  00000156         0   none ,g         0
  __e.text
                                  00000470         0   none ,g         0
  __s.textf
                                  00000470         0   none ,g         0
  __e.textf
                                  00002718         0   none ,g         0
  __s.const
                                  00003000         0   none ,g         0
  __e.const
                                  00003505         0   none ,g         0
  __s.constf
                                  00000080         0   none ,g         0
  __e.constf
                                  00000080         0   none ,g         0
  __s.data
                                  000000d8         0   none ,g         0
  __e.data
                                  00000156         0   none ,g         0
  __s.sdata
                                  00000080         0   none ,g         0
  __e.sdata
                                  00000080         0   none ,g         0
  __s.bss
                                  000f4700         0   none ,g         0
  __e.bss
                                  000f4a5b         0   none ,g         0
  __s.sbss
                                  000ffe20         0   none ,g         0
  __e.sbss
                                  000ffe20         0   none ,g         0
  __s.dataR
                                  000f4a5c         0   none ,g         0
  __e.dataR
                                  000f4ada         0   none ,g         0
  __s.sdataR
                                  000ffe20         0   none ,g         0
  __e.sdataR
                                  000ffe20         0   none ,g         0
  __s.RLIB
                                  00002718         0   none ,g         0
  __e.RLIB
                                  00002c13         0   none ,g         0
  __s.SLIB
                                  000000c4         0   none ,g         0
  __e.SLIB
                                  000000c4         0   none ,g         0
  __s.option_byte
                                  000000c0         0   none ,g         0
  __e.option_byte
                                  000000c4         0   none ,g         0
  __s.monitor1
                                  000000ce         0   none ,g         0
  __e.monitor1
                                  000000d8         0   none ,g         0
  __s.monitor2
                                  0007fe00         0   none ,g         0
  __e.monitor2
                                  00080000         0   none ,g         0
  __s.security_id
                                  000000c4         0   none ,g         0
  __e.security_id
                                  000000ce         0   none ,g         0
  __s.vect
                                  00000000         0   none ,g         0
  __e.vect
                                  00000080         0   none ,g         0
  __RAM_ADDR_START
                                  000f3f00         0   none ,g         0
  __RAM_ADDR_END
                                  000ffee0         0   none ,g         0
  __STACK_ADDR_START
                                  000ffe20         0   none ,g         1
  __STACK_ADDR_END
                                  000f4ada         0   none ,g         1

*** Unfilled Areas ***

AREA                                START    END

*** Delete Symbols ***

SYMBOL                                SIZE    INFO

*** Variable Vector Table List ***

ADDRESS  SYMBOL/ADDRESS
00       _start
02       ffff
04       _r_wdt_interrupt@1
06       
08       
0a       
0c       
0e       
10       
12       
14       _r_uart2_interrupt_send@1
16       _r_uart2_interrupt_receive@1
18       
1a       
1c       
1e       _r_csi00_interrupt@1
20       _r_csi01_interrupt@1
22       
24       _r_uart1_interrupt_send@1
26       _r_uart1_interrupt_receive@1
28       
2a       
2c       _r_tau0_channel0_interrupt@1
2e       _r_tau0_channel1_interrupt@1
30       _r_tau0_channel2_interrupt@1
32       
34       _r_adc_interrupt@1
36       
38       
3a       
3c       _r_uart3_interrupt_send@1
3e       _r_uart3_interrupt_receive@1
40       
42       
44       
46       
48       
4a       
4c       
4e       
50       
52       
54       
56       
58       
5a       
5c       
5e       
60       
62       
64       
66       
68       
6a       
6c       
6e       
70       
72       
74       
76       
78       
7a       
7c       
7e       

*** Cross Reference List ***

No   Unit Name   Global.Symbol   Location External Infomation
---- ----------- --------------- -------- ---------------------
0001 cstart
     SECTION=.text
                 _start
                                 00000156
                 _exit
                                 000001ae 0001(000001af:.text)
     SECTION=.textf
     SECTION=.const
     SECTION=.constf
     SECTION=.data
     SECTION=.sdata
     SECTION=.bss
     SECTION=.sbss
     SECTION=.dataR
     SECTION=.sdataR
     SECTION=.RLIB
     SECTION=.SLIB
     SECTION=.dataR
     SECTION=.sdataR
0002 stkinit
     SECTION=.textf
                 _stkinit
                                 00000470 0001(0000015e:.text)
0003 EEPROM
     SECTION=.textf
                 _EEPROM_Init
                                 000004b4 0024(000023b7:.textf)
                 _rEE_Status
                                 000004df 0003(00000549:.textf)
                                          0003(00000574:.textf)
                                          0003(000005b9:.textf)
                                          0003(000005ef:.textf)
                                          0003(0000062b:.textf)
                                          0003(00000685:.textf)
                 _sEE_WriteEnable
                                 000004fa 0003(00000579:.textf)
                                          0003(000005e4:.textf)
                                          0003(0000070e:.textf)
                 _sEE_WriteDisable
                                 0000050c
                 _EE_SPI_Write
                                 0000051e 0007(00000b11:.textf)
                                          0007(00000b8b:.textf)
                 _EE_SPI_Read
                                 00000600 0024(000023c2:.textf)
                                          0024(000023cf:.textf)
                 _sEE_Block
                                 000006ba
                 _sEE_SendInstruction
                                 000006cb
                 _sEE_SendReceiveInstruction
                                 000006ce
                 _EE_TransmitData
                                 000006d2 0003(000004f1:.textf)
                                          0003(00000508:.textf)
                                          0003(0000051a:.textf)
                                          0003(00000583:.textf)
                                          0003(000005fe:.textf)
                                          0003(00000639:.textf)
                                          0003(00000696:.textf)
                                          0003(000006cd:.textf)
                                          0003(000006d1:.textf)
                                          0003(00000715:.textf)
                 _sEE_WriteStatusRegister
                                 000006fe 0003(000004dd:.textf)
                                          0003(000006ca:.textf)
     SECTION=.bss
                 _eeprom_status
                                 000f4700 0003(000004d3:.textf)
                                          0003(000004d8:.textf)
                                          0003(000004f6:.textf)
                                          0003(0000054c:.textf)
                                          0003(0000056e:.textf)
                                          0003(000005bc:.textf)
                                          0003(000005e9:.textf)
                                          0003(0000062e:.textf)
                                          0003(00000688:.textf)
                                          0003(000006c2:.textf)
                                          0003(000006c7:.textf)
                                          0003(00000700:.textf)
                 _spi_flag
                                 000f4702 0003(000004c7:.textf)
                                          0003(000006d3:.textf)
                                          0003(000006f1:.textf)
                 _buf
                                 000f4704 0003(00000523:.textf)
                                          0003(00000528:.textf)
                                          0003(00000540:.textf)
                                          0003(00000563:.textf)
                                          0003(00000580:.textf)
                                          0003(00000586:.textf)
                                          0003(0000059c:.textf)
                                          0003(000005dc:.textf)
                                          0003(000005f9:.textf)
                                          0003(00000605:.textf)
                                          0003(0000060a:.textf)
                                          0003(00000622:.textf)
                                          0003(00000636:.textf)
                                          0003(00000649:.textf)
                                          0003(00000655:.textf)
                                          0003(0000066b:.textf)
                                          0003(00000693:.textf)
                                          0003(000006af:.textf)
     SECTION=.const
0004 crc32
     SECTION=.textf
                 _xcrc32
                                 00000719
                 _CRC32
                                 00000767
     SECTION=.const
                 _crc32_table
                                 00003002 0004(00000739:.textf)
                                          0004(00000784:.textf)
0005 crc8
     SECTION=.textf
                 _crc8_4
                                 000007b8 0024(00002534:.textf)
                 _crc8_1
                                 000007fb 0007(00000a27:.textf)
                                          0007(00000a5a:.textf)
                                          0007(00000ae5:.textf)
                                          0007(00000b61:.textf)
                                          0024(00002540:.textf)
     SECTION=.const
0006 interrupt_handle
     SECTION=.textf
                 _adc_int_handle
                                 00000818 0009(000001bb:.text)
     SECTION=.bss
                 _g_adc_value
                                 000f4728 0006(00000821:.textf)
                                          0006(00000828:.textf)
                                          0006(0000085a:.textf)
                                          0006(00000861:.textf)
0007 main
     SECTION=.textf
                 _handSensorLED
                                 00000894 0007(00001399:.textf)
                                          0007(000013f8:.textf)
                                          0007(00001452:.textf)
                                          0007(000014b6:.textf)
                                          0007(000014fc:.textf)
                                          0007(0000153c:.textf)
                                          0007(000015a7:.textf)
                                          0007(000015e1:.textf)
                                          0007(0000164c:.textf)
                                          0007(000016aa:.textf)
                                          0007(000016db:.textf)
                                          0024(00002412:.textf)
                                          0024(00002421:.textf)
                 _setting_default
                                 000008c4
                 _sendToRasPi
                                 0000096c 0007(00000af8:.textf)
                                          0007(00000b19:.textf)
                                          0007(00000b74:.textf)
                                          0007(00000b93:.textf)
                                          0007(00000d09:.textf)
                                          0007(00000e29:.textf)
                                          0007(00000ec6:.textf)
                                          0007(00000f5e:.textf)
                                          0007(00001036:.textf)
                                          0007(000010ed:.textf)
                                          0007(000011a7:.textf)
                                          0007(00001207:.textf)
                                          0007(00001287:.textf)
                                          0007(00001298:.textf)
                                          0007(000012aa:.textf)
                                          0007(000012e6:.textf)
                                          0007(00001325:.textf)
                                          0007(00001404:.textf)
                                          0007(0000145b:.textf)
                                          0007(00001739:.textf)
                 _sendToWaterSolfner
                                 0000099f
                 _RaspberryResponse_nostop
                                 000009c7 0024(0000241a:.textf)
                 _InitialOperationModeStart
                                 00000b9b 0007(000016e4:.textf)
                 _FlowSensorCheck
                                 00000c7e
                 _nostop_WaterSupplyOperation
                                 00000d0e 0007(000016ea:.textf)
                 _stop_waitAlarmConfirm
                                 00000d70 0007(00000e35:.textf)
                                          0007(00000f63:.textf)
                                          0007(0000103b:.textf)
                                          0007(000011ac:.textf)
                                          0007(0000120c:.textf)
                 _nostop_waitAlarmConfirm
                                 00000d91
                 _Voltage1Check_waitReset
                                 00000da9 0007(000011c9:.textf)
                 _Voltage2Check_loop
                                 00000e4c 0007(000011cf:.textf)
                 _Voltage3Check_waitReset
                                 00000eda 0007(000011d2:.textf)
                 _LowVoltageCheck_waitReset
                                 00000f7a 0007(000011d8:.textf)
                 _OverCurrentCheck_waitReset
                                 00001052 0007(000011de:.textf)
                 _ElectrolyticOperation
                                 000011c5 0007(0000173f:.textf)
                 _solenoidCheck
                                 00001214
                 _saltWaterTankFullCheck
                                 0000128a
                 _saltWaterTankEmptyCheck
                                 0000129d
                 _acidWaterTankSkipCheck
                                 000012ad
                 _alkalineWaterTankSkipCheck
                                 000012e8
                 _FilterReplacementCheck
                                 00001327
                 _ElectrolyzeWaterGeneration
                                 00001329 0007(00001747:.textf)
                 _WaterWashingMode_nostop
                                 00001359
[...]
                                          0007(00000e45:.textf)
                                          0007(00000ec9:.textf)
                                          0007(00000ecf:.textf)
                                          0007(00000f6d:.textf)
                                          0007(00000f73:.textf)
                                          0007(00000f7d:.textf)
                                          0007(00000f99:.textf)
                                          0007(00001045:.textf)
                                          0007(0000104b:.textf)
                                          0007(00001055:.textf)
                                          0007(00001058:.textf)
                                          0007(0000105b:.textf)
                                          0007(0000105e:.textf)
                                          0007(000011b6:.textf)
                                          0007(000011bc:.textf)
                                          0007(00001373:.textf)
                                          0007(00001379:.textf)
                                          0007(000013d0:.textf)
                                          0007(000013d6:.textf)
                                          0007(00001528:.textf)
                                          0007(0000152e:.textf)
                                          0007(000015cb:.textf)
                                          0007(000015d1:.textf)
                                          0007(00001674:.textf)
                                          0007(0000167d:.textf)
                                          0007(00001762:.textf)
                                          0007(00001765:.textf)
                                          0007(0000178d:.textf)
                                          0007(00001792:.textf)
                                          0021(0000044c:.text)
                                          0021(00000454:.text)
                                          0021(00000457:.text)
                                          0021(0000045b:.text)
                                          0024(00002461:.textf)
                                          0024(00002467:.textf)
                                          0024(00002573:.textf)
                                          0024(00002579:.textf)
                                          0026(00002623:.textf)
                                          0026(00002628:.textf)
                                          0026(00002657:.textf)
                                          0026(0000265e:.textf)
                                          0026(00002665:.textf)
                                          0026(0000266d:.textf)
                                          0026(000026a2:.textf)
                                          0026(000026a7:.textf)
                                          0026(000026c3:.textf)
                                          0026(000026c9:.textf)
                                          0026(000026dc:.textf)
                                          0026(000026e1:.textf)
                                          0026(0000270a:.textf)
                                          0026(00002710:.textf)
     SECTION=.text
0022 r_cg_wdt
     SECTION=.textf
                 _R_WDT_Create
                                 00002354 0025(00002609:.textf)
                 _R_WDT_Restart
                                 00002365 0007(000009e5:.textf)
                                          0007(00000a0c:.textf)
                                          0007(00000a3f:.textf)
                                          0007(00000a72:.textf)
                                          0007(00000c75:.textf)
                                          0007(00000d64:.textf)
                                          0007(00000d84:.textf)
                                          0007(00001189:.textf)
                                          0007(000011e9:.textf)
                                          0007(000017f6:.textf)
                                          0024(0000257f:.textf)
                                          0026(00002694:.textf)
0023 r_cg_wdt_user
     SECTION=.text
0024 r_main
     SECTION=.textf
                 _nostop_checkHandSensor
                                 00002369
                 _readHS
                                 0000239a
                 _main
                                 000023af 0001(000001aa:.text)
                 _R_MAIN_UserInit
                                 00002585 0024(000023b0:.textf)
     SECTION=.bss
                 _g_e_status
                                 000f49b2
                 _ret_number_setting
                                 000f49b4
                 _flow_p
                                 000f49da 0024(0000248e:.textf)
                 _salt_h_p
                                 000f49db
                 _g_eeprom_wren
                                 000f49dc
                 _receive_data
                                 000f49dd
                 _receive_setting
                                 000f49e0
                 _set
                                 000f4a06
                 _rx_data
                                 000f4a08
                 _data_f
                                 000f4a14
                 _data_f_test
                                 000f4a18
                 _g_control_buffer
                                 000f4a1c 0007(00000976:.textf)
                                          0007(0000097a:.textf)
                                          0007(00000984:.textf)
                                          0007(00000989:.textf)
                                          0007(0000098f:.textf)
                                          0007(000009a1:.textf)
                                          0007(000009a5:.textf)
                                          0007(000009a9:.textf)
                                          0007(000009ad:.textf)
                                          0007(000009b8:.textf)
                 _handsensor_status
                                 000f4a22
                 _g_handsensor_status
                                 000f4a23 0024(0000237f:.textf)
                                          0024(00002386:.textf)
                                          0024(0000238f:.textf)
                 _rec_buf
                                 000f4a25 0019(00002213:.textf)
                                          0019(0000221a:.textf)
                                          0019(0000222e:.textf)
                                          0019(00002238:.textf)
                                          0024(00002403:.textf)
                 _g_crc
                                 000f4a31 0024(00002538:.textf)
                                          0024(00002544:.textf)
                 _g_crc_32
                                 000f4a3a
                 _rx_count
                                 000f4a5a 0007(000009f8:.textf)
                                          0007(00000a1f:.textf)
                                          0007(00000a52:.textf)
     SECTION=.dataR
                 _g_error
                                 000f4ac0
                 _g_adc_ch
                                 000f4ac2
                 _led_st
                                 000f4ac4 0024(00002521:.textf)
                                          0024(00002529:.textf)
                 _send_data
                                 000f4ac5
                 _this_size
                                 000f4ac7
                 _this_size_2
                                 000f4ac8
                 _send_buf
                                 000f4ac9
                 _data_crc
                                 000f4ad0
                 _dac_out
                                 000f4ad8 0024(00002547:.textf)
                                          0024(0000254e:.textf)
     SECTION=.data
0025 r_systeminit
     SECTION=.textf
                 _R_Systeminit
                                 000025e6 0025(0000261c:.textf)
                 _hdwinit
                                 00002618 0001(00000162:.text)
0026 usr_timer
     SECTION=.textf
                 _delay_ms
                                 0000261d 0007(00001259:.textf)
                                          0024(000023a5:.textf)
                                          0024(0000247b:.textf)
                                          0026(00002691:.textf)
                 _delay
                                 00002685 0007(00001780:.textf)
                 _ns_delay_ms
                                 0000269d 0007(00000c1f:.textf)
                                          0007(00000c53:.textf)
                                          0007(00000d41:.textf)
                                          0007(00000e09:.textf)
                                          0007(00000eac:.textf)
                                          0007(00000f3a:.textf)
                                          0007(0000100f:.textf)
                                          0007(00001181:.textf)
                                          0007(000013eb:.textf)
                                          0007(0000142e:.textf)
                                          0007(00001446:.textf)
                                          0007(00001473:.textf)
                                          0007(000014a9:.textf)
                                          0007(000014c7:.textf)
                                          0007(000014f0:.textf)
                                          0007(00001547:.textf)
                                          0007(00001570:.textf)
                                          0007(00001598:.textf)
                                          0007(000015ec:.textf)
                                          0007(00001615:.textf)
                                          0007(0000163d:.textf)
                                          0007(00001696:.textf)
                                          0007(000016c9:.textf)
                                          0007(000017be:.textf)
                                          0007(000018be:.textf)
                                          0024(00002377:.textf)
                                          0024(00002431:.textf)
                                          0024(00002499:.textf)
                                          0024(00002519:.textf)
                                          0024(00002566:.textf)
                 _non_block_delay
                                 000026d2
                 _mTask
                                 000026d4
0027 memcpy
     SECTION=.RLIB
                 _memcpy
                                 00002718 0007(00000b04:.textf)
                                          0007(00000b80:.textf)
                                          0024(000023e5:.textf)
0028 _COM_faddsub
     SECTION=.RLIB
                 __COM_fsub
                                 00002785
                 __COM_fadd
                                 0000278d 0007(000017e3:.textf)
                                          0007(00001895:.textf)
0029 _COM_fdiv
     SECTION=.RLIB
                 __COM_fdiv
                                 000028c3 0007(00001824:.textf)
                                          0007(00001840:.textf)
                                          0007(000018fb:.textf)
                                          0007(00001917:.textf)
0030 _COM_fge
     SECTION=.RLIB
                 __COM_fge
                                 00002992 0007(00000ce7:.textf)
                                          0007(0000108c:.textf)
                                          0007(0000171a:.textf)
0031 _COM_fgt
     SECTION=.RLIB
                 __COM_fgt
                                 000029a8 0007(00000fdc:.textf)
                                          0007(000010ba:.textf)
                                          0007(0000111a:.textf)
0032 _COM_fle
     SECTION=.RLIB
                 __COM_fle
                                 000029be 0007(00000cab:.textf)
                                          0007(00001241:.textf)
0033 _COM_flt
     SECTION=.RLIB
                 __COM_flt
                                 000029d4 0007(00000dd6:.textf)
                                          0007(00000e79:.textf)
                                          0007(00000f07:.textf)
                                          0007(00001162:.textf)
0034 _COM_fmul
     SECTION=.RLIB
                 __COM_fmul
                                 00002a35 0006(00000838:.textf)
                                          0006(00000846:.textf)
                                          0006(00000871:.textf)
                                          0006(0000087f:.textf)
                                          0007(00001808:.textf)
                                          0007(00001816:.textf)
                                          0007(000018df:.textf)
                                          0007(000018ed:.textf)
0035 _COM_ftoul
     SECTION=.RLIB
                 __COM_ftoul
                                 00002ad7 0007(00000972:.textf)
                                          0007(00000e1b:.textf)
                                          0007(00000f50:.textf)
                                          0007(00001028:.textf)
                                          0007(000010df:.textf)
                                          0007(00001199:.textf)
0036 _COM_funordered
     SECTION=.RLIB
                 __COM_funordered
                                 00002ae3 0007(00000c98:.textf)
                                          0007(00000cd4:.textf)
                                          0007(00000dc3:.textf)
                                          0007(00000e66:.textf)
                                          0007(00000ef4:.textf)
                                          0007(00000fc9:.textf)
                                          0007(000010a7:.textf)
                                          0007(00001107:.textf)
                                          0007(0000114f:.textf)
                                          0007(00001707:.textf)
0037 _COM_ultof
     SECTION=.RLIB
                 __COM_ultof
                                 00002aee 0006(0000082c:.textf)
                                          0006(00000865:.textf)
                                          0007(00000e1f:.textf)
                                          0007(00000f54:.textf)
                                          0007(0000102c:.textf)
                                          0007(000010e3:.textf)
                                          0007(0000119d:.textf)
                                          0007(00001835:.textf)
                                          0007(0000190c:.textf)
0038 _REL_fcmp
     SECTION=.RLIB
                 __REL_fcmp
                                 00002af4 0030(0000299c:.RLIB)
                                          0031(000029b2:.RLIB)
                                          0032(000029c8:.RLIB)
                                          0033(000029de:.RLIB)
0039 _REL_fordered_core
     SECTION=.RLIB
                 __REL_fordered_core
                                 00002b2c 0030(00002995:.RLIB)
                                          0031(000029ab:.RLIB)
                                          0032(000029c1:.RLIB)
                                          0033(000029d7:.RLIB)
                                          0036(00002ae6:.RLIB)
0040 _REL_ftol
     SECTION=.RLIB
                 __REL_ftol
                                 00002b48 0035(00002add:.RLIB)
0041 _REL_f_inf
     SECTION=.RLIB
                 __REL_f_inf
                                 00002b7d 0028(0000281c:.RLIB)
                                          0029(000028ad:.RLIB)
                                          0029(0000294d:.RLIB)
                                          0034(00002a07:.RLIB)
                                          0034(00002aaa:.RLIB)
0042 _REL_f_norm
     SECTION=.RLIB
                 __REL_f_norm
                                 00002b85 0029(0000288e:.RLIB)
                                          0029(000028b9:.RLIB)
                                          0034(00002a28:.RLIB)
0043 _REL_f_round
     SECTION=.RLIB
                 __REL_f_round
                                 00002b95 0028(00002829:.RLIB)
                                          0028(00002861:.RLIB)
                                          0029(0000298f:.RLIB)
                                          0034(00002ab7:.RLIB)
0044 _REL_ltof
     SECTION=.RLIB
                 __REL_ltof
                                 00002ba8 0037(00002af1:.RLIB)
0045 _COM_lshr
     SECTION=.RLIB
                 __COM_lshr
                                 00002bfc 0040(00002b74:.RLIB)
0046 rlink_generates_01
     SECTION=.option_byte
0047 rlink_generates_02
     SECTION=.monitor1
     SECTION=.monitor2
0048 rlink_generates_03
     SECTION=.security_id
0049 rlink_generates_04
     SECTION=.vect
0050 rlink_generates_05
     SECTION=
                 __s.vect
                                 00000000
                 __s.constf
                                 00000080
                 __e.constf
                                 00000080
                 __s.sdata
                                 00000080
                 __e.sdata
                                 00000080
                 __e.vect
                                 00000080
                 __s.option_byte
                                 000000c0
                 __s.SLIB
                                 000000c4
                 __e.SLIB
                                 000000c4
                 __e.option_byte
                                 000000c4
                 __s.security_id
                                 000000c4
                 __s.monitor1
                                 000000ce
                 __e.security_id
                                 000000ce
                 __s.data
                                 000000d8
                 __e.monitor1
                                 000000d8
                 __s.text
                                 00000156
                 __e.data
                                 00000156
                 __e.text
                                 00000470
                 __s.textf
                                 00000470
                 __e.textf
                                 00002718
                 __s.RLIB
                                 00002718
                 __e.RLIB
                                 00002c13
                 __s.const
                                 00003000
                 __e.const
                                 00003505
                 __s.monitor2
                                 0007fe00
                 __e.monitor2
                                 00080000
                 __RAM_ADDR_START
                                 000f3f00
                 __s.bss
                                 000f4700
                 __e.bss
                                 000f4a5b
                 __s.dataR
                                 000f4a5c
                 __e.dataR
                                 000f4ada
                 __STACK_ADDR_END
                                 000f4ada 0001(0000015b:.text)
                 __s.sbss
                                 000ffe20
                 __e.sbss
                                 000ffe20
                 __s.sdataR
                                 000ffe20
                 __e.sdataR
                                 000ffe20
                 __STACK_ADDR_START
                                 000ffe20 0001(00000158:.text)
                 __RAM_ADDR_END
                                 000ffee0
