Renesas Optimizing Linker (W3.03.00 )             05-Jan-2022 10:56:03

*** Options ***

-subcommand=LinkerControlPCB_HWM.tmp
-MAKEUD=D:\Chieniwa\E2_Studio\ControlPCB_HWM\HardwareDebug/ControlPCB_HWM_l.ud
-device="D:/Chieniwa/E2_Studio/.eclipse/com.renesas.platform_1435879475/DebugComp/RL78/RL78/Common/DR5F104ML.DVF"
-list="ControlPCB_HWM.map"
-show=all
-nooptimize
-entry=_start
-auto_section_layout
-security_id=00000000000000000000
-debug_monitor=7FE00-7FFFF
-user_opt_byte=FFFFF8
-ocdbg=84
-ocdtr
-input=".\generate\cstart.obj"
-input=".\generate\stkinit.obj"
-input=".\src\EEPROM.obj"
-input=".\src\crc32.obj"
-input=".\src\crc8.obj"
-input=".\src\interrupt_handle.obj"
-input=".\src\main.obj"
-input=".\src\r_cg_adc.obj"
-input=".\src\r_cg_adc_user.obj"
-input=".\src\r_cg_cgc.obj"
-input=".\src\r_cg_cgc_user.obj"
-input=".\src\r_cg_dac.obj"
-input=".\src\r_cg_dac_user.obj"
-input=".\src\r_cg_port.obj"
-input=".\src\r_cg_port_user.obj"
-input=".\src\r_cg_rtc.obj"
-input=".\src\r_cg_rtc_user.obj"
-input=".\src\r_cg_serial.obj"
-input=".\src\r_cg_serial_user.obj"
-input=".\src\r_cg_timer.obj"
-input=".\src\r_cg_timer_user.obj"
-input=".\src\r_cg_wdt.obj"
-input=".\src\r_cg_wdt_user.obj"
-input=".\src\r_main.obj"
-input=".\src\r_systeminit.obj"
-input=".\src\usr_timer.obj"
-library="C:\Program Files (x86)\Renesas Electronics\CS+\CC\CC-RL\V1.10.00\lib\rl78em4s99.lib"
-library="C:\Program Files (x86)\Renesas Electronics\CS+\CC\CC-RL\V1.10.00\lib\rl78em4r.lib"
-library="C:\Program Files (x86)\Renesas Electronics\CS+\CC\CC-RL\V1.10.00\lib\malloc_n.lib"
-output="ControlPCB_HWM.abs"
-debug
-nocompress
-rom=.data=.dataR,.sdata=.sdataR
-nomessage
-nologo

*** Error information ***

*** Mapping List ***

SECTION                            START      END         SIZE   ALIGN
.vect
                                  00000000  0000007f        80   0
.constf
                                  00000080  00000080         0   2
.sdata
                                  00000080  00000080         0   2
.option_byte
                                  000000c0  000000c3         4   1
.security_id
                                  000000c4  000000cd         a   1
.SLIB
                                  000000c4  000000c4         0   1
.monitor1
                                  000000ce  000000d7         a   1
.data
                                  000000d8  0000018f        b8   2
.text
                                  00000190  000004a9       31a   1
.RLIB
                                  000004aa  00000942       499   1
.const
                                  00003000  0000350f       510   2
.textf
                                  00003510  000063cf      2ec0   1
.monitor2
                                  0007fe00  0007ffff       200   1
.bss
                                  000f4700  000f4ace       3cf   2
.dataR
                                  000f4ad0  000f4b87        b8   2
.sbss
                                  000ffe20  000ffe20         0   2
.sdataR
                                  000ffe20  000ffe20         0   2

*** Total Section Size ***

RAMDATA SECTION:  00000487 Byte(s)
ROMDATA SECTION:  00000860 Byte(s)
PROGRAM SECTION:  00003673 Byte(s)

*** Symbol List ***

SECTION=
FILE=                               START        END    SIZE
  SYMBOL                            ADDR        SIZE    INFO      COUNTS  OPT
    STRUCT                                      SIZE
      MEMBER                        ADDR        SIZE    INFO

SECTION=.vect
FILE=rlink_generates_04
                                  00000000  0000007f        80

SECTION=.option_byte
FILE=rlink_generates_01
                                  000000c0  000000c3         4

SECTION=.security_id
FILE=rlink_generates_03
                                  000000c4  000000cd         a

SECTION=.monitor1
FILE=rlink_generates_02
                                  000000ce  000000d7         a

SECTION=.data
FILE=.\src\main.obj
                                  000000d8  00000174        9d
FILE=.\src\r_main.obj
                                  00000176  0000018f        1a

SECTION=.text
FILE=.\generate\cstart.obj
                                  00000190  000001e9        5a
  _start
                                  00000190         0   entry,g         0
  _exit
                                  000001e8         0   none ,g         1
FILE=.\src\r_cg_adc_user.obj
                                  000001ea  00000203        1a
  _r_adc_interrupt@1
                                  000001ea        1a   func ,l         0
FILE=.\src\r_cg_serial_user.obj
                                  00000204  00000481       27e
  _r_uart1_interrupt_receive@1
                                  00000204        5f   func ,l         0
  _r_uart1_interrupt_send@1
                                  00000263        31   func ,l         0
  _r_csi00_interrupt@1
                                  00000294        49   func ,l         0
  _r_csi01_interrupt@1
                                  000002dd        85   func ,l         0
  _r_uart2_interrupt_receive@1
                                  00000362        5f   func ,l         0
  _r_uart2_interrupt_send@1
                                  000003c1        31   func ,l         0
  _r_uart3_interrupt_receive@1
                                  000003f2        5f   func ,l         0
  _r_uart3_interrupt_send@1
                                  00000451        31   func ,l         0
FILE=.\src\r_cg_timer_user.obj
                                  00000482  000004a7        26
  _r_tau0_channel0_interrupt@1
                                  00000482        1c   func ,l         0
  _r_tau0_channel1_interrupt@1
                                  0000049e         5   func ,l         0
  _r_tau0_channel2_interrupt@1
                                  000004a3         5   func ,l         0
FILE=.\src\r_cg_wdt_user.obj
                                  000004a8  000004a9         2
  _r_wdt_interrupt@1
                                  000004a8         2   func ,l         0

SECTION=.RLIB
FILE=memcpy
                                  000004aa  000004ba        11
  _memcpy
                                  000004aa         0   none ,g         6
FILE=_COM_faddsub
                                  000004bb  000005f5       13b
  __COM_fsub
                                  00000517         0   none ,g         0
  __COM_fadd
                                  0000051f         0   none ,g         2
FILE=_COM_fdiv
                                  000005f6  00000723       12e
  __COM_fdiv
                                  00000655         0   none ,g         4
FILE=_COM_fge
                                  00000724  00000739        16
  __COM_fge
                                  00000724         0   none ,g         3
FILE=_COM_fgt
                                  0000073a  0000074f        16
  __COM_fgt
                                  0000073a         0   none ,g         5
FILE=_COM_fle
                                  00000750  00000765        16
  __COM_fle
                                  00000750         0   none ,g         2
FILE=_COM_flt
                                  00000766  0000077b        16
  __COM_flt
                                  00000766         0   none ,g         7
FILE=_COM_fmul
                                  0000077c  00000868        ed
  __COM_fmul
                                  000007c7         0   none ,g         8
FILE=_COM_funordered
                                  00000869  00000873         b
  __COM_funordered
                                  00000869         0   none ,g         9
FILE=_COM_ultof
                                  00000874  00000879         6
  __COM_ultof
                                  00000874         0   none ,g         4
FILE=_REL_fcmp
                                  0000087a  000008b1        38
  __REL_fcmp
                                  0000087a         0   none ,g         4
FILE=_REL_fordered_core
                                  000008b2  000008cd        1c
  __REL_fordered_core
                                  000008b2         0   none ,g         5
FILE=_REL_f_inf
                                  000008ce  000008d5         8
  __REL_f_inf
                                  000008ce         0   none ,g         5
FILE=_REL_f_norm
                                  000008d6  000008e5        10
  __REL_f_norm
                                  000008d6         0   none ,g         3
FILE=_REL_f_round
                                  000008e6  000008f8        13
  __REL_f_round
                                  000008e6         0   none ,g         4
FILE=_REL_ltof
                                  000008f9  00000942        4a
  __REL_ltof
                                  000008f9         0   none ,g         1

SECTION=.const
FILE=.\src\EEPROM.obj
                                  00003000  00003001         2
FILE=.\src\crc32.obj
                                  00003002  00003401       400
  _crc32_table
                                  00003002       400   data ,g         2
FILE=.\src\crc8.obj
                                  00003402  00003501       100
  _crc_table@1
                                  00003402       100   data ,l         2
FILE=.\src\main.obj
                                  00003502  00003505         4
  _time_setting_p
                                  00003502         2   data ,g         0
  _number_setting_p
                                  00003504         2   data ,g         0
FILE=.\src\r_main.obj
                                  00003506  0000350f         a

SECTION=.textf
FILE=.\generate\stkinit.obj
                                  00003510  00003553        44
  _stkinit
                                  00003510         0   none ,g         1
  LSTINIT1
                                  0000351e         0   none ,l         1
  LSTINIT2
                                  00003548         0   none ,l         2
  LSTINIT3
                                  00003553         0   none ,l         2
FILE=.\src\EEPROM.obj
                                  00003554  000037b2       25f
  _EEPROM_Init
                                  00003554        2b   func ,g         1
  _rEE_Status
                                  0000357f        1b   func ,g         6
  _sEE_WriteEnable
                                  0000359a        12   func ,g         3
  _sEE_WriteDisable
                                  000035ac        12   func ,g         0
  _EE_SPI_Write
                                  000035be        df   func ,g         2
  _EE_SPI_Read
                                  0000369d        b7   func ,g         2
  _sEE_Block
                                  00003754        11   func ,g         0
  _sEE_SendInstruction
                                  00003765         3   func ,g         0
  _sEE_SendReceiveInstruction
                                  00003768         4   func ,g         0
  _EE_TransmitData
                                  0000376c        2c   func ,g         a
  _sEE_WriteStatusRegister
                                  00003798        1b   func ,g         2
FILE=.\src\crc32.obj
                                  000037b3  00003851        9f
  _xcrc32
                                  000037b3        4e   func ,g         0
  _CRC32
                                  00003801        51   func ,g         0
FILE=.\src\crc8.obj
                                  00003852  000038b1        60
  _crc8_4
                                  00003852        43   func ,g         1
  _crc8_1
                                  00003895        1d   func ,g         6
FILE=.\src\interrupt_handle.obj
                                  000038b2  0000392d        7c
  _adc_int_handle
                                  000038b2        7c   func ,g         1
FILE=.\src\main.obj
                                  0000392e  000054f5      1bc8
  _handSensorLED
                                  0000392e        30   func ,g         f
  _handSensorLEDBlink
                                  0000395e        1e   func ,g         2
  _setting_default
                                  0000397c        a8   func ,g         0
  _isAcidTankFull
                                  00003a24        49   func ,g         5
  _isAcidTankAlmostFull
                                  00003a6d        49   func ,g         0
  _isAcidTankHasSomething
                                  00003ab6        48   func ,g         1
  _isAcidTankEmpty
                                  00003afe        48   func ,g         3
  _isAlkalineTankFull
                                  00003b46        49   func ,g         5
  _isAlkalineTankAlmostFull
                                  00003b8f        49   func ,g         0
  _isAlkalineTankHasSomething
                                  00003bd8        48   func ,g         1
  _isAlkalineTankEmpty
                                  00003c20        48   func ,g         3
  _sendToRasPi_f
                                  00003c68        28   func ,g        1a
  _sendToRasPi_u32
                                  00003c90        28   func ,g         2
  _sendRS485
                                  00003cb8        3f   func ,g         3
  _sendR485_7byte
                                  00003cf7        57   func ,g         2
  _isThisCommand
                                  00003d4e        3e   func ,g         2
  _RaspberryResponse_nostop
                                  00003d8c       234   func ,g         2
  _InitialOperationModeStart_nostop
                                  00003fc0        30   func ,g         2
  _WaterSupplyOperation_nostop
                                  00003ff0       11a   func ,g         1
  _stop_waitAlarmConfirm
                                  0000410a        3c   func ,g         5
  _nostop_waitAlarmConfirm
                                  00004146         c   func ,g         0
  _resetAlarm
                                  00004152         4   func ,g         0
  _Voltage1Check_waitReset
                                  00004156        a3   func ,g         1
  _Voltage2Check_nostop
                                  000041f9        aa   func ,g         1
  _Voltage3Check_waitReset
                                  000042a3        c8   func ,g         1
  _LowVoltageCheck_waitReset
                                  0000436b        e4   func ,g         1
  _OverCurrentCheck_waitReset
                                  0000444f       1aa   func ,g         1
  _ElectrolyticOperation_nostop
                                  000045f9        d9   func ,g         3
  _solenoidCheck
                                  000046d2        76   func ,g         0
  _saltWaterTankFullCheck
                                  00004748        27   func ,g         0
  _saltWaterTankEmptyCheck
                                  0000476f        10   func ,g         0
  _acidWaterTankSkipCheck
                                  0000477f        3b   func ,g         0
  _alkalineWaterTankSkipCheck
                                  000047ba        3f   func ,g         0
  _FilterReplacementCheck
                                  000047f9         2   func ,g         0
  _WaterWashingMode_nostop
                                  000047fb        6b   func ,g         1
  _HandWashingMode_nostop
                                  00004866       19f   func ,g         1
  _AcidWaterMode_nostop
                                  00004a05        a8   func ,g         1
  _AlkalineWaterMode_nostop
                                  00004aad        aa   func ,g         1
  _main_init_20211111
                                  00004b57        7f   func ,g         0
  _userAuthHandler_nostop
                                  00004bd6        22   func ,g         1
  _ElectrolyzeWaterGeneration_nostop
                                  00004bf8        80   func ,g         1
  _isSV1andSV2Off8h
                                  00004c78        4e   func ,g         1
  _CallanCleaningMode_nostop
                                  00004cc6        69   func ,g         1
  _DrainageMode_nostop
                                  00004d2f        ee   func ,g         1
  _NormalMode_nostop
                                  00004e1d        53   func ,g         1
  _TestPowerOn_nostop_keepstate
                                  00004e70        d7   func ,g         1
  _FlowRateAdjustmentMode_nostop_keepstate
                                  00004f47        7c   func ,g         1
  _CurrentAdjustmentMode_nostop_keepstate
                                  00004fc3        4e   func ,g         1
  _ElectrolyteAdjustmentOperation
                                  00005011        54   func ,g         1
  _TestOperation_nostop
                                  00005065        45   func ,g         0
  _NeutralizationTreatment
                                  000050aa        6c   func ,g         0
  _main_loop_20211111
                                  00005116         f   func ,g         1
  _electrolyticOperationON
                                  00005125        2a   func ,g         4
  _isElectrolyticOperationOFF_nostop
                                  0000514f        a4   func ,g         1
  _realTimeResponse
                                  000051f3        2b   func ,g         4
  _measureFlowSensor
                                  0000521e        ce   func ,g         1
  _measureFlowSensor_nostop
                                  000052ec        e4   func ,g         3
  _UpdateMachineStatus
                                  000053d0       126   func ,g         5
FILE=.\src\r_cg_adc.obj
                                  000054f6  00005557        62
  _R_ADC_Create
                                  000054f6        33   func ,g         2
  _R_ADC_Start
                                  00005529         a   func ,g         2
  _R_ADC_Stop
                                  00005533         a   func ,g         0
  _R_ADC_Set_OperationOn
                                  0000553d         4   func ,g         1
  _R_ADC_Set_OperationOff
                                  00005541         4   func ,g         0
  _R_ADC_Get_Result
                                  00005545         7   func ,g         2
  _R_ADC_Set_ADChannel
                                  0000554c         c   func ,g         0
FILE=.\src\r_cg_cgc.obj
                                  00005558  0000556d        16
  _R_CGC_Create
                                  00005558        16   func ,g         1
FILE=.\src\r_cg_cgc_user.obj
                                  0000556e  00005570         3
  _R_CGC_Get_ResetSource
                                  0000556e         3   func ,g         1
FILE=.\src\r_cg_dac.obj
                                  00005571  000055a3        33
  _R_DAC_Create
                                  00005571        1d   func ,g         2
  _R_DAC0_Start
                                  0000558e         4   func ,g         1
  _R_DAC0_Stop
                                  00005592         4   func ,g         0
  _R_DAC0_Set_ConversionValue
                                  00005596         3   func ,g         2
  _R_DAC1_Start
                                  00005599         4   func ,g         1
  _R_DAC1_Stop
                                  0000559d         4   func ,g         0
  _R_DAC1_Set_ConversionValue
                                  000055a1         3   func ,g         2
FILE=.\src\r_cg_port.obj
                                  000055a4  000055eb        48
  _R_PORT_Create
                                  000055a4        48   func ,g         1
FILE=.\src\r_cg_port_user.obj
                                  000055ec  000055ec         1
  _R_PORT_Create_UserInit
                                  000055ec         1   func ,g         1
FILE=.\src\r_cg_rtc.obj
                                  000055ed  0000572a       13e
  _R_RTC_Create
                                  000055ed        27   func ,g         2
  _R_RTC_Start
                                  00005614         4   func ,g         0
  _R_RTC_Stop
                                  00005618         4   func ,g         0
  _R_RTC_Get_CounterValue
                                  0000561c        51   func ,g         0
  _R_RTC_Set_CounterValue
                                  0000566d        be   func ,g         0
FILE=.\src\r_cg_serial.obj
                                  0000572b  00005c1d       4f3
  _R_CSI01_Receive
                                  0000572b        1a   func ,g         0
  _R_CSI01_Send
                                  00005745        26   func ,g         0
  _R_SAU0_Create
                                  0000576b        17   func ,g         2
  _R_UART1_Create
                                  00005782        7e   func ,g         2
  _R_UART1_Start
                                  00005800        26   func ,g         1
  _R_UART1_Stop
                                  00005826        1e   func ,g         0
  _R_UART1_Receive
                                  00005844        18   func ,g         0
  _R_UART1_Send
                                  0000585c        29   func ,g         0
  _R_CSI00_Create
                                  00005885        53   func ,g         2
  _R_CSI00_Start
                                  000058d8        26   func ,g         1
  _R_CSI00_Stop
                                  000058fe        18   func ,g         0
  _R_CSI00_Send
                                  00005916        28   func ,g         0
  _R_CSI01_Create
                                  0000593e        5a   func ,g         3
  _R_CSI01_Start
                                  00005998        26   func ,g         1
  _R_CSI01_Stop
                                  000059be        18   func ,g         1
  _R_CSI01_Send_Receive
                                  000059d6        36   func ,g         1
  _R_SAU1_Create
                                  00005a0c        14   func ,g         2
  _R_UART2_Create
                                  00005a20        7e   func ,g         2
  _R_UART2_Start
                                  00005a9e        26   func ,g         2
  _R_UART2_Stop
                                  00005ac4        1e   func ,g         1
  _R_UART2_Receive
                                  00005ae2        18   func ,g         6
  _R_UART2_Send
                                  00005afa        29   func ,g         6
  _R_UART3_Create
                                  00005b23        76   func ,g         2
  _R_UART3_Start
                                  00005b99        26   func ,g         2
  _R_UART3_Stop
                                  00005bbf        1e   func ,g         1
  _R_UART3_Receive
                                  00005bdd        18   func ,g         3
  _R_UART3_Send
                                  00005bf5        29   func ,g         2
FILE=.\src\r_cg_serial_user.obj
                                  00005c1e  00005e2c       20f
  _isCommandNeedResponse
                                  00005c1e        24   func ,g         1
  _r_uart1_callback_receiveend@1
                                  00005c42         1   func ,l         1
  _r_uart1_callback_softwareoverrun@1
                                  00005c43         1   func ,l         1
  _r_uart1_callback_sendend@1
                                  00005c44         1   func ,l         1
  _r_uart1_callback_error@1
                                  00005c45         1   func ,l         1
  _r_csi00_callback_sendend@1
                                  00005c46         1   func ,l         1
  _r_csi01_callback_receiveend@1
                                  00005c47         7   func ,l         1
  _r_csi01_callback_error@1
                                  00005c4e         1   func ,l         1
  _r_csi01_callback_sendend@1
                                  00005c4f         4   func ,l         1
  _r_uart2_callback_receiveend@1
                                  00005c53       182   func ,l         1
  _r_uart2_callback_softwareoverrun@1
                                  00005dd5         1   func ,l         1
  _r_uart2_callback_sendend@1
                                  00005dd6         4   func ,l         1
  _r_uart2_callback_error@1
                                  00005dda         1   func ,l         1
  _r_uart3_callback_receiveend@1
                                  00005ddb        49   func ,l         1
  _r_uart3_callback_softwareoverrun@1
                                  00005e24         1   func ,l         1
  _r_uart3_callback_sendend@1
                                  00005e25         7   func ,l         1
  _r_uart3_callback_error@1
                                  00005e2c         1   func ,l         1
FILE=.\src\r_cg_timer.obj
                                  00005e2d  00005f39       10d
  _R_TAU0_Create
                                  00005e2d        ad   func ,g         2
  _R_TAU0_Channel0_Start
                                  00005eda        10   func ,g         1
  _R_TAU0_Channel0_Stop
                                  00005eea        10   func ,g         0
  _R_TAU0_Channel1_Start
                                  00005efa        10   func ,g         0
  _R_TAU0_Channel1_Stop
                                  00005f0a        10   func ,g         0
  _R_TAU0_Channel2_Start
                                  00005f1a        10   func ,g         0
  _R_TAU0_Channel2_Stop
                                  00005f2a        10   func ,g         0
FILE=.\src\r_cg_wdt.obj
                                  00005f3a  00005f4e        15
  _R_WDT_Create
                                  00005f3a        11   func ,g         1
  _R_WDT_Restart
                                  00005f4b         4   func ,g         a
FILE=.\src\r_main.obj
                                  00005f4f  00006266       318
  _nostop_checkHandSensor
                                  00005f4f        31   func ,g         0
  _readHS
                                  00005f80        15   func ,g         0
  _main
                                  00005f95       271   func ,g         1
  _R_MAIN_UserInit
                                  00006206        61   func ,g         1
FILE=.\src\r_systeminit.obj
                                  00006267  0000629d        37
  _R_Systeminit
                                  00006267        32   func ,g         1
  _hdwinit
                                  00006299         5   func ,g         1
FILE=.\src\usr_timer.obj
                                  0000629e  000063cf       132
  _delay_ms
                                  0000629e        68   func ,g         4
  _delay
                                  00006306        18   func ,g         0
  _ns_delay_ms
                                  0000631e        6c   func ,g        39
  _non_block_delay
                                  0000638a         2   func ,g         0
  _mTask
                                  0000638c        44   func ,g         0

SECTION=.monitor2
FILE=rlink_generates_02
                                  0007fe00  0007ffff       200

SECTION=.bss
FILE=.\src\EEPROM.obj
                                  000f4700  000f4726        27
  _eeprom_status
                                  000f4700         1   data ,g         c
    union  EEPROM_status_u {
                                                   1
      _eeprom_status.refined
                                  000f4700         1
    struct  {
                                                   1
      _eeprom_status.refined.RB
                                  000f4700         1   unsigned char:1(7)
      _eeprom_status.refined.WEN
                                  000f4700         1   unsigned char:1(6)
      _eeprom_status.refined.BP
                                  000f4700         1   unsigned char:2(4)
      _eeprom_status.refined.RSVD
                                  000f4700         1   unsigned char:3(1)
      _eeprom_status.refined.WPEN
                                  000f4700         1   unsigned char:1(0)
    }
      _eeprom_status.raw
                                  000f4700         1   unsigned char
    }
  _spi_flag
                                  000f4702         2   data ,g         3
  _buf
                                  000f4704        23   data ,g        12
FILE=.\src\interrupt_handle.obj
                                  000f4728  000f472b         4
  _g_adc_value
                                  000f4728         4   data ,g         4
FILE=.\src\main.obj
                                  000f472c  000f491f       1f4
  _g_TimeKeeper@1
                                  000f472c         6   data ,l         e
    struct Tick_Keeper_s {
                                                   6
      _g_TimeKeeper@1.electrolyteOff_h
                                  000f472c         1   unsigned char
      _g_TimeKeeper@1.neutralization
                                  000f472e         4   unsigned long
    }
  _g_numberSetting
                                  000f4732        26   data ,g        35
    struct Number_Setting_s {
                                                  26
      _g_numberSetting.upperVoltage1
                                  000f4732         4   float
      _g_numberSetting.upperVoltage2
                                  000f4736         4   float
      _g_numberSetting.upperVoltage3
                                  000f473a         4   float
      _g_numberSetting.lowerVoltage
                                  000f473e         4   float
      _g_numberSetting.upperCurrent
                                  000f4742         4   float
      _g_numberSetting.lowerCurrent
                                  000f4746         4   float
      _g_numberSetting.upperFlow
                                  000f474a         4   float
      _g_numberSetting.lowerFlow
                                  000f474e         4   float
      _g_numberSetting.cvccCurrent
                                  000f4752         4   float
      _g_numberSetting.crc
                                  000f4756         1   char
    }
  _g_neutralization_time_s
                                  000f4758         4   data ,g         8
  _g_color
                                  000f475c         1   data ,g         b
  _g_pre_color
                                  000f475d         1   data ,g         3
  _g_flow_value
                                  000f475e         4   data ,g         2
  _g_alarm
                                  000f4762         2   data ,g         f
    union  Alarm_Flag_u {
                                                   2
      _g_alarm.refined
                                  000f4762         2
    struct  {
                                                   2
      _g_alarm.refined.overVoltage1
                                  000f4762         1   unsigned char:1(7)
      _g_alarm.refined.overVoltage2
                                  000f4762         1   unsigned char:1(6)
      _g_alarm.refined.overVoltage3
                                  000f4762         1   unsigned char:1(5)
      _g_alarm.refined.overCurrent
                                  000f4762         1   unsigned char:1(4)
      _g_alarm.refined.overFlow
                                  000f4762         1   unsigned char:1(3)
      _g_alarm.refined.underVoltage
                                  000f4762         1   unsigned char:1(2)
      _g_alarm.refined.underCurrent
                                  000f4762         1   unsigned char:1(1)
      _g_alarm.refined.cvcc
                                  000f4762         1   unsigned char:1(0)
      _g_alarm.refined.underFlow
                                  000f4763         1   unsigned char:1(7)
    }
    }
  _g_machine_state
                                  000f4764         f   data ,g        71
    struct Machine_State_u {
                                                   f
      _g_machine_state.akaline
                                  000f4764         1   unsigned char
      _g_machine_state.acid
                                  000f4765         1   unsigned char
      _g_machine_state.water
                                  000f4766         1   unsigned char
      _g_machine_state.handwash
                                  000f4767         1   unsigned char
      _g_machine_state.waterSupply
                                  000f4768         1   unsigned char
      _g_machine_state.flowSensor
                                  000f4769         1   unsigned char
      _g_machine_state.callan
                                  000f476a         1   unsigned char
      _g_machine_state.electrolyteOperation
                                  000f476b         1   unsigned char
      _g_machine_state.electrolyteOFF
                                  000f476c         1   unsigned char
      _g_machine_state.drainage
                                  000f476d         1   unsigned char
      _g_machine_state.isMidNight
                                  000f476e         1   unsigned char
      _g_machine_state.test
                                  000f476f         1   unsigned char
      _g_machine_state.neutrlization
                                  000f4770         1   unsigned char
      _g_machine_state.user
                                  000f4771         1   unsigned char
      _g_machine_state.mode
                                  000f4772         1   unsigned char
    }
  _g_io_status
                                  000f4774        12   data ,g        2f
    union  IO_Status_u {
                                                  12
      _g_io_status.refined
                                  000f4774        12
    struct  {
                                                  12
      _g_io_status.refined.AlkalineEmptyLevel
                                  000f4774         1   unsigned char:1(7)
      _g_io_status.refined.AlkalineLowLevel
                                  000f4774         1   unsigned char:1(6)
      _g_io_status.refined.AlkalineHighLevel
                                  000f4774         1   unsigned char:1(5)
      _g_io_status.refined.AcidEmptyLevel
                                  000f4774         1   unsigned char:1(4)
      _g_io_status.refined.AcidLowLevel
                                  000f4774         1   unsigned char:1(3)
      _g_io_status.refined.AcidHighLevel
                                  000f4774         1   unsigned char:1(2)
      _g_io_status.refined.SaltLowLevel
                                  000f4774         1   unsigned char:1(1)
      _g_io_status.refined.SaltHighLevel
                                  000f4774         1   unsigned char:1(0)
      _g_io_status.refined.Valve
                                  000f4775         2
    struct  {
                                                   2
      _g_io_status.refined.Valve.SV1
                                  000f4775         1   unsigned char:1(7)
      _g_io_status.refined.Valve.SV2
                                  000f4775         1   unsigned char:1(6)
      _g_io_status.refined.Valve.SV3
                                  000f4775         1   unsigned char:1(5)
      _g_io_status.refined.Valve.SV4
                                  000f4775         1   unsigned char:1(4)
      _g_io_status.refined.Valve.SV5
                                  000f4775         1   unsigned char:1(3)
      _g_io_status.refined.Valve.SV6
                                  000f4775         1   unsigned char:1(2)
      _g_io_status.refined.Valve.SV7
                                  000f4775         1   unsigned char:1(1)
      _g_io_status.refined.Valve.SV8
                                  000f4775         1   unsigned char:1(0)
      _g_io_status.refined.Valve.SV9
                                  000f4776         1   unsigned char:1(7)
      _g_io_status.refined.Valve.RSVD
                                  000f4776         1   unsigned char:7(0)
    }
      _g_io_status.refined.Pump1
                                  000f4777         1   unsigned char:1(7)
      _g_io_status.refined.Pump2
                                  000f4777         1   unsigned char:1(6)
      _g_io_status.refined.SaltPump
                                  000f4777         1   unsigned char:1(5)
      _g_io_status.refined.RSVD1
                                  000f4777         1   unsigned char:4(1)
      _g_io_status.refined.MachineMode_RSVD
                                  000f4778         1   unsigned char
      _g_io_status.refined.FlowValue
                                  000f477a         4   float
      _g_io_status.refined.CVCCVoltage
                                  000f477e         4   float
      _g_io_status.refined.CVCCCurrent
                                  000f4782         4   float
    }
    }
  _g_mean_io_status
                                  000f4786        12   data ,g        17
    union  IO_Status_u {
                                                  12
      _g_mean_io_status.refined
                                  000f4786        12
    struct  {
                                                  12
      _g_mean_io_status.refined.AlkalineEmptyLevel
                                  000f4786         1   unsigned char:1(7)
      _g_mean_io_status.refined.AlkalineLowLevel
                                  000f4786         1   unsigned char:1(6)
      _g_mean_io_status.refined.AlkalineHighLevel
                                  000f4786         1   unsigned char:1(5)
      _g_mean_io_status.refined.AcidEmptyLevel
                                  000f4786         1   unsigned char:1(4)
      _g_mean_io_status.refined.AcidLowLevel
                                  000f4786         1   unsigned char:1(3)
      _g_mean_io_status.refined.AcidHighLevel
                                  000f4786         1   unsigned char:1(2)
      _g_mean_io_status.refined.SaltLowLevel
                                  000f4786         1   unsigned char:1(1)
      _g_mean_io_status.refined.SaltHighLevel
                                  000f4786         1   unsigned char:1(0)
      _g_mean_io_status.refined.Valve
                                  000f4787         2
    struct  {
                                                   2
      _g_mean_io_status.refined.Valve.SV1
                                  000f4787         1   unsigned char:1(7)
      _g_mean_io_status.refined.Valve.SV2
                                  000f4787         1   unsigned char:1(6)
      _g_mean_io_status.refined.Valve.SV3
                                  000f4787         1   unsigned char:1(5)
      _g_mean_io_status.refined.Valve.SV4
                                  000f4787         1   unsigned char:1(4)
      _g_mean_io_status.refined.Valve.SV5
                                  000f4787         1   unsigned char:1(3)
      _g_mean_io_status.refined.Valve.SV6
                                  000f4787         1   unsigned char:1(2)
      _g_mean_io_status.refined.Valve.SV7
                                  000f4787         1   unsigned char:1(1)
      _g_mean_io_status.refined.Valve.SV8
                                  000f4787         1   unsigned char:1(0)
      _g_mean_io_status.refined.Valve.SV9
                                  000f4788         1   unsigned char:1(7)
      _g_mean_io_status.refined.Valve.RSVD
                                  000f4788         1   unsigned char:7(0)
    }
      _g_mean_io_status.refined.Pump1
                                  000f4789         1   unsigned char:1(7)
      _g_mean_io_status.refined.Pump2
                                  000f4789         1   unsigned char:1(6)
      _g_mean_io_status.refined.SaltPump
                                  000f4789         1   unsigned char:1(5)
      _g_mean_io_status.refined.RSVD1
                                  000f4789         1   unsigned char:4(1)
      _g_mean_io_status.refined.MachineMode_RSVD
                                  000f478a         1   unsigned char
      _g_mean_io_status.refined.FlowValue
                                  000f478c         4   float
      _g_mean_io_status.refined.CVCCVoltage
                                  000f4790         4   float
      _g_mean_io_status.refined.CVCCCurrent
                                  000f4794         4   float
    }
    }
  _g_res_io_status
                                  000f4798        12   data ,g         5
    union  IO_Status_u {
                                                  12
      _g_res_io_status.refined
                                  000f4798        12
    struct  {
                                                  12
      _g_res_io_status.refined.AlkalineEmptyLevel
                                  000f4798         1   unsigned char:1(7)
      _g_res_io_status.refined.AlkalineLowLevel
                                  000f4798         1   unsigned char:1(6)
      _g_res_io_status.refined.AlkalineHighLevel
                                  000f4798         1   unsigned char:1(5)
      _g_res_io_status.refined.AcidEmptyLevel
                                  000f4798         1   unsigned char:1(4)
      _g_res_io_status.refined.AcidLowLevel
                                  000f4798         1   unsigned char:1(3)
      _g_res_io_status.refined.AcidHighLevel
                                  000f4798         1   unsigned char:1(2)
      _g_res_io_status.refined.SaltLowLevel
                                  000f4798         1   unsigned char:1(1)
      _g_res_io_status.refined.SaltHighLevel
                                  000f4798         1   unsigned char:1(0)
      _g_res_io_status.refined.Valve
                                  000f4799         2
    struct  {
                                                   2
      _g_res_io_status.refined.Valve.SV1
                                  000f4799         1   unsigned char:1(7)
      _g_res_io_status.refined.Valve.SV2
                                  000f4799         1   unsigned char:1(6)
      _g_res_io_status.refined.Valve.SV3
                                  000f4799         1   unsigned char:1(5)
      _g_res_io_status.refined.Valve.SV4
                                  000f4799         1   unsigned char:1(4)
      _g_res_io_status.refined.Valve.SV5
                                  000f4799         1   unsigned char:1(3)
      _g_res_io_status.refined.Valve.SV6
                                  000f4799         1   unsigned char:1(2)
      _g_res_io_status.refined.Valve.SV7
                                  000f4799         1   unsigned char:1(1)
      _g_res_io_status.refined.Valve.SV8
                                  000f4799         1   unsigned char:1(0)
      _g_res_io_status.refined.Valve.SV9
                                  000f479a         1   unsigned char:1(7)
      _g_res_io_status.refined.Valve.RSVD
                                  000f479a         1   unsigned char:7(0)
    }
      _g_res_io_status.refined.Pump1
                                  000f479b         1   unsigned char:1(7)
      _g_res_io_status.refined.Pump2
                                  000f479b         1   unsigned char:1(6)
      _g_res_io_status.refined.SaltPump
                                  000f479b         1   unsigned char:1(5)
      _g_res_io_status.refined.RSVD1
                                  000f479b         1   unsigned char:4(1)
      _g_res_io_status.refined.MachineMode_RSVD
                                  000f479c         1   unsigned char
      _g_res_io_status.refined.FlowValue
                                  000f479e         4   float
      _g_res_io_status.refined.CVCCVoltage
                                  000f47a2         4   float
      _g_res_io_status.refined.CVCCCurrent
                                  000f47a6         4   float
    }
    }
  __settingTime
                                  000f47aa        96   data ,g         8
    struct Timer_Setting_s {
                                                  96
      __settingTime.t1_initialWaterDrainageOperation_s
                                  000f47aa         4   unsigned long
      __settingTime.t2_flowSensorStartTime_s
                                  000f47ae         4   unsigned long
      __settingTime.t3_flowSensorMonitorTime_s
                                  000f47b2         4   unsigned long
      __settingTime.t4_electrolysisOperationStart_s
                                  000f47b6         4   unsigned long
      __settingTime.t5_electrolysisStopDelay_s
                                  000f47ba         4   unsigned long
      __settingTime.t6_drainageOffTime_h
                                  000f47be         4   unsigned long
      __settingTime.t7_powerOnPreparation_s
                                  000f47c2         4   unsigned long
      __settingTime.t8_flowRateAdjustmentRelease_s
                                  000f47c6         4   unsigned long
      __settingTime.t9_currentAdjustmentRelease_s
                                  000f47ca         4   unsigned long
      __settingTime.t10_electrolysisCurrentAlarmSpecified_s
                                  000f47ce         4   unsigned long
      __settingTime.t11_overVoltage1Time_s
                                  000f47d2         4   unsigned long
      __settingTime.t12_overVoltage2Time_s
                                  000f47d6         4   unsigned long
      __settingTime.t13_overVoltage3Time_s
                                  000f47da         4   unsigned long
      __settingTime.t14_lowVoltageStartTime_s
                                  000f47de         4   unsigned long
      __settingTime.t15_lowVoltageDelayTime_s
                                  000f47e2         4   unsigned long
      __settingTime.t16_currentMonitoringStart_s
                                  000f47e6         4   unsigned long
      __settingTime.t17_solenoidLeakageStartTime_s
                                  000f47ea         4   unsigned long
      __settingTime.t18_fullWaterMonitoringStart_h
                                  000f47ee         4   unsigned long
      __settingTime.t19_waterFilterAlarm_h
                                  000f47f2         4   unsigned long
      __settingTime.t20_waterFilterAlarmIgnore_h
                                  000f47f6         4   unsigned long
      __settingTime.t26_onDelayEmptyLevel_s
                                  000f47fa         4   unsigned long
      __settingTime.t27_onDelayLowLevel_s
                                  000f47fe         4   unsigned long
      __settingTime.t28_onDelayHighLevel_s
                                  000f4802         4   unsigned long
      __settingTime.t30_offDelayEmptyLevel_s
                                  000f4806         4   unsigned long
      __settingTime.t31_saltLowLevelDelay_s
                                  000f480a         4   unsigned long
      __settingTime.t32_saltHighLevelDelay_s
                                  000f480e         4   unsigned long
      __settingTime.t51_alkalineWaterSpoutingTime_s
                                  000f4812         4   unsigned long
      __settingTime.t52_acidWaterSpoutingTime_s
                                  000f4816         4   unsigned long
      __settingTime.t53_washingWaterSpoutingTime_s
                                  000f481a         4   unsigned long
      __settingTime.t54_overLapTime_ms
                                  000f481e         4   unsigned long
      __settingTime.t55_waterDischargeDelay_s
                                  000f4822         4   unsigned long
      __settingTime.t56_acidWaterDownTime_s
                                  000f4826         4   unsigned long
      __settingTime.t59_alkalineWaterDownTime_s
                                  000f482a         4   unsigned long
      __settingTime.t61_curranCleaningIntervalTime_h
                                  000f482e         4   unsigned long
      __settingTime.t62_callanWashSpoutingTime_s
                                  000f4832         4   unsigned long
      __settingTime.t33_t63_neutralizationStartTime_h
                                  000f4836         4   unsigned long
      __settingTime.t34_t64_neutralizationOpenTime_s
                                  000f483a         4   unsigned long
      __settingTime.crc
                                  000f483e         1   char
    }
  __settingNumber
                                  000f4840        26   data ,g         8
    struct Number_Setting_s {
                                                  26
      __settingNumber.upperVoltage1
                                  000f4840         4   float
      __settingNumber.upperVoltage2
                                  000f4844         4   float
      __settingNumber.upperVoltage3
                                  000f4848         4   float
      __settingNumber.lowerVoltage
                                  000f484c         4   float
      __settingNumber.upperCurrent
                                  000f4850         4   float
      __settingNumber.lowerCurrent
                                  000f4854         4   float
      __settingNumber.upperFlow
                                  000f4858         4   float
      __settingNumber.lowerFlow
                                  000f485c         4   float
      __settingNumber.cvccCurrent
                                  000f4860         4   float
      __settingNumber.crc
                                  000f4864         1   char
    }
  _g_machine_mode
                                  000f4866         1   data ,g         4
  _g_machine_test_mode
                                  000f4867         1   data ,g         0
  _btod
                                  000f4868         4   data ,g         6
    union  BytesToDouble {
                                                   4
      _btod.refined
                                  000f4868         4
    struct  {
                                                   4
      _btod.refined.data
                                  000f4868         4   unsigned char
    }
      _btod.raw
                                  000f4868         4   unsigned long
    }
  _g_Tick
                                  000f486c        a8   data ,g        7f
    struct Tick_s {
                                                  a8
      _g_Tick.tick500ms
                                  000f486c         4   unsigned long
      _g_Tick.tick1s
                                  000f4870         4   unsigned long
      _g_Tick.tick5s
                                  000f4874         4   unsigned long
      _g_Tick.tickBlink
                                  000f4878         4   unsigned long
      _g_Tick.tickAlkaline
                                  000f487c         4   unsigned long
      _g_Tick.tickAcid
                                  000f4880         4   unsigned long
      _g_Tick.tickWater
                                  000f4884         4   unsigned long
      _g_Tick.tickHandWash
                                  000f4888         4   unsigned long
      _g_Tick.tickWaterSupply
                                  000f488c         4   unsigned long
      _g_Tick.tickFlowMeasurment
                                  000f4890         4   unsigned long
      _g_Tick.tickDebouceHandSensor
                                  000f4894         4   unsigned long
      _g_Tick.tickVoltage1Check
                                  000f4898         4   unsigned long
      _g_Tick.tickVoltage2Check
                                  000f489c         4   unsigned long
      _g_Tick.tickVoltage3Check
                                  000f48a0         4   unsigned long
      _g_Tick.tickVoltageLowCheck
                                  000f48a4         4   unsigned long
      _g_Tick.tickCurrentCheck
                                  000f48a8         4   unsigned long
      _g_Tick.tickSV1SV2
                                  000f48ac         4   unsigned long
      _g_Tick.tickElectrolyticOff
                                  000f48b0         4   unsigned long
      _g_Tick.tickWaterSoftenerPCB
                                  000f48b4         4   unsigned long
      _g_Tick.tickValvePCB
                                  000f48b8         4   unsigned long
      _g_Tick.tickRS485
                                  000f48bc         4   unsigned long
      _g_Tick.tickCallan
                                  000f48c0         4   unsigned long
      _g_Tick.tickDrainage
                                  000f48c4         4   unsigned long
      _g_Tick.tickTestOperation
                                  000f48c8         4   unsigned long
      _g_Tick.tickAcidLevel
                                  000f48cc        10   unsigned long
      _g_Tick.tickAlkalineLevel
                                  000f48dc        10   unsigned long
      _g_Tick.tickHandSensor
                                  000f48ec         8   unsigned long
      _g_Tick.tickCustom
                                  000f48f4        20   unsigned long
    }
  _water_solfner_buf
                                  000f4914         7   data ,g         5
    struct UART3_Buffer_s {
                                                   7
      _water_solfner_buf.busy
                                  000f4914         1   unsigned char
      _water_solfner_buf.head
                                  000f4915         1   unsigned char
      _water_solfner_buf.set_number
                                  000f4916         1   unsigned char
      _water_solfner_buf.set_value
                                  000f4917         4   unsigned char
    }
  __flow_pulse
                                  000f491c         4   data ,g         8
FILE=.\src\r_cg_rtc_user.obj
                                  000f4920  000f4926         7
  _g_rtc
                                  000f4920         7   data ,g         0
    struct  {
                                                   7
      _g_rtc.sec
                                  000f4920         1   unsigned char
      _g_rtc.min
                                  000f4921         1   unsigned char
      _g_rtc.hour
                                  000f4922         1   unsigned char
      _g_rtc.day
                                  000f4923         1   unsigned char
      _g_rtc.week
                                  000f4924         1   unsigned char
      _g_rtc.month
                                  000f4925         1   unsigned char
      _g_rtc.year
                                  000f4926         1   unsigned char
    }
FILE=.\src\r_cg_serial.obj
                                  000f4928  000f495d        36
  _gp_uart1_tx_address
                                  000f4928         2   data ,g         5
  _g_uart1_tx_count
                                  000f492a         2   data ,g         4
  _gp_uart1_rx_address
                                  000f492c         2   data ,g         3
  _g_uart1_rx_count
                                  000f492e         2   data ,g         4
  _g_uart1_rx_length
                                  000f4930         2   data ,g         3
  _gp_csi00_rx_address
                                  000f4932         2   data ,g         0
  _g_csi00_rx_length
                                  000f4934         2   data ,g         0
  _g_csi00_rx_count
                                  000f4936         2   data ,g         0
  _gp_csi00_tx_address
                                  000f4938         2   data ,g         6
  _g_csi00_send_length
                                  000f493a         2   data ,g         0
  _g_csi00_tx_count
                                  000f493c         2   data ,g         4
  _gp_csi01_rx_address
                                  000f493e         2   data ,g         5
  _g_csi01_rx_length
                                  000f4940         2   data ,g         1
  _g_csi01_rx_count
                                  000f4942         2   data ,g         1
  _gp_csi01_tx_address
                                  000f4944         2   data ,g         7
  _g_csi01_send_length
                                  000f4946         2   data ,g         0
  _g_csi01_tx_count
                                  000f4948         2   data ,g         7
  _gp_uart2_tx_address
                                  000f494a         2   data ,g         5
  _g_uart2_tx_count
                                  000f494c         2   data ,g         4
  _gp_uart2_rx_address
                                  000f494e         2   data ,g         3
  _g_uart2_rx_count
                                  000f4950         2   data ,g         4
  _g_uart2_rx_length
                                  000f4952         2   data ,g         3
  _gp_uart3_tx_address
                                  000f4954         2   data ,g         5
  _g_uart3_tx_count
                                  000f4956         2   data ,g         4
  _gp_uart3_rx_address
                                  000f4958         2   data ,g         3
  _g_uart3_rx_count
                                  000f495a         2   data ,g         4
  _g_uart3_rx_length
                                  000f495c         2   data ,g         3
FILE=.\src\r_cg_serial_user.obj
                                  000f495e  000f4a23        c6
  _g_uart3_rx_data
                                  000f495e         8   data ,g         8
  _send_response_flag
                                  000f4966         1   data ,g         0
  _send_response_time_flag
                                  000f4967         1   data ,g         0
  _send_response_number_flag
                                  000f4968         1   data ,g         0
  _recived_time_setting_flag
                                  000f4969         1   data ,g         0
  _send_respone_status_flag
                                  000f496a         1   data ,g         0
  _recived_number_setting_flag
                                  000f496b         1   data ,g         0
  _commnunication_flag
                                  000f496c         f   data ,g        47
    struct Communicaition_flag_s {
                                                   f
      _commnunication_flag.send_response_flag
                                  000f496c         1   unsigned char
      _commnunication_flag.send_response_time_flag
                                  000f496d         1   unsigned char
      _commnunication_flag.send_response_number_flag
                                  000f496e         1   unsigned char
      _commnunication_flag.recived_number_setting_flag
                                  000f496f         1   unsigned char
      _commnunication_flag.recived_time_setting_flag
                                  000f4970         1   unsigned char
      _commnunication_flag.send_response_status_flag
                                  000f4971         1   unsigned char
      _commnunication_flag.send_response_mode_flag
                                  000f4972         1   unsigned char
      _commnunication_flag.alarm_clear_flag
                                  000f4973         1   unsigned char
      _commnunication_flag.recieve_status_flag
                                  000f4974         1   unsigned char
      _commnunication_flag.test_flag
                                  000f4975         1   unsigned char
      _commnunication_flag.rs485_send_to_watersolfner_response_flag
                                  000f4976         1   unsigned char
      _commnunication_flag.rs485_send_to_watersolfner_SV1_flag
                                  000f4977         1   unsigned char
      _commnunication_flag.rs485_send_to_valve_response_flag
                                  000f4978         1   unsigned char
      _commnunication_flag.rs485_get_valve_gesture_flag
                                  000f4979         1   unsigned char
      _commnunication_flag.rs485_fault
                                  000f497a         1   unsigned char
    }
  _g_csi_count
                                  000f497b         1   data ,g         0
  _g_csi_err
                                  000f497c         1   data ,g         0
  _g_csi_send_end
                                  000f497d         1   data ,g         1
  _g_csi_rev_end
                                  000f497e         1   data ,g         3
  _g_uart1_send
                                  000f497f         1   data ,g         0
  _g_uart2_sendend
                                  000f4980         1   data ,g         e
  _g_uart2_receive
                                  000f4981         1   data ,g         1
  _g_rx_data
                                  000f4982        a0   data ,g        2b
  _g_uart2_fault
                                  000f4a22         1   data ,g         3
  _g_uart3_sendend
                                  000f4a23         1   data ,g         6
FILE=.\src\r_cg_timer_user.obj
                                  000f4a24  000f4a2b         8
  _timer0_ch0_flag
                                  000f4a24         1   data ,g         1
  _timer0_ch1_flag
                                  000f4a25         1   data ,g         1
  _timer0_ch2_flag
                                  000f4a26         1   data ,g         1
  _g_systemTime
                                  000f4a28         4   data ,g        78
FILE=.\src\r_main.obj
                                  000f4a2c  000f4ace        a3
  _g_e_status
                                  000f4a2c         1   data ,g         0
    union  EEPROM_status_u {
                                                   1
      _g_e_status.refined
                                  000f4a2c         1
    struct  {
                                                   1
      _g_e_status.refined.RB
                                  000f4a2c         1   unsigned char:1(7)
      _g_e_status.refined.WEN
                                  000f4a2c         1   unsigned char:1(6)
      _g_e_status.refined.BP
                                  000f4a2c         1   unsigned char:2(4)
      _g_e_status.refined.RSVD
                                  000f4a2c         1   unsigned char:3(1)
      _g_e_status.refined.WPEN
                                  000f4a2c         1   unsigned char:1(0)
    }
      _g_e_status.raw
                                  000f4a2c         1   unsigned char
    }
  _ret_number_setting
                                  000f4a2e        26   data ,g         0
    struct Number_Setting_s {
                                                  26
      _ret_number_setting.upperVoltage1
                                  000f4a2e         4   float
      _ret_number_setting.upperVoltage2
                                  000f4a32         4   float
      _ret_number_setting.upperVoltage3
                                  000f4a36         4   float
      _ret_number_setting.lowerVoltage
                                  000f4a3a         4   float
      _ret_number_setting.upperCurrent
                                  000f4a3e         4   float
      _ret_number_setting.lowerCurrent
                                  000f4a42         4   float
      _ret_number_setting.upperFlow
                                  000f4a46         4   float
      _ret_number_setting.lowerFlow
                                  000f4a4a         4   float
      _ret_number_setting.cvccCurrent
                                  000f4a4e         4   float
      _ret_number_setting.crc
                                  000f4a52         1   char
    }
  _flow_p
                                  000f4a54         1   data ,g         1
  _salt_h_p
                                  000f4a55         1   data ,g         0
  _g_eeprom_wren
                                  000f4a56         1   data ,g         0
  _receive_data
                                  000f4a57         2   data ,g         0
  _receive_setting
                                  000f4a5a        26   data ,g         0
    struct Number_Setting_s {
                                                  26
      _receive_setting.upperVoltage1
                                  000f4a5a         4   float
      _receive_setting.upperVoltage2
                                  000f4a5e         4   float
      _receive_setting.upperVoltage3
                                  000f4a62         4   float
      _receive_setting.lowerVoltage
                                  000f4a66         4   float
      _receive_setting.upperCurrent
                                  000f4a6a         4   float
      _receive_setting.lowerCurrent
                                  000f4a6e         4   float
      _receive_setting.upperFlow
                                  000f4a72         4   float
      _receive_setting.lowerFlow
                                  000f4a76         4   float
      _receive_setting.cvccCurrent
                                  000f4a7a         4   float
      _receive_setting.crc
                                  000f4a7e         1   char
    }
  _set
                                  000f4a80         1   data ,g         0
    union  EEPROM_status_u {
                                                   1
      _set.refined
                                  000f4a80         1
    struct  {
                                                   1
      _set.refined.RB
                                  000f4a80         1   unsigned char:1(7)
      _set.refined.WEN
                                  000f4a80         1   unsigned char:1(6)
      _set.refined.BP
                                  000f4a80         1   unsigned char:2(4)
      _set.refined.RSVD
                                  000f4a80         1   unsigned char:3(1)
      _set.refined.WPEN
                                  000f4a80         1   unsigned char:1(0)
    }
      _set.raw
                                  000f4a80         1   unsigned char
    }
  _rx_data
                                  000f4a82         c   data ,g         0
  _data_f
                                  000f4a8e         4   data ,g         0
  _data_f_test
                                  000f4a92         4   data ,g         0
    union  byte_to_float {
                                                   4
      _data_f_test.refined
                                  000f4a92         4
    struct  {
                                                   4
      _data_f_test.refined.b
                                  000f4a92         4   unsigned char
    }
      _data_f_test.raw
                                  000f4a92         4   float
    }
  _g_control_buffer_f
                                  000f4a96         6   data ,g         5
    struct UART_Buffer_float_s {
                                                   6
      _g_control_buffer_f.head
                                  000f4a96         1   unsigned char
      _g_control_buffer_f.set_number
                                  000f4a97         1   unsigned char
      _g_control_buffer_f.set_value
                                  000f4a98         4   float
    }
  _g_control_buffer_u32
                                  000f4a9c         6   data ,g         5
    struct UART_Buffer_u32_s {
                                                   6
      _g_control_buffer_u32.head
                                  000f4a9c         1   unsigned char
      _g_control_buffer_u32.set_number
                                  000f4a9d         1   unsigned char
      _g_control_buffer_u32.set_value
                                  000f4a9e         4   unsigned long
    }
  _handsensor_status
                                  000f4aa2         1   data ,g         0
    union   {
                                                   1
      _handsensor_status.
                                  000f4aa2         1
    struct  {
                                                   1
      _handsensor_status..up_signal
                                  000f4aa2         1   unsigned char
    }
      _handsensor_status.status
                                  000f4aa2         1   unsigned char
    }
  _g_handsensor_status
                                  000f4aa3         2   data ,g         3
  _g_crc
                                  000f4aa5         8   data ,g         2
  _g_crc_32
                                  000f4aae        20   data ,g         0
  _rx_count
                                  000f4ace         1   data ,g         2

SECTION=.dataR
FILE=.\src\main.obj
                                  000f4ad0  000f4b6c        9d
  _g_timerSetting
                                  000f4ad0        96   data ,g        6c
    struct Timer_Setting_s {
                                                  96
      _g_timerSetting.t1_initialWaterDrainageOperation_s
                                  000f4ad0         4   unsigned long
      _g_timerSetting.t2_flowSensorStartTime_s
                                  000f4ad4         4   unsigned long
      _g_timerSetting.t3_flowSensorMonitorTime_s
                                  000f4ad8         4   unsigned long
      _g_timerSetting.t4_electrolysisOperationStart_s
                                  000f4adc         4   unsigned long
      _g_timerSetting.t5_electrolysisStopDelay_s
                                  000f4ae0         4   unsigned long
      _g_timerSetting.t6_drainageOffTime_h
                                  000f4ae4         4   unsigned long
      _g_timerSetting.t7_powerOnPreparation_s
                                  000f4ae8         4   unsigned long
      _g_timerSetting.t8_flowRateAdjustmentRelease_s
                                  000f4aec         4   unsigned long
      _g_timerSetting.t9_currentAdjustmentRelease_s
                                  000f4af0         4   unsigned long
      _g_timerSetting.t10_electrolysisCurrentAlarmSpecified_s
                                  000f4af4         4   unsigned long
      _g_timerSetting.t11_overVoltage1Time_s
                                  000f4af8         4   unsigned long
      _g_timerSetting.t12_overVoltage2Time_s
                                  000f4afc         4   unsigned long
      _g_timerSetting.t13_overVoltage3Time_s
                                  000f4b00         4   unsigned long
      _g_timerSetting.t14_lowVoltageStartTime_s
                                  000f4b04         4   unsigned long
      _g_timerSetting.t15_lowVoltageDelayTime_s
                                  000f4b08         4   unsigned long
      _g_timerSetting.t16_currentMonitoringStart_s
                                  000f4b0c         4   unsigned long
      _g_timerSetting.t17_solenoidLeakageStartTime_s
                                  000f4b10         4   unsigned long
      _g_timerSetting.t18_fullWaterMonitoringStart_h
                                  000f4b14         4   unsigned long
      _g_timerSetting.t19_waterFilterAlarm_h
                                  000f4b18         4   unsigned long
      _g_timerSetting.t20_waterFilterAlarmIgnore_h
                                  000f4b1c         4   unsigned long
      _g_timerSetting.t26_onDelayEmptyLevel_s
                                  000f4b20         4   unsigned long
      _g_timerSetting.t27_onDelayLowLevel_s
                                  000f4b24         4   unsigned long
      _g_timerSetting.t28_onDelayHighLevel_s
                                  000f4b28         4   unsigned long
      _g_timerSetting.t30_offDelayEmptyLevel_s
                                  000f4b2c         4   unsigned long
      _g_timerSetting.t31_saltLowLevelDelay_s
                                  000f4b30         4   unsigned long
      _g_timerSetting.t32_saltHighLevelDelay_s
                                  000f4b34         4   unsigned long
      _g_timerSetting.t51_alkalineWaterSpoutingTime_s
                                  000f4b38         4   unsigned long
      _g_timerSetting.t52_acidWaterSpoutingTime_s
                                  000f4b3c         4   unsigned long
      _g_timerSetting.t53_washingWaterSpoutingTime_s
                                  000f4b40         4   unsigned long
      _g_timerSetting.t54_overLapTime_ms
                                  000f4b44         4   unsigned long
      _g_timerSetting.t55_waterDischargeDelay_s
                                  000f4b48         4   unsigned long
      _g_timerSetting.t56_acidWaterDownTime_s
                                  000f4b4c         4   unsigned long
      _g_timerSetting.t59_alkalineWaterDownTime_s
                                  000f4b50         4   unsigned long
      _g_timerSetting.t61_curranCleaningIntervalTime_h
                                  000f4b54         4   unsigned long
      _g_timerSetting.t62_callanWashSpoutingTime_s
                                  000f4b58         4   unsigned long
      _g_timerSetting.t33_t63_neutralizationStartTime_h
                                  000f4b5c         4   unsigned long
      _g_timerSetting.t34_t64_neutralizationOpenTime_s
                                  000f4b60         4   unsigned long
      _g_timerSetting.crc
                                  000f4b64         1   char
    }
  _test_control_buf
                                  000f4b66         6   data ,g         0
    struct UART_Buffer_float_s {
                                                   6
      _test_control_buf.head
                                  000f4b66         1   unsigned char
      _test_control_buf.set_number
                                  000f4b67         1   unsigned char
      _test_control_buf.set_value
                                  000f4b68         4   float
    }
  __pre_flow_state
                                  000f4b6c         1   data ,g         2
FILE=.\src\r_main.obj
                                  000f4b6e  000f4b87        1a
  _g_error
                                  000f4b6e         2   data ,g         0
  _g_adc_ch
                                  000f4b70         2   data ,g         0
  _led_st
                                  000f4b72         1   data ,g         2
  _send_data
                                  000f4b73         2   data ,g         0
  _this_size
                                  000f4b75         1   data ,g         0
  _this_size_2
                                  000f4b76         1   data ,g         0
  _send_buf
                                  000f4b77         7   data ,g         0
  _data_crc
                                  000f4b7e         8   data ,g         0
  _dac_out
                                  000f4b86         2   data ,g         2

Absolute value symbols
FILE=rlink_generates_05
  __s.text
                                  00000190         0   none ,g         0
  __e.text
                                  000004aa         0   none ,g         0
  __s.textf
                                  00003510         0   none ,g         0
  __e.textf
                                  000063d0         0   none ,g         0
  __s.const
                                  00003000         0   none ,g         0
  __e.const
                                  00003510         0   none ,g         0
  __s.constf
                                  00000080         0   none ,g         0
  __e.constf
                                  00000080         0   none ,g         0
  __s.data
                                  000000d8         0   none ,g         0
  __e.data
                                  00000190         0   none ,g         0
  __s.sdata
                                  00000080         0   none ,g         0
  __e.sdata
                                  00000080         0   none ,g         0
  __s.bss
                                  000f4700         0   none ,g         0
  __e.bss
                                  000f4acf         0   none ,g         0
  __s.sbss
                                  000ffe20         0   none ,g         0
  __e.sbss
                                  000ffe20         0   none ,g         0
  __s.dataR
                                  000f4ad0         0   none ,g         0
  __e.dataR
                                  000f4b88         0   none ,g         0
  __s.sdataR
                                  000ffe20         0   none ,g         0
  __e.sdataR
                                  000ffe20         0   none ,g         0
  __s.RLIB
                                  000004aa         0   none ,g         0
  __e.RLIB
                                  00000943         0   none ,g         0
  __s.SLIB
                                  000000c4         0   none ,g         0
  __e.SLIB
                                  000000c4         0   none ,g         0
  __s.option_byte
                                  000000c0         0   none ,g         0
  __e.option_byte
                                  000000c4         0   none ,g         0
  __s.monitor1
                                  000000ce         0   none ,g         0
  __e.monitor1
                                  000000d8         0   none ,g         0
  __s.monitor2
                                  0007fe00         0   none ,g         0
  __e.monitor2
                                  00080000         0   none ,g         0
  __s.security_id
                                  000000c4         0   none ,g         0
  __e.security_id
                                  000000ce         0   none ,g         0
  __s.vect
                                  00000000         0   none ,g         0
  __e.vect
                                  00000080         0   none ,g         0
  __RAM_ADDR_START
                                  000f3f00         0   none ,g         0
  __RAM_ADDR_END
                                  000ffee0         0   none ,g         0
  __STACK_ADDR_START
                                  000ffe20         0   none ,g         1
  __STACK_ADDR_END
                                  000f4b88         0   none ,g         1

*** Unfilled Areas ***

AREA                                START    END

*** Delete Symbols ***

SYMBOL                                SIZE    INFO

*** Variable Vector Table List ***

ADDRESS  SYMBOL/ADDRESS
00       _start
02       ffff
04       _r_wdt_interrupt@1
06       
08       
0a       
0c       
0e       
10       
12       
14       _r_uart2_interrupt_send@1
16       _r_uart2_interrupt_receive@1
18       
1a       
1c       
1e       _r_csi00_interrupt@1
20       _r_csi01_interrupt@1
22       
24       _r_uart1_interrupt_send@1
26       _r_uart1_interrupt_receive@1
28       
2a       
2c       _r_tau0_channel0_interrupt@1
2e       _r_tau0_channel1_interrupt@1
30       _r_tau0_channel2_interrupt@1
32       
34       _r_adc_interrupt@1
36       
38       
3a       
3c       _r_uart3_interrupt_send@1
3e       _r_uart3_interrupt_receive@1
40       
42       
44       
46       
48       
4a       
4c       
4e       
50       
52       
54       
56       
58       
5a       
5c       
5e       
60       
62       
64       
66       
68       
6a       
6c       
6e       
70       
72       
74       
76       
78       
7a       
7c       
7e       

*** Cross Reference List ***

No   Unit Name   Global.Symbol   Location External Infomation
---- ----------- --------------- -------- ---------------------
0001 cstart
     SECTION=.text
                 _start
                                 00000190
                 _exit
                                 000001e8 0001(000001e9:.text)
     SECTION=.textf
     SECTION=.const
     SECTION=.constf
     SECTION=.data
     SECTION=.sdata
     SECTION=.bss
     SECTION=.sbss
     SECTION=.dataR
     SECTION=.sdataR
     SECTION=.RLIB
     SECTION=.SLIB
     SECTION=.dataR
     SECTION=.sdataR
0002 stkinit
     SECTION=.textf
                 _stkinit
                                 00003510 0001(00000198:.text)
0003 EEPROM
     SECTION=.textf
[...]
                                          0007(00004f82:.textf)
                                          0007(00004ff9:.textf)
                                          0007(00004fff:.textf)
                                          0007(0000504d:.textf)
                                          0007(00005052:.textf)
                                          0007(00005141:.textf)
                                          0007(00005144:.textf)
                                          0007(000051d6:.textf)
                                          0007(000051dc:.textf)
                                          0007(00005222:.textf)
                                          0007(00005227:.textf)
                                          0021(00000486:.text)
                                          0021(0000048e:.text)
                                          0021(00000491:.text)
                                          0021(00000495:.text)
                                          0024(0000608f:.textf)
                                          0024(00006095:.textf)
                                          0024(000060e1:.textf)
                                          0024(000060e4:.textf)
                                          0024(0000612c:.textf)
                                          0024(00006132:.textf)
                                          0024(00006161:.textf)
                                          0024(00006167:.textf)
                                          0026(000062a4:.textf)
                                          0026(000062a9:.textf)
                                          0026(000062d8:.textf)
                                          0026(000062df:.textf)
                                          0026(000062e6:.textf)
                                          0026(000062ee:.textf)
                                          0026(00006328:.textf)
                                          0026(0000632f:.textf)
                                          0026(0000634e:.textf)
                                          0026(00006354:.textf)
                                          0026(0000635a:.textf)
                                          0026(0000635d:.textf)
                                          0026(00006367:.textf)
                                          0026(0000636a:.textf)
                                          0026(00006394:.textf)
                                          0026(00006399:.textf)
                                          0026(000063c2:.textf)
                                          0026(000063c8:.textf)
     SECTION=.text
0022 r_cg_wdt
     SECTION=.textf
                 _R_WDT_Create
                                 00005f3a 0025(0000628a:.textf)
                 _R_WDT_Restart
                                 00005f4b 0007(00003db2:.textf)
                                          0007(00003e3b:.textf)
                                          0007(00003e6b:.textf)
                                          0007(00003e9b:.textf)
                                          0007(000040fd:.textf)
                                          0007(00004b69:.textf)
                                          0007(000051fd:.textf)
                                          0007(0000528f:.textf)
                                          0024(00006200:.textf)
                                          0026(00006315:.textf)
0023 r_cg_wdt_user
     SECTION=.text
0024 r_main
     SECTION=.textf
                 _nostop_checkHandSensor
                                 00005f4f
                 _readHS
                                 00005f80
                 _main
                                 00005f95 0001(000001e4:.text)
                 _R_MAIN_UserInit
                                 00006206 0024(00005f98:.textf)
     SECTION=.bss
                 _g_e_status
                                 000f4a2c
                 _ret_number_setting
                                 000f4a2e
                 _flow_p
                                 000f4a54 0024(000061a1:.textf)
                 _salt_h_p
                                 000f4a55
                 _g_eeprom_wren
                                 000f4a56
                 _receive_data
                                 000f4a57
                 _receive_setting
                                 000f4a5a
                 _set
                                 000f4a80
                 _rx_data
                                 000f4a82
                 _data_f
                                 000f4a8e
                 _data_f_test
                                 000f4a92
                 _g_control_buffer_f
                                 000f4a96 0007(00003c6a:.textf)
                                          0007(00003c6e:.textf)
                                          0007(00003c72:.textf)
                                          0007(00003c76:.textf)
                                          0007(00003c81:.textf)
                 _g_control_buffer_u32
                                 000f4a9c 0007(00003c92:.textf)
                                          0007(00003c96:.textf)
                                          0007(00003c9a:.textf)
                                          0007(00003c9e:.textf)
                                          0007(00003ca9:.textf)
                 _handsensor_status
                                 000f4aa2
                 _g_handsensor_status
                                 000f4aa3 0024(00005f65:.textf)
                                          0024(00005f6c:.textf)
                                          0024(00005f75:.textf)
                 _g_crc
                                 000f4aa5 0024(000061e3:.textf)
                                          0024(000061ef:.textf)
                 _g_crc_32
                                 000f4aae
                 _rx_count
                                 000f4ace 0007(00004dbf:.textf)
                                          0024(00006121:.textf)
     SECTION=.dataR
                 _g_error
                                 000f4b6e
                 _g_adc_ch
                                 000f4b70
                 _led_st
                                 000f4b72 0024(000061cc:.textf)
                                          0024(000061d4:.textf)
                 _send_data
                                 000f4b73
                 _this_size
                                 000f4b75
                 _this_size_2
                                 000f4b76
                 _send_buf
                                 000f4b77
                 _data_crc
                                 000f4b7e
                 _dac_out
                                 000f4b86 0024(000061f2:.textf)
                                          0024(000061f9:.textf)
     SECTION=.const
     SECTION=.data
0025 r_systeminit
     SECTION=.textf
                 _R_Systeminit
                                 00006267 0025(0000629d:.textf)
                 _hdwinit
                                 00006299 0001(0000019c:.text)
0026 usr_timer
     SECTION=.textf
                 _delay_ms
                                 0000629e 0007(00004717:.textf)
                                          0024(00005f8b:.textf)
                                          0024(00006045:.textf)
                                          0026(00006312:.textf)
                 _delay
                                 00006306
                 _ns_delay_ms
                                 0000631e 0007(00003965:.textf)
                                          0007(00003a46:.textf)
                                          0007(00003a8f:.textf)
                                          0007(00003ad8:.textf)
                                          0007(00003b31:.textf)
                                          0007(00003b68:.textf)
                                          0007(00003bb1:.textf)
                                          0007(00003bfa:.textf)
                                          0007(00003c53:.textf)
                                          0007(00004040:.textf)
                                          0007(00004064:.textf)
                                          0007(000040f2:.textf)
                                          0007(00004134:.textf)
                                          0007(000041b6:.textf)
                                          0007(00004259:.textf)
                                          0007(00004303:.textf)
                                          0007(00004400:.textf)
                                          0007(000045ac:.textf)
                                          0007(00004833:.textf)
                                          0007(000048e7:.textf)
                                          0007(0000492a:.textf)
                                          0007(00004942:.textf)
                                          0007(0000496f:.textf)
                                          0007(000049a5:.textf)
                                          0007(000049c3:.textf)
                                          0007(000049ec:.textf)
                                          0007(00004a4d:.textf)
                                          0007(00004a7f:.textf)
                                          0007(00004a99:.textf)
                                          0007(00004af7:.textf)
                                          0007(00004b29:.textf)
                                          0007(00004b43:.textf)
                                          0007(00004cac:.textf)
                                          0007(00004d1d:.textf)
                                          0007(00004d72:.textf)
                                          0007(00004dd9:.textf)
                                          0007(00004e52:.textf)
                                          0007(00004e83:.textf)
                                          0007(00004f65:.textf)
                                          0007(00004f93:.textf)
                                          0007(00004fa8:.textf)
                                          0007(00004fda:.textf)
                                          0007(00005028:.textf)
                                          0007(00005101:.textf)
                                          0007(0000517b:.textf)
                                          0007(00005196:.textf)
                                          0007(000051bd:.textf)
                                          0007(00005209:.textf)
                                          0007(00005257:.textf)
                                          0007(0000535f:.textf)
                                          0024(00005f5d:.textf)
                                          0024(000060a5:.textf)
                                          0024(00006142:.textf)
                                          0024(00006180:.textf)
                                          0024(000061ac:.textf)
                                          0024(000061b8:.textf)
                                          0024(000061c4:.textf)
                 _non_block_delay
                                 0000638a
                 _mTask
                                 0000638c
0027 memcpy
     SECTION=.RLIB
                 _memcpy
                                 000004aa 0007(00003f02:.textf)
                                          0007(00003f9b:.textf)
                                          0024(00005fcc:.textf)
                                          0024(00005fd9:.textf)
                                          0024(000060d3:.textf)
                                          0024(00006113:.textf)
0028 _COM_faddsub
     SECTION=.RLIB
                 __COM_fsub
                                 00000517
                 __COM_fadd
                                 0000051f 0007(0000527c:.textf)
                                          0007(00005336:.textf)
0029 _COM_fdiv
     SECTION=.RLIB
                 __COM_fdiv
                                 00000655 0007(000052bd:.textf)
                                          0007(000052da:.textf)
                                          0007(0000539c:.textf)
                                          0007(000053b8:.textf)
0030 _COM_fge
     SECTION=.RLIB
                 __COM_fge
                                 00000724 0007(00004274:.textf)
                                          0007(0000431e:.textf)
                                          0007(00004ba7:.textf)
0031 _COM_fgt
     SECTION=.RLIB
                 __COM_fgt
                                 0000073a 0007(000040a8:.textf)
                                          0007(000043cd:.textf)
                                          0007(000044f9:.textf)
                                          0007(00004545:.textf)
                                          0007(00004da8:.textf)
0032 _COM_fle
     SECTION=.RLIB
                 __COM_fle
                                 00000750 0007(0000448d:.textf)
                                          0007(000046ff:.textf)
0033 _COM_flt
     SECTION=.RLIB
                 __COM_flt
                                 00000766 0007(00004092:.textf)
                                          0007(00004183:.textf)
                                          0007(00004226:.textf)
                                          0007(000042d0:.textf)
                                          0007(000044ba:.textf)
                                          0007(0000458d:.textf)
                                          0007(00004d92:.textf)
0034 _COM_fmul
     SECTION=.RLIB
                 __COM_fmul
                                 000007c7 0006(000038d2:.textf)
                                          0006(000038e0:.textf)
                                          0006(0000390b:.textf)
                                          0006(00003919:.textf)
                                          0007(000052a1:.textf)
                                          0007(000052af:.textf)
                                          0007(00005380:.textf)
                                          0007(0000538e:.textf)
0035 _COM_funordered
     SECTION=.RLIB
                 __COM_funordered
                                 00000869 0007(00004170:.textf)
                                          0007(00004213:.textf)
                                          0007(000042bd:.textf)
                                          0007(000043ba:.textf)
                                          0007(000044a7:.textf)
                                          0007(000044e6:.textf)
                                          0007(00004532:.textf)
                                          0007(0000457a:.textf)
                                          0007(00004b94:.textf)
0036 _COM_ultof
     SECTION=.RLIB
                 __COM_ultof
                                 00000874 0006(000038c6:.textf)
                                          0006(000038ff:.textf)
                                          0007(000052cf:.textf)
                                          0007(000053ad:.textf)
0037 _REL_fcmp
     SECTION=.RLIB
                 __REL_fcmp
                                 0000087a 0030(0000072e:.RLIB)
                                          0031(00000744:.RLIB)
                                          0032(0000075a:.RLIB)
                                          0033(00000770:.RLIB)
0038 _REL_fordered_core
     SECTION=.RLIB
                 __REL_fordered_core
                                 000008b2 0030(00000727:.RLIB)
                                          0031(0000073d:.RLIB)
                                          0032(00000753:.RLIB)
                                          0033(00000769:.RLIB)
                                          0035(0000086c:.RLIB)
0039 _REL_f_inf
     SECTION=.RLIB
                 __REL_f_inf
                                 000008ce 0028(000005ae:.RLIB)
                                          0029(0000063f:.RLIB)
                                          0029(000006df:.RLIB)
                                          0034(00000799:.RLIB)
                                          0034(0000083c:.RLIB)
0040 _REL_f_norm
     SECTION=.RLIB
                 __REL_f_norm
                                 000008d6 0029(00000620:.RLIB)
                                          0029(0000064b:.RLIB)
                                          0034(000007ba:.RLIB)
0041 _REL_f_round
     SECTION=.RLIB
                 __REL_f_round
                                 000008e6 0028(000005bb:.RLIB)
                                          0028(000005f3:.RLIB)
                                          0029(00000721:.RLIB)
                                          0034(00000849:.RLIB)
0042 _REL_ltof
     SECTION=.RLIB
                 __REL_ltof
                                 000008f9 0036(00000877:.RLIB)
0043 rlink_generates_01
     SECTION=.option_byte
0044 rlink_generates_02
     SECTION=.monitor1
     SECTION=.monitor2
0045 rlink_generates_03
     SECTION=.security_id
0046 rlink_generates_04
     SECTION=.vect
0047 rlink_generates_05
     SECTION=
                 __s.vect
                                 00000000
                 __s.constf
                                 00000080
                 __e.constf
                                 00000080
                 __s.sdata
                                 00000080
                 __e.sdata
                                 00000080
                 __e.vect
                                 00000080
                 __s.option_byte
                                 000000c0
                 __s.SLIB
                                 000000c4
                 __e.SLIB
                                 000000c4
                 __e.option_byte
                                 000000c4
                 __s.security_id
                                 000000c4
                 __s.monitor1
                                 000000ce
                 __e.security_id
                                 000000ce
                 __s.data
                                 000000d8
                 __e.monitor1
                                 000000d8
                 __s.text
                                 00000190
                 __e.data
                                 00000190
                 __e.text
                                 000004aa
                 __s.RLIB
                                 000004aa
                 __e.RLIB
                                 00000943
                 __s.const
                                 00003000
                 __s.textf
                                 00003510
                 __e.const
                                 00003510
                 __e.textf
                                 000063d0
                 __s.monitor2
                                 0007fe00
                 __e.monitor2
                                 00080000
                 __RAM_ADDR_START
                                 000f3f00
                 __s.bss
                                 000f4700
                 __e.bss
                                 000f4acf
                 __s.dataR
                                 000f4ad0
                 __e.dataR
                                 000f4b88
                 __STACK_ADDR_END
                                 000f4b88 0001(00000195:.text)
                 __s.sbss
                                 000ffe20
                 __e.sbss
                                 000ffe20
                 __s.sdataR
                                 000ffe20
                 __e.sdataR
                                 000ffe20
                 __STACK_ADDR_START
                                 000ffe20 0001(00000192:.text)
                 __RAM_ADDR_END
                                 000ffee0
