Renesas Optimizing Linker (W3.03.00 )             02-Dec-2021 17:39:08

*** Options ***

-subcommand=LinkerControlPCB_HWM.tmp
-MAKEUD=D:\Chieniwa\E2_Studio\ControlPCB_HWM\HardwareDebug/ControlPCB_HWM_l.ud
-device="D:/Chieniwa/E2_Studio/.eclipse/com.renesas.platform_1435879475/DebugComp/RL78/RL78/Common/DR5F104ML.DVF"
-list="ControlPCB_HWM.map"
-show=all
-nooptimize
-entry=_start
-auto_section_layout
-security_id=00000000000000000000
-debug_monitor=7FE00-7FFFF
-user_opt_byte=FFFFF8
-ocdbg=84
-ocdtr
-input=".\generate\cstart.obj"
-input=".\generate\stkinit.obj"
-input=".\src\EEPROM.obj"
-input=".\src\interrupt_handle.obj"
-input=".\src\main.obj"
-input=".\src\r_cg_adc.obj"
-input=".\src\r_cg_adc_user.obj"
-input=".\src\r_cg_cgc.obj"
-input=".\src\r_cg_cgc_user.obj"
-input=".\src\r_cg_dac.obj"
-input=".\src\r_cg_dac_user.obj"
-input=".\src\r_cg_port.obj"
-input=".\src\r_cg_port_user.obj"
-input=".\src\r_cg_rtc.obj"
-input=".\src\r_cg_rtc_user.obj"
-input=".\src\r_cg_serial.obj"
-input=".\src\r_cg_serial_user.obj"
-input=".\src\r_cg_timer.obj"
-input=".\src\r_cg_timer_user.obj"
-input=".\src\r_cg_wdt.obj"
-input=".\src\r_cg_wdt_user.obj"
-input=".\src\r_main.obj"
-input=".\src\r_systeminit.obj"
-input=".\src\usr_timer.obj"
-library="C:\Program Files (x86)\Renesas Electronics\CS+\CC\CC-RL\V1.10.00\lib\rl78em4s99.lib"
-library="C:\Program Files (x86)\Renesas Electronics\CS+\CC\CC-RL\V1.10.00\lib\rl78em4r.lib"
-library="C:\Program Files (x86)\Renesas Electronics\CS+\CC\CC-RL\V1.10.00\lib\malloc_n.lib"
-output="ControlPCB_HWM.abs"
-debug
-nocompress
-rom=.data=.dataR,.sdata=.sdataR
-nomessage
-nologo

*** Error information ***

*** Mapping List ***

SECTION                            START      END         SIZE   ALIGN
.vect
                                  00000000  0000007f        80   0
.constf
                                  00000080  00000080         0   2
.sdata
                                  00000080  00000080         0   2
.option_byte
                                  000000c0  000000c3         4   1
.security_id
                                  000000c4  000000cd         a   1
.SLIB
                                  000000c4  000000c4         0   1
.monitor1
                                  000000ce  000000d7         a   1
.data
                                  000000d8  00000149        72   2
.text
                                  0000014a  00000463       31a   1
.textf
                                  00000464  00001ad5      1672   1
.RLIB
                                  00001ad6  00001fde       509   1
.const
                                  00003000  00003001         2   2
.monitor2
                                  0007fe00  0007ffff       200   1
.bss
                                  000f4700  000f4806       107   2
.dataR
                                  000f4808  000f4879        72   2
.sbss
                                  000ffe20  000ffe20         0   2
.sdataR
                                  000ffe20  000ffe20         0   2

*** Total Section Size ***

RAMDATA SECTION:  00000179 Byte(s)
ROMDATA SECTION:  0000030c Byte(s)
PROGRAM SECTION:  00001e95 Byte(s)

*** Symbol List ***

SECTION=
FILE=                               START        END    SIZE
  SYMBOL                            ADDR        SIZE    INFO      COUNTS  OPT
    STRUCT                                      SIZE
      MEMBER                        ADDR        SIZE    INFO

SECTION=.vect
FILE=rlink_generates_04
                                  00000000  0000007f        80

SECTION=.option_byte
FILE=rlink_generates_01
                                  000000c0  000000c3         4

SECTION=.security_id
FILE=rlink_generates_03
                                  000000c4  000000cd         a

SECTION=.monitor1
FILE=rlink_generates_02
                                  000000ce  000000d7         a

SECTION=.data
FILE=.\src\main.obj
                                  000000d8  00000122        4b
FILE=.\src\r_main.obj
                                  00000124  00000149        26

SECTION=.text
FILE=.\generate\cstart.obj
                                  0000014a  000001a3        5a
  _start
                                  0000014a         0   entry,g         0
  _exit
                                  000001a2         0   none ,g         1
FILE=.\src\r_cg_adc_user.obj
                                  000001a4  000001bd        1a
  _r_adc_interrupt@1
                                  000001a4        1a   func ,l         0
FILE=.\src\r_cg_serial_user.obj
                                  000001be  0000043b       27e
  _r_uart1_interrupt_receive@1
                                  000001be        5f   func ,l         0
  _r_uart1_interrupt_send@1
                                  0000021d        31   func ,l         0
  _r_csi00_interrupt@1
                                  0000024e        49   func ,l         0
  _r_csi01_interrupt@1
                                  00000297        85   func ,l         0
  _r_uart2_interrupt_receive@1
                                  0000031c        5f   func ,l         0
  _r_uart2_interrupt_send@1
                                  0000037b        31   func ,l         0
  _r_uart3_interrupt_receive@1
                                  000003ac        5f   func ,l         0
  _r_uart3_interrupt_send@1
                                  0000040b        31   func ,l         0
FILE=.\src\r_cg_timer_user.obj
                                  0000043c  00000461        26
  _r_tau0_channel0_interrupt@1
                                  0000043c        1c   func ,l         0
  _r_tau0_channel1_interrupt@1
                                  00000458         5   func ,l         0
  _r_tau0_channel2_interrupt@1
                                  0000045d         5   func ,l         0
FILE=.\src\r_cg_wdt_user.obj
                                  00000462  00000463         2
  _r_wdt_interrupt@1
                                  00000462         2   func ,l         0

SECTION=.textf
FILE=.\generate\stkinit.obj
                                  00000464  000004a7        44
  _stkinit
                                  00000464         0   none ,g         1
  LSTINIT1
                                  00000472         0   none ,l         1
  LSTINIT2
                                  0000049c         0   none ,l         2
  LSTINIT3
                                  000004a7         0   none ,l         2
FILE=.\src\EEPROM.obj
                                  000004a8  00000622       17b
  _EEPROM_Init
                                  000004a8        2b   func ,g         1
  _rEE_Status
                                  000004d3        1b   func ,g         1
  _sEE_WriteEnable
                                  000004ee        12   func ,g         2
  _sEE_WriteDisable
                                  00000500        12   func ,g         0
  _EE_SPI_Write
                                  00000512        5a   func ,g         0
  _EE_SPI_Read
                                  0000056c        58   func ,g         0
  _sEE_Block
                                  000005c4        11   func ,g         0
  _sEE_SendInstruction
                                  000005d5         3   func ,g         0
  _sEE_SendReceiveInstruction
                                  000005d8         4   func ,g         0
  _EE_TransmitData
                                  000005dc        2c   func ,g         8
  _sEE_WriteStatusRegister
                                  00000608        1b   func ,g         2
FILE=.\src\interrupt_handle.obj
                                  00000623  0000069e        7c
  _adc_int_handle
                                  00000623        7c   func ,g         1
FILE=.\src\main.obj
                                  0000069f  00000f3a       89c
  _handSensorLED
                                  0000069f        30   func ,g         1
  _setting_default
                                  000006cf        84   func ,g         1
  _sendToRasPi
                                  00000753        33   func ,g         e
  _InitialOperationModeStart
                                  00000786        5e   func ,g         1
  _FlowSensorCheck
                                  000007e4        a5   func ,g         1
  _WaterSupplyOperation
                                  00000889        4b   func ,g         1
  _Voltage1Check
                                  000008d4        5b   func ,g         1
  _Voltage2Check
                                  0000092f        b4   func ,g         1
  _Voltage3Check
                                  000009e3        bd   func ,g         1
  _LowVoltageCheck
                                  00000aa0        e3   func ,g         1
  _OverCurrentCheck
                                  00000b83        fb   func ,g         1
  _ElectrolyticOperation
                                  00000c7e        59   func ,g         1
  _solenoidCheck
                                  00000cd7        76   func ,g         0
  _saltWaterTankFullCheck
                                  00000d4d        13   func ,g         0
  _saltWaterTankEmptyCheck
                                  00000d60        10   func ,g         0
  _acidWaterTankSkipCheck
                                  00000d70        3b   func ,g         0
  _alkalineWaterTankSkipCheck
                                  00000dab        3f   func ,g         0
  _OpenSV1
                                  00000dea         4   func ,g         0
  _CloseSV1
                                  00000dee         4   func ,g         0
  _OpenSV2
                                  00000df2         4   func ,g         0
  _CloseSV2
                                  00000df6         4   func ,g         0
  _FilterReplacementCheck
                                  00000dfa         2   func ,g         0
  _main_20211111
                                  00000dfc         9   func ,g         0
  _waitReset
                                  00000e05         e   func ,g         0
  _electrolyticOperationON
                                  00000e13        27   func ,g         2
  _electrolyticOperationOFF
                                  00000e3a        1a   func ,g         7
  _measureFlowSensor
                                  00000e54        9c   func ,g         1
  _CRC8
                                  00000ef0        4b   func ,g         1
FILE=.\src\r_cg_adc.obj
                                  00000f3b  00000f9c        62
  _R_ADC_Create
                                  00000f3b        33   func ,g         2
  _R_ADC_Start
                                  00000f6e         a   func ,g         2
  _R_ADC_Stop
                                  00000f78         a   func ,g         0
  _R_ADC_Set_OperationOn
                                  00000f82         4   func ,g         1
  _R_ADC_Set_OperationOff
                                  00000f86         4   func ,g         0
  _R_ADC_Get_Result
                                  00000f8a         7   func ,g         2
  _R_ADC_Set_ADChannel
                                  00000f91         c   func ,g         0
FILE=.\src\r_cg_cgc.obj
                                  00000f9d  00000fb2        16
  _R_CGC_Create
                                  00000f9d        16   func ,g         1
FILE=.\src\r_cg_cgc_user.obj
                                  00000fb3  00000fb5         3
  _R_CGC_Get_ResetSource
                                  00000fb3         3   func ,g         1
FILE=.\src\r_cg_dac.obj
                                  00000fb6  00000fe8        33
  _R_DAC_Create
                                  00000fb6        1d   func ,g         1
  _R_DAC0_Start
                                  00000fd3         4   func ,g         0
  _R_DAC0_Stop
                                  00000fd7         4   func ,g         0
  _R_DAC0_Set_ConversionValue
                                  00000fdb         3   func ,g         0
  _R_DAC1_Start
                                  00000fde         4   func ,g         0
  _R_DAC1_Stop
                                  00000fe2         4   func ,g         0
  _R_DAC1_Set_ConversionValue
                                  00000fe6         3   func ,g         0
FILE=.\src\r_cg_port.obj
                                  00000fe9  00001030        48
  _R_PORT_Create
                                  00000fe9        48   func ,g         1
FILE=.\src\r_cg_port_user.obj
                                  00001031  00001031         1
  _R_PORT_Create_UserInit
                                  00001031         1   func ,g         1
FILE=.\src\r_cg_rtc.obj
                                  00001032  0000116f       13e
  _R_RTC_Create
                                  00001032        27   func ,g         2
  _R_RTC_Start
                                  00001059         4   func ,g         1
  _R_RTC_Stop
                                  0000105d         4   func ,g         0
  _R_RTC_Get_CounterValue
                                  00001061        51   func ,g         0
  _R_RTC_Set_CounterValue
                                  000010b2        be   func ,g         1
FILE=.\src\r_cg_serial.obj
                                  00001170  00001662       4f3
  _R_CSI01_Receive
                                  00001170        1a   func ,g         0
  _R_CSI01_Send
                                  0000118a        26   func ,g         0
  _R_SAU0_Create
                                  000011b0        17   func ,g         2
  _R_UART1_Create
                                  000011c7        7e   func ,g         2
  _R_UART1_Start
                                  00001245        26   func ,g         1
  _R_UART1_Stop
                                  0000126b        1e   func ,g         0
  _R_UART1_Receive
                                  00001289        18   func ,g         0
  _R_UART1_Send
                                  000012a1        29   func ,g         0
  _R_CSI00_Create
                                  000012ca        53   func ,g         2
  _R_CSI00_Start
                                  0000131d        26   func ,g         1
  _R_CSI00_Stop
                                  00001343        18   func ,g         0
  _R_CSI00_Send
                                  0000135b        28   func ,g         0
  _R_CSI01_Create
                                  00001383        5a   func ,g         3
  _R_CSI01_Start
                                  000013dd        26   func ,g         1
  _R_CSI01_Stop
                                  00001403        18   func ,g         1
  _R_CSI01_Send_Receive
                                  0000141b        36   func ,g         1
  _R_SAU1_Create
                                  00001451        14   func ,g         2
  _R_UART2_Create
                                  00001465        7e   func ,g         2
  _R_UART2_Start
                                  000014e3        26   func ,g         2
  _R_UART2_Stop
                                  00001509        1e   func ,g         1
  _R_UART2_Receive
                                  00001527        18   func ,g         3
  _R_UART2_Send
                                  0000153f        29   func ,g         2
  _R_UART3_Create
                                  00001568        76   func ,g         2
  _R_UART3_Start
                                  000015de        26   func ,g         1
  _R_UART3_Stop
                                  00001604        1e   func ,g         0
  _R_UART3_Receive
                                  00001622        18   func ,g         2
  _R_UART3_Send
                                  0000163a        29   func ,g         1
FILE=.\src\r_cg_serial_user.obj
                                  00001663  000016e3        81
  _r_uart1_callback_receiveend@1
                                  00001663         1   func ,l         1
  _r_uart1_callback_softwareoverrun@1
                                  00001664         1   func ,l         1
  _r_uart1_callback_sendend@1
                                  00001665         1   func ,l         1
  _r_uart1_callback_error@1
                                  00001666         1   func ,l         1
  _r_csi00_callback_sendend@1
                                  00001667         1   func ,l         1
  _r_csi01_callback_receiveend@1
                                  00001668         7   func ,l         1
  _r_csi01_callback_error@1
                                  0000166f         1   func ,l         1
  _r_csi01_callback_sendend@1
                                  00001670         4   func ,l         1
  _r_uart2_callback_receiveend@1
                                  00001674        5a   func ,l         1
  _r_uart2_callback_softwareoverrun@1
                                  000016ce         1   func ,l         1
  _r_uart2_callback_sendend@1
                                  000016cf         4   func ,l         1
  _r_uart2_callback_error@1
                                  000016d3         1   func ,l         1
  _r_uart3_callback_receiveend@1
                                  000016d4         a   func ,l         1
  _r_uart3_callback_softwareoverrun@1
                                  000016de         1   func ,l         1
  _r_uart3_callback_sendend@1
                                  000016df         4   func ,l         1
  _r_uart3_callback_error@1
                                  000016e3         1   func ,l         1
FILE=.\src\r_cg_timer.obj
                                  000016e4  000017f0       10d
  _R_TAU0_Create
                                  000016e4        ad   func ,g         2
  _R_TAU0_Channel0_Start
                                  00001791        10   func ,g         1
  _R_TAU0_Channel0_Stop
                                  000017a1        10   func ,g         0
  _R_TAU0_Channel1_Start
                                  000017b1        10   func ,g         0
  _R_TAU0_Channel1_Stop
                                  000017c1        10   func ,g         0
  _R_TAU0_Channel2_Start
                                  000017d1        10   func ,g         0
  _R_TAU0_Channel2_Stop
                                  000017e1        10   func ,g         0
FILE=.\src\r_cg_wdt.obj
                                  000017f1  00001805        15
  _R_WDT_Create
                                  000017f1        11   func ,g         1
  _R_WDT_Restart
                                  00001802         4   func ,g        10
FILE=.\src\r_main.obj
                                  00001806  000019a3       19e
  _read_signal
                                  00001806        15   func ,g         1
  _main
                                  0000181b       13e   func ,g         1
  _R_MAIN_UserInit
                                  00001959        4b   func ,g         1
FILE=.\src\r_systeminit.obj
                                  000019a4  000019da        37
  _R_Systeminit
                                  000019a4        32   func ,g         1
  _hdwinit
                                  000019d6         5   func ,g         1
FILE=.\src\usr_timer.obj
                                  000019db  00001ad5        fb
  _delay_ms
                                  000019db        68   func ,g         9
  _delay
                                  00001a43        18   func ,g         4
  _ns_delay_ms
                                  00001a5b        35   func ,g         3
  _non_block_delay
                                  00001a90         2   func ,g         0
  _mTask
                                  00001a92        44   func ,g         0

SECTION=.RLIB
FILE=memcpy
                                  00001ad6  00001ae6        11
  _memcpy
                                  00001ad6         0   none ,g         1
FILE=memset
                                  00001ae7  00001af4         e
  _memset
                                  00001ae7         0   none ,g         2
FILE=_COM_faddsub
                                  00001af5  00001c2f       13b
  __COM_fsub
                                  00001b51         0   none ,g         0
  __COM_fadd
                                  00001b59         0   none ,g         1
FILE=_COM_fdiv
                                  00001c30  00001d5d       12e
  __COM_fdiv
                                  00001c8f         0   none ,g         1
FILE=_COM_fge
                                  00001d5e  00001d73        16
  __COM_fge
                                  00001d5e         0   none ,g         3
FILE=_COM_fgt
                                  00001d74  00001d89        16
  __COM_fgt
                                  00001d74         0   none ,g         1
FILE=_COM_fle
                                  00001d8a  00001d9f        16
  __COM_fle
                                  00001d8a         0   none ,g         3
FILE=_COM_flt
                                  00001da0  00001db5        16
  __COM_flt
                                  00001da0         0   none ,g         3
FILE=_COM_fmul
                                  00001db6  00001ea2        ed
  __COM_fmul
                                  00001e01         0   none ,g         d
FILE=_COM_ftoul
                                  00001ea3  00001eae         c
  __COM_ftoul
                                  00001ea3         0   none ,g         8
FILE=_COM_funordered
                                  00001eaf  00001eb9         b
  __COM_funordered
                                  00001eaf         0   none ,g         6
FILE=_COM_ultof
                                  00001eba  00001ebf         6
  __COM_ultof
                                  00001eba         0   none ,g         a
FILE=_REL_fcmp
                                  00001ec0  00001ef7        38
  __REL_fcmp
                                  00001ec0         0   none ,g         4
FILE=_REL_fordered_core
                                  00001ef8  00001f13        1c
  __REL_fordered_core
                                  00001ef8         0   none ,g         5
FILE=_REL_ftol
                                  00001f14  00001f48        35
  __REL_ftol
                                  00001f14         0   none ,g         1
FILE=_REL_f_inf
                                  00001f49  00001f50         8
  __REL_f_inf
                                  00001f49         0   none ,g         5
FILE=_REL_f_norm
                                  00001f51  00001f60        10
  __REL_f_norm
                                  00001f51         0   none ,g         3
FILE=_REL_f_round
                                  00001f61  00001f73        13
  __REL_f_round
                                  00001f61         0   none ,g         4
FILE=_REL_ltof
                                  00001f74  00001fbd        4a
  __REL_ltof
                                  00001f74         0   none ,g         1
FILE=_COM_lshr
                                  00001fbe  00001fde        21
  __COM_lshr
                                  00001fc8         0   none ,g         1

SECTION=.const
FILE=.\src\EEPROM.obj
                                  00003000  00003001         2

SECTION=.monitor2
FILE=rlink_generates_02
                                  0007fe00  0007ffff       200

SECTION=.bss
FILE=.\src\EEPROM.obj
                                  000f4700  000f4703         4
  _eeprom_status
                                  000f4700         1   data ,g         8
    union  EEPROM_status_u {
                                                   1
      _eeprom_status.refined
                                  000f4700         1
    struct  {
                                                   1
      _eeprom_status.refined.RB
                                  000f4700         1   unsigned char:1(7)
      _eeprom_status.refined.WEN
                                  000f4700         1   unsigned char:1(6)
      _eeprom_status.refined.BP
                                  000f4700         1   unsigned char:2(4)
      _eeprom_status.refined.RSVD
                                  000f4700         1   unsigned char:3(1)
      _eeprom_status.refined.WPEN
                                  000f4700         1   unsigned char:1(0)
    }
      _eeprom_status.raw
                                  000f4700         1   unsigned char
    }
  _spi_flag
                                  000f4702         2   data ,g         3
FILE=.\src\interrupt_handle.obj
                                  000f4704  000f4707         4
  _g_adc_value
                                  000f4704         4   data ,g         4
FILE=.\src\main.obj
                                  000f4708  000f4739        32
  _g_numberSetting
                                  000f4708        22   data ,g        22
    struct Number_Setting_s {
                                                  22
      _g_numberSetting.upperVoltage1
                                  000f4708         4   float
      _g_numberSetting.upperVoltage2
                                  000f470c         4   float
      _g_numberSetting.upperVoltage3
                                  000f4710         4   float
      _g_numberSetting.lowerVoltage
                                  000f4714         4   float
      _g_numberSetting.upperCurrent
                                  000f4718         4   float
      _g_numberSetting.lowerCurrent
                                  000f471c         4   float
      _g_numberSetting.upperFlow
                                  000f4720         4   float
      _g_numberSetting.lowerFlow
                                  000f4724         4   float
      _g_numberSetting.crc
                                  000f4728         1   char
    }
  _g_color
                                  000f472a         1   data ,g         7
  _g_pre_color
                                  000f472b         1   data ,g         4
  _g_cvcc_current
                                  000f472c         4   data ,g         6
  _g_cvcc_voltge
                                  000f4730         4   data ,g         c
  _g_alarm
                                  000f4734         1   data ,g         0
  _g_flow_value
                                  000f4736         4   data ,g         6
FILE=.\src\r_cg_rtc_user.obj
                                  000f473a  000f4740         7
  _g_rtc
                                  000f473a         7   data ,g         3
    struct  {
                                                   7
      _g_rtc.sec
                                  000f473a         1   unsigned char
      _g_rtc.min
                                  000f473b         1   unsigned char
      _g_rtc.hour
                                  000f473c         1   unsigned char
      _g_rtc.day
                                  000f473d         1   unsigned char
      _g_rtc.week
                                  000f473e         1   unsigned char
      _g_rtc.month
                                  000f473f         1   unsigned char
      _g_rtc.year
                                  000f4740         1   unsigned char
    }
FILE=.\src\r_cg_serial.obj
                                  000f4742  000f4777        36
  _gp_uart1_tx_address
                                  000f4742         2   data ,g         5
  _g_uart1_tx_count
                                  000f4744         2   data ,g         4
  _gp_uart1_rx_address
                                  000f4746         2   data ,g         3
  _g_uart1_rx_count
                                  000f4748         2   data ,g         4
  _g_uart1_rx_length
                                  000f474a         2   data ,g         3
  _gp_csi00_rx_address
                                  000f474c         2   data ,g         0
  _g_csi00_rx_length
                                  000f474e         2   data ,g         0
  _g_csi00_rx_count
                                  000f4750         2   data ,g         0
  _gp_csi00_tx_address
                                  000f4752         2   data ,g         6
  _g_csi00_send_length
                                  000f4754         2   data ,g         0
  _g_csi00_tx_count
                                  000f4756         2   data ,g         4
  _gp_csi01_rx_address
                                  000f4758         2   data ,g         5
  _g_csi01_rx_length
                                  000f475a         2   data ,g         1
  _g_csi01_rx_count
                                  000f475c         2   data ,g         1
  _gp_csi01_tx_address
                                  000f475e         2   data ,g         7
  _g_csi01_send_length
                                  000f4760         2   data ,g         0
  _g_csi01_tx_count
                                  000f4762         2   data ,g         7
  _gp_uart2_tx_address
                                  000f4764         2   data ,g         5
  _g_uart2_tx_count
                                  000f4766         2   data ,g         4
  _gp_uart2_rx_address
                                  000f4768         2   data ,g         3
  _g_uart2_rx_count
                                  000f476a         2   data ,g         4
  _g_uart2_rx_length
                                  000f476c         2   data ,g         3
  _gp_uart3_tx_address
                                  000f476e         2   data ,g         5
  _g_uart3_tx_count
                                  000f4770         2   data ,g         4
  _gp_uart3_rx_address
                                  000f4772         2   data ,g         3
  _g_uart3_rx_count
                                  000f4774         2   data ,g         4
  _g_uart3_rx_length
                                  000f4776         2   data ,g         3
FILE=.\src\r_cg_serial_user.obj
                                  000f4778  000f47a0        29
  _g_csi_count
                                  000f4778         1   data ,g         0
  _g_csi_err
                                  000f4779         1   data ,g         0
  _g_csi_send_end
                                  000f477a         1   data ,g         1
  _g_csi_rev_end
                                  000f477b         1   data ,g         3
  _g_uart1_end
                                  000f477c         1   data ,g         0
  _g_uart2_send
                                  000f477d         1   data ,g         5
  _g_uart2_receive
                                  000f477e         1   data ,g         1
  _g_rx_data
                                  000f477f        20   data ,g         e
  _g_uart2_fault
                                  000f479f         1   data ,g         4
  _g_uart3_sendend
                                  000f47a0         1   data ,g         3
FILE=.\src\r_cg_timer_user.obj
                                  000f47a2  000f47a9         8
  _timer0_ch0_flag
                                  000f47a2         1   data ,g         1
  _timer0_ch1_flag
                                  000f47a3         1   data ,g         1
  _timer0_ch2_flag
                                  000f47a4         1   data ,g         1
  _g_systemTime
                                  000f47a6         4   data ,g        18
FILE=.\src\r_main.obj
                                  000f47aa  000f4806        5d
  __stamp
                                  000f47aa         c   data ,g         2
  _g_e_status
                                  000f47b6         1   data ,g         0
    union  EEPROM_status_u {
                                                   1
      _g_e_status.refined
                                  000f47b6         1
    struct  {
                                                   1
      _g_e_status.refined.RB
                                  000f47b6         1   unsigned char:1(7)
      _g_e_status.refined.WEN
                                  000f47b6         1   unsigned char:1(6)
      _g_e_status.refined.BP
                                  000f47b6         1   unsigned char:2(4)
      _g_e_status.refined.RSVD
                                  000f47b6         1   unsigned char:3(1)
      _g_e_status.refined.WPEN
                                  000f47b6         1   unsigned char:1(0)
    }
      _g_e_status.raw
                                  000f47b6         1   unsigned char
    }
  _flow_p
                                  000f47b7         1   data ,g         1
  _salt_h_p
                                  000f47b8         1   data ,g         0
  _g_eeprom_wren
                                  000f47b9         1   data ,g         0
  _receive_data
                                  000f47ba         2   data ,g         0
  _receive_setting
                                  000f47bc        22   data ,g         0
    struct Number_Setting_s {
                                                  22
      _receive_setting.upperVoltage1
                                  000f47bc         4   float
      _receive_setting.upperVoltage2
                                  000f47c0         4   float
      _receive_setting.upperVoltage3
                                  000f47c4         4   float
      _receive_setting.lowerVoltage
                                  000f47c8         4   float
      _receive_setting.upperCurrent
                                  000f47cc         4   float
      _receive_setting.lowerCurrent
                                  000f47d0         4   float
      _receive_setting.upperFlow
                                  000f47d4         4   float
      _receive_setting.lowerFlow
                                  000f47d8         4   float
      _receive_setting.crc
                                  000f47dc         1   char
    }
  _set
                                  000f47de         1   data ,g         0
    union  EEPROM_status_u {
                                                   1
      _set.refined
                                  000f47de         1
    struct  {
                                                   1
      _set.refined.RB
                                  000f47de         1   unsigned char:1(7)
      _set.refined.WEN
                                  000f47de         1   unsigned char:1(6)
      _set.refined.BP
                                  000f47de         1   unsigned char:2(4)
      _set.refined.RSVD
                                  000f47de         1   unsigned char:3(1)
      _set.refined.WPEN
                                  000f47de         1   unsigned char:1(0)
    }
      _set.raw
                                  000f47de         1   unsigned char
    }
  _rx_data
                                  000f47e0         c   data ,g         0
  _data_f
                                  000f47ec         4   data ,g         0
  _data_f_test
                                  000f47f0         4   data ,g         0
    union  byte_to_float {
                                                   4
      _data_f_test.refined
                                  000f47f0         4
    struct  {
                                                   4
      _data_f_test.refined.b
                                  000f47f0         4   unsigned char
    }
      _data_f_test.raw
                                  000f47f0         4   float
    }
  _g_control_buffer
                                  000f47f4         6   data ,g         5
    struct UART_Buffer_s {
                                                   6
      _g_control_buffer.head
                                  000f47f4         1   unsigned char
      _g_control_buffer.set_number
                                  000f47f5         1   unsigned char
      _g_control_buffer.set_value
                                  000f47f6         4   unsigned long
    }
  _this_size
                                  000f47fa         1   data ,g         1
  _rec_buf
                                  000f47fb         c   data ,g         2

SECTION=.dataR
FILE=.\src\main.obj
                                  000f4808  000f4852        4b
  _g_timerSetting
                                  000f4808        46   data ,g        26
    struct Timer_Setting_s {
                                                  46
      _g_timerSetting.t2_flowSensorStartTime
                                  000f4808         4   unsigned long
      _g_timerSetting.t3_flowSensorMonitorTime
                                  000f480c         4   unsigned long
      _g_timerSetting.t6_drainageOffTime
                                  000f4810         4   unsigned long
      _g_timerSetting.t11_overVoltage1Time
                                  000f4814         4   unsigned long
      _g_timerSetting.t12_overVoltage2Time
                                  000f4818         4   unsigned long
      _g_timerSetting.t13_overVoltage3Time
                                  000f481c         4   unsigned long
      _g_timerSetting.t14_lowVoltageStartTime
                                  000f4820         4   unsigned long
      _g_timerSetting.t15_lowVoltageDelayTime
                                  000f4824         4   unsigned long
      _g_timerSetting.t17_solenoidLeakageStartTime
                                  000f4828         4   unsigned long
      _g_timerSetting.t51
                                  000f482c         4   unsigned long
      _g_timerSetting.t52
                                  000f4830         4   unsigned long
      _g_timerSetting.t53
                                  000f4834         4   unsigned long
      _g_timerSetting.t54
                                  000f4838         4   unsigned long
      _g_timerSetting.t56
                                  000f483c         4   unsigned long
      _g_timerSetting.t59
                                  000f4840         4   unsigned long
      _g_timerSetting.t61
                                  000f4844         4   unsigned long
      _g_timerSetting.t62
                                  000f4848         4   unsigned long
      _g_timerSetting.crc
                                  000f484c         1   char
    }
  _g_neutralization_time
                                  000f484e         4   data ,g         8
  _g_electrolytic_flag
                                  000f4852         1   data ,g         2
FILE=.\src\r_main.obj
                                  000f4854  000f4879        26
  _g_error
                                  000f4854         2   data ,g         1
  _g_adc_ch
                                  000f4856         2   data ,g         0
  _led_st
                                  000f4858         1   data ,g         2
  _e_send
                                  000f4859         c   data ,g         0
  _e_data
                                  000f4865         c   data ,g         0
  _send_data
                                  000f4871         2   data ,g         0
  _send_buf
                                  000f4873         7   data ,g         2

Absolute value symbols
FILE=rlink_generates_05
  __s.text
                                  0000014a         0   none ,g         0
  __e.text
                                  00000464         0   none ,g         0
  __s.textf
                                  00000464         0   none ,g         0
  __e.textf
                                  00001ad6         0   none ,g         0
  __s.const
                                  00003000         0   none ,g         0
  __e.const
                                  00003002         0   none ,g         0
  __s.constf
                                  00000080         0   none ,g         0
  __e.constf
                                  00000080         0   none ,g         0
  __s.data
                                  000000d8         0   none ,g         0
  __e.data
                                  0000014a         0   none ,g         0
  __s.sdata
                                  00000080         0   none ,g         0
  __e.sdata
                                  00000080         0   none ,g         0
  __s.bss
                                  000f4700         0   none ,g         0
  __e.bss
                                  000f4807         0   none ,g         0
  __s.sbss
                                  000ffe20         0   none ,g         0
  __e.sbss
                                  000ffe20         0   none ,g         0
  __s.dataR
                                  000f4808         0   none ,g         0
  __e.dataR
                                  000f487a         0   none ,g         0
  __s.sdataR
                                  000ffe20         0   none ,g         0
  __e.sdataR
                                  000ffe20         0   none ,g         0
  __s.RLIB
                                  00001ad6         0   none ,g         0
  __e.RLIB
                                  00001fdf         0   none ,g         0
  __s.SLIB
                                  000000c4         0   none ,g         0
  __e.SLIB
                                  000000c4         0   none ,g         0
  __s.option_byte
                                  000000c0         0   none ,g         0
  __e.option_byte
                                  000000c4         0   none ,g         0
  __s.monitor1
                                  000000ce         0   none ,g         0
  __e.monitor1
                                  000000d8         0   none ,g         0
  __s.monitor2
                                  0007fe00         0   none ,g         0
  __e.monitor2
                                  00080000         0   none ,g         0
  __s.security_id
                                  000000c4         0   none ,g         0
  __e.security_id
                                  000000ce         0   none ,g         0
  __s.vect
                                  00000000         0   none ,g         0
  __e.vect
                                  00000080         0   none ,g         0
  __RAM_ADDR_START
                                  000f3f00         0   none ,g         0
  __RAM_ADDR_END
                                  000ffee0         0   none ,g         0
  __STACK_ADDR_START
                                  000ffe20         0   none ,g         1
  __STACK_ADDR_END
                                  000f487a         0   none ,g         1

*** Unfilled Areas ***

AREA                                START    END

*** Delete Symbols ***

SYMBOL                                SIZE    INFO

*** Variable Vector Table List ***

ADDRESS  SYMBOL/ADDRESS
00       _start
02       ffff
04       _r_wdt_interrupt@1
06       
08       
0a       
0c       
0e       
10       
12       
14       _r_uart2_interrupt_send@1
16       _r_uart2_interrupt_receive@1
18       
1a       
1c       
1e       _r_csi00_interrupt@1
20       _r_csi01_interrupt@1
22       
24       _r_uart1_interrupt_send@1
26       _r_uart1_interrupt_receive@1
28       
2a       
2c       _r_tau0_channel0_interrupt@1
2e       _r_tau0_channel1_interrupt@1
30       _r_tau0_channel2_interrupt@1
32       
34       _r_adc_interrupt@1
36       
38       
3a       
3c       _r_uart3_interrupt_send@1
3e       _r_uart3_interrupt_receive@1
40       
42       
44       
46       
48       
4a       
4c       
4e       
50       
52       
54       
56       
58       
5a       
5c       
5e       
60       
62       
64       
66       
68       
6a       
6c       
6e       
70       
72       
74       
76       
78       
7a       
7c       
7e       

*** Cross Reference List ***

No   Unit Name   Global.Symbol   Location External Infomation
---- ----------- --------------- -------- ---------------------
0001 cstart
     SECTION=.text
                 _start
                                 0000014a
                 _exit
                                 000001a2 0001(000001a3:.text)
     SECTION=.textf
     SECTION=.const
     SECTION=.constf
     SECTION=.data
     SECTION=.sdata
     SECTION=.bss
     SECTION=.sbss
     SECTION=.dataR
     SECTION=.sdataR
     SECTION=.RLIB
     SECTION=.SLIB
     SECTION=.dataR
     SECTION=.sdataR
0002 stkinit
     SECTION=.textf
                 _stkinit
                                 00000464 0001(00000152:.text)
0003 EEPROM
     SECTION=.textf
                 _EEPROM_Init
                                 000004a8 0022(00001824:.textf)
                 _rEE_Status
                                 000004d3 0003(0000058a:.textf)
                 _sEE_WriteEnable
                                 000004ee 0003(00000558:.textf)
                                          0003(00000618:.textf)
                 _sEE_WriteDisable
                                 00000500
                 _EE_SPI_Write
                                 00000512
                 _EE_SPI_Read
                                 0000056c
                 _sEE_Block
                                 000005c4
                 _sEE_SendInstruction
                                 000005d5
                 _sEE_SendReceiveInstruction
                                 000005d8
                 _EE_TransmitData
                                 000005dc 0003(000004e5:.textf)
                                          0003(000004fc:.textf)
                                          0003(0000050e:.textf)
                                          0003(00000567:.textf)
                                          0003(0000059f:.textf)
                                          0003(000005d7:.textf)
                                          0003(000005db:.textf)
                                          0003(0000061f:.textf)
                 _sEE_WriteStatusRegister
                                 00000608 0003(000004d1:.textf)
                                          0003(000005d4:.textf)
     SECTION=.bss
                 _eeprom_status
                                 000f4700 0003(000004c7:.textf)
                                          0003(000004cc:.textf)
                                          0003(000004ea:.textf)
                                          0003(00000532:.textf)
                                          0003(0000058d:.textf)
                                          0003(000005cc:.textf)
                                          0003(000005d1:.textf)
                                          0003(0000060a:.textf)
                 _spi_flag
                                 000f4702 0003(000004bb:.textf)
                                          0003(000005dd:.textf)
                                          0003(000005fb:.textf)
     SECTION=.const
0004 interrupt_handle
     SECTION=.textf
                 _adc_int_handle
                                 00000623 0007(000001af:.text)
     SECTION=.bss
                 _g_adc_value
                                 000f4704 0004(0000062c:.textf)
                                          0004(00000633:.textf)
                                          0004(00000665:.textf)
                                          0004(0000066c:.textf)
0005 main
     SECTION=.textf
                 _handSensorLED
                                 0000069f 0022(0000194f:.textf)
                 _setting_default
                                 000006cf 0022(00001828:.textf)
                 _sendToRasPi
                                 00000753 0005(00000884:.textf)
                                          0005(000008ca:.textf)
                                          0005(00000913:.textf)
                                          0005(000009c3:.textf)
                                          0005(00000a84:.textf)
                                          0005(00000b67:.textf)
                                          0005(00000bdd:.textf)
                                          0005(00000c62:.textf)
                                          0005(00000cbf:.textf)
                                          0005(00000d4a:.textf)
                                          0005(00000d5b:.textf)
                                          0005(00000d6d:.textf)
                                          0005(00000da9:.textf)
                                          0005(00000de8:.textf)
                 _InitialOperationModeStart
                                 00000786 0005(00000dfd:.textf)
                 _FlowSensorCheck
                                 000007e4 0005(000008a4:.textf)
                 _WaterSupplyOperation
                                 00000889 0005(00000e00:.textf)
                 _Voltage1Check
                                 000008d4 0005(00000c82:.textf)
                 _Voltage2Check
                                 0000092f 0005(00000c88:.textf)
                 _Voltage3Check
                                 000009e3 0005(00000c8b:.textf)
                 _LowVoltageCheck
                                 00000aa0 0005(00000c91:.textf)
                 _OverCurrentCheck
                                 00000b83 0005(00000c97:.textf)
                 _ElectrolyticOperation
                                 00000c7e 0005(00000e03:.textf)
                 _solenoidCheck
                                 00000cd7
                 _saltWaterTankFullCheck
                                 00000d4d
                 _saltWaterTankEmptyCheck
                                 00000d60
                 _acidWaterTankSkipCheck
                                 00000d70
                 _alkalineWaterTankSkipCheck
                                 00000dab
                 _OpenSV1
                                 00000dea
                 _CloseSV1
                                 00000dee
                 _OpenSV2
                                 00000df2
                 _CloseSV2
                                 00000df6
                 _FilterReplacementCheck
                                 00000dfa
                 _main_20211111
                                 00000dfc
                 _waitReset
                                 00000e05
                 _electrolyticOperationON
                                 00000e13 0005(00000aa3:.textf)
                                          0005(00000c7f:.textf)
                 _electrolyticOperationOFF
                                 00000e3a 0005(00000916:.textf)
                                          0005(00000a87:.textf)
                                          0005(00000b6a:.textf)
                                          0005(00000c65:.textf)
                                          0005(00000cb5:.textf)
                                          0005(00000cc2:.textf)
                                          0005(00000d5e:.textf)
                 _measureFlowSensor
                                 00000e54 0005(000007f4:.textf)
                 _CRC8
                                 00000ef0 0022(000018f4:.textf)
     SECTION=.bss
                 _g_numberSetting
                                 000f4708 0005(000006d3:.textf)
                                          0005(000006d9:.textf)
                                          0005(000006dc:.textf)
                                          0005(000006df:.textf)
                                          0005(000006e5:.textf)
                                          0005(000006eb:.textf)
                                          0005(000006ee:.textf)
                                          0005(000006f1:.textf)
                                          0005(000006f7:.textf)
                                          0005(000006fa:.textf)
                                          0005(000006fe:.textf)
                                          0005(00000701:.textf)
                                          0005(00000705:.textf)
                                          0005(00000708:.textf)
                                          0005(00000726:.textf)
                                          0005(0000072c:.textf)
                                          0005(00000802:.textf)
                                          0005(00000808:.textf)
                                          0005(0000083b:.textf)
                                          0005(00000841:.textf)
                                          0005(000008d7:.textf)
                                          0005(000008db:.textf)
                                          0005(00000948:.textf)
                                          0005(0000094e:.textf)
                                          0005(000009fc:.textf)
                                          0005(00000a02:.textf)
                                          0005(00000ad8:.textf)
                                          0005(00000ade:.textf)
                                          0005(00000b86:.textf)
                                          0005(00000b8a:.textf)
                                          0005(00000ba0:.textf)
                                          0005(00000ba3:.textf)
                                          0005(00000be0:.textf)
                                          0005(00000be6:.textf)
                 _g_color
                                 000f472a 0005(000006a0:.textf)
                                          0005(000006c9:.textf)
                                          0022(00001863:.textf)
                                          0022(0000191b:.textf)
                                          0022(00001921:.textf)
                                          0022(00001925:.textf)
                                          0022(0000194c:.textf)
                 _g_pre_color
                                 000f472b 0005(000006a3:.textf)
                                          0005(000006cc:.textf)
                                          0022(00001866:.textf)
                                          0022(00001928:.textf)
                 _g_cvcc_current
                                 000f472c 0004(00000692:.textf)
                                          0004(00000696:.textf)
                                          0005(00000b8e:.textf)
                                          0005(00000b94:.textf)
                                          0005(00000bec:.textf)
                                          0005(00000bf2:.textf)
                 _g_cvcc_voltge
                                 000f4730 0004(00000659:.textf)
                                          0004(0000065d:.textf)
                                          0005(000008df:.textf)
                                          0005(000008e5:.textf)
                                          0005(00000954:.textf)
                                          0005(0000095a:.textf)
                                          0005(000009a9:.textf)
                                          0005(000009ac:.textf)
                                          0005(00000a07:.textf)
                                          0005(00000a0c:.textf)
                                          0005(00000ae3:.textf)
                                          0005(00000ae8:.textf)
                 _g_alarm
                                 000f4734
                 _g_flow_value
                                 000f4736 0005(000007f9:.textf)
                                          0005(000007ff:.textf)
                                          0005(000008b0:.textf)
                                          0005(000008b3:.textf)
                                          0005(00000cf1:.textf)
                                          0005(00000cf4:.textf)
     SECTION=.dataR
                 _g_timerSetting
                                 000f4808 0005(0000070b:.textf)
                                          0005(0000070e:.textf)
                                          0005(00000711:.textf)
                                          0005(00000714:.textf)
                                          0005(00000717:.textf)
                                          0005(0000071a:.textf)
                                          0005(0000071d:.textf)
                                          0005(00000720:.textf)
                                          0005(00000732:.textf)
                                          0005(00000738:.textf)
                                          0005(0000073b:.textf)
                                          0005(0000073e:.textf)
                                          0005(00000741:.textf)
                                          0005(00000747:.textf)
                                          0005(0000074d:.textf)
                                          0005(00000750:.textf)
                                          0005(000008a1:.textf)
                                          0005(00000935:.textf)
                                          0005(0000093d:.textf)
                                          0005(00000994:.textf)
                                          0005(0000099e:.textf)
                                          0005(000009e9:.textf)
                                          0005(000009f1:.textf)
                                          0005(00000ab7:.textf)
                                          0005(00000abd:.textf)
                                          0005(00000ac5:.textf)
                                          0005(00000acd:.textf)
                                          0005(00000cda:.textf)
                                          0005(00000ce6:.textf)
                                          0005(00000d20:.textf)
                                          0005(00000d2c:.textf)
                                          0022(000018df:.textf)
                                          0022(000018e2:.textf)
                                          0022(000018e9:.textf)
                                          0022(000018ec:.textf)
                                          0022(000018f1:.textf)
                                          0022(000018f8:.textf)
                                          0022(000018fe:.textf)
                 _g_neutralization_time
                                 000f484e 0005(00000aac:.textf)
                                          0005(00000ab4:.textf)
                                          0005(00000e20:.textf)
                                          0005(00000e23:.textf)
                                          0005(00000e33:.textf)
                                          0005(00000e37:.textf)
                                          0005(00000e3c:.textf)
                                          0005(00000e3f:.textf)
                 _g_electrolytic_flag
                                 000f4852 0005(00000e1d:.textf)
                                          0005(00000e51:.textf)
     SECTION=.data
0006 r_cg_adc
     SECTION=.textf
                 _R_ADC_Create
                                 00000f3b 0022(00001999:.textf)
                                          0023(000019bf:.textf)
                 _R_ADC_Start
                                 00000f6e 0004(0000069c:.textf)
                                          0022(000019a1:.textf)
                 _R_ADC_Stop
                                 00000f78
                 _R_ADC_Set_OperationOn
                                 00000f82 0022(0000199d:.textf)
                 _R_ADC_Set_OperationOff
                                 00000f86
                 _R_ADC_Get_Result
                                 00000f8a 0004(0000062f:.textf)
                                          0004(00000668:.textf)
                 _R_ADC_Set_ADChannel
                                 00000f91
0007 r_cg_adc_user
     SECTION=.text
0008 r_cg_cgc
     SECTION=.textf
                 _R_CGC_Create
                                 00000f9d 0023(000019af:.textf)
0009 r_cg_cgc_user
     SECTION=.textf
                 _R_CGC_Get_ResetSource
                                 00000fb3 0023(000019ab:.textf)
0010 r_cg_dac
     SECTION=.textf
                 _R_DAC_Create
                                 00000fb6 0023(000019cf:.textf)
                 _R_DAC0_Start
                                 00000fd3
                 _R_DAC0_Stop
                                 00000fd7
                 _R_DAC0_Set_ConversionValue
                                 00000fdb
                 _R_DAC1_Start
                                 00000fde
                 _R_DAC1_Stop
                                 00000fe2
                 _R_DAC1_Set_ConversionValue
                                 00000fe6
0011 r_cg_dac_user
0012 r_cg_port
     SECTION=.textf
                 _R_PORT_Create
                                 00000fe9 0023(000019b3:.textf)
0013 r_cg_port_user
     SECTION=.textf
                 _R_PORT_Create_UserInit
                                 00001031 0022(00001979:.textf)
0014 r_cg_rtc
     SECTION=.textf
                 _R_RTC_Create
                                 00001032 0022(00001975:.textf)
                                          0023(000019cb:.textf)
                 _R_RTC_Start
                                 00001059 0022(00001848:.textf)
                 _R_RTC_Stop
                                 0000105d
                 _R_RTC_Get_CounterValue
                                 00001061
                 _R_RTC_Set_CounterValue
                                 000010b2 0022(00001842:.textf)
0015 r_cg_rtc_user
     SECTION=.bss
                 _g_rtc
                                 000f473a 0022(0000182c:.textf)
                                          0022(00001830:.textf)
                                          0022(0000183b:.textf)
0016 r_cg_serial
     SECTION=.textf
                 _R_CSI01_Receive
                                 00001170
                 _R_CSI01_Send
                                 0000118a
                 _R_SAU0_Create
                                 000011b0 0022(00001961:.textf)
                                          0023(000019b7:.textf)
                 _R_UART1_Create
                                 000011c7 0016(000011bf:.textf)
                                          0022(00001969:.textf)
                 _R_UART1_Start
                                 00001245 0022(0000198d:.textf)
                 _R_UART1_Stop
                                 0000126b
                 _R_UART1_Receive
                                 00001289
                 _R_UART1_Send
                                 000012a1
                 _R_CSI00_Create
                                 000012ca 0016(000011c2:.textf)
                                          0022(00001981:.textf)
                 _R_CSI00_Start
                                 0000131d 0022(00001995:.textf)
                 _R_CSI00_Stop
                                 00001343
                 _R_CSI00_Send
                                 0000135b
                 _R_CSI01_Create
                                 00001383 0003(000004ab:.textf)
                                          0016(000011c5:.textf)
                                          0022(0000197d:.textf)
                 _R_CSI01_Start
                                 000013dd 0003(000005e8:.textf)
                 _R_CSI01_Stop
                                 00001403 0017(0000166c:.textf)
                 _R_CSI01_Send_Receive
                                 0000141b 0003(000005f7:.textf)
                 _R_SAU1_Create
                                 00001451 0022(00001965:.textf)
                                          0023(000019bb:.textf)
                 _R_UART2_Create
                                 00001465 0016(00001460:.textf)
                                          0022(0000196d:.textf)
                 _R_UART2_Start
                                 000014e3 0022(0000189c:.textf)
                                          0022(00001991:.textf)
                 _R_UART2_Stop
                                 00001509 0022(00001890:.textf)
                 _R_UART2_Receive
                                 00001527 0017(0000167b:.textf)
                                          0017(000016c7:.textf)
                                          0022(00001852:.textf)
                 _R_UART2_Send
                                 0000153f 0005(00000779:.textf)
                                          0022(00001901:.textf)
                 _R_UART3_Create
                                 00001568 0016(00001463:.textf)
                                          0022(00001971:.textf)
                 _R_UART3_Start
                                 000015de 0022(00001989:.textf)
                 _R_UART3_Stop
                                 00001604
                 _R_UART3_Receive
                                 00001622 0017(000016db:.textf)
                                          0022(0000185f:.textf)
                 _R_UART3_Send
                                 0000163a 0022(0000193e:.textf)
     SECTION=.bss
                 _gp_uart1_tx_address
                                 000f4742 0016(000012b0:.textf)
                                          0016(000012b9:.textf)
                                          0016(000012c1:.textf)
                                          0017(0000023f:.text)
                                          0017(00000247:.text)
                 _g_uart1_tx_count
                                 000f4744 0016(000012b4:.textf)
                                          0016(000012c4:.textf)
                                          0017(00000228:.text)
                                          0017(0000024a:.text)
                 _gp_uart1_rx_address
                                 000f4746 0016(0000129d:.textf)
                                          0017(000001f3:.text)
                                          0017(000001f7:.text)
                 _g_uart1_rx_count
                                 000f4748 0016(00001295:.textf)
                                          0017(000001eb:.text)
                                          0017(000001fa:.text)
                                          0017(00000200:.text)
                 _g_uart1_rx_length
                                 000f474a 0016(00001299:.textf)
                                          0017(000001e8:.text)
                                          0017(000001fd:.text)
                 _gp_csi00_rx_address
                                 000f474c
                 _g_csi00_rx_length
                                 000f474e
                 _g_csi00_rx_count
                                 000f4750
                 _gp_csi00_tx_address
                                 000f4752 0016(000011a1:.textf)
                                          0016(0000136d:.textf)
                                          0016(00001372:.textf)
                                          0016(0000137a:.textf)
                                          0017(00000288:.text)
                                          0017(00000290:.text)
                 _g_csi00_send_length
                                 000f4754
                 _g_csi00_tx_count
                                 000f4756 0016(00001369:.textf)
                                          0016(0000137d:.textf)
                                          0017(0000027b:.text)
                                          0017(00000293:.text)
                 _gp_csi01_rx_address
                                 000f4758 0016(00001183:.textf)
                                          0016(0000142f:.textf)
                                          0017(000002cc:.text)
                                          0017(000002e6:.text)
                                          0017(000002f6:.text)
                 _g_csi01_rx_length
                                 000f475a 0016(0000117b:.textf)
                 _g_csi01_rx_count
                                 000f475c 0016(0000117f:.textf)
                 _gp_csi01_tx_address
                                 000f475e 0016(0000119c:.textf)
                                          0016(000011a7:.textf)
                                          0016(0000142b:.textf)
                                          0016(00001435:.textf)
                                          0016(00001447:.textf)
                                          0017(000002f9:.text)
                                          0017(0000030a:.text)
                 _g_csi01_send_length
                                 000f4760
                 _g_csi01_tx_count
                                 000f4762 0016(00001198:.textf)
                                          0016(000011aa:.textf)
                                          0016(00001427:.textf)
                                          0016(0000144a:.textf)
                                          0017(000002bf:.text)
                                          0017(000002c6:.text)
                                          0017(0000030d:.text)
                 _gp_uart2_tx_address
                                 000f4764 0016(0000154e:.textf)
                                          0016(00001557:.textf)
                                          0016(0000155f:.textf)
                                          0017(0000039d:.text)
                                          0017(000003a5:.text)
                 _g_uart2_tx_count
                                 000f4766 0016(00001552:.textf)
                                          0016(00001562:.textf)
                                          0017(00000386:.text)
                                          0017(000003a8:.text)
                 _gp_uart2_rx_address
                                 000f4768 0016(0000153b:.textf)
                                          0017(00000351:.text)
                                          0017(00000355:.text)
                 _g_uart2_rx_count
                                 000f476a 0016(00001533:.textf)
                                          0017(00000349:.text)
                                          0017(00000358:.text)
                                          0017(0000035e:.text)
                 _g_uart2_rx_length
                                 000f476c 0016(00001537:.textf)
                                          0017(00000346:.text)
                                          0017(0000035b:.text)
                 _gp_uart3_tx_address
                                 000f476e 0016(00001649:.textf)
                                          0016(00001652:.textf)
                                          0016(0000165a:.textf)
                                          0017(0000042d:.text)
                                          0017(00000435:.text)
                 _g_uart3_tx_count
                                 000f4770 0016(0000164d:.textf)
                                          0016(0000165d:.textf)
                                          0017(00000416:.text)
                                          0017(00000438:.text)
                 _gp_uart3_rx_address
                                 000f4772 0016(00001636:.textf)
                                          0017(000003e1:.text)
                                          0017(000003e5:.text)
                 _g_uart3_rx_count
                                 000f4774 0016(0000162e:.textf)
                                          0017(000003d9:.text)
                                          0017(000003e8:.text)
                                          0017(000003ee:.text)
                 _g_uart3_rx_length
                                 000f4776 0016(00001632:.textf)
                                          0017(000003d6:.text)
                                          0017(000003eb:.text)
0017 r_cg_serial_user
     SECTION=.bss
                 _g_csi_count
                                 000f4778
                 _g_csi_err
                                 000f4779
                 _g_csi_send_end
                                 000f477a 0017(00001671:.textf)
                 _g_csi_rev_end
                                 000f477b 0003(000004d5:.textf)
                                          0017(00001669:.textf)
                                          0022(00001821:.textf)
                 _g_uart1_end
                                 000f477c
                 _g_uart2_send
                                 000f477d 0005(00000764:.textf)
                                          0005(0000077f:.textf)
                                          0017(000016d0:.textf)
                                          0022(000018d9:.textf)
                                          0022(00001907:.textf)
                 _g_uart2_receive
                                 000f477e 0017(000016cb:.textf)
                 _g_rx_data
                                 000f477f 0005(00000919:.textf)
                                          0005(0000091d:.textf)
                                          0005(00000a8a:.textf)
                                          0005(00000a8e:.textf)
                                          0005(00000b6d:.textf)
                                          0005(00000b71:.textf)
                                          0005(00000c68:.textf)
                                          0005(00000c6c:.textf)
                                          0005(00000cc5:.textf)
                                          0005(00000cc9:.textf)
                                          0017(00001678:.textf)
                                          0017(0000167f:.textf)
                                          0017(000016c4:.textf)
                                          0022(0000184f:.textf)
                 _g_uart2_fault
                                 000f479f 0017(000016b4:.textf)
                                          0017(000016b9:.textf)
                                          0022(0000188a:.textf)
                                          0022(000018a0:.textf)
                 _g_uart3_sendend
                                 000f47a0 0017(000016e0:.textf)
                                          0022(00001930:.textf)
                                          0022(00001944:.textf)
     SECTION=.text
     SECTION=.textf
0018 r_cg_timer
     SECTION=.textf
                 _R_TAU0_Create
                                 000016e4 0022(0000195d:.textf)
                                          0023(000019c3:.textf)
                 _R_TAU0_Channel0_Start
                                 00001791 0022(00001985:.textf)
                 _R_TAU0_Channel0_Stop
                                 000017a1
                 _R_TAU0_Channel1_Start
                                 000017b1
                 _R_TAU0_Channel1_Stop
                                 000017c1
                 _R_TAU0_Channel2_Start
                                 000017d1
                 _R_TAU0_Channel2_Stop
                                 000017e1
0019 r_cg_timer_user
     SECTION=.bss
                 _timer0_ch0_flag
                                 000f47a2 0019(00000452:.text)
                 _timer0_ch1_flag
                                 000f47a3 0019(00000459:.text)
                 _timer0_ch2_flag
                                 000f47a4 0019(0000045e:.text)
                 _g_systemTime
                                 000f47a6 0005(00000aa6:.textf)
                                          0005(00000aa9:.textf)
                                          0005(00000e2c:.textf)
                                          0005(00000e2f:.textf)
                                          0005(00000e59:.textf)
                                          0005(00000e5e:.textf)
                                          0019(00000440:.text)
                                          0019(00000448:.text)
                                          0019(0000044b:.text)
                                          0019(0000044f:.text)
                                          0024(000019e1:.textf)
                                          0024(000019e6:.textf)
                                          0024(00001a15:.textf)
                                          0024(00001a1c:.textf)
                                          0024(00001a23:.textf)
                                          0024(00001a2b:.textf)
                                          0024(00001a60:.textf)
                                          0024(00001a65:.textf)
                                          0024(00001a81:.textf)
                                          0024(00001a87:.textf)
                                          0024(00001a9a:.textf)
                                          0024(00001a9f:.textf)
                                          0024(00001ac8:.textf)
                                          0024(00001ace:.textf)
     SECTION=.text
0020 r_cg_wdt
     SECTION=.textf
                 _R_WDT_Create
                                 000017f1 0023(000019c7:.textf)
                 _R_WDT_Restart
                                 00001802 0005(000007cb:.textf)
                                          0005(00000926:.textf)
                                          0005(000009c6:.textf)
                                          0005(00000a4c:.textf)
                                          0005(00000a97:.textf)
                                          0005(00000b28:.textf)
                                          0005(00000b31:.textf)
                                          0005(00000b7a:.textf)
                                          0005(00000c2e:.textf)
                                          0005(00000c75:.textf)
                                          0005(00000cd2:.textf)
                                          0005(00000e0d:.textf)
                                          0005(00000eaf:.textf)
                                          0022(0000190c:.textf)
                                          0022(00001953:.textf)
                                          0024(00001a52:.textf)
0021 r_cg_wdt_user
     SECTION=.text
0022 r_main
     SECTION=.textf
                 _read_signal
                                 00001806 0022(00001912:.textf)
                 _main
                                 0000181b 0001(0000019e:.text)
                 _R_MAIN_UserInit
                                 00001959 0022(0000181d:.textf)
     SECTION=.bss
                 __stamp
                                 000f47aa 0022(00001873:.textf)
                                          0022(000018b3:.textf)
                 _g_e_status
                                 000f47b6
                 _flow_p
                                 000f47b7 0022(000018ab:.textf)
                 _salt_h_p
                                 000f47b8
                 _g_eeprom_wren
                                 000f47b9
                 _receive_data
                                 000f47ba
                 _receive_setting
                                 000f47bc
                 _set
                                 000f47de
                 _rx_data
                                 000f47e0
                 _data_f
                                 000f47ec
                 _data_f_test
                                 000f47f0
                 _g_control_buffer
                                 000f47f4 0005(0000075d:.textf)
                                          0005(00000761:.textf)
                                          0005(0000076b:.textf)
                                          0005(00000770:.textf)
                                          0005(00000776:.textf)
                 _this_size
                                 000f47fa 0022(0000186a:.textf)
                 _rec_buf
                                 000f47fb 0017(000016d8:.textf)
                                          0022(0000185c:.textf)
     SECTION=.dataR
                 _g_error
                                 000f4854 0005(00000e06:.textf)
                 _g_adc_ch
                                 000f4856
                 _led_st
                                 000f4858 0022(000018be:.textf)
                                          0022(000018d6:.textf)
                 _e_send
                                 000f4859
                 _e_data
                                 000f4865
                 _send_data
                                 000f4871
                 _send_buf
                                 000f4873 0022(00001935:.textf)
                                          0022(0000193b:.textf)
     SECTION=.data
0023 r_systeminit
     SECTION=.textf
                 _R_Systeminit
                                 000019a4 0023(000019da:.textf)
                 _hdwinit
                                 000019d6 0001(00000156:.text)
0024 usr_timer
     SECTION=.textf
                 _delay_ms
                                 000019db 0005(0000089a:.textf)
                                          0005(0000098f:.textf)
                                          0005(00000a48:.textf)
                                          0005(00000b24:.textf)
                                          0005(00000c2a:.textf)
                                          0005(00000d1c:.textf)
                                          0022(00001811:.textf)
                                          0022(00001898:.textf)
                                          0024(00001a4f:.textf)
                 _delay
                                 00001a43 0005(000007ea:.textf)
                                          0005(0000088f:.textf)
                                          0005(000008d1:.textf)
                                          0005(00000e4a:.textf)
                 _ns_delay_ms
                                 00001a5b 0005(00000e77:.textf)
                                          0022(00001876:.textf)
                                          0022(000018b6:.textf)
                 _non_block_delay
                                 00001a90
                 _mTask
                                 00001a92
0025 memcpy
     SECTION=.RLIB
                 _memcpy
                                 00001ad6 0022(0000183e:.textf)
0026 memset
     SECTION=.RLIB
                 _memset
                                 00001ae7 0003(00000523:.textf)
                                          0003(0000057b:.textf)
0027 _COM_faddsub
     SECTION=.RLIB
                 __COM_fsub
                                 00001b51
                 __COM_fadd
                                 00001b59 0005(00000e9c:.textf)
0028 _COM_fdiv
     SECTION=.RLIB
                 __COM_fdiv
                                 00001c8f 0005(00000eea:.textf)
0029 _COM_fge
     SECTION=.RLIB
                 __COM_fge
                                 00001d5e 0005(00000862:.textf)
                                          0005(000008ea:.textf)
                                          0005(00000b99:.textf)
0030 _COM_fgt
     SECTION=.RLIB
                 __COM_fgt
                                 00001d74 0005(00000b0b:.textf)
0031 _COM_fle
     SECTION=.RLIB
                 __COM_fle
                                 00001d8a 0005(00000826:.textf)
                                          0005(00000baf:.textf)
                                          0005(00000d04:.textf)
0032 _COM_flt
     SECTION=.RLIB
                 __COM_flt
                                 00001da0 0005(00000976:.textf)
                                          0005(00000a2f:.textf)
                                          0005(00000c0a:.textf)
0033 _COM_fmul
     SECTION=.RLIB
                 __COM_fmul
                                 00001e01 0004(00000643:.textf)
                                          0004(00000651:.textf)
                                          0004(0000067c:.textf)
                                          0004(0000068a:.textf)
                                          0005(000008b6:.textf)
                                          0005(000008ff:.textf)
                                          0005(000009af:.textf)
                                          0005(00000a70:.textf)
                                          0005(00000b53:.textf)
                                          0005(00000bc9:.textf)
                                          0005(00000c4e:.textf)
                                          0005(00000ec1:.textf)
                                          0005(00000ecf:.textf)
0034 _COM_ftoul
     SECTION=.RLIB
                 __COM_ftoul
                                 00001ea3 0005(00000759:.textf)
                                          0005(000008bc:.textf)
                                          0005(00000905:.textf)
                                          0005(000009b5:.textf)
                                          0005(00000a76:.textf)
                                          0005(00000b59:.textf)
                                          0005(00000bcf:.textf)
                                          0005(00000c54:.textf)
0035 _COM_funordered
     SECTION=.RLIB
                 __COM_funordered
                                 00001eaf 0005(00000813:.textf)
                                          0005(0000084f:.textf)
                                          0005(00000963:.textf)
                                          0005(00000a1c:.textf)
                                          0005(00000af8:.textf)
                                          0005(00000bf7:.textf)
0036 _COM_ultof
     SECTION=.RLIB
                 __COM_ultof
                                 00001eba 0004(00000637:.textf)
                                          0004(00000670:.textf)
                                          0005(000008c0:.textf)
                                          0005(00000909:.textf)
                                          0005(000009b9:.textf)
                                          0005(00000a7a:.textf)
                                          0005(00000b5d:.textf)
                                          0005(00000bd3:.textf)
                                          0005(00000c58:.textf)
                                          0005(00000edf:.textf)
0037 _REL_fcmp
     SECTION=.RLIB
                 __REL_fcmp
                                 00001ec0 0029(00001d68:.RLIB)
                                          0030(00001d7e:.RLIB)
                                          0031(00001d94:.RLIB)
                                          0032(00001daa:.RLIB)
0038 _REL_fordered_core
     SECTION=.RLIB
                 __REL_fordered_core
                                 00001ef8 0029(00001d61:.RLIB)
                                          0030(00001d77:.RLIB)
                                          0031(00001d8d:.RLIB)
                                          0032(00001da3:.RLIB)
                                          0035(00001eb2:.RLIB)
0039 _REL_ftol
     SECTION=.RLIB
                 __REL_ftol
                                 00001f14 0034(00001ea9:.RLIB)
0040 _REL_f_inf
     SECTION=.RLIB
                 __REL_f_inf
                                 00001f49 0027(00001be8:.RLIB)
                                          0028(00001c79:.RLIB)
                                          0028(00001d19:.RLIB)
                                          0033(00001dd3:.RLIB)
                                          0033(00001e76:.RLIB)
0041 _REL_f_norm
     SECTION=.RLIB
                 __REL_f_norm
                                 00001f51 0028(00001c5a:.RLIB)
                                          0028(00001c85:.RLIB)
                                          0033(00001df4:.RLIB)
0042 _REL_f_round
     SECTION=.RLIB
                 __REL_f_round
                                 00001f61 0027(00001bf5:.RLIB)
                                          0027(00001c2d:.RLIB)
                                          0028(00001d5b:.RLIB)
                                          0033(00001e83:.RLIB)
0043 _REL_ltof
     SECTION=.RLIB
                 __REL_ltof
                                 00001f74 0036(00001ebd:.RLIB)
0044 _COM_lshr
     SECTION=.RLIB
                 __COM_lshr
                                 00001fc8 0039(00001f40:.RLIB)
0045 rlink_generates_01
     SECTION=.option_byte
0046 rlink_generates_02
     SECTION=.monitor1
     SECTION=.monitor2
0047 rlink_generates_03
     SECTION=.security_id
0048 rlink_generates_04
     SECTION=.vect
0049 rlink_generates_05
     SECTION=
                 __s.vect
                                 00000000
                 __s.constf
                                 00000080
                 __e.constf
                                 00000080
                 __s.sdata
                                 00000080
                 __e.sdata
                                 00000080
                 __e.vect
                                 00000080
                 __s.option_byte
                                 000000c0
                 __s.SLIB
                                 000000c4
                 __e.SLIB
                                 000000c4
                 __e.option_byte
                                 000000c4
                 __s.security_id
                                 000000c4
                 __s.monitor1
                                 000000ce
                 __e.security_id
                                 000000ce
                 __s.data
                                 000000d8
                 __e.monitor1
                                 000000d8
                 __s.text
                                 0000014a
                 __e.data
                                 0000014a
                 __e.text
                                 00000464
                 __s.textf
                                 00000464
                 __e.textf
                                 00001ad6
                 __s.RLIB
                                 00001ad6
                 __e.RLIB
                                 00001fdf
                 __s.const
                                 00003000
                 __e.const
                                 00003002
                 __s.monitor2
                                 0007fe00
                 __e.monitor2
                                 00080000
                 __RAM_ADDR_START
                                 000f3f00
                 __s.bss
                                 000f4700
                 __e.bss
                                 000f4807
                 __s.dataR
                                 000f4808
                 __e.dataR
                                 000f487a
                 __STACK_ADDR_END
                                 000f487a 0001(0000014f:.text)
                 __s.sbss
                                 000ffe20
                 __e.sbss
                                 000ffe20
                 __s.sdataR
                                 000ffe20
                 __e.sdataR
                                 000ffe20
                 __STACK_ADDR_START
                                 000ffe20 0001(0000014c:.text)
                 __RAM_ADDR_END
                                 000ffee0
