Renesas Optimizing Linker (W3.03.00 )             08-Dec-2021 17:03:03

*** Options ***

-subcommand=LinkerControlPCB_HWM.tmp
-MAKEUD=D:\Chieniwa\E2_Studio\ControlPCB_HWM\HardwareDebug/ControlPCB_HWM_l.ud
-device="D:/Chieniwa/E2_Studio/.eclipse/com.renesas.platform_1435879475/DebugComp/RL78/RL78/Common/DR5F104ML.DVF"
-list="ControlPCB_HWM.map"
-show=all
-nooptimize
-entry=_start
-auto_section_layout
-security_id=00000000000000000000
-debug_monitor=7FE00-7FFFF
-user_opt_byte=FFFFF8
-ocdbg=84
-ocdtr
-input=".\generate\cstart.obj"
-input=".\generate\stkinit.obj"
-input=".\src\EEPROM.obj"
-input=".\src\crc32.obj"
-input=".\src\crc8.obj"
-input=".\src\interrupt_handle.obj"
-input=".\src\main.obj"
-input=".\src\r_cg_adc.obj"
-input=".\src\r_cg_adc_user.obj"
-input=".\src\r_cg_cgc.obj"
-input=".\src\r_cg_cgc_user.obj"
-input=".\src\r_cg_dac.obj"
-input=".\src\r_cg_dac_user.obj"
-input=".\src\r_cg_port.obj"
-input=".\src\r_cg_port_user.obj"
-input=".\src\r_cg_rtc.obj"
-input=".\src\r_cg_rtc_user.obj"
-input=".\src\r_cg_serial.obj"
-input=".\src\r_cg_serial_user.obj"
-input=".\src\r_cg_timer.obj"
-input=".\src\r_cg_timer_user.obj"
-input=".\src\r_cg_wdt.obj"
-input=".\src\r_cg_wdt_user.obj"
-input=".\src\r_main.obj"
-input=".\src\r_systeminit.obj"
-input=".\src\usr_timer.obj"
-library="C:\Program Files (x86)\Renesas Electronics\CS+\CC\CC-RL\V1.10.00\lib\rl78em4s99.lib"
-library="C:\Program Files (x86)\Renesas Electronics\CS+\CC\CC-RL\V1.10.00\lib\rl78em4r.lib"
-library="C:\Program Files (x86)\Renesas Electronics\CS+\CC\CC-RL\V1.10.00\lib\malloc_n.lib"
-output="ControlPCB_HWM.abs"
-debug
-nocompress
-rom=.data=.dataR,.sdata=.sdataR
-nomessage
-nologo

*** Error information ***

*** Mapping List ***

SECTION                            START      END         SIZE   ALIGN
.vect
                                  00000000  0000007f        80   0
.constf
                                  00000080  00000080         0   2
.sdata
                                  00000080  00000080         0   2
.option_byte
                                  000000c0  000000c3         4   1
.security_id
                                  000000c4  000000cd         a   1
.SLIB
                                  000000c4  000000c4         0   1
.monitor1
                                  000000ce  000000d7         a   1
.data
                                  000000d8  00000151        7a   2
.text
                                  00000152  0000046b       31a   1
.textf
                                  0000046c  000020a8      1c3d   1
.RLIB
                                  000020a9  000025b1       509   1
.const
                                  00003000  00003501       502   2
.monitor2
                                  0007fe00  0007ffff       200   1
.bss
                                  000f4700  000f493c       23d   2
.dataR
                                  000f493e  000f49b7        7a   2
.sbss
                                  000ffe20  000ffe20         0   2
.sdataR
                                  000ffe20  000ffe20         0   2

*** Total Section Size ***

RAMDATA SECTION:  000002b7 Byte(s)
ROMDATA SECTION:  00000814 Byte(s)
PROGRAM SECTION:  00002460 Byte(s)

*** Symbol List ***

SECTION=
FILE=                               START        END    SIZE
  SYMBOL                            ADDR        SIZE    INFO      COUNTS  OPT
    STRUCT                                      SIZE
      MEMBER                        ADDR        SIZE    INFO

SECTION=.vect
FILE=rlink_generates_04
                                  00000000  0000007f        80

SECTION=.option_byte
FILE=rlink_generates_01
                                  000000c0  000000c3         4

SECTION=.security_id
FILE=rlink_generates_03
                                  000000c4  000000cd         a

SECTION=.monitor1
FILE=rlink_generates_02
                                  000000ce  000000d7         a

SECTION=.data
FILE=.\src\main.obj
                                  000000d8  00000122        4b
FILE=.\src\r_main.obj
                                  00000124  00000151        2e

SECTION=.text
FILE=.\generate\cstart.obj
                                  00000152  000001ab        5a
  _start
                                  00000152         0   entry,g         0
  _exit
                                  000001aa         0   none ,g         1
FILE=.\src\r_cg_adc_user.obj
                                  000001ac  000001c5        1a
  _r_adc_interrupt@1
                                  000001ac        1a   func ,l         0
FILE=.\src\r_cg_serial_user.obj
                                  000001c6  00000443       27e
  _r_uart1_interrupt_receive@1
                                  000001c6        5f   func ,l         0
  _r_uart1_interrupt_send@1
                                  00000225        31   func ,l         0
  _r_csi00_interrupt@1
                                  00000256        49   func ,l         0
  _r_csi01_interrupt@1
                                  0000029f        85   func ,l         0
  _r_uart2_interrupt_receive@1
                                  00000324        5f   func ,l         0
  _r_uart2_interrupt_send@1
                                  00000383        31   func ,l         0
  _r_uart3_interrupt_receive@1
                                  000003b4        5f   func ,l         0
  _r_uart3_interrupt_send@1
                                  00000413        31   func ,l         0
FILE=.\src\r_cg_timer_user.obj
                                  00000444  00000469        26
  _r_tau0_channel0_interrupt@1
                                  00000444        1c   func ,l         0
  _r_tau0_channel1_interrupt@1
                                  00000460         5   func ,l         0
  _r_tau0_channel2_interrupt@1
                                  00000465         5   func ,l         0
FILE=.\src\r_cg_wdt_user.obj
                                  0000046a  0000046b         2
  _r_wdt_interrupt@1
                                  0000046a         2   func ,l         0

SECTION=.textf
FILE=.\generate\stkinit.obj
                                  0000046c  000004af        44
  _stkinit
                                  0000046c         0   none ,g         1
  LSTINIT1
                                  0000047a         0   none ,l         1
  LSTINIT2
                                  000004a4         0   none ,l         2
  LSTINIT3
                                  000004af         0   none ,l         2
FILE=.\src\EEPROM.obj
                                  000004b0  0000062a       17b
  _EEPROM_Init
                                  000004b0        2b   func ,g         1
  _rEE_Status
                                  000004db        1b   func ,g         1
  _sEE_WriteEnable
                                  000004f6        12   func ,g         2
  _sEE_WriteDisable
                                  00000508        12   func ,g         0
  _EE_SPI_Write
                                  0000051a        5a   func ,g         0
  _EE_SPI_Read
                                  00000574        58   func ,g         0
  _sEE_Block
                                  000005cc        11   func ,g         0
  _sEE_SendInstruction
                                  000005dd         3   func ,g         0
  _sEE_SendReceiveInstruction
                                  000005e0         4   func ,g         0
  _EE_TransmitData
                                  000005e4        2c   func ,g         8
  _sEE_WriteStatusRegister
                                  00000610        1b   func ,g         2
FILE=.\src\crc32.obj
                                  0000062b  000006c9        9f
  _xcrc32
                                  0000062b        4e   func ,g         0
  _CRC32
                                  00000679        51   func ,g         0
FILE=.\src\crc8.obj
                                  000006ca  00000729        60
  _crc8_4
                                  000006ca        43   func ,g         1
  _crc8_1
                                  0000070d        1d   func ,g         4
FILE=.\src\interrupt_handle.obj
                                  0000072a  000007a5        7c
  _adc_int_handle
                                  0000072a        7c   func ,g         1
FILE=.\src\main.obj
                                  000007a6  00001301       b5c
  _handSensorLED
                                  000007a6        30   func ,g         b
  _setting_default
                                  000007d6        a1   func ,g         1
  _sendToRasPi
                                  00000877        33   func ,g        12
  _InitialOperationModeStart
                                  000008aa        5e   func ,g         1
  _FlowSensorCheck
                                  00000908        a5   func ,g         1
  _WaterSupplyOperation
                                  000009ad        4b   func ,g         1
  _Voltage1Check
                                  000009f8        5b   func ,g         1
  _Voltage2Check
                                  00000a53        b4   func ,g         1
  _Voltage3Check
                                  00000b07        bd   func ,g         1
  _LowVoltageCheck
                                  00000bc4        e3   func ,g         1
  _OverCurrentCheck
                                  00000ca7        fb   func ,g         1
  _ElectrolyticOperation
                                  00000da2        59   func ,g         1
  _solenoidCheck
                                  00000dfb        76   func ,g         0
  _saltWaterTankFullCheck
                                  00000e71        13   func ,g         0
  _saltWaterTankEmptyCheck
                                  00000e84        10   func ,g         0
  _acidWaterTankSkipCheck
                                  00000e94        3b   func ,g         0
  _alkalineWaterTankSkipCheck
                                  00000ecf        3f   func ,g         0
  _OpenSV1
                                  00000f0e         4   func ,g         0
  _CloseSV1
                                  00000f12         4   func ,g         0
  _OpenSV2
                                  00000f16         4   func ,g         0
  _CloseSV2
                                  00000f1a         4   func ,g         0
  _FilterReplacementCheck
                                  00000f1e         2   func ,g         0
  _ElectrolyzeWaterGeneration
                                  00000f20        26   func ,g         1
  _WaterWashingMode
                                  00000f46        3d   func ,g         1
  _HandWashingMode
                                  00000f83        a6   func ,g         0
  _AcidWaterMode
                                  00001029        af   func ,g         0
  _nostop_AlkalineWaterMode
                                  000010d8        b1   func ,g         0
  _nostop_CallanCleaningMode
                                  00001189        8d   func ,g         0
  _main_20211111
                                  00001216         9   func ,g         0
  _main_20211111_while
                                  0000121f         6   func ,g         0
  _electrolyticOperationON
                                  00001225        27   func ,g         3
  _electrolyticOperationOFF
                                  0000124c        1a   func ,g         8
  _measureFlowSensor
                                  00001266        9c   func ,g         1
FILE=.\src\r_cg_adc.obj
                                  00001302  00001363        62
  _R_ADC_Create
                                  00001302        33   func ,g         2
  _R_ADC_Start
                                  00001335         a   func ,g         2
  _R_ADC_Stop
                                  0000133f         a   func ,g         0
  _R_ADC_Set_OperationOn
                                  00001349         4   func ,g         1
  _R_ADC_Set_OperationOff
                                  0000134d         4   func ,g         0
  _R_ADC_Get_Result
                                  00001351         7   func ,g         2
  _R_ADC_Set_ADChannel
                                  00001358         c   func ,g         0
FILE=.\src\r_cg_cgc.obj
                                  00001364  00001379        16
  _R_CGC_Create
                                  00001364        16   func ,g         1
FILE=.\src\r_cg_cgc_user.obj
                                  0000137a  0000137c         3
  _R_CGC_Get_ResetSource
                                  0000137a         3   func ,g         1
FILE=.\src\r_cg_dac.obj
                                  0000137d  000013af        33
  _R_DAC_Create
                                  0000137d        1d   func ,g         1
  _R_DAC0_Start
                                  0000139a         4   func ,g         0
  _R_DAC0_Stop
                                  0000139e         4   func ,g         0
  _R_DAC0_Set_ConversionValue
                                  000013a2         3   func ,g         0
  _R_DAC1_Start
                                  000013a5         4   func ,g         0
  _R_DAC1_Stop
                                  000013a9         4   func ,g         0
  _R_DAC1_Set_ConversionValue
                                  000013ad         3   func ,g         0
FILE=.\src\r_cg_port.obj
                                  000013b0  000013f7        48
  _R_PORT_Create
                                  000013b0        48   func ,g         1
FILE=.\src\r_cg_port_user.obj
                                  000013f8  000013f8         1
  _R_PORT_Create_UserInit
                                  000013f8         1   func ,g         1
FILE=.\src\r_cg_rtc.obj
                                  000013f9  00001536       13e
  _R_RTC_Create
                                  000013f9        27   func ,g         2
  _R_RTC_Start
                                  00001420         4   func ,g         1
  _R_RTC_Stop
                                  00001424         4   func ,g         0
  _R_RTC_Get_CounterValue
                                  00001428        51   func ,g         0
  _R_RTC_Set_CounterValue
                                  00001479        be   func ,g         1
FILE=.\src\r_cg_serial.obj
                                  00001537  00001a29       4f3
  _R_CSI01_Receive
                                  00001537        1a   func ,g         0
  _R_CSI01_Send
                                  00001551        26   func ,g         0
  _R_SAU0_Create
                                  00001577        17   func ,g         2
  _R_UART1_Create
                                  0000158e        7e   func ,g         2
  _R_UART1_Start
                                  0000160c        26   func ,g         1
  _R_UART1_Stop
                                  00001632        1e   func ,g         0
  _R_UART1_Receive
                                  00001650        18   func ,g         0
  _R_UART1_Send
                                  00001668        29   func ,g         0
  _R_CSI00_Create
                                  00001691        53   func ,g         2
  _R_CSI00_Start
                                  000016e4        26   func ,g         1
  _R_CSI00_Stop
                                  0000170a        18   func ,g         0
  _R_CSI00_Send
                                  00001722        28   func ,g         0
  _R_CSI01_Create
                                  0000174a        5a   func ,g         3
  _R_CSI01_Start
                                  000017a4        26   func ,g         1
  _R_CSI01_Stop
                                  000017ca        18   func ,g         1
  _R_CSI01_Send_Receive
                                  000017e2        36   func ,g         1
  _R_SAU1_Create
                                  00001818        14   func ,g         2
  _R_UART2_Create
                                  0000182c        7e   func ,g         2
  _R_UART2_Start
                                  000018aa        26   func ,g         2
  _R_UART2_Stop
                                  000018d0        1e   func ,g         1
  _R_UART2_Receive
                                  000018ee        18   func ,g         3
  _R_UART2_Send
                                  00001906        29   func ,g         3
  _R_UART3_Create
                                  0000192f        76   func ,g         2
  _R_UART3_Start
                                  000019a5        26   func ,g         1
  _R_UART3_Stop
                                  000019cb        1e   func ,g         0
  _R_UART3_Receive
                                  000019e9        18   func ,g         2
  _R_UART3_Send
                                  00001a01        29   func ,g         1
FILE=.\src\r_cg_serial_user.obj
                                  00001a2a  00001abd        94
  _isCommand
                                  00001a2a        1c   func ,g         1
  _r_uart1_callback_receiveend@1
                                  00001a46         1   func ,l         1
  _r_uart1_callback_softwareoverrun@1
                                  00001a47         1   func ,l         1
  _r_uart1_callback_sendend@1
                                  00001a48         1   func ,l         1
  _r_uart1_callback_error@1
                                  00001a49         1   func ,l         1
  _r_csi00_callback_sendend@1
                                  00001a4a         1   func ,l         1
  _r_csi01_callback_receiveend@1
                                  00001a4b         7   func ,l         1
  _r_csi01_callback_error@1
                                  00001a52         1   func ,l         1
  _r_csi01_callback_sendend@1
                                  00001a53         4   func ,l         1
  _r_uart2_callback_receiveend@1
                                  00001a57        51   func ,l         1
  _r_uart2_callback_softwareoverrun@1
                                  00001aa8         1   func ,l         1
  _r_uart2_callback_sendend@1
                                  00001aa9         4   func ,l         1
  _r_uart2_callback_error@1
                                  00001aad         1   func ,l         1
  _r_uart3_callback_receiveend@1
                                  00001aae         a   func ,l         1
  _r_uart3_callback_softwareoverrun@1
                                  00001ab8         1   func ,l         1
  _r_uart3_callback_sendend@1
                                  00001ab9         4   func ,l         1
  _r_uart3_callback_error@1
                                  00001abd         1   func ,l         1
FILE=.\src\r_cg_timer.obj
                                  00001abe  00001bca       10d
  _R_TAU0_Create
                                  00001abe        ad   func ,g         2
  _R_TAU0_Channel0_Start
                                  00001b6b        10   func ,g         1
  _R_TAU0_Channel0_Stop
                                  00001b7b        10   func ,g         0
  _R_TAU0_Channel1_Start
                                  00001b8b        10   func ,g         0
  _R_TAU0_Channel1_Stop
                                  00001b9b        10   func ,g         0
  _R_TAU0_Channel2_Start
                                  00001bab        10   func ,g         0
  _R_TAU0_Channel2_Stop
                                  00001bbb        10   func ,g         0
FILE=.\src\r_cg_wdt.obj
                                  00001bcb  00001bdf        15
  _R_WDT_Create
                                  00001bcb        11   func ,g         1
  _R_WDT_Restart
                                  00001bdc         4   func ,g        11
FILE=.\src\r_main.obj
                                  00001be0  00001f76       397
  _readHS
                                  00001be0        15   func ,g         8
  _main
                                  00001bf5       337   func ,g         1
  _R_MAIN_UserInit
                                  00001f2c        4b   func ,g         1
FILE=.\src\r_systeminit.obj
                                  00001f77  00001fad        37
  _R_Systeminit
                                  00001f77        32   func ,g         1
  _hdwinit
                                  00001fa9         5   func ,g         1
FILE=.\src\usr_timer.obj
                                  00001fae  000020a8        fb
  _delay_ms
                                  00001fae        68   func ,g         9
  _delay
                                  00002016        18   func ,g         5
  _ns_delay_ms
                                  0000202e        35   func ,g        10
  _non_block_delay
                                  00002063         2   func ,g         0
  _mTask
                                  00002065        44   func ,g         0

SECTION=.RLIB
FILE=memcpy
                                  000020a9  000020b9        11
  _memcpy
                                  000020a9         0   none ,g         2
FILE=memset
                                  000020ba  000020c7         e
  _memset
                                  000020ba         0   none ,g         2
FILE=_COM_faddsub
                                  000020c8  00002202       13b
  __COM_fsub
                                  00002124         0   none ,g         0
  __COM_fadd
                                  0000212c         0   none ,g         1
FILE=_COM_fdiv
                                  00002203  00002330       12e
  __COM_fdiv
                                  00002262         0   none ,g         1
FILE=_COM_fge
                                  00002331  00002346        16
  __COM_fge
                                  00002331         0   none ,g         3
FILE=_COM_fgt
                                  00002347  0000235c        16
  __COM_fgt
                                  00002347         0   none ,g         1
FILE=_COM_fle
                                  0000235d  00002372        16
  __COM_fle
                                  0000235d         0   none ,g         3
FILE=_COM_flt
                                  00002373  00002388        16
  __COM_flt
                                  00002373         0   none ,g         3
FILE=_COM_fmul
                                  00002389  00002475        ed
  __COM_fmul
                                  000023d4         0   none ,g         d
FILE=_COM_ftoul
                                  00002476  00002481         c
  __COM_ftoul
                                  00002476         0   none ,g         8
FILE=_COM_funordered
                                  00002482  0000248c         b
  __COM_funordered
                                  00002482         0   none ,g         6
FILE=_COM_ultof
                                  0000248d  00002492         6
  __COM_ultof
                                  0000248d         0   none ,g         a
FILE=_REL_fcmp
                                  00002493  000024ca        38
  __REL_fcmp
                                  00002493         0   none ,g         4
FILE=_REL_fordered_core
                                  000024cb  000024e6        1c
  __REL_fordered_core
                                  000024cb         0   none ,g         5
FILE=_REL_ftol
                                  000024e7  0000251b        35
  __REL_ftol
                                  000024e7         0   none ,g         1
FILE=_REL_f_inf
                                  0000251c  00002523         8
  __REL_f_inf
                                  0000251c         0   none ,g         5
FILE=_REL_f_norm
                                  00002524  00002533        10
  __REL_f_norm
                                  00002524         0   none ,g         3
FILE=_REL_f_round
                                  00002534  00002546        13
  __REL_f_round
                                  00002534         0   none ,g         4
FILE=_REL_ltof
                                  00002547  00002590        4a
  __REL_ltof
                                  00002547         0   none ,g         1
FILE=_COM_lshr
                                  00002591  000025b1        21
  __COM_lshr
                                  0000259b         0   none ,g         1

SECTION=.const
FILE=.\src\EEPROM.obj
                                  00003000  00003001         2
FILE=.\src\crc32.obj
                                  00003002  00003401       400
  _crc32_table
                                  00003002       400   data ,g         2
FILE=.\src\crc8.obj
                                  00003402  00003501       100
  _crc_table@1
                                  00003402       100   data ,l         2

SECTION=.monitor2
FILE=rlink_generates_02
                                  0007fe00  0007ffff       200

SECTION=.bss
FILE=.\src\EEPROM.obj
                                  000f4700  000f4703         4
  _eeprom_status
                                  000f4700         1   data ,g         8
    union  EEPROM_status_u {
                                                   1
      _eeprom_status.refined
                                  000f4700         1
    struct  {
                                                   1
      _eeprom_status.refined.RB
                                  000f4700         1   unsigned char:1(7)
      _eeprom_status.refined.WEN
                                  000f4700         1   unsigned char:1(6)
      _eeprom_status.refined.BP
                                  000f4700         1   unsigned char:2(4)
      _eeprom_status.refined.RSVD
                                  000f4700         1   unsigned char:3(1)
      _eeprom_status.refined.WPEN
                                  000f4700         1   unsigned char:1(0)
    }
      _eeprom_status.raw
                                  000f4700         1   unsigned char
    }
  _spi_flag
                                  000f4702         2   data ,g         3
FILE=.\src\interrupt_handle.obj
                                  000f4704  000f4707         4
  _g_adc_value
                                  000f4704         4   data ,g         4
FILE=.\src\main.obj
                                  000f4708  000f478f        88
  _g_Tick@1
                                  000f4708        40   data ,l        15
    struct Tick_s {
                                                  40
      _g_Tick@1.tick500ms
                                  000f4708         4   unsigned long
      _g_Tick@1.tick1s
                                  000f470c         4   unsigned long
      _g_Tick@1.tick5s
                                  000f4710         4   unsigned long
      _g_Tick@1.tickBlink
                                  000f4714         4   unsigned long
      _g_Tick@1.tickAlkaline
                                  000f4718         4   unsigned long
      _g_Tick@1.tickAcid
                                  000f471c         4   unsigned long
      _g_Tick@1.tickWater
                                  000f4720         4   unsigned long
      _g_Tick@1.tickHandWash
                                  000f4724         4   unsigned long
      _g_Tick@1.tickCustom
                                  000f4728        20   unsigned long
    }
  _g_TickKeeper@2
                                  000f4748        10   data ,l         4
    struct Tick_Keeper_s {
                                                  10
      _g_TickKeeper@2.SV1_ON_minutes
                                  000f4748         4   unsigned long
      _g_TickKeeper@2.SV1_OFF_minutes
                                  000f474c         4   unsigned long
      _g_TickKeeper@2.SV2_ON_minutes
                                  000f4750         4   unsigned long
      _g_TickKeeper@2.SV2_OFF_minutes
                                  000f4754         4   unsigned long
    }
  _g_machine_flag@3
                                  000f4758         4   data ,l         c
    struct Machine_Flag {
                                                   4
      _g_machine_flag@3.akaline
                                  000f4758         1   unsigned char
      _g_machine_flag@3.acid
                                  000f4759         1   unsigned char
      _g_machine_flag@3.water
                                  000f475a         1   unsigned char
      _g_machine_flag@3.handwash
                                  000f475b         1   unsigned char
    }
  _g_callan_clear_flag@4
                                  000f475c         1   data ,l         3
  _g_numberSetting
                                  000f475e        22   data ,g        22
    struct Number_Setting_s {
                                                  22
      _g_numberSetting.upperVoltage1
                                  000f475e         4   float
      _g_numberSetting.upperVoltage2
                                  000f4762         4   float
      _g_numberSetting.upperVoltage3
                                  000f4766         4   float
      _g_numberSetting.lowerVoltage
                                  000f476a         4   float
      _g_numberSetting.upperCurrent
                                  000f476e         4   float
      _g_numberSetting.lowerCurrent
                                  000f4772         4   float
      _g_numberSetting.upperFlow
                                  000f4776         4   float
      _g_numberSetting.lowerFlow
                                  000f477a         4   float
      _g_numberSetting.crc
                                  000f477e         1   char
    }
  _g_color
                                  000f4780         1   data ,g        12
  _g_pre_color
                                  000f4781         1   data ,g         4
  _g_cvcc_current
                                  000f4782         4   data ,g         6
  _g_cvcc_voltge
                                  000f4786         4   data ,g         c
  _g_alarm
                                  000f478a         1   data ,g         0
  _g_flow_value
                                  000f478c         4   data ,g         6
FILE=.\src\r_cg_rtc_user.obj
                                  000f4790  000f4796         7
  _g_rtc
                                  000f4790         7   data ,g         3
    struct  {
                                                   7
      _g_rtc.sec
                                  000f4790         1   unsigned char
      _g_rtc.min
                                  000f4791         1   unsigned char
      _g_rtc.hour
                                  000f4792         1   unsigned char
      _g_rtc.day
                                  000f4793         1   unsigned char
      _g_rtc.week
                                  000f4794         1   unsigned char
      _g_rtc.month
                                  000f4795         1   unsigned char
      _g_rtc.year
                                  000f4796         1   unsigned char
    }
FILE=.\src\r_cg_serial.obj
                                  000f4798  000f47cd        36
  _gp_uart1_tx_address
                                  000f4798         2   data ,g         5
  _g_uart1_tx_count
                                  000f479a         2   data ,g         4
  _gp_uart1_rx_address
                                  000f479c         2   data ,g         3
  _g_uart1_rx_count
                                  000f479e         2   data ,g         4
  _g_uart1_rx_length
                                  000f47a0         2   data ,g         3
  _gp_csi00_rx_address
                                  000f47a2         2   data ,g         0
  _g_csi00_rx_length
                                  000f47a4         2   data ,g         0
  _g_csi00_rx_count
                                  000f47a6         2   data ,g         0
  _gp_csi00_tx_address
                                  000f47a8         2   data ,g         6
  _g_csi00_send_length
                                  000f47aa         2   data ,g         0
  _g_csi00_tx_count
                                  000f47ac         2   data ,g         4
  _gp_csi01_rx_address
                                  000f47ae         2   data ,g         5
  _g_csi01_rx_length
                                  000f47b0         2   data ,g         1
  _g_csi01_rx_count
                                  000f47b2         2   data ,g         1
  _gp_csi01_tx_address
                                  000f47b4         2   data ,g         7
  _g_csi01_send_length
                                  000f47b6         2   data ,g         0
  _g_csi01_tx_count
                                  000f47b8         2   data ,g         7
  _gp_uart2_tx_address
                                  000f47ba         2   data ,g         5
  _g_uart2_tx_count
                                  000f47bc         2   data ,g         4
  _gp_uart2_rx_address
                                  000f47be         2   data ,g         3
  _g_uart2_rx_count
                                  000f47c0         2   data ,g         4
  _g_uart2_rx_length
                                  000f47c2         2   data ,g         3
  _gp_uart3_tx_address
                                  000f47c4         2   data ,g         5
  _g_uart3_tx_count
                                  000f47c6         2   data ,g         4
  _gp_uart3_rx_address
                                  000f47c8         2   data ,g         3
  _g_uart3_rx_count
                                  000f47ca         2   data ,g         4
  _g_uart3_rx_length
                                  000f47cc         2   data ,g         3
FILE=.\src\r_cg_serial_user.obj
                                  000f47ce  000f4822        55
  _send_response_flag
                                  000f47ce         1   data ,g         3
  _send_response_time_flag
                                  000f47cf         1   data ,g         3
  _send_response_number_flag
                                  000f47d0         1   data ,g         0
  _recived_time_setting_flag
                                  000f47d1         1   data ,g         6
  _g_csi_count
                                  000f47d2         1   data ,g         0
  _g_csi_err
                                  000f47d3         1   data ,g         0
  _g_csi_send_end
                                  000f47d4         1   data ,g         1
  _g_csi_rev_end
                                  000f47d5         1   data ,g         3
  _g_uart1_send
                                  000f47d6         1   data ,g         0
  _g_uart2_sendend
                                  000f47d7         1   data ,g         8
  _g_uart2_receive
                                  000f47d8         1   data ,g         1
  _g_rx_data
                                  000f47d9        48   data ,g        1a
  _g_uart2_fault
                                  000f4821         1   data ,g         3
  _g_uart3_sendend
                                  000f4822         1   data ,g         3
FILE=.\src\r_cg_timer_user.obj
                                  000f4824  000f482b         8
  _timer0_ch0_flag
                                  000f4824         1   data ,g         1
  _timer0_ch1_flag
                                  000f4825         1   data ,g         1
  _timer0_ch2_flag
                                  000f4826         1   data ,g         1
  _g_systemTime
                                  000f4828         4   data ,g        24
FILE=.\src\r_main.obj
                                  000f482c  000f493c       111
  _g_Tick@1
                                  000f482c        40   data ,l         8
    struct Tick_s {
                                                  40
      _g_Tick@1.tick500ms
                                  000f482c         4   unsigned long
      _g_Tick@1.tick1s
                                  000f4830         4   unsigned long
      _g_Tick@1.tick5s
                                  000f4834         4   unsigned long
      _g_Tick@1.tickBlink
                                  000f4838         4   unsigned long
      _g_Tick@1.tickAlkaline
                                  000f483c         4   unsigned long
      _g_Tick@1.tickAcid
                                  000f4840         4   unsigned long
      _g_Tick@1.tickWater
                                  000f4844         4   unsigned long
      _g_Tick@1.tickHandWash
                                  000f4848         4   unsigned long
      _g_Tick@1.tickCustom
                                  000f484c        20   unsigned long
    }
  _g_TickKeeper@2
                                  000f486c        10   data ,l        18
    struct Tick_Keeper_s {
                                                  10
      _g_TickKeeper@2.SV1_ON_minutes
                                  000f486c         4   unsigned long
      _g_TickKeeper@2.SV1_OFF_minutes
                                  000f4870         4   unsigned long
      _g_TickKeeper@2.SV2_ON_minutes
                                  000f4874         4   unsigned long
      _g_TickKeeper@2.SV2_OFF_minutes
                                  000f4878         4   unsigned long
    }
  __setting@3
                                  000f487c        46   data ,l         3
    struct Timer_Setting_s {
                                                  46
      __setting@3.t2_flowSensorStartTime
                                  000f487c         4   unsigned long
      __setting@3.t3_flowSensorMonitorTime
                                  000f4880         4   unsigned long
      __setting@3.t6_drainageOffTime
                                  000f4884         4   unsigned long
      __setting@3.t11_overVoltage1Time
                                  000f4888         4   unsigned long
      __setting@3.t12_overVoltage2Time
                                  000f488c         4   unsigned long
      __setting@3.t13_overVoltage3Time
                                  000f4890         4   unsigned long
      __setting@3.t14_lowVoltageStartTime
                                  000f4894         4   unsigned long
      __setting@3.t15_lowVoltageDelayTime
                                  000f4898         4   unsigned long
      __setting@3.t17_solenoidLeakageStartTime
                                  000f489c         4   unsigned long
      __setting@3.t51
                                  000f48a0         4   unsigned long
      __setting@3.t52
                                  000f48a4         4   unsigned long
      __setting@3.t53
                                  000f48a8         4   unsigned long
      __setting@3.t54
                                  000f48ac         4   unsigned long
      __setting@3.t56
                                  000f48b0         4   unsigned long
      __setting@3.t59
                                  000f48b4         4   unsigned long
      __setting@3.t61
                                  000f48b8         4   unsigned long
      __setting@3.t62
                                  000f48bc         4   unsigned long
      __setting@3.crc
                                  000f48c0         1   char
    }
  _g_e_status
                                  000f48c2         1   data ,g         0
    union  EEPROM_status_u {
                                                   1
      _g_e_status.refined
                                  000f48c2         1
    struct  {
                                                   1
      _g_e_status.refined.RB
                                  000f48c2         1   unsigned char:1(7)
      _g_e_status.refined.WEN
                                  000f48c2         1   unsigned char:1(6)
      _g_e_status.refined.BP
                                  000f48c2         1   unsigned char:2(4)
      _g_e_status.refined.RSVD
                                  000f48c2         1   unsigned char:3(1)
      _g_e_status.refined.WPEN
                                  000f48c2         1   unsigned char:1(0)
    }
      _g_e_status.raw
                                  000f48c2         1   unsigned char
    }
  _flow_p
                                  000f48c3         1   data ,g         1
  _salt_h_p
                                  000f48c4         1   data ,g         0
  _g_eeprom_wren
                                  000f48c5         1   data ,g         0
  _receive_data
                                  000f48c6         2   data ,g         0
  _receive_setting
                                  000f48c8        22   data ,g         0
    struct Number_Setting_s {
                                                  22
      _receive_setting.upperVoltage1
                                  000f48c8         4   float
      _receive_setting.upperVoltage2
                                  000f48cc         4   float
      _receive_setting.upperVoltage3
                                  000f48d0         4   float
      _receive_setting.lowerVoltage
                                  000f48d4         4   float
      _receive_setting.upperCurrent
                                  000f48d8         4   float
      _receive_setting.lowerCurrent
                                  000f48dc         4   float
      _receive_setting.upperFlow
                                  000f48e0         4   float
      _receive_setting.lowerFlow
                                  000f48e4         4   float
      _receive_setting.crc
                                  000f48e8         1   char
    }
  _set
                                  000f48ea         1   data ,g         0
    union  EEPROM_status_u {
                                                   1
      _set.refined
                                  000f48ea         1
    struct  {
                                                   1
      _set.refined.RB
                                  000f48ea         1   unsigned char:1(7)
      _set.refined.WEN
                                  000f48ea         1   unsigned char:1(6)
      _set.refined.BP
                                  000f48ea         1   unsigned char:2(4)
      _set.refined.RSVD
                                  000f48ea         1   unsigned char:3(1)
      _set.refined.WPEN
                                  000f48ea         1   unsigned char:1(0)
    }
      _set.raw
                                  000f48ea         1   unsigned char
    }
  _rx_data
                                  000f48ec         c   data ,g         0
  _data_f
                                  000f48f8         4   data ,g         0
  _data_f_test
                                  000f48fc         4   data ,g         0
    union  byte_to_float {
                                                   4
      _data_f_test.refined
                                  000f48fc         4
    struct  {
                                                   4
      _data_f_test.refined.b
                                  000f48fc         4   unsigned char
    }
      _data_f_test.raw
                                  000f48fc         4   float
    }
  _g_control_buffer
                                  000f4900         6   data ,g         5
    struct UART_Buffer_s {
                                                   6
      _g_control_buffer.head
                                  000f4900         1   unsigned char
      _g_control_buffer.set_number
                                  000f4901         1   unsigned char
      _g_control_buffer.set_value
                                  000f4902         4   unsigned long
    }
  _this_size
                                  000f4906         1   data ,g         4
  _rec_buf
                                  000f4907         c   data ,g         2
  _g_crc
                                  000f4913         8   data ,g         2
  _g_crc_32
                                  000f491c        20   data ,g         0
  _rx_count
                                  000f493c         1   data ,g         3

SECTION=.dataR
FILE=.\src\main.obj
                                  000f493e  000f4988        4b
  _g_timerSetting
                                  000f493e        46   data ,g        41
    struct Timer_Setting_s {
                                                  46
      _g_timerSetting.t2_flowSensorStartTime
                                  000f493e         4   unsigned long
      _g_timerSetting.t3_flowSensorMonitorTime
                                  000f4942         4   unsigned long
      _g_timerSetting.t6_drainageOffTime
                                  000f4946         4   unsigned long
      _g_timerSetting.t11_overVoltage1Time
                                  000f494a         4   unsigned long
      _g_timerSetting.t12_overVoltage2Time
                                  000f494e         4   unsigned long
      _g_timerSetting.t13_overVoltage3Time
                                  000f4952         4   unsigned long
      _g_timerSetting.t14_lowVoltageStartTime
                                  000f4956         4   unsigned long
      _g_timerSetting.t15_lowVoltageDelayTime
                                  000f495a         4   unsigned long
      _g_timerSetting.t17_solenoidLeakageStartTime
                                  000f495e         4   unsigned long
      _g_timerSetting.t51
                                  000f4962         4   unsigned long
      _g_timerSetting.t52
                                  000f4966         4   unsigned long
      _g_timerSetting.t53
                                  000f496a         4   unsigned long
      _g_timerSetting.t54
                                  000f496e         4   unsigned long
      _g_timerSetting.t56
                                  000f4972         4   unsigned long
      _g_timerSetting.t59
                                  000f4976         4   unsigned long
      _g_timerSetting.t61
                                  000f497a         4   unsigned long
      _g_timerSetting.t62
                                  000f497e         4   unsigned long
      _g_timerSetting.crc
                                  000f4982         1   char
    }
  _g_neutralization_time
                                  000f4984         4   data ,g         8
  _g_electrolytic_flag
                                  000f4988         1   data ,g         2
FILE=.\src\r_main.obj
                                  000f498a  000f49b7        2e
  _g_error
                                  000f498a         2   data ,g         0
  _g_adc_ch
                                  000f498c         2   data ,g         0
  _led_st
                                  000f498e         1   data ,g         2
  _e_send
                                  000f498f         c   data ,g         0
  _e_data
                                  000f499b         c   data ,g         0
  _send_data
                                  000f49a7         2   data ,g         0
  _send_buf
                                  000f49a9         7   data ,g         2
  _data_crc
                                  000f49b0         8   data ,g         0

Absolute value symbols
FILE=rlink_generates_05
  __s.text
                                  00000152         0   none ,g         0
  __e.text
                                  0000046c         0   none ,g         0
  __s.textf
                                  0000046c         0   none ,g         0
  __e.textf
                                  000020a9         0   none ,g         0
  __s.const
                                  00003000         0   none ,g         0
  __e.const
                                  00003502         0   none ,g         0
  __s.constf
                                  00000080         0   none ,g         0
  __e.constf
                                  00000080         0   none ,g         0
  __s.data
                                  000000d8         0   none ,g         0
  __e.data
                                  00000152         0   none ,g         0
  __s.sdata
                                  00000080         0   none ,g         0
  __e.sdata
                                  00000080         0   none ,g         0
  __s.bss
                                  000f4700         0   none ,g         0
  __e.bss
                                  000f493d         0   none ,g         0
  __s.sbss
                                  000ffe20         0   none ,g         0
  __e.sbss
                                  000ffe20         0   none ,g         0
  __s.dataR
                                  000f493e         0   none ,g         0
  __e.dataR
                                  000f49b8         0   none ,g         0
  __s.sdataR
                                  000ffe20         0   none ,g         0
  __e.sdataR
                                  000ffe20         0   none ,g         0
  __s.RLIB
                                  000020a9         0   none ,g         0
  __e.RLIB
                                  000025b2         0   none ,g         0
  __s.SLIB
                                  000000c4         0   none ,g         0
  __e.SLIB
                                  000000c4         0   none ,g         0
  __s.option_byte
                                  000000c0         0   none ,g         0
  __e.option_byte
                                  000000c4         0   none ,g         0
  __s.monitor1
                                  000000ce         0   none ,g         0
  __e.monitor1
                                  000000d8         0   none ,g         0
  __s.monitor2
                                  0007fe00         0   none ,g         0
  __e.monitor2
                                  00080000         0   none ,g         0
  __s.security_id
                                  000000c4         0   none ,g         0
  __e.security_id
                                  000000ce         0   none ,g         0
  __s.vect
                                  00000000         0   none ,g         0
  __e.vect
                                  00000080         0   none ,g         0
  __RAM_ADDR_START
                                  000f3f00         0   none ,g         0
  __RAM_ADDR_END
                                  000ffee0         0   none ,g         0
  __STACK_ADDR_START
                                  000ffe20         0   none ,g         1
  __STACK_ADDR_END
                                  000f49b8         0   none ,g         1

*** Unfilled Areas ***

AREA                                START    END

*** Delete Symbols ***

SYMBOL                                SIZE    INFO

*** Variable Vector Table List ***

ADDRESS  SYMBOL/ADDRESS
00       _start
02       ffff
04       _r_wdt_interrupt@1
06       
08       
0a       
0c       
0e       
10       
12       
14       _r_uart2_interrupt_send@1
16       _r_uart2_interrupt_receive@1
18       
1a       
1c       
1e       _r_csi00_interrupt@1
20       _r_csi01_interrupt@1
22       
24       _r_uart1_interrupt_send@1
26       _r_uart1_interrupt_receive@1
28       
2a       
2c       _r_tau0_channel0_interrupt@1
2e       _r_tau0_channel1_interrupt@1
30       _r_tau0_channel2_interrupt@1
32       
34       _r_adc_interrupt@1
36       
38       
3a       
3c       _r_uart3_interrupt_send@1
3e       _r_uart3_interrupt_receive@1
40       
42       
44       
46       
48       
4a       
4c       
4e       
50       
52       
54       
56       
58       
5a       
5c       
5e       
60       
62       
64       
66       
68       
6a       
6c       
6e       
70       
72       
74       
76       
78       
7a       
7c       
7e       

*** Cross Reference List ***

No   Unit Name   Global.Symbol   Location External Infomation
---- ----------- --------------- -------- ---------------------
0001 cstart
     SECTION=.text
                 _start
                                 00000152
                 _exit
                                 000001aa 0001(000001ab:.text)
     SECTION=.textf
     SECTION=.const
     SECTION=.constf
     SECTION=.data
     SECTION=.sdata
     SECTION=.bss
     SECTION=.sbss
     SECTION=.dataR
     SECTION=.sdataR
     SECTION=.RLIB
     SECTION=.SLIB
     SECTION=.dataR
     SECTION=.sdataR
0002 stkinit
     SECTION=.textf
                 _stkinit
                                 0000046c 0001(0000015a:.text)
0003 EEPROM
     SECTION=.textf
                 _EEPROM_Init
                                 000004b0 0024(00001bff:.textf)
                 _rEE_Status
                                 000004db 0003(00000592:.textf)
                 _sEE_WriteEnable
                                 000004f6 0003(00000560:.textf)
                                          0003(00000620:.textf)
                 _sEE_WriteDisable
                                 00000508
                 _EE_SPI_Write
                                 0000051a
                 _EE_SPI_Read
                                 00000574
                 _sEE_Block
                                 000005cc
                 _sEE_SendInstruction
                                 000005dd
                 _sEE_SendReceiveInstruction
                                 000005e0
                 _EE_TransmitData
                                 000005e4 0003(000004ed:.textf)
                                          0003(00000504:.textf)
                                          0003(00000516:.textf)
                                          0003(0000056f:.textf)
                                          0003(000005a7:.textf)
                                          0003(000005df:.textf)
                                          0003(000005e3:.textf)
                                          0003(00000627:.textf)
                 _sEE_WriteStatusRegister
                                 00000610 0003(000004d9:.textf)
                                          0003(000005dc:.textf)
     SECTION=.bss
                 _eeprom_status
                                 000f4700 0003(000004cf:.textf)
                                          0003(000004d4:.textf)
                                          0003(000004f2:.textf)
                                          0003(0000053a:.textf)
                                          0003(00000595:.textf)
                                          0003(000005d4:.textf)
                                          0003(000005d9:.textf)
                                          0003(00000612:.textf)
                 _spi_flag
                                 000f4702 0003(000004c3:.textf)
                                          0003(000005e5:.textf)
                                          0003(00000603:.textf)
     SECTION=.const
0004 crc32
     SECTION=.textf
                 _xcrc32
                                 0000062b
                 _CRC32
                                 00000679
     SECTION=.const
                 _crc32_table
                                 00003002 0004(0000064b:.textf)
                                          0004(00000696:.textf)
0005 crc8
     SECTION=.textf
                 _crc8_4
                                 000006ca 0024(00001ed2:.textf)
                 _crc8_1
                                 0000070d 0024(00001c0c:.textf)
                                          0024(00001c8b:.textf)
                                          0024(00001d19:.textf)
                                          0024(00001ede:.textf)
     SECTION=.const
0006 interrupt_handle
     SECTION=.textf
                 _adc_int_handle
                                 0000072a 0009(000001b7:.text)
     SECTION=.bss
                 _g_adc_value
                                 000f4704 0006(00000733:.textf)
                                          0006(0000073a:.textf)
                                          0006(0000076c:.textf)
                                          0006(00000773:.textf)
0007 main
     SECTION=.textf
                 _handSensorLED
                                 000007a6 0007(00000f59:.textf)
                                          0007(00000f81:.textf)
                                          0007(00000fb9:.textf)
                                          0007(00001024:.textf)
                                          0007(00001063:.textf)
                                          0007(000010d4:.textf)
                                          0007(00001114:.textf)
                                          0007(00001185:.textf)
                                          0007(000011e2:.textf)
                                          0007(00001213:.textf)
                                          0024(00001f22:.textf)
                 _setting_default
                                 000007d6 0024(00001c03:.textf)
                 _sendToRasPi
                                 00000877 0007(000009a8:.textf)
                                          0007(000009ee:.textf)
                                          0007(00000a37:.textf)
                                          0007(00000ae7:.textf)
                                          0007(00000ba8:.textf)
                                          0007(00000c8b:.textf)
                                          0007(00000d01:.textf)
                                          0007(00000d86:.textf)
                                          0007(00000de3:.textf)
                                          0007(00000e6e:.textf)
                                          0007(00000e7f:.textf)
                                          0007(00000e91:.textf)
                                          0007(00000ecd:.textf)
                                          0007(00000f0c:.textf)
                                          0007(00000fd4:.textf)
                                          0024(00001d2f:.textf)
                                          0024(00001d44:.textf)
                                          0024(00001dca:.textf)
                 _InitialOperationModeStart
                                 000008aa 0007(00001217:.textf)
                 _FlowSensorCheck
                                 00000908 0007(000009c8:.textf)
                 _WaterSupplyOperation
                                 000009ad 0007(0000121a:.textf)
                 _Voltage1Check
                                 000009f8 0007(00000da6:.textf)
                 _Voltage2Check
                                 00000a53 0007(00000dac:.textf)
                 _Voltage3Check
                                 00000b07 0007(00000daf:.textf)
                 _LowVoltageCheck
                                 00000bc4 0007(00000db5:.textf)
                 _OverCurrentCheck
                                 00000ca7 0007(00000dbb:.textf)
                 _ElectrolyticOperation
                                 00000da2 0007(0000121d:.textf)
                 _solenoidCheck
                                 00000dfb
                 _saltWaterTankFullCheck
                                 00000e71
                 _saltWaterTankEmptyCheck
                                 00000e84
                 _acidWaterTankSkipCheck
                                 00000e94
                 _alkalineWaterTankSkipCheck
                                 00000ecf
                 _OpenSV1
                                 00000f0e
                 _CloseSV1
                                 00000f12
                 _OpenSV2
                                 00000f16
                 _CloseSV2
                                 00000f1a
                 _FilterReplacementCheck
                                 00000f1e
                 _ElectrolyzeWaterGeneration
                                 00000f20 0007(00001220:.textf)
                 _WaterWashingMode
                                 00000f46 0007(00001223:.textf)
                 _HandWashingMode
                                 00000f83
                 _AcidWaterMode
                                 00001029
                 _nostop_AlkalineWaterMode
                                 000010d8
                 _nostop_CallanCleaningMode
                                 00001189
                 _main_20211111
                                 00001216
                 _main_20211111_while
                                 0000121f
                 _electrolyticOperationON
                                 00001225 0007(00000bc7:.textf)
                                          0007(00000da3:.textf)
                                          0007(00000f44:.textf)
                 _electrolyticOperationOFF
                                 0000124c 0007(00000a3a:.textf)
                                          0007(00000bab:.textf)
                                          0007(00000c8e:.textf)
                                          0007(00000d89:.textf)
                                          0007(00000dd9:.textf)
                                          0007(00000de6:.textf)
                                          0007(00000e82:.textf)
                                          0007(00000f41:.textf)
                 _measureFlowSensor
                                 00001266 0007(00000918:.textf)
     SECTION=.bss
                 _g_numberSetting
                                 000f475e 0007(000007da:.textf)
                                          0007(000007e0:.textf)
                                          0007(000007e3:.textf)
                                          0007(000007e6:.textf)
                                          0007(000007ec:.textf)
                                          0007(000007f2:.textf)
                                          0007(000007f5:.textf)
                                          0007(000007f8:.textf)
                                          0007(000007fe:.textf)
                                          0007(00000801:.textf)
                                          0007(00000805:.textf)
                                          0007(00000808:.textf)
                                          0007(0000080c:.textf)
                                          0007(0000080f:.textf)
                                          0007(00000839:.textf)
                                          0007(0000083f:.textf)
                                          0007(00000926:.textf)
                                          0007(0000092c:.textf)
                                          0007(0000095f:.textf)
                                          0007(00000965:.textf)
                                          0007(000009fb:.textf)
                                          0007(000009ff:.textf)
                                          0007(00000a6c:.textf)
                                          0007(00000a72:.textf)
                                          0007(00000b20:.textf)
                                          0007(00000b26:.textf)
                                          0007(00000bfc:.textf)
                                          0007(00000c02:.textf)
                                          0007(00000caa:.textf)
                                          0007(00000cae:.textf)
                                          0007(00000cc4:.textf)
                                          0007(00000cc7:.textf)
                                          0007(00000d04:.textf)
                                          0007(00000d0a:.textf)
                 _g_color
                                 000f4780 0007(000007a7:.textf)
                                          0007(000007d0:.textf)
                                          0007(00000f53:.textf)
                                          0007(00000f7c:.textf)
                                          0007(00000fb3:.textf)
                                          0007(00001020:.textf)
                                          0007(0000105f:.textf)
                                          0007(000010d0:.textf)
                                          0007(0000110e:.textf)
                                          0007(00001181:.textf)
                                          0007(000011d6:.textf)
                                          0007(000011df:.textf)
                                          0007(0000120f:.textf)
                                          0024(00001c4a:.textf)
                                          0024(00001eee:.textf)
                                          0024(00001ef4:.textf)
                                          0024(00001ef8:.textf)
                                          0024(00001f1f:.textf)
                 _g_pre_color
                                 000f4781 0007(000007aa:.textf)
                                          0007(000007d3:.textf)
                                          0024(00001c4d:.textf)
                                          0024(00001efb:.textf)
                 _g_cvcc_current
                                 000f4782 0006(00000799:.textf)
                                          0006(0000079d:.textf)
                                          0007(00000cb2:.textf)
                                          0007(00000cb8:.textf)
                                          0007(00000d10:.textf)
                                          0007(00000d16:.textf)
                 _g_cvcc_voltge
                                 000f4786 0006(00000760:.textf)
                                          0006(00000764:.textf)
                                          0007(00000a03:.textf)
                                          0007(00000a09:.textf)
                                          0007(00000a78:.textf)
                                          0007(00000a7e:.textf)
                                          0007(00000acd:.textf)
                                          0007(00000ad0:.textf)
                                          0007(00000b2b:.textf)
                                          0007(00000b30:.textf)
                                          0007(00000c07:.textf)
                                          0007(00000c0c:.textf)
                 _g_alarm
                                 000f478a
                 _g_flow_value
                                 000f478c 0007(0000091d:.textf)
                                          0007(00000923:.textf)
                                          0007(000009d4:.textf)
                                          0007(000009d7:.textf)
                                          0007(00000e15:.textf)
                                          0007(00000e18:.textf)
     SECTION=.dataR
                 _g_timerSetting
                                 000f493e 0007(00000812:.textf)
                                          0007(00000815:.textf)
                                          0007(00000818:.textf)
                                          0007(0000081b:.textf)
                                          0007(0000081e:.textf)
                                          0007(00000821:.textf)
                                          0007(00000824:.textf)
                                          0007(00000827:.textf)
                                          0007(0000082a:.textf)
                                          0007(0000082d:.textf)
                                          0007(00000830:.textf)
                                          0007(00000833:.textf)
                                          0007(00000844:.textf)
                                          0007(0000084a:.textf)
                                          0007(00000850:.textf)
                                          0007(00000853:.textf)
                                          0007(00000859:.textf)
                                          0007(0000085c:.textf)
                                          0007(00000862:.textf)
                                          0007(00000865:.textf)
                                          0007(00000868:.textf)
                                          0007(0000086c:.textf)
                                          0007(00000870:.textf)
                                          0007(00000874:.textf)
                                          0007(000009c5:.textf)
                                          0007(00000a59:.textf)
                                          0007(00000a61:.textf)
                                          0007(00000ab8:.textf)
                                          0007(00000ac2:.textf)
                                          0007(00000b0d:.textf)
                                          0007(00000b15:.textf)
                                          0007(00000bdb:.textf)
                                          0007(00000be1:.textf)
                                          0007(00000be9:.textf)
                                          0007(00000bf1:.textf)
                                          0007(00000dfe:.textf)
                                          0007(00000e0a:.textf)
                                          0007(00000e44:.textf)
                                          0007(00000e50:.textf)
                                          0007(00000fd9:.textf)
                                          0007(00000fdc:.textf)
                                          0007(00000fe8:.textf)
                                          0007(00000fee:.textf)
                                          0007(0000107b:.textf)
                                          0007(00001087:.textf)
                                          0007(0000112c:.textf)
                                          0007(00001138:.textf)
                                          0007(0000118a:.textf)
                                          0007(0000118d:.textf)
                                          0007(000011e5:.textf)
                                          0007(000011f1:.textf)
                                          0024(00001c09:.textf)
                                          0024(00001c10:.textf)
                                          0024(00001c88:.textf)
                                          0024(00001c8f:.textf)
                                          0024(00001c95:.textf)
                                          0024(00001d39:.textf)
                                          0024(00001d7b:.textf)
                                          0024(00001d85:.textf)
                                          0024(00001d8e:.textf)
                                          0024(00001d98:.textf)
                                          0024(00001da1:.textf)
                                          0024(00001dab:.textf)
                                          0024(00001ecf:.textf)
                                          0024(00001edb:.textf)
                 _g_neutralization_time
                                 000f4984 0007(00000bd0:.textf)
                                          0007(00000bd8:.textf)
                                          0007(00001232:.textf)
                                          0007(00001235:.textf)
                                          0007(00001245:.textf)
                                          0007(00001249:.textf)
                                          0007(0000124e:.textf)
                                          0007(00001251:.textf)
                 _g_electrolytic_flag
                                 000f4988 0007(0000122f:.textf)
                                          0007(00001263:.textf)
     SECTION=.data
0008 r_cg_adc
     SECTION=.textf
                 _R_ADC_Create
                                 00001302 0024(00001f6c:.textf)
                                          0025(00001f92:.textf)
                 _R_ADC_Start
                                 00001335 0006(000007a3:.textf)
                                          0024(00001f74:.textf)
                 _R_ADC_Stop
                                 0000133f
                 _R_ADC_Set_OperationOn
                                 00001349 0024(00001f70:.textf)
                 _R_ADC_Set_OperationOff
                                 0000134d
                 _R_ADC_Get_Result
                                 00001351 0006(00000736:.textf)
                                          0006(0000076f:.textf)
                 _R_ADC_Set_ADChannel
                                 00001358
0009 r_cg_adc_user
     SECTION=.text
0010 r_cg_cgc
     SECTION=.textf
                 _R_CGC_Create
                                 00001364 0025(00001f82:.textf)
0011 r_cg_cgc_user
     SECTION=.textf
                 _R_CGC_Get_ResetSource
                                 0000137a 0025(00001f7e:.textf)
0012 r_cg_dac
     SECTION=.textf
                 _R_DAC_Create
                                 0000137d 0025(00001fa2:.textf)
                 _R_DAC0_Start
                                 0000139a
                 _R_DAC0_Stop
                                 0000139e
                 _R_DAC0_Set_ConversionValue
                                 000013a2
                 _R_DAC1_Start
                                 000013a5
                 _R_DAC1_Stop
                                 000013a9
                 _R_DAC1_Set_ConversionValue
                                 000013ad
0013 r_cg_dac_user
0014 r_cg_port
     SECTION=.textf
                 _R_PORT_Create
                                 000013b0 0025(00001f86:.textf)
0015 r_cg_port_user
     SECTION=.textf
                 _R_PORT_Create_UserInit
                                 000013f8 0024(00001f4c:.textf)
0016 r_cg_rtc
     SECTION=.textf
                 _R_RTC_Create
                                 000013f9 0024(00001f48:.textf)
                                          0025(00001f9e:.textf)
                 _R_RTC_Start
                                 00001420 0024(00001c2f:.textf)
                 _R_RTC_Stop
                                 00001424
                 _R_RTC_Get_CounterValue
                                 00001428
                 _R_RTC_Set_CounterValue
                                 00001479 0024(00001c29:.textf)
0017 r_cg_rtc_user
     SECTION=.bss
                 _g_rtc
                                 000f4790 0024(00001c13:.textf)
                                          0024(00001c17:.textf)
                                          0024(00001c22:.textf)
0018 r_cg_serial
     SECTION=.textf
                 _R_CSI01_Receive
                                 00001537
                 _R_CSI01_Send
                                 00001551
                 _R_SAU0_Create
                                 00001577 0024(00001f34:.textf)
                                          0025(00001f8a:.textf)
                 _R_UART1_Create
                                 0000158e 0018(00001586:.textf)
                                          0024(00001f3c:.textf)
                 _R_UART1_Start
                                 0000160c 0024(00001f60:.textf)
                 _R_UART1_Stop
                                 00001632
                 _R_UART1_Receive
                                 00001650
                 _R_UART1_Send
                                 00001668
                 _R_CSI00_Create
                                 00001691 0018(00001589:.textf)
                                          0024(00001f54:.textf)
                 _R_CSI00_Start
                                 000016e4 0024(00001f68:.textf)
                 _R_CSI00_Stop
                                 0000170a
                 _R_CSI00_Send
                                 00001722
                 _R_CSI01_Create
                                 0000174a 0003(000004b3:.textf)
                                          0018(0000158c:.textf)
                                          0024(00001f50:.textf)
                 _R_CSI01_Start
                                 000017a4 0003(000005f0:.textf)
                 _R_CSI01_Stop
                                 000017ca 0019(00001a4f:.textf)
                 _R_CSI01_Send_Receive
                                 000017e2 0003(000005ff:.textf)
                 _R_SAU1_Create
                                 00001818 0024(00001f38:.textf)
                                          0025(00001f8e:.textf)
                 _R_UART2_Create
                                 0000182c 0018(00001827:.textf)
                                          0024(00001f40:.textf)
                 _R_UART2_Start
                                 000018aa 0024(00001e0d:.textf)
                                          0024(00001f64:.textf)
                 _R_UART2_Stop
                                 000018d0 0024(00001e01:.textf)
                 _R_UART2_Receive
                                 000018ee 0019(00001a5e:.textf)
                                          0019(00001a9e:.textf)
                                          0024(00001c39:.textf)
                 _R_UART2_Send
                                 00001906 0007(0000089d:.textf)
                                          0024(00001c68:.textf)
                                          0024(00001c98:.textf)
                 _R_UART3_Create
                                 0000192f 0018(0000182a:.textf)
                                          0024(00001f44:.textf)
                 _R_UART3_Start
                                 000019a5 0024(00001f5c:.textf)
                 _R_UART3_Stop
                                 000019cb
                 _R_UART3_Receive
                                 000019e9 0019(00001ab5:.textf)
                                          0024(00001c46:.textf)
                 _R_UART3_Send
                                 00001a01 0024(00001f11:.textf)
     SECTION=.bss
                 _gp_uart1_tx_address
                                 000f4798 0018(00001677:.textf)
                                          0018(00001680:.textf)
                                          0018(00001688:.textf)
                                          0019(00000247:.text)
                                          0019(0000024f:.text)
                 _g_uart1_tx_count
                                 000f479a 0018(0000167b:.textf)
                                          0018(0000168b:.textf)
                                          0019(00000230:.text)
                                          0019(00000252:.text)
                 _gp_uart1_rx_address
                                 000f479c 0018(00001664:.textf)
                                          0019(000001fb:.text)
                                          0019(000001ff:.text)
                 _g_uart1_rx_count
                                 000f479e 0018(0000165c:.textf)
                                          0019(000001f3:.text)
                                          0019(00000202:.text)
                                          0019(00000208:.text)
                 _g_uart1_rx_length
                                 000f47a0 0018(00001660:.textf)
                                          0019(000001f0:.text)
                                          0019(00000205:.text)
                 _gp_csi00_rx_address
                                 000f47a2
                 _g_csi00_rx_length
                                 000f47a4
                 _g_csi00_rx_count
                                 000f47a6
                 _gp_csi00_tx_address
                                 000f47a8 0018(00001568:.textf)
                                          0018(00001734:.textf)
                                          0018(00001739:.textf)
                                          0018(00001741:.textf)
                                          0019(00000290:.text)
                                          0019(00000298:.text)
                 _g_csi00_send_length
                                 000f47aa
                 _g_csi00_tx_count
                                 000f47ac 0018(00001730:.textf)
                                          0018(00001744:.textf)
                                          0019(00000283:.text)
                                          0019(0000029b:.text)
                 _gp_csi01_rx_address
[...]
                                 000f4822 0019(00001aba:.textf)
                                          0024(00001f03:.textf)
                                          0024(00001f17:.textf)
     SECTION=.text
0020 r_cg_timer
     SECTION=.textf
                 _R_TAU0_Create
                                 00001abe 0024(00001f30:.textf)
                                          0025(00001f96:.textf)
                 _R_TAU0_Channel0_Start
                                 00001b6b 0024(00001f58:.textf)
                 _R_TAU0_Channel0_Stop
                                 00001b7b
                 _R_TAU0_Channel1_Start
                                 00001b8b
                 _R_TAU0_Channel1_Stop
                                 00001b9b
                 _R_TAU0_Channel2_Start
                                 00001bab
                 _R_TAU0_Channel2_Stop
                                 00001bbb
0021 r_cg_timer_user
     SECTION=.bss
                 _timer0_ch0_flag
                                 000f4824 0021(0000045a:.text)
                 _timer0_ch1_flag
                                 000f4825 0021(00000461:.text)
                 _timer0_ch2_flag
                                 000f4826 0021(00000466:.text)
                 _g_systemTime
                                 000f4828 0007(00000bca:.textf)
                                          0007(00000bcd:.textf)
                                          0007(00000fa3:.textf)
                                          0007(00000fa9:.textf)
                                          0007(0000104e:.textf)
                                          0007(00001054:.textf)
                                          0007(000010fd:.textf)
                                          0007(00001103:.textf)
                                          0007(000011ac:.textf)
                                          0007(000011b5:.textf)
                                          0007(0000123e:.textf)
                                          0007(00001241:.textf)
                                          0007(0000126b:.textf)
                                          0007(00001270:.textf)
                                          0021(00000448:.text)
                                          0021(00000450:.text)
                                          0021(00000453:.text)
                                          0021(00000457:.text)
                                          0024(00001ddd:.textf)
                                          0024(00001de3:.textf)
                                          0024(00001def:.textf)
                                          0024(00001df5:.textf)
                                          0026(00001fb4:.textf)
                                          0026(00001fb9:.textf)
                                          0026(00001fe8:.textf)
                                          0026(00001fef:.textf)
                                          0026(00001ff6:.textf)
                                          0026(00001ffe:.textf)
                                          0026(00002033:.textf)
                                          0026(00002038:.textf)
                                          0026(00002054:.textf)
                                          0026(0000205a:.textf)
                                          0026(0000206d:.textf)
                                          0026(00002072:.textf)
                                          0026(0000209b:.textf)
                                          0026(000020a1:.textf)
     SECTION=.text
0022 r_cg_wdt
     SECTION=.textf
                 _R_WDT_Create
                                 00001bcb 0025(00001f9a:.textf)
                 _R_WDT_Restart
                                 00001bdc 0007(000008ef:.textf)
                                          0007(00000a4a:.textf)
                                          0007(00000aea:.textf)
                                          0007(00000b70:.textf)
                                          0007(00000bbb:.textf)
                                          0007(00000c4c:.textf)
                                          0007(00000c55:.textf)
                                          0007(00000c9e:.textf)
                                          0007(00000d52:.textf)
                                          0007(00000d99:.textf)
                                          0007(00000df6:.textf)
                                          0007(00000f66:.textf)
                                          0007(000012c1:.textf)
                                          0024(00001c73:.textf)
                                          0024(00001ca3:.textf)
                                          0024(00001f26:.textf)
                                          0026(00002025:.textf)
0023 r_cg_wdt_user
     SECTION=.text
0024 r_main
     SECTION=.textf
                 _readHS
                                 00001be0 0007(00000f48:.textf)
                                          0007(00000f5f:.textf)
                                          0007(00000f97:.textf)
                                          0007(00001042:.textf)
                                          0007(0000109d:.textf)
                                          0007(000010f1:.textf)
                                          0007(0000114e:.textf)
                                          0024(00001ee5:.textf)
                 _main
                                 00001bf5 0001(000001a6:.text)
                 _R_MAIN_UserInit
                                 00001f2c 0024(00001bf8:.textf)
     SECTION=.bss
                 _g_e_status
                                 000f48c2
                 _flow_p
                                 000f48c3 0024(00001e1c:.textf)
                 _salt_h_p
                                 000f48c4
                 _g_eeprom_wren
                                 000f48c5
                 _receive_data
                                 000f48c6
                 _receive_setting
                                 000f48c8
                 _set
                                 000f48ea
                 _rx_data
                                 000f48ec
                 _data_f
                                 000f48f8
                 _data_f_test
                                 000f48fc
                 _g_control_buffer
                                 000f4900 0007(00000881:.textf)
                                          0007(00000885:.textf)
                                          0007(0000088f:.textf)
                                          0007(00000894:.textf)
                                          0007(0000089a:.textf)
                 _this_size
                                 000f4906 0024(00001c51:.textf)
                                          0024(00001d74:.textf)
                                          0024(00001dce:.textf)
                                          0024(00001de9:.textf)
                 _rec_buf
                                 000f4907 0019(00001ab2:.textf)
                                          0024(00001c43:.textf)
                 _g_crc
                                 000f4913 0024(00001ed6:.textf)
                                          0024(00001ee2:.textf)
                 _g_crc_32
                                 000f491c
                 _rx_count
                                 000f493c 0024(00001c5a:.textf)
                                          0024(00001cb5:.textf)
                                          0024(00001d2b:.textf)
     SECTION=.dataR
                 _g_error
                                 000f498a
                 _g_adc_ch
                                 000f498c
                 _led_st
                                 000f498e 0024(00001eaf:.textf)
                                          0024(00001ec7:.textf)
                 _e_send
                                 000f498f
                 _e_data
                                 000f499b
                 _send_data
                                 000f49a7
                 _send_buf
                                 000f49a9 0024(00001f08:.textf)
                                          0024(00001f0e:.textf)
                 _data_crc
                                 000f49b0
     SECTION=.data
0025 r_systeminit
     SECTION=.textf
                 _R_Systeminit
                                 00001f77 0025(00001fad:.textf)
                 _hdwinit
                                 00001fa9 0001(0000015e:.text)
0026 usr_timer
     SECTION=.textf
                 _delay_ms
                                 00001fae 0007(000009be:.textf)
                                          0007(00000ab3:.textf)
                                          0007(00000b6c:.textf)
                                          0007(00000c48:.textf)
                                          0007(00000d4e:.textf)
                                          0007(00000e40:.textf)
                                          0024(00001beb:.textf)
                                          0024(00001e09:.textf)
                                          0026(00002022:.textf)
                 _delay
                                 00002016 0007(0000090e:.textf)
                                          0007(000009b3:.textf)
                                          0007(000009f5:.textf)
                                          0007(00000f75:.textf)
                                          0007(0000125c:.textf)
                 _ns_delay_ms
                                 0000202e 0007(00000fc4:.textf)
                                          0007(00000ffe:.textf)
                                          0007(00001015:.textf)
                                          0007(0000106e:.textf)
                                          0007(00001097:.textf)
                                          0007(000010c5:.textf)
                                          0007(0000111f:.textf)
                                          0007(00001148:.textf)
                                          0007(00001176:.textf)
                                          0007(000011ce:.textf)
                                          0007(00001201:.textf)
                                          0007(00001289:.textf)
                                          0024(00001d53:.textf)
                                          0024(00001dbd:.textf)
                                          0024(00001e27:.textf)
                                          0024(00001ea7:.textf)
                 _non_block_delay
                                 00002063
                 _mTask
                                 00002065
0027 memcpy
     SECTION=.RLIB
                 _memcpy
                                 000020a9 0024(00001c25:.textf)
                                          0024(00001d3c:.textf)
0028 memset
     SECTION=.RLIB
                 _memset
                                 000020ba 0003(0000052b:.textf)
                                          0003(00000583:.textf)
0029 _COM_faddsub
     SECTION=.RLIB
                 __COM_fsub
                                 00002124
                 __COM_fadd
                                 0000212c 0007(000012ae:.textf)
0030 _COM_fdiv
     SECTION=.RLIB
                 __COM_fdiv
                                 00002262 0007(000012fc:.textf)
0031 _COM_fge
     SECTION=.RLIB
                 __COM_fge
                                 00002331 0007(00000986:.textf)
                                          0007(00000a0e:.textf)
                                          0007(00000cbd:.textf)
0032 _COM_fgt
     SECTION=.RLIB
                 __COM_fgt
                                 00002347 0007(00000c2f:.textf)
0033 _COM_fle
     SECTION=.RLIB
                 __COM_fle
                                 0000235d 0007(0000094a:.textf)
                                          0007(00000cd3:.textf)
                                          0007(00000e28:.textf)
0034 _COM_flt
     SECTION=.RLIB
                 __COM_flt
                                 00002373 0007(00000a9a:.textf)
                                          0007(00000b53:.textf)
                                          0007(00000d2e:.textf)
0035 _COM_fmul
     SECTION=.RLIB
                 __COM_fmul
                                 000023d4 0006(0000074a:.textf)
                                          0006(00000758:.textf)
                                          0006(00000783:.textf)
                                          0006(00000791:.textf)
                                          0007(000009da:.textf)
                                          0007(00000a23:.textf)
                                          0007(00000ad3:.textf)
                                          0007(00000b94:.textf)
                                          0007(00000c77:.textf)
                                          0007(00000ced:.textf)
                                          0007(00000d72:.textf)
                                          0007(000012d3:.textf)
                                          0007(000012e1:.textf)
0036 _COM_ftoul
     SECTION=.RLIB
                 __COM_ftoul
                                 00002476 0007(0000087d:.textf)
                                          0007(000009e0:.textf)
                                          0007(00000a29:.textf)
                                          0007(00000ad9:.textf)
                                          0007(00000b9a:.textf)
                                          0007(00000c7d:.textf)
                                          0007(00000cf3:.textf)
                                          0007(00000d78:.textf)
0037 _COM_funordered
     SECTION=.RLIB
                 __COM_funordered
                                 00002482 0007(00000937:.textf)
                                          0007(00000973:.textf)
                                          0007(00000a87:.textf)
                                          0007(00000b40:.textf)
                                          0007(00000c1c:.textf)
                                          0007(00000d1b:.textf)
0038 _COM_ultof
     SECTION=.RLIB
                 __COM_ultof
                                 0000248d 0006(0000073e:.textf)
                                          0006(00000777:.textf)
                                          0007(000009e4:.textf)
                                          0007(00000a2d:.textf)
                                          0007(00000add:.textf)
                                          0007(00000b9e:.textf)
                                          0007(00000c81:.textf)
                                          0007(00000cf7:.textf)
                                          0007(00000d7c:.textf)
                                          0007(000012f1:.textf)
0039 _REL_fcmp
     SECTION=.RLIB
                 __REL_fcmp
                                 00002493 0031(0000233b:.RLIB)
                                          0032(00002351:.RLIB)
                                          0033(00002367:.RLIB)
                                          0034(0000237d:.RLIB)
0040 _REL_fordered_core
     SECTION=.RLIB
                 __REL_fordered_core
                                 000024cb 0031(00002334:.RLIB)
                                          0032(0000234a:.RLIB)
                                          0033(00002360:.RLIB)
                                          0034(00002376:.RLIB)
                                          0037(00002485:.RLIB)
0041 _REL_ftol
     SECTION=.RLIB
                 __REL_ftol
                                 000024e7 0036(0000247c:.RLIB)
0042 _REL_f_inf
     SECTION=.RLIB
                 __REL_f_inf
                                 0000251c 0029(000021bb:.RLIB)
                                          0030(0000224c:.RLIB)
                                          0030(000022ec:.RLIB)
                                          0035(000023a6:.RLIB)
                                          0035(00002449:.RLIB)
0043 _REL_f_norm
     SECTION=.RLIB
                 __REL_f_norm
                                 00002524 0030(0000222d:.RLIB)
                                          0030(00002258:.RLIB)
                                          0035(000023c7:.RLIB)
0044 _REL_f_round
     SECTION=.RLIB
                 __REL_f_round
                                 00002534 0029(000021c8:.RLIB)
                                          0029(00002200:.RLIB)
                                          0030(0000232e:.RLIB)
                                          0035(00002456:.RLIB)
0045 _REL_ltof
     SECTION=.RLIB
                 __REL_ltof
                                 00002547 0038(00002490:.RLIB)
0046 _COM_lshr
     SECTION=.RLIB
                 __COM_lshr
                                 0000259b 0041(00002513:.RLIB)
0047 rlink_generates_01
     SECTION=.option_byte
0048 rlink_generates_02
     SECTION=.monitor1
     SECTION=.monitor2
0049 rlink_generates_03
     SECTION=.security_id
0050 rlink_generates_04
     SECTION=.vect
0051 rlink_generates_05
     SECTION=
                 __s.vect
                                 00000000
                 __s.constf
                                 00000080
                 __e.constf
                                 00000080
                 __s.sdata
                                 00000080
                 __e.sdata
                                 00000080
                 __e.vect
                                 00000080
                 __s.option_byte
                                 000000c0
                 __s.SLIB
                                 000000c4
                 __e.SLIB
                                 000000c4
                 __e.option_byte
                                 000000c4
                 __s.security_id
                                 000000c4
                 __s.monitor1
                                 000000ce
                 __e.security_id
                                 000000ce
                 __s.data
                                 000000d8
                 __e.monitor1
                                 000000d8
                 __s.text
                                 00000152
                 __e.data
                                 00000152
                 __e.text
                                 0000046c
                 __s.textf
                                 0000046c
                 __e.textf
                                 000020a9
                 __s.RLIB
                                 000020a9
                 __e.RLIB
                                 000025b2
                 __s.const
                                 00003000
                 __e.const
                                 00003502
                 __s.monitor2
                                 0007fe00
                 __e.monitor2
                                 00080000
                 __RAM_ADDR_START
                                 000f3f00
                 __s.bss
                                 000f4700
                 __e.bss
                                 000f493d
                 __s.dataR
                                 000f493e
                 __e.dataR
                                 000f49b8
                 __STACK_ADDR_END
                                 000f49b8 0001(00000157:.text)
                 __s.sbss
                                 000ffe20
                 __e.sbss
                                 000ffe20
                 __s.sdataR
                                 000ffe20
                 __e.sdataR
                                 000ffe20
                 __STACK_ADDR_START
                                 000ffe20 0001(00000154:.text)
                 __RAM_ADDR_END
                                 000ffee0
