Renesas Optimizing Linker (W3.03.00 )             23-Aug-2022 10:01:08

*** Options ***

-subcommand=LinkerControlPCB_HWM.tmp
-MAKEUD=D:\Chieniwa\E2_Studio\ControlPCB_HWM\HardwareDebug/ControlPCB_HWM_l.ud
-device="D:/Chieniwa/E2_Studio/.eclipse/com.renesas.platform_1223251604/DebugComp/RL78/RL78/Common/DR5F104ML.DVF"
-list="ControlPCB_HWM.map"
-show=all
-nooptimize
-entry=_start
-auto_section_layout
-security_id=00000000000000000000
-debug_monitor=7FE00-7FFFF
-user_opt_byte=FFFFF8
-ocdbg=84
-ocdtr
-input=".\generate\cstart.obj"
-input=".\generate\stkinit.obj"
-input=".\src\EEPROM.obj"
-input=".\src\crc32.obj"
-input=".\src\crc8.obj"
-input=".\src/hwm\error_check.obj"
-input=".\src/hwm\hand_sensor_interface.obj"
-input=".\src/hwm\hwm_main.obj"
-input=".\src/hwm\io_control.obj"
-input=".\src/hwm\normal_operation.obj"
-input=".\src/hwm\operation.obj"
-input=".\src/hwm\raspberry_pi_interface.obj"
-input=".\src\interrupt_handle.obj"
-input=".\src\r_cg_adc.obj"
-input=".\src\r_cg_adc_user.obj"
-input=".\src\r_cg_cgc.obj"
-input=".\src\r_cg_cgc_user.obj"
-input=".\src\r_cg_dac.obj"
-input=".\src\r_cg_dac_user.obj"
-input=".\src\r_cg_port.obj"
-input=".\src\r_cg_port_user.obj"
-input=".\src\r_cg_rtc.obj"
-input=".\src\r_cg_rtc_user.obj"
-input=".\src\r_cg_serial.obj"
-input=".\src\r_cg_serial_user.obj"
-input=".\src\r_cg_timer.obj"
-input=".\src\r_cg_timer_user.obj"
-input=".\src\r_cg_wdt.obj"
-input=".\src\r_cg_wdt_user.obj"
-input=".\src\r_main.obj"
-input=".\src\r_systeminit.obj"
-input=".\src\usr_timer.obj"
-library="C:\Program Files (x86)\Renesas Electronics\CS+\CC\CC-RL\V1.10.00\lib\rl78em4s99.lib"
-library="C:\Program Files (x86)\Renesas Electronics\CS+\CC\CC-RL\V1.10.00\lib\rl78em4r.lib"
-library="C:\Program Files (x86)\Renesas Electronics\CS+\CC\CC-RL\V1.10.00\lib\malloc_n.lib"
-output="ControlPCB_HWM.abs"
-debug
-nocompress
-rom=.data=.dataR,.sdata=.sdataR
-nomessage
-nologo

*** Error information ***

*** Mapping List ***

SECTION                            START      END         SIZE   ALIGN
.vect
                                  00000000  0000007f        80   0
.constf
                                  00000080  00000080         0   2
.sdata
                                  00000080  00000080         0   2
.option_byte
                                  000000c0  000000c3         4   1
.security_id
                                  000000c4  000000cd         a   1
.monitor1
                                  000000ce  000000d7         a   1
.data
                                  000000d8  0000019f        c8   2
.text
                                  000001a0  000004b9       31a   1
.RLIB
                                  000004ba  000009b4       4fb   1
.SLIB
                                  000009b5  000009d0        1c   1
.const
                                  00003000  0000350f       510   2
.textf
                                  00003510  00006b9f      3690   1
.monitor2
                                  0007fe00  0007ffff       200   1
.bss
                                  000f4700  000f4b41       442   2
.dataR
                                  000f4b42  000f4c09        c8   2
.sbss
                                  000ffe20  000ffe20         0   2
.sdataR
                                  000ffe20  000ffe20         0   2

*** Total Section Size ***

RAMDATA SECTION:  0000050a Byte(s)
ROMDATA SECTION:  00000870 Byte(s)
PROGRAM SECTION:  00003ec1 Byte(s)

*** Symbol List ***

SECTION=
FILE=                               START        END    SIZE
  SYMBOL                            ADDR        SIZE    INFO      COUNTS  OPT
    STRUCT                                      SIZE
      MEMBER                        ADDR        SIZE    INFO

SECTION=.vect
FILE=rlink_generates_04
                                  00000000  0000007f        80

SECTION=.option_byte
FILE=rlink_generates_01
                                  000000c0  000000c3         4

SECTION=.security_id
FILE=rlink_generates_03
                                  000000c4  000000cd         a

SECTION=.monitor1
FILE=rlink_generates_02
                                  000000ce  000000d7         a

SECTION=.data
FILE=.\src\hwm\hand_sensor_interface.obj
                                  000000d8  000000d9         2
FILE=.\src\hwm\hwm_main.obj
                                  000000da  0000017b        a2
FILE=.\src\hwm\io_control.obj
                                  0000017c  0000017c         1
FILE=.\src\hwm\normal_operation.obj
                                  0000017e  0000017e         1
FILE=.\src\hwm\raspberry_pi_interface.obj
                                  00000180  00000186         7
FILE=.\src\r_main.obj
                                  00000188  0000019f        18

SECTION=.text
FILE=.\generate\cstart.obj
                                  000001a0  000001f9        5a
  _start
                                  000001a0         0   entry,g         0
  _exit
                                  000001f8         0   none ,g         1
FILE=.\src\r_cg_adc_user.obj
                                  000001fa  00000213        1a
  _r_adc_interrupt@1
                                  000001fa        1a   func ,l         0
FILE=.\src\r_cg_serial_user.obj
                                  00000214  00000491       27e
  _r_uart1_interrupt_receive@1
                                  00000214        5f   func ,l         0
  _r_uart1_interrupt_send@1
                                  00000273        31   func ,l         0
  _r_csi00_interrupt@1
                                  000002a4        49   func ,l         0
  _r_csi01_interrupt@1
                                  000002ed        85   func ,l         0
  _r_uart2_interrupt_receive@1
                                  00000372        5f   func ,l         0
  _r_uart2_interrupt_send@1
                                  000003d1        31   func ,l         0
  _r_uart3_interrupt_receive@1
                                  00000402        5f   func ,l         0
  _r_uart3_interrupt_send@1
                                  00000461        31   func ,l         0
FILE=.\src\r_cg_timer_user.obj
                                  00000492  000004b7        26
  _r_tau0_channel0_interrupt@1
                                  00000492        1c   func ,l         0
  _r_tau0_channel1_interrupt@1
                                  000004ae         5   func ,l         0
  _r_tau0_channel2_interrupt@1
                                  000004b3         5   func ,l         0
FILE=.\src\r_cg_wdt_user.obj
                                  000004b8  000004b9         2
  _r_wdt_interrupt@1
                                  000004b8         2   func ,l         0

SECTION=.RLIB
FILE=memcpy
                                  000004ba  000004ca        11
  _memcpy
                                  000004ba         0   none ,g         6
FILE=_COM_faddsub
                                  000004cb  00000605       13b
  __COM_fsub
                                  00000527         0   none ,g         0
  __COM_fadd
                                  0000052f         0   none ,g         2
FILE=_COM_fdiv
                                  00000606  00000733       12e
  __COM_fdiv
                                  00000665         0   none ,g         8
FILE=_COM_fge
                                  00000734  00000749        16
  __COM_fge
                                  00000734         0   none ,g         2
FILE=_COM_fgt
                                  0000074a  0000075f        16
  __COM_fgt
                                  0000074a         0   none ,g         5
FILE=_COM_fle
                                  00000760  00000775        16
  __COM_fle
                                  00000760         0   none ,g         1
FILE=_COM_flt
                                  00000776  0000078b        16
  __COM_flt
                                  00000776         0   none ,g         8
FILE=_COM_fmul
                                  0000078c  00000878        ed
  __COM_fmul
                                  000007d7         0   none ,g         c
FILE=_COM_ftoul
                                  00000879  00000884         c
  __COM_ftoul
                                  00000879         0   none ,g         4
FILE=_COM_funordered
                                  00000885  0000088f         b
  __COM_funordered
                                  00000885         0   none ,g         9
FILE=_COM_ultof
                                  00000890  00000895         6
  __COM_ultof
                                  00000890         0   none ,g         4
FILE=_REL_fcmp
                                  00000896  000008cd        38
  __REL_fcmp
                                  00000896         0   none ,g         4
FILE=_REL_fordered_core
                                  000008ce  000008e9        1c
  __REL_fordered_core
                                  000008ce         0   none ,g         5
FILE=_REL_ftol
                                  000008ea  0000091e        35
  __REL_ftol
                                  000008ea         0   none ,g         1
FILE=_REL_f_inf
                                  0000091f  00000926         8
  __REL_f_inf
                                  0000091f         0   none ,g         5
FILE=_REL_f_norm
                                  00000927  00000936        10
  __REL_f_norm
                                  00000927         0   none ,g         3
FILE=_REL_f_round
                                  00000937  00000949        13
  __REL_f_round
                                  00000937         0   none ,g         4
FILE=_REL_ltof
                                  0000094a  00000993        4a
  __REL_ltof
                                  0000094a         0   none ,g         1
FILE=_COM_lshr
                                  00000994  000009b4        21
  __COM_lshr
                                  0000099e         0   none ,g         1

SECTION=.SLIB
FILE=__fpclassifyf
                                  000009b5  000009d0        1c
  ___fpclassifyf
                                  000009b5         0   none ,g         1

SECTION=.const
FILE=.\src\EEPROM.obj
                                  00003000  00003001         2
FILE=.\src\crc32.obj
                                  00003002  00003401       400
  _crc32_table
                                  00003002       400   data ,g         2
FILE=.\src\crc8.obj
                                  00003402  00003501       100
  _crc_table@1
                                  00003402       100   data ,l         2
FILE=.\src\hwm\raspberry_pi_interface.obj
                                  00003502  00003505         4
  _time_setting_p
                                  00003502         2   data ,g         0
  _number_setting_p
                                  00003504         2   data ,g         0
FILE=.\src\r_main.obj
                                  00003506  0000350f         a

SECTION=.textf
FILE=.\generate\stkinit.obj
                                  00003510  00003553        44
  _stkinit
                                  00003510         0   none ,g         1
  LSTINIT1
                                  0000351e         0   none ,l         1
  LSTINIT2
                                  00003548         0   none ,l         2
  LSTINIT3
                                  00003553         0   none ,l         2
FILE=.\src\EEPROM.obj
                                  00003554  000037b2       25f
  _EEPROM_Init
                                  00003554        2b   func ,g         1
  _rEE_Status
                                  0000357f        1b   func ,g         6
  _sEE_WriteEnable
                                  0000359a        12   func ,g         3
  _sEE_WriteDisable
                                  000035ac        12   func ,g         0
  _EE_SPI_Write
                                  000035be        df   func ,g         5
  _EE_SPI_Read
                                  0000369d        b7   func ,g         3
  _sEE_Block
                                  00003754        11   func ,g         0
  _sEE_SendInstruction
                                  00003765         3   func ,g         0
  _sEE_SendReceiveInstruction
                                  00003768         4   func ,g         0
  _EE_TransmitData
                                  0000376c        2c   func ,g         a
  _sEE_WriteStatusRegister
                                  00003798        1b   func ,g         2
FILE=.\src\crc32.obj
                                  000037b3  00003851        9f
  _xcrc32
                                  000037b3        4e   func ,g         0
  _CRC32
                                  00003801        51   func ,g         0
FILE=.\src\crc8.obj
                                  00003852  000038b1        60
  _crc8_4
                                  00003852        43   func ,g         1
  _crc8_1
                                  00003895        1d   func ,g         6
FILE=.\src\hwm\error_check.obj
                                  000038b2  00003f2e       67d
  _Voltage1Check_waitReset
                                  000038b2        99   func ,g         1
  _Voltage2Check_nostop
                                  0000394b        97   func ,g         1
  _Voltage3Check_waitReset
                                  000039e2        ba   func ,g         1
  _LowVoltageCheck_waitReset
                                  00003a9c        da   func ,g         1
  _OverCurrentCheck_waitReset
                                  00003b76       139   func ,g         1
  _FlowSensorCheck_nonstop
                                  00003caf        4f   func ,g         1
  _solenoidCheck_nonstop
                                  00003cfe        92   func ,g         0
  _saltWaterTankFullCheck_nonstop
                                  00003d90        6c   func ,g         0
  _saltWaterTankEmptyCheck
                                  00003dfc        23   func ,g         0
  _acidSkipErrorCheck_nonstop
                                  00003e1f        21   func ,g         0
  _alkalineSkipErrorCheck
                                  00003e40        21   func ,g         0
  _waterFullErrorCheck
                                  00003e61        3f   func ,g         0
  _filterReplacementErrorCheck
                                  00003ea0        3e   func ,g         0
  _levelSkipErrorCheck
                                  00003ede        51   func ,g         6
FILE=.\src\hwm\hand_sensor_interface.obj
                                  00003f2f  00003ffb        cd
  _handSensorLED
                                  00003f2f        30   func ,g         e
  _handSensorLEDBlink
                                  00003f5f        21   func ,g         2
  _HandSensorLEDEndBlink
                                  00003f80         e   func ,g         1
  _isHandSensorON
                                  00003f8e        50   func ,g         4
  _setHandSensorOFF
                                  00003fde         f   func ,g         5
  _setHandSensorON
                                  00003fed         f   func ,g         4
FILE=.\src\hwm\hwm_main.obj
                                  00003ffc  00004c06       c0b
  _setting_default
                                  00003ffc        a8   func ,g         0
  _sendRS485
                                  000040a4        3f   func ,g         3
  _sendR485_7byte
                                  000040e3        57   func ,g         2
  _isThisCommand
                                  0000413a        3e   func ,g         0
  _DrainageAcidAndAlkalineTankStart_nostop
                                  00004178         2   func ,g         0
  _WaterSupplyStart_nostop
                                  0000417a       101   func ,g         1
  _ElectrolyticOperation_nostop
                                  0000427b        ea   func ,g         3
  _acidWaterTankSkipCheck
                                  00004365        3c   func ,g         0
  _alkalineWaterTankSkipCheck
                                  000043a1        40   func ,g         0
  _FilterReplacementCheck
                                  000043e1         2   func ,g         0
  _main_init_20211111
                                  000043e3        23   func ,g         1
  _userAuthHandler_nostop
                                  00004406        43   func ,g         1
  _ElectrolyzeWaterGeneration_nostop
                                  00004449        3b   func ,g         1
  _isSV1andSV2Off8h
                                  00004484        4e   func ,g         1
  _CallanCleaningMode_nostop
                                  000044d2        6e   func ,g         1
  _DrainageMode_nostop
                                  00004540        ea   func ,g         0
  _NormalMode_nostop
                                  0000462a        53   func ,g         1
  _TestPowerOn_nostop_keepstate
                                  0000467d        d7   func ,g         1
  _FlowRateAdjustmentMode_nostop_keepstate
                                  00004754        7d   func ,g         1
  _CurrentAdjustmentMode_nostop_keepstate
                                  000047d1        4f   func ,g         1
  _ElectrolyteAdjustmentOperation
                                  00004820        57   func ,g         1
  _TestOperation_nostop
                                  00004877        45   func ,g         0
  _NeutralizationTreatment
                                  000048bc        6c   func ,g         0
  _main_loop_20211111
                                  00004928        4e   func ,g         1
  _realTimeResponse
                                  00004976        13   func ,g         9
  _UpdateMachineStatus
                                  00004989       111   func ,g         4
  _manufactureReset
                                  00004a9a       16d   func ,g         1
FILE=.\src\hwm\io_control.obj
                                  00004c07  00005146       540
  _OutputIO
                                  00004c07        b9   func ,g         2
  _isAcidTankFull
                                  00004cc0        49   func ,g         3
  _isAcidTankAlmostFull
                                  00004d09        49   func ,g         0
  _isAcidTankHasSomething
                                  00004d52        48   func ,g         4
  _isAcidTankAlmostEmpty
                                  00004d9a        4d   func ,g         1
  _isAcidTankEmpty
                                  00004de7        48   func ,g         3
  _isAlkalineTankFull
                                  00004e2f        49   func ,g         3
  _isAlkalineTankAlmostFull
                                  00004e78        49   func ,g         0
  _isAlkalineTankHasSomething_nonstop
                                  00004ec1        48   func ,g         2
  _isAlkalineTankAlmostEmpty
                                  00004f09        4d   func ,g         1
  _isAlkalineTankEmpty_nonstop
                                  00004f56        48   func ,g         3
  _measureFlowSensor
                                  00004f9e        cb   func ,g         1
  _measureFlowSensor_nostop
                                  00005069        de   func ,g         5
FILE=.\src\hwm\normal_operation.obj
                                  00005147  00005526       3e0
  _WaterWashingMode_nostop
                                  00005147        96   func ,g         1
  _HandWashingMode_nostop
                                  000051dd       1bf   func ,g         1
  _AcidWaterMode_nostop
                                  0000539c        c7   func ,g         1
  _AlkalineWaterMode_nostop
                                  00005463        c4   func ,g         1
FILE=.\src\hwm\operation.obj
                                  00005527  00005599        73
  _electrolyticOperationON
                                  00005527        2a   func ,g         4
  _isElectrolyticOperationOFF_nostop
                                  00005551        45   func ,g         2
  _TestModeOperation
                                  00005596         4   func ,g         0
FILE=.\src\hwm\raspberry_pi_interface.obj
                                  0000559a  00005b25       58c
  _AlarmResponse
                                  0000559a        1c   func ,g         1
  _SaveComfirmResponse
                                  000055b6        1e   func ,g         1
  _HandsensorResponse
                                  000055d4        13   func ,g         0
  _RaspberryCommunication_nostop
                                  000055e7        65   func ,g         1
  _sendToRasPi_f
                                  0000564c        28   func ,g         4
  _sendToRasPi_u32
                                  00005674        28   func ,g         a
  _sendToRasPi_Revert_i32
                                  0000569c        38   func ,g         2
  _waitAlarmConfirm_stop
                                  000056d4        47   func ,g         6
  _waitAlarmConfirm_nonstop
                                  0000571b         c   func ,g         0
  _resetAlarm
                                  00005727         4   func ,g         5
  _ResponseHandler
                                  0000572b        23   func ,g         1
  _userAuthResponse
                                  0000574e        29   func ,g         1
  _ResponseWashingMode
                                  00005777        16   func ,g         1
  _ResponseNextAnimation
                                  0000578d        28   func ,g         1
  _MonitoringStatus
                                  000057b5        35   func ,g         1
  _TestIndividual
                                  000057ea        2d   func ,g         1
  _ControlSetttingReponse
                                  00005817        84   func ,g         1
  _TestMode
                                  0000589b        2f   func ,g         1
  _SendTimeSetting
                                  000058ca        3f   func ,g         1
  _SendNumberSetting
                                  00005909        3f   func ,g         1
  _GetAndSaveTimeSetting
                                  00005948        83   func ,g         1
  _GetAndSaveNumberSetting
                                  000059cb       15b   func ,g         1
FILE=.\src\interrupt_handle.obj
                                  00005b26  00005e2d       308
  _adc_int_handle
                                  00005b26        7c   func ,g         1
  _Raspberry_uart2_handle
                                  00005ba2       268   func ,g         1
  _isCommandNeedResponse
                                  00005e0a        24   func ,g         1
FILE=.\src\r_cg_adc.obj
                                  00005e2e  00005e8f        62
  _R_ADC_Create
                                  00005e2e        33   func ,g         2
  _R_ADC_Start
                                  00005e61         a   func ,g         2
  _R_ADC_Stop
                                  00005e6b         a   func ,g         0
  _R_ADC_Set_OperationOn
                                  00005e75         4   func ,g         1
  _R_ADC_Set_OperationOff
                                  00005e79         4   func ,g         0
  _R_ADC_Get_Result
                                  00005e7d         7   func ,g         2
  _R_ADC_Set_ADChannel
                                  00005e84         c   func ,g         0
FILE=.\src\r_cg_cgc.obj
                                  00005e90  00005ea5        16
  _R_CGC_Create
                                  00005e90        16   func ,g         1
FILE=.\src\r_cg_cgc_user.obj
                                  00005ea6  00005ea8         3
  _R_CGC_Get_ResetSource
                                  00005ea6         3   func ,g         1
FILE=.\src\r_cg_dac.obj
                                  00005ea9  00005edb        33
  _R_DAC_Create
                                  00005ea9        1d   func ,g         2
  _R_DAC0_Start
                                  00005ec6         4   func ,g         1
  _R_DAC0_Stop
                                  00005eca         4   func ,g         0
  _R_DAC0_Set_ConversionValue
                                  00005ece         3   func ,g         2
  _R_DAC1_Start
                                  00005ed1         4   func ,g         1
  _R_DAC1_Stop
                                  00005ed5         4   func ,g         0
  _R_DAC1_Set_ConversionValue
                                  00005ed9         3   func ,g         2
FILE=.\src\r_cg_port.obj
                                  00005edc  00005f24        49
  _R_PORT_Create
                                  00005edc        49   func ,g         1
FILE=.\src\r_cg_port_user.obj
                                  00005f25  00005f25         1
  _R_PORT_Create_UserInit
                                  00005f25         1   func ,g         1
FILE=.\src\r_cg_rtc.obj
                                  00005f26  00006063       13e
  _R_RTC_Create
                                  00005f26        27   func ,g         2
  _R_RTC_Start
                                  00005f4d         4   func ,g         0
  _R_RTC_Stop
                                  00005f51         4   func ,g         0
  _R_RTC_Get_CounterValue
                                  00005f55        51   func ,g         0
  _R_RTC_Set_CounterValue
                                  00005fa6        be   func ,g         0
FILE=.\src\r_cg_serial.obj
                                  00006064  00006556       4f3
  _R_CSI01_Receive
                                  00006064        1a   func ,g         0
  _R_CSI01_Send
                                  0000607e        26   func ,g         0
  _R_SAU0_Create
                                  000060a4        17   func ,g         2
  _R_UART1_Create
                                  000060bb        7e   func ,g         2
  _R_UART1_Start
                                  00006139        26   func ,g         1
  _R_UART1_Stop
                                  0000615f        1e   func ,g         0
  _R_UART1_Receive
                                  0000617d        18   func ,g         0
  _R_UART1_Send
                                  00006195        29   func ,g         0
  _R_CSI00_Create
                                  000061be        53   func ,g         2
  _R_CSI00_Start
                                  00006211        26   func ,g         1
  _R_CSI00_Stop
                                  00006237        18   func ,g         0
  _R_CSI00_Send
                                  0000624f        28   func ,g         0
  _R_CSI01_Create
                                  00006277        5a   func ,g         3
  _R_CSI01_Start
                                  000062d1        26   func ,g         1
  _R_CSI01_Stop
                                  000062f7        18   func ,g         1
  _R_CSI01_Send_Receive
                                  0000630f        36   func ,g         1
  _R_SAU1_Create
                                  00006345        14   func ,g         2
  _R_UART2_Create
                                  00006359        7e   func ,g         2
  _R_UART2_Start
                                  000063d7        26   func ,g         2
  _R_UART2_Stop
                                  000063fd        1e   func ,g         1
  _R_UART2_Receive
                                  0000641b        18   func ,g         6
  _R_UART2_Send
                                  00006433        29   func ,g         8
  _R_UART3_Create
                                  0000645c        76   func ,g         2
  _R_UART3_Start
                                  000064d2        26   func ,g         2
  _R_UART3_Stop
                                  000064f8        1e   func ,g         1
  _R_UART3_Receive
                                  00006516        18   func ,g         3
  _R_UART3_Send
                                  0000652e        29   func ,g         2
FILE=.\src\r_cg_serial_user.obj
                                  00006557  000065c3        6d
  _r_uart1_callback_receiveend@1
                                  00006557         1   func ,l         1
  _r_uart1_callback_softwareoverrun@1
                                  00006558         1   func ,l         1
  _r_uart1_callback_sendend@1
                                  00006559         1   func ,l         1
  _r_uart1_callback_error@1
                                  0000655a         1   func ,l         1
  _r_csi00_callback_sendend@1
                                  0000655b         1   func ,l         1
  _r_csi01_callback_receiveend@1
                                  0000655c         7   func ,l         1
  _r_csi01_callback_error@1
                                  00006563         1   func ,l         1
  _r_csi01_callback_sendend@1
                                  00006564         4   func ,l         1
  _r_uart2_callback_receiveend@1
                                  00006568         4   func ,l         1
  _r_uart2_callback_softwareoverrun@1
                                  0000656c         1   func ,l         1
  _r_uart2_callback_sendend@1
                                  0000656d         4   func ,l         1
  _r_uart2_callback_error@1
                                  00006571         1   func ,l         1
  _r_uart3_callback_receiveend@1
                                  00006572        49   func ,l         1
  _r_uart3_callback_softwareoverrun@1
                                  000065bb         1   func ,l         1
  _r_uart3_callback_sendend@1
                                  000065bc         7   func ,l         1
  _r_uart3_callback_error@1
                                  000065c3         1   func ,l         1
FILE=.\src\r_cg_timer.obj
                                  000065c4  000066d0       10d
  _R_TAU0_Create
                                  000065c4        ad   func ,g         2
  _R_TAU0_Channel0_Start
                                  00006671        10   func ,g         1
  _R_TAU0_Channel0_Stop
                                  00006681        10   func ,g         0
  _R_TAU0_Channel1_Start
                                  00006691        10   func ,g         0
  _R_TAU0_Channel1_Stop
                                  000066a1        10   func ,g         0
  _R_TAU0_Channel2_Start
                                  000066b1        10   func ,g         0
  _R_TAU0_Channel2_Stop
                                  000066c1        10   func ,g         0
FILE=.\src\r_cg_wdt.obj
                                  000066d1  000066e5        15
  _R_WDT_Create
                                  000066d1        11   func ,g         1
  _R_WDT_Restart
                                  000066e2         4   func ,g         7
FILE=.\src\r_main.obj
                                  000066e6  00006a38       353
  _nostop_checkHandSensor
                                  000066e6        31   func ,g         0
  _readHS
                                  00006717        15   func ,g         0
  _main
                                  0000672c       2b6   func ,g         1
  _R_MAIN_UserInit
                                  000069e2        57   func ,g         1
FILE=.\src\r_systeminit.obj
                                  00006a39  00006a6f        37
  _R_Systeminit
                                  00006a39        32   func ,g         1
  _hdwinit
                                  00006a6b         5   func ,g         1
FILE=.\src\usr_timer.obj
                                  00006a70  00006b9f       130
  _delay_ms
                                  00006a70        68   func ,g         2
  _delay
                                  00006ad8        18   func ,g         0
  _ns_delay_ms
                                  00006af0        6c   func ,g        40
  _mTask
                                  00006b5c        44   func ,g         0

SECTION=.monitor2
FILE=rlink_generates_02
                                  0007fe00  0007ffff       200

SECTION=.bss
FILE=.\src\EEPROM.obj
                                  000f4700  000f4726        27
  _eeprom_status
                                  000f4700         1   data ,g         c
    union  EEPROM_status_u {
                                                   1
      _eeprom_status.refined
                                  000f4700         1
    struct  {
                                                   1
      _eeprom_status.refined.RB
                                  000f4700         1   unsigned char:1(7)
      _eeprom_status.refined.WEN
                                  000f4700         1   unsigned char:1(6)
      _eeprom_status.refined.BP
                                  000f4700         1   unsigned char:2(4)
      _eeprom_status.refined.RSVD
                                  000f4700         1   unsigned char:3(1)
      _eeprom_status.refined.WPEN
                                  000f4700         1   unsigned char:1(0)
    }
      _eeprom_status.raw
                                  000f4700         1   unsigned char
    }
  _spi_flag
                                  000f4702         2   data ,g         3
  _buf
                                  000f4704        23   data ,g        12
FILE=.\src\hwm\error_check.obj
                                  000f4728  000f4734         d
  _g_TimeKeeper@1
                                  000f4728         a   data ,l         5
    struct Tick_Keeper_s {
                                                   a
      _g_TimeKeeper@1.electrolyteOff_h
                                  000f4728         1   unsigned char
      _g_TimeKeeper@1.SV1SV2OnTime_s
                                  000f472a         2   unsigned short
      _g_TimeKeeper@1.SV1SV2OnTime_h
                                  000f472c         2   unsigned short
      _g_TimeKeeper@1.neutralization
                                  000f472e         4   unsigned long
    }
  _g_alarm
                                  000f4732         3   data ,g        1b
    union  Alarm_Flag_u {
                                                   3
      _g_alarm.refined
                                  000f4732         3
    struct  {
                                                   3
      _g_alarm.refined.over_voltage_1
                                  000f4732         1   unsigned char:1(7)
      _g_alarm.refined.over_voltage_2
                                  000f4732         1   unsigned char:1(6)
      _g_alarm.refined.over_voltage_3
                                  000f4732         1   unsigned char:1(5)
      _g_alarm.refined.underVoltage
                                  000f4732         1   unsigned char:1(4)
      _g_alarm.refined.abnormal_flow
                                  000f4732         1   unsigned char:1(3)
      _g_alarm.refined.abnormal_current
                                  000f4732         1   unsigned char:1(2)
      _g_alarm.refined.over_curent
                                  000f4732         1   unsigned char:1(1)
      _g_alarm.refined.solenoid
                                  000f4732         1   unsigned char:1(0)
      _g_alarm.refined.salt_full
                                  000f4733         1   unsigned char:1(7)
      _g_alarm.refined.salt_empty
                                  000f4733         1   unsigned char:1(6)
      _g_alarm.refined.acid_skip
                                  000f4733         1   unsigned char:1(5)
      _g_alarm.refined.alkaline_skip
                                  000f4733         1   unsigned char:1(4)
      _g_alarm.refined.water_full
                                  000f4733         1   unsigned char:1(3)
      _g_alarm.refined.filter
                                  000f4733         1   unsigned char:1(2)
      _g_alarm.refined.cvcc
                                  000f4733         1   unsigned char:1(1)
      _g_alarm.refined.rsvd
                                  000f4734         1   unsigned char:8(0)
    }
    }
FILE=.\src\hwm\hwm_main.obj
                                  000f4736  000f4952       21d
  _g_TimeKeeper@3
                                  000f4736         a   data ,l         1
    struct Tick_Keeper_s {
                                                   a
      _g_TimeKeeper@3.electrolyteOff_h
                                  000f4736         1   unsigned char
      _g_TimeKeeper@3.SV1SV2OnTime_s
                                  000f4738         2   unsigned short
      _g_TimeKeeper@3.SV1SV2OnTime_h
                                  000f473a         2   unsigned short
      _g_TimeKeeper@3.neutralization
                                  000f473c         4   unsigned long
    }
  _g_numberSetting
                                  000f4740        2a   data ,g        56
    struct Number_Setting_s {
                                                  2a
      _g_numberSetting.upperVoltage1
                                  000f4740         4   float
      _g_numberSetting.upperVoltage2
                                  000f4744         4   float
      _g_numberSetting.upperVoltage3
                                  000f4748         4   float
      _g_numberSetting.lowerVoltage
                                  000f474c         4   float
      _g_numberSetting.upperCurrent
                                  000f4750         4   float
      _g_numberSetting.lowerCurrent
                                  000f4754         4   float
      _g_numberSetting.upperFlow
                                  000f4758         4   float
      _g_numberSetting.lowerFlow
                                  000f475c         4   float
      _g_numberSetting.cvccCurrent
                                  000f4760         4   float
      _g_numberSetting.saltPumpVoltage
                                  000f4764         4   float
      _g_numberSetting.crc
                                  000f4768         1   char
    }
  _g_neutralization_time_s
                                  000f476a         4   data ,g         4
  _g_color
                                  000f476e         1   data ,g         a
  _g_pre_color
                                  000f476f         1   data ,g         3
  _g_flow_value
                                  000f4770         4   data ,g         0
  _g_machine_state
                                  000f4774        11   data ,g        7e
    struct Machine_State_u {
                                                  11
      _g_machine_state.akaline
                                  000f4774         1   unsigned char
      _g_machine_state.acid
                                  000f4775         1   unsigned char
      _g_machine_state.water
                                  000f4776         1   unsigned char
      _g_machine_state.handwash
                                  000f4777         1   unsigned char
      _g_machine_state.waterSupply
                                  000f4778         1   unsigned char
      _g_machine_state.flowSensor
                                  000f4779         1   unsigned char
      _g_machine_state.callan
                                  000f477a         1   unsigned char
      _g_machine_state.electrolyteOperation
                                  000f477b         1   unsigned char
      _g_machine_state.electrolyteOFF
                                  000f477c         1   unsigned char
      _g_machine_state.drainage
                                  000f477d         1   unsigned char
      _g_machine_state.isMidNight
                                  000f477e         1   unsigned char
      _g_machine_state.test_operation
                                  000f477f         1   unsigned char
      _g_machine_state.neutrlization
                                  000f4780         1   unsigned char
      _g_machine_state.handsensor
                                  000f4781         1   unsigned char
      _g_machine_state.user
                                  000f4782         1   unsigned char
      _g_machine_state.mode
                                  000f4783         1   unsigned char
      _g_machine_state.electrolyte
                                  000f4784         1   unsigned char
    }
  _g_io_status
                                  000f4786        10   data ,g        2b
    union  IO_Status_u {
                                                  10
      _g_io_status.refined
                                  000f4786        10
    struct  {
                                                  10
      _g_io_status.refined.io
                                  000f4786         4
    struct IO_Struct {
                                                   4
      _g_io_status.refined.io.AlkalineEmptyLevel
                                  000f4786         1   unsigned char:1(7)
      _g_io_status.refined.io.AlkalineLowLevel
                                  000f4786         1   unsigned char:1(6)
      _g_io_status.refined.io.AlkalineHighLevel
                                  000f4786         1   unsigned char:1(5)
      _g_io_status.refined.io.AcidEmptyLevel
                                  000f4786         1   unsigned char:1(4)
      _g_io_status.refined.io.AcidLowLevel
                                  000f4786         1   unsigned char:1(3)
      _g_io_status.refined.io.AcidHighLevel
                                  000f4786         1   unsigned char:1(2)
      _g_io_status.refined.io.SaltLowLevel
                                  000f4786         1   unsigned char:1(1)
      _g_io_status.refined.io.SaltHighLevel
                                  000f4786         1   unsigned char:1(0)
      _g_io_status.refined.io.Valve
                                  000f4787         2
    struct  {
                                                   2
      _g_io_status.refined.io.Valve.SV1
                                  000f4787         1   unsigned char:1(7)
      _g_io_status.refined.io.Valve.SV2
                                  000f4787         1   unsigned char:1(6)
      _g_io_status.refined.io.Valve.SV3
                                  000f4787         1   unsigned char:1(5)
      _g_io_status.refined.io.Valve.SV4
                                  000f4787         1   unsigned char:1(4)
      _g_io_status.refined.io.Valve.SV5
                                  000f4787         1   unsigned char:1(3)
      _g_io_status.refined.io.Valve.SV6
                                  000f4787         1   unsigned char:1(2)
      _g_io_status.refined.io.Valve.SV7
                                  000f4787         1   unsigned char:1(1)
      _g_io_status.refined.io.Valve.SV8
                                  000f4787         1   unsigned char:1(0)
      _g_io_status.refined.io.Valve.SV9
                                  000f4788         1   unsigned char:1(7)
      _g_io_status.refined.io.Valve.RSVD
                                  000f4788         1   unsigned char:7(0)
    }
      _g_io_status.refined.io.Pump1
                                  000f4789         1   unsigned char:1(7)
      _g_io_status.refined.io.Pump2
                                  000f4789         1   unsigned char:1(6)
      _g_io_status.refined.io.SaltPump
                                  000f4789         1   unsigned char:1(5)
      _g_io_status.refined.io.CVCC_ON
                                  000f4789         1   unsigned char:1(4)
      _g_io_status.refined.io.HandSensorON
                                  000f4789         1   unsigned char:1(3)
      _g_io_status.refined.io.HandSensorOFF
                                  000f4789         1   unsigned char:1(2)
      _g_io_status.refined.io.RSVD1
                                  000f4789         1   unsigned char:2(0)
    }
      _g_io_status.refined.FlowValue
                                  000f478a         4   float
      _g_io_status.refined.CVCCVoltage
                                  000f478e         4   float
      _g_io_status.refined.CVCCCurrent
                                  000f4792         4   float
    }
    }
  _g_mean_io_status
                                  000f4796        10   data ,g        19
    union  IO_Status_u {
                                                  10
      _g_mean_io_status.refined
                                  000f4796        10
    struct  {
                                                  10
      _g_mean_io_status.refined.io
                                  000f4796         4
    struct IO_Struct {
                                                   4
      _g_mean_io_status.refined.io.AlkalineEmptyLevel
                                  000f4796         1   unsigned char:1(7)
      _g_mean_io_status.refined.io.AlkalineLowLevel
                                  000f4796         1   unsigned char:1(6)
      _g_mean_io_status.refined.io.AlkalineHighLevel
                                  000f4796         1   unsigned char:1(5)
      _g_mean_io_status.refined.io.AcidEmptyLevel
                                  000f4796         1   unsigned char:1(4)
      _g_mean_io_status.refined.io.AcidLowLevel
                                  000f4796         1   unsigned char:1(3)
      _g_mean_io_status.refined.io.AcidHighLevel
                                  000f4796         1   unsigned char:1(2)
      _g_mean_io_status.refined.io.SaltLowLevel
                                  000f4796         1   unsigned char:1(1)
      _g_mean_io_status.refined.io.SaltHighLevel
                                  000f4796         1   unsigned char:1(0)
      _g_mean_io_status.refined.io.Valve
                                  000f4797         2
    struct  {
                                                   2
      _g_mean_io_status.refined.io.Valve.SV1
                                  000f4797         1   unsigned char:1(7)
      _g_mean_io_status.refined.io.Valve.SV2
                                  000f4797         1   unsigned char:1(6)
      _g_mean_io_status.refined.io.Valve.SV3
                                  000f4797         1   unsigned char:1(5)
      _g_mean_io_status.refined.io.Valve.SV4
                                  000f4797         1   unsigned char:1(4)
      _g_mean_io_status.refined.io.Valve.SV5
                                  000f4797         1   unsigned char:1(3)
      _g_mean_io_status.refined.io.Valve.SV6
                                  000f4797         1   unsigned char:1(2)
      _g_mean_io_status.refined.io.Valve.SV7
                                  000f4797         1   unsigned char:1(1)
      _g_mean_io_status.refined.io.Valve.SV8
                                  000f4797         1   unsigned char:1(0)
      _g_mean_io_status.refined.io.Valve.SV9
                                  000f4798         1   unsigned char:1(7)
      _g_mean_io_status.refined.io.Valve.RSVD
                                  000f4798         1   unsigned char:7(0)
    }
      _g_mean_io_status.refined.io.Pump1
                                  000f4799         1   unsigned char:1(7)
      _g_mean_io_status.refined.io.Pump2
                                  000f4799         1   unsigned char:1(6)
      _g_mean_io_status.refined.io.SaltPump
                                  000f4799         1   unsigned char:1(5)
      _g_mean_io_status.refined.io.CVCC_ON
                                  000f4799         1   unsigned char:1(4)
      _g_mean_io_status.refined.io.HandSensorON
                                  000f4799         1   unsigned char:1(3)
      _g_mean_io_status.refined.io.HandSensorOFF
                                  000f4799         1   unsigned char:1(2)
      _g_mean_io_status.refined.io.RSVD1
                                  000f4799         1   unsigned char:2(0)
    }
      _g_mean_io_status.refined.FlowValue
                                  000f479a         4   float
      _g_mean_io_status.refined.CVCCVoltage
                                  000f479e         4   float
      _g_mean_io_status.refined.CVCCCurrent
                                  000f47a2         4   float
    }
    }
  _g_res_io_status
                                  000f47a6        10   data ,g         0
    union  IO_Status_u {
                                                  10
      _g_res_io_status.refined
                                  000f47a6        10
    struct  {
                                                  10
      _g_res_io_status.refined.io
                                  000f47a6         4
    struct IO_Struct {
                                                   4
      _g_res_io_status.refined.io.AlkalineEmptyLevel
                                  000f47a6         1   unsigned char:1(7)
      _g_res_io_status.refined.io.AlkalineLowLevel
                                  000f47a6         1   unsigned char:1(6)
      _g_res_io_status.refined.io.AlkalineHighLevel
                                  000f47a6         1   unsigned char:1(5)
      _g_res_io_status.refined.io.AcidEmptyLevel
                                  000f47a6         1   unsigned char:1(4)
      _g_res_io_status.refined.io.AcidLowLevel
                                  000f47a6         1   unsigned char:1(3)
      _g_res_io_status.refined.io.AcidHighLevel
                                  000f47a6         1   unsigned char:1(2)
      _g_res_io_status.refined.io.SaltLowLevel
                                  000f47a6         1   unsigned char:1(1)
      _g_res_io_status.refined.io.SaltHighLevel
                                  000f47a6         1   unsigned char:1(0)
      _g_res_io_status.refined.io.Valve
                                  000f47a7         2
    struct  {
                                                   2
      _g_res_io_status.refined.io.Valve.SV1
                                  000f47a7         1   unsigned char:1(7)
      _g_res_io_status.refined.io.Valve.SV2
                                  000f47a7         1   unsigned char:1(6)
      _g_res_io_status.refined.io.Valve.SV3
                                  000f47a7         1   unsigned char:1(5)
      _g_res_io_status.refined.io.Valve.SV4
                                  000f47a7         1   unsigned char:1(4)
      _g_res_io_status.refined.io.Valve.SV5
                                  000f47a7         1   unsigned char:1(3)
      _g_res_io_status.refined.io.Valve.SV6
                                  000f47a7         1   unsigned char:1(2)
      _g_res_io_status.refined.io.Valve.SV7
                                  000f47a7         1   unsigned char:1(1)
      _g_res_io_status.refined.io.Valve.SV8
                                  000f47a7         1   unsigned char:1(0)
      _g_res_io_status.refined.io.Valve.SV9
                                  000f47a8         1   unsigned char:1(7)
      _g_res_io_status.refined.io.Valve.RSVD
                                  000f47a8         1   unsigned char:7(0)
    }
      _g_res_io_status.refined.io.Pump1
                                  000f47a9         1   unsigned char:1(7)
      _g_res_io_status.refined.io.Pump2
                                  000f47a9         1   unsigned char:1(6)
      _g_res_io_status.refined.io.SaltPump
                                  000f47a9         1   unsigned char:1(5)
      _g_res_io_status.refined.io.CVCC_ON
                                  000f47a9         1   unsigned char:1(4)
      _g_res_io_status.refined.io.HandSensorON
                                  000f47a9         1   unsigned char:1(3)
      _g_res_io_status.refined.io.HandSensorOFF
                                  000f47a9         1   unsigned char:1(2)
      _g_res_io_status.refined.io.RSVD1
                                  000f47a9         1   unsigned char:2(0)
    }
      _g_res_io_status.refined.FlowValue
                                  000f47aa         4   float
      _g_res_io_status.refined.CVCCVoltage
                                  000f47ae         4   float
      _g_res_io_status.refined.CVCCCurrent
                                  000f47b2         4   float
    }
    }
  __settingTime
                                  000f47b6        a2   data ,g         8
    struct Timer_Setting_s {
                                                  a2
      __settingTime.t1_initialWaterDrainageOperation_s
                                  000f47b6         4   unsigned long
      __settingTime.t2_flowSensorStartTime_s
                                  000f47ba         4   unsigned long
      __settingTime.t3_flowSensorMonitorTime_s
                                  000f47be         4   unsigned long
      __settingTime.t4_electrolysisOperationStart_s
                                  000f47c2         4   unsigned long
      __settingTime.t5_electrolysisStopDelay_s
                                  000f47c6         4   unsigned long
      __settingTime.t6_drainageOffTime_h
                                  000f47ca         4   unsigned long
      __settingTime.t7_powerOnPreparation_s
                                  000f47ce         4   unsigned long
      __settingTime.t8_flowRateAdjustmentRelease_s
                                  000f47d2         4   unsigned long
      __settingTime.t9_currentAdjustmentRelease_s
                                  000f47d6         4   unsigned long
      __settingTime.t10_electrolysisCurrentAlarmSpecified_s
                                  000f47da         4   unsigned long
      __settingTime.t11_overVoltage1Time_s
                                  000f47de         4   unsigned long
      __settingTime.t12_overVoltage2Time_s
                                  000f47e2         4   unsigned long
      __settingTime.t13_overVoltage3Time_s
                                  000f47e6         4   unsigned long
      __settingTime.t14_lowVoltageStartTime_s
                                  000f47ea         4   unsigned long
      __settingTime.t15_lowVoltageDelayTime_s
                                  000f47ee         4   unsigned long
      __settingTime.t16_currentMonitoringStart_s
                                  000f47f2         4   unsigned long
      __settingTime.t17_solenoidLeakageStartTime_s
                                  000f47f6         4   unsigned long
      __settingTime.t18_fullSaltWaterMonitoringStart_h
                                  000f47fa         4   unsigned long
      __settingTime.t19_waterFilterAlarm_h
                                  000f47fe         4   unsigned long
      __settingTime.t20_waterFilterAlarmIgnore_h
                                  000f4802         4   unsigned long
      __settingTime.t21_onDelayEmptyLevel_s
                                  000f4806         4   unsigned long
      __settingTime.t22_onDelayLowLevel_s
                                  000f480a         4   unsigned long
      __settingTime.t23_onDelayHighLevel_s
                                  000f480e         4   unsigned long
      __settingTime.t24_offDelayEmptyLevel_s
                                  000f4812         4   unsigned long
      __settingTime.t25_saltLowLevelDelay_s
                                  000f4816         4   unsigned long
      __settingTime.t26_saltHighLevelDelay_s
                                  000f481a         4   unsigned long
      __settingTime.t27_neutralizationStartTime_h
                                  000f481e         4   unsigned long
      __settingTime.t28_neutralizationOpenTime_s
                                  000f4822         4   unsigned long
      __settingTime.t29_alkalineWaterSpoutingTime_s
                                  000f4826         4   unsigned long
      __settingTime.t30_acidWaterSpoutingTime_s
                                  000f482a         4   unsigned long
      __settingTime.t31_washingWaterSpoutingTime_s
                                  000f482e         4   unsigned long
      __settingTime.t32_overLapTime_ms
                                  000f4832         4   unsigned long
      __settingTime.t33_waterDischargeDelay_s
                                  000f4836         4   unsigned long
      __settingTime.t34_acidWaterDownTime_s
                                  000f483a         4   unsigned long
      __settingTime.t35_alkalineWaterDownTime_s
                                  000f483e         4   unsigned long
      __settingTime.t36
                                  000f4842         4   unsigned long
      __settingTime.t37
                                  000f4846         4   unsigned long
      __settingTime.t38_washDischargeDelay_s
                                  000f484a         4   unsigned long
      __settingTime.t39_cleaningIntervalTime_h
                                  000f484e         4   unsigned long
      __settingTime.t40_washSpoutingTime_s
                                  000f4852         4   unsigned long
      __settingTime.crc
                                  000f4856         1   char
    }
  __settingNumber
                                  000f4858        2a   data ,g         8
    struct Number_Setting_s {
                                                  2a
      __settingNumber.upperVoltage1
                                  000f4858         4   float
      __settingNumber.upperVoltage2
                                  000f485c         4   float
      __settingNumber.upperVoltage3
                                  000f4860         4   float
      __settingNumber.lowerVoltage
                                  000f4864         4   float
      __settingNumber.upperCurrent
                                  000f4868         4   float
      __settingNumber.lowerCurrent
                                  000f486c         4   float
      __settingNumber.upperFlow
                                  000f4870         4   float
      __settingNumber.lowerFlow
                                  000f4874         4   float
      __settingNumber.cvccCurrent
                                  000f4878         4   float
      __settingNumber.saltPumpVoltage
                                  000f487c         4   float
      __settingNumber.crc
                                  000f4880         1   char
    }
  _g_machine_mode
                                  000f4882         1   data ,g         4
  _g_machine_test_mode
                                  000f4883         1   data ,g         0
  _btod
                                  000f4884         4   data ,g         6
    union  BytesToDouble {
                                                   4
      _btod.refined
                                  000f4884         4
    struct  {
                                                   4
      _btod.refined.data
                                  000f4884         4   unsigned char
    }
      _btod.raw
                                  000f4884         4   unsigned long
    }
  _g_Tick
                                  000f4888        c4   data ,g        9b
    struct Tick_s {
                                                  c4
      _g_Tick.tick500ms
                                  000f4888         4   unsigned long
      _g_Tick.tick1s
                                  000f488c         4   unsigned long
      _g_Tick.tick5s
                                  000f4890         4   unsigned long
      _g_Tick.tickBlink
                                  000f4894         4   unsigned long
      _g_Tick.tickAlkaline
                                  000f4898         4   unsigned long
      _g_Tick.tickAcid
                                  000f489c         4   unsigned long
      _g_Tick.tickWater
                                  000f48a0         4   unsigned long
      _g_Tick.tickHandWash
                                  000f48a4         4   unsigned long
      _g_Tick.tickWaterSupply
                                  000f48a8         4   unsigned long
      _g_Tick.tickFlowMeasurment
                                  000f48ac         4   unsigned long
      _g_Tick.tickDebouceHandSensor
                                  000f48b0         4   unsigned long
      _g_Tick.tickVoltage1Check
                                  000f48b4         4   unsigned long
      _g_Tick.tickVoltage2Check
                                  000f48b8         4   unsigned long
      _g_Tick.tickVoltage3Check
                                  000f48bc         4   unsigned long
      _g_Tick.tickVoltageLowCheck
                                  000f48c0         4   unsigned long
      _g_Tick.tickCurrentCheck
                                  000f48c4         4   unsigned long
      _g_Tick.tickSolenoidCheck
                                  000f48c8         4   unsigned long
      _g_Tick.tickSaltFullCheck
                                  000f48cc         4   unsigned long
      _g_Tick.tickSV1SV2
                                  000f48d0         4   unsigned long
      _g_Tick.tickElectrolyticOff
                                  000f48d4         4   unsigned long
      _g_Tick.tickWaterSoftenerPCB
                                  000f48d8         4   unsigned long
      _g_Tick.tickValvePCB
                                  000f48dc         4   unsigned long
      _g_Tick.tickRS485
                                  000f48e0         4   unsigned long
      _g_Tick.tickAnimation
                                  000f48e4         4   unsigned long
      _g_Tick.tickCallan
                                  000f48e8         4   unsigned long
      _g_Tick.tickDrainage
                                  000f48ec         4   unsigned long
      _g_Tick.tickTestOperation
                                  000f48f0         4   unsigned long
      _g_Tick.tickWaterFull
                                  000f48f4         4   unsigned long
      _g_Tick.tickAcidLevel
                                  000f48f8        14   unsigned long
      _g_Tick.tickAlkalineLevel
                                  000f490c        14   unsigned long
      _g_Tick.tickHandSensor
                                  000f4920         8   unsigned long
      _g_Tick.tickCustom
                                  000f4928        20   unsigned long
      _g_Tick.tickUartTimeout
                                  000f4948         4   unsigned long
    }
  _water_solfner_buf
                                  000f494c         7   data ,g         5
    struct UART3_Buffer_s {
                                                   7
      _water_solfner_buf.busy
                                  000f494c         1   unsigned char
      _water_solfner_buf.head
                                  000f494d         1   unsigned char
      _water_solfner_buf.set_number
                                  000f494e         1   unsigned char
      _water_solfner_buf.set_value
                                  000f494f         4   unsigned char
    }
FILE=.\src\hwm\io_control.obj
                                  000f4954  000f4957         4
  __flow_pulse
                                  000f4954         4   data ,g         8
FILE=.\src\hwm\operation.obj
                                  000f4958  000f4961         a
  _g_TimeKeeper@1
                                  000f4958         a   data ,l         7
    struct Tick_Keeper_s {
                                                   a
      _g_TimeKeeper@1.electrolyteOff_h
                                  000f4958         1   unsigned char
      _g_TimeKeeper@1.SV1SV2OnTime_s
                                  000f495a         2   unsigned short
      _g_TimeKeeper@1.SV1SV2OnTime_h
                                  000f495c         2   unsigned short
      _g_TimeKeeper@1.neutralization
                                  000f495e         4   unsigned long
    }
FILE=.\src\hwm\raspberry_pi_interface.obj
                                  000f4962  000f496e         d
  _g_io_response
                                  000f4962         4   data ,g         2
    struct IO_Struct {
                                                   4
      _g_io_response.AlkalineEmptyLevel
                                  000f4962         1   unsigned char:1(7)
      _g_io_response.AlkalineLowLevel
                                  000f4962         1   unsigned char:1(6)
      _g_io_response.AlkalineHighLevel
                                  000f4962         1   unsigned char:1(5)
      _g_io_response.AcidEmptyLevel
                                  000f4962         1   unsigned char:1(4)
      _g_io_response.AcidLowLevel
                                  000f4962         1   unsigned char:1(3)
      _g_io_response.AcidHighLevel
                                  000f4962         1   unsigned char:1(2)
      _g_io_response.SaltLowLevel
                                  000f4962         1   unsigned char:1(1)
      _g_io_response.SaltHighLevel
                                  000f4962         1   unsigned char:1(0)
      _g_io_response.Valve
                                  000f4963         2
    struct  {
                                                   2
      _g_io_response.Valve.SV1
                                  000f4963         1   unsigned char:1(7)
      _g_io_response.Valve.SV2
                                  000f4963         1   unsigned char:1(6)
      _g_io_response.Valve.SV3
                                  000f4963         1   unsigned char:1(5)
      _g_io_response.Valve.SV4
                                  000f4963         1   unsigned char:1(4)
      _g_io_response.Valve.SV5
                                  000f4963         1   unsigned char:1(3)
      _g_io_response.Valve.SV6
                                  000f4963         1   unsigned char:1(2)
      _g_io_response.Valve.SV7
                                  000f4963         1   unsigned char:1(1)
      _g_io_response.Valve.SV8
                                  000f4963         1   unsigned char:1(0)
      _g_io_response.Valve.SV9
                                  000f4964         1   unsigned char:1(7)
      _g_io_response.Valve.RSVD
                                  000f4964         1   unsigned char:7(0)
    }
      _g_io_response.Pump1
                                  000f4965         1   unsigned char:1(7)
      _g_io_response.Pump2
                                  000f4965         1   unsigned char:1(6)
      _g_io_response.SaltPump
                                  000f4965         1   unsigned char:1(5)
      _g_io_response.CVCC_ON
                                  000f4965         1   unsigned char:1(4)
      _g_io_response.HandSensorON
                                  000f4965         1   unsigned char:1(3)
      _g_io_response.HandSensorOFF
                                  000f4965         1   unsigned char:1(2)
      _g_io_response.RSVD1
                                  000f4965         1   unsigned char:2(0)
    }
  _io_off
                                  000f4966         4   data ,g         1
    struct IO_Struct {
                                                   4
      _io_off.AlkalineEmptyLevel
                                  000f4966         1   unsigned char:1(7)
      _io_off.AlkalineLowLevel
                                  000f4966         1   unsigned char:1(6)
      _io_off.AlkalineHighLevel
                                  000f4966         1   unsigned char:1(5)
      _io_off.AcidEmptyLevel
                                  000f4966         1   unsigned char:1(4)
      _io_off.AcidLowLevel
                                  000f4966         1   unsigned char:1(3)
      _io_off.AcidHighLevel
                                  000f4966         1   unsigned char:1(2)
      _io_off.SaltLowLevel
                                  000f4966         1   unsigned char:1(1)
      _io_off.SaltHighLevel
                                  000f4966         1   unsigned char:1(0)
      _io_off.Valve
                                  000f4967         2
    struct  {
                                                   2
      _io_off.Valve.SV1
                                  000f4967         1   unsigned char:1(7)
      _io_off.Valve.SV2
                                  000f4967         1   unsigned char:1(6)
      _io_off.Valve.SV3
                                  000f4967         1   unsigned char:1(5)
      _io_off.Valve.SV4
                                  000f4967         1   unsigned char:1(4)
      _io_off.Valve.SV5
                                  000f4967         1   unsigned char:1(3)
      _io_off.Valve.SV6
                                  000f4967         1   unsigned char:1(2)
      _io_off.Valve.SV7
                                  000f4967         1   unsigned char:1(1)
      _io_off.Valve.SV8
                                  000f4967         1   unsigned char:1(0)
      _io_off.Valve.SV9
                                  000f4968         1   unsigned char:1(7)
      _io_off.Valve.RSVD
                                  000f4968         1   unsigned char:7(0)
    }
      _io_off.Pump1
                                  000f4969         1   unsigned char:1(7)
      _io_off.Pump2
                                  000f4969         1   unsigned char:1(6)
      _io_off.SaltPump
                                  000f4969         1   unsigned char:1(5)
      _io_off.CVCC_ON
                                  000f4969         1   unsigned char:1(4)
      _io_off.HandSensorON
                                  000f4969         1   unsigned char:1(3)
      _io_off.HandSensorOFF
                                  000f4969         1   unsigned char:1(2)
      _io_off.RSVD1
                                  000f4969         1   unsigned char:2(0)
    }
  _g_control_setting
                                  000f496a         1   data ,g        11
    union  Control_u {
                                                   1
      _g_control_setting.raw
                                  000f496a         1
    struct Cotrol_s {
                                                   1
      _g_control_setting.raw.drain
                                  000f496a         1   unsigned char:1(7)
      _g_control_setting.raw.power_on
                                  000f496a         1   unsigned char:1(6)
      _g_control_setting.raw.filter
                                  000f496a         1   unsigned char:1(5)
      _g_control_setting.raw.biomectric
                                  000f496a         1   unsigned char:1(4)
      _g_control_setting.raw.RSVD
                                  000f496a         1   unsigned char:4(0)
    }
      _g_control_setting.data
                                  000f496a         1   unsigned char
    }
  _flag_response
                                  000f496b         4   data ,g         3
    struct Flag_response {
                                                   4
      _flag_response.time
                                  000f496b         1   unsigned char
      _flag_response.number
                                  000f496c         1   unsigned char
      _flag_response.mode
                                  000f496d         1   unsigned char
      _flag_response.alarm
                                  000f496e         1   unsigned char
    }
FILE=.\src\interrupt_handle.obj
                                  000f4970  000f4978         9
  _g_adc_value
                                  000f4970         4   data ,g         4
  _g_rasp_state
                                  000f4974         1   data ,g         2
    struct Raspberry_state_s {
                                                   1
      _g_rasp_state.isMonitorScreen
                                  000f4974         1   unsigned char
    }
  _flag_counter
                                  000f4975         4   data ,g         4
    struct Flag_counter {
                                                   4
      _flag_counter.time_setting
                                  000f4975         1   unsigned char
      _flag_counter.number_setting
                                  000f4976         1   unsigned char
      _flag_counter.mode_setting
                                  000f4977         1   unsigned char
      _flag_counter.alarm_setting
                                  000f4978         1   unsigned char
    }
FILE=.\src\r_cg_rtc_user.obj
                                  000f497a  000f4980         7
  _g_rtc
                                  000f497a         7   data ,g         0
    struct  {
                                                   7
      _g_rtc.sec
                                  000f497a         1   unsigned char
      _g_rtc.min
                                  000f497b         1   unsigned char
      _g_rtc.hour
                                  000f497c         1   unsigned char
      _g_rtc.day
                                  000f497d         1   unsigned char
      _g_rtc.week
                                  000f497e         1   unsigned char
      _g_rtc.month
                                  000f497f         1   unsigned char
      _g_rtc.year
                                  000f4980         1   unsigned char
    }
FILE=.\src\r_cg_serial.obj
                                  000f4982  000f49b7        36
  _gp_uart1_tx_address
                                  000f4982         2   data ,g         5
  _g_uart1_tx_count
                                  000f4984         2   data ,g         4
  _gp_uart1_rx_address
                                  000f4986         2   data ,g         3
  _g_uart1_rx_count
                                  000f4988         2   data ,g         4
  _g_uart1_rx_length
                                  000f498a         2   data ,g         3
  _gp_csi00_rx_address
                                  000f498c         2   data ,g         0
  _g_csi00_rx_length
                                  000f498e         2   data ,g         0
  _g_csi00_rx_count
                                  000f4990         2   data ,g         0
  _gp_csi00_tx_address
                                  000f4992         2   data ,g         6
  _g_csi00_send_length
                                  000f4994         2   data ,g         0
  _g_csi00_tx_count
                                  000f4996         2   data ,g         4
  _gp_csi01_rx_address
                                  000f4998         2   data ,g         5
  _g_csi01_rx_length
                                  000f499a         2   data ,g         1
  _g_csi01_rx_count
                                  000f499c         2   data ,g         1
  _gp_csi01_tx_address
                                  000f499e         2   data ,g         7
  _g_csi01_send_length
                                  000f49a0         2   data ,g         0
  _g_csi01_tx_count
                                  000f49a2         2   data ,g         7
  _gp_uart2_tx_address
                                  000f49a4         2   data ,g         5
  _g_uart2_tx_count
                                  000f49a6         2   data ,g         4
  _gp_uart2_rx_address
                                  000f49a8         2   data ,g         3
  _g_uart2_rx_count
                                  000f49aa         2   data ,g         4
  _g_uart2_rx_length
                                  000f49ac         2   data ,g         3
  _gp_uart3_tx_address
                                  000f49ae         2   data ,g         5
  _g_uart3_tx_count
                                  000f49b0         2   data ,g         4
  _gp_uart3_rx_address
                                  000f49b2         2   data ,g         3
  _g_uart3_rx_count
                                  000f49b4         2   data ,g         4
  _g_uart3_rx_length
                                  000f49b6         2   data ,g         3
FILE=.\src\r_cg_serial_user.obj
                                  000f49b8  000f4a87        d0
  _g_uart3_rx_data
                                  000f49b8         8   data ,g         8
  _send_response_flag
                                  000f49c0         1   data ,g         0
  _send_response_time_flag
                                  000f49c1         1   data ,g         0
  _send_response_number_flag
                                  000f49c2         1   data ,g         0
  _recived_time_setting_flag
                                  000f49c3         1   data ,g         0
  _send_respone_status_flag
                                  000f49c4         1   data ,g         0
  _recived_number_setting_flag
                                  000f49c5         1   data ,g         0
  _g_commnunication_flag
                                  000f49c6        19   data ,g        80
    struct Communicaition_flag_s {
                                                  19
      _g_commnunication_flag.send_response_flag
                                  000f49c6         1   unsigned char
      _g_commnunication_flag.send_response_time_flag
                                  000f49c7         1   unsigned char
      _g_commnunication_flag.send_response_number_flag
                                  000f49c8         1   unsigned char
      _g_commnunication_flag.recived_number_setting_flag
                                  000f49c9         1   unsigned char
      _g_commnunication_flag.recived_time_setting_flag
                                  000f49ca         1   unsigned char
      _g_commnunication_flag.send_response_status_flag
                                  000f49cb         1   unsigned char
      _g_commnunication_flag.send_response_mode_flag
                                  000f49cc         1   unsigned char
      _g_commnunication_flag.alarm_clear_flag
                                  000f49cd         1   unsigned char
      _g_commnunication_flag.alarm_response_flag
                                  000f49ce         1   unsigned char
      _g_commnunication_flag.recieve_status_flag
                                  000f49cf         1   unsigned char
      _g_commnunication_flag.test_flag
                                  000f49d0         1   unsigned char
      _g_commnunication_flag.test_individual_flag
                                  000f49d1         1   unsigned char
      _g_commnunication_flag.monitor_enable_flag
                                  000f49d2         1   unsigned char
      _g_commnunication_flag.test_enable_flag
                                  000f49d3         1   unsigned char
      _g_commnunication_flag.next_animation_flag
                                  000f49d4         1   unsigned char
      _g_commnunication_flag.save_confirm_flag
                                  000f49d5         1   unsigned char
      _g_commnunication_flag.send_handsensor_flag
                                  000f49d6         1   unsigned char
      _g_commnunication_flag.rs485_send_to_watersolfner_response_flag
                                  000f49d7         1   unsigned char
      _g_commnunication_flag.rs485_send_to_watersolfner_SV1_flag
                                  000f49d8         1   unsigned char
      _g_commnunication_flag.rs485_send_to_valve_response_flag
                                  000f49d9         1   unsigned char
      _g_commnunication_flag.rs485_get_valve_gesture_flag
                                  000f49da         1   unsigned char
      _g_commnunication_flag.rs485_fault
                                  000f49db         1   unsigned char
      _g_commnunication_flag.control_setting_flag
                                  000f49dc         1   unsigned char
      _g_commnunication_flag.control_setting_save_flag
                                  000f49dd         1   unsigned char
      _g_commnunication_flag.uart2_timeout_flag
                                  000f49de         1   unsigned char
    }
  _g_csi_count
                                  000f49df         1   data ,g         0
  _g_csi_err
                                  000f49e0         1   data ,g         0
  _g_csi_send_end
                                  000f49e1         1   data ,g         1
  _g_csi_rev_end
[...]
                                          0032(00006a76:.textf)
                                          0032(00006a7b:.textf)
                                          0032(00006aaa:.textf)
                                          0032(00006ab1:.textf)
                                          0032(00006ab8:.textf)
                                          0032(00006ac0:.textf)
                                          0032(00006afa:.textf)
                                          0032(00006b01:.textf)
                                          0032(00006b20:.textf)
                                          0032(00006b26:.textf)
                                          0032(00006b2c:.textf)
                                          0032(00006b2f:.textf)
                                          0032(00006b39:.textf)
                                          0032(00006b3c:.textf)
                                          0032(00006b64:.textf)
                                          0032(00006b69:.textf)
                                          0032(00006b92:.textf)
                                          0032(00006b98:.textf)
     SECTION=.text
0028 r_cg_wdt
     SECTION=.textf
                 _R_WDT_Create
                                 000066d1 0031(00006a5c:.textf)
                 _R_WDT_Restart
                                 000066e2 0008(00004986:.textf)
                                          0009(0000500a:.textf)
                                          0012(000057d8:.textf)
                                          0012(000058fb:.textf)
                                          0012(0000593a:.textf)
                                          0030(000069dc:.textf)
                                          0032(00006ae7:.textf)
0029 r_cg_wdt_user
     SECTION=.text
0030 r_main
     SECTION=.textf
                 _nostop_checkHandSensor
                                 000066e6
                 _readHS
                                 00006717
                 _main
                                 0000672c 0001(000001f4:.text)
                 _R_MAIN_UserInit
                                 000069e2 0030(0000672f:.textf)
     SECTION=.bss
                 _g_e_status
                                 000f4a90
                 _ret_number_setting
                                 000f4a92
                 _flow_p
                                 000f4abc 0030(00006997:.textf)
                 _salt_h_p
                                 000f4abd
                 _g_eeprom_wren
                                 000f4abe
                 _receive_data
                                 000f4abf
                 _receive_setting
                                 000f4ac2
                 _set
                                 000f4aec
                 _rx_data
                                 000f4aee
                 _data_f
                                 000f4afa
                 _data_f_test
                                 000f4afe
                 _g_control_buffer_f
                                 000f4b02 0012(0000564e:.textf)
                                          0012(00005652:.textf)
                                          0012(00005656:.textf)
                                          0012(0000565a:.textf)
                                          0012(00005665:.textf)
                 _g_control_buffer_u32
                                 000f4b08 0012(00005676:.textf)
                                          0012(0000567a:.textf)
                                          0012(0000567e:.textf)
                                          0012(00005682:.textf)
                                          0012(0000568d:.textf)
                 _g_control_buffer_i32
                                 000f4b0e 0012(0000569f:.textf)
                                          0012(000056a3:.textf)
                                          0012(000056b9:.textf)
                                          0012(000056be:.textf)
                                          0012(000056c4:.textf)
                 _handsensor_status
                                 000f4b14
                 _g_handsensor_status
                                 000f4b15 0030(000066fc:.textf)
                                          0030(00006703:.textf)
                                          0030(0000670c:.textf)
                 _g_crc
                                 000f4b17 0030(000069cd:.textf)
                                          0030(000069d9:.textf)
                 _g_crc_32
                                 000f4b20
                 _rx_count
                                 000f4b40 0008(00004342:.textf)
                 _io_testsize
                                 000f4b41 0030(0000676a:.textf)
     SECTION=.dataR
                 _g_adc_ch
                                 000f4bf2
                 _led_st
                                 000f4bf4 0030(000069b6:.textf)
                                          0030(000069be:.textf)
                 _send_data
                                 000f4bf5
                 _this_size
                                 000f4bf7
                 _this_size_2
                                 000f4bf8
                 _send_buf
                                 000f4bf9
                 _data_crc
                                 000f4c00
                 _dac_out
                                 000f4c08
     SECTION=.const
     SECTION=.data
0031 r_systeminit
     SECTION=.textf
                 _R_Systeminit
                                 00006a39 0031(00006a6f:.textf)
                 _hdwinit
                                 00006a6b 0001(000001ac:.text)
0032 usr_timer
     SECTION=.textf
                 _delay_ms
                                 00006a70 0030(00006722:.textf)
                                          0032(00006ae4:.textf)
                 _delay
                                 00006ad8
                 _ns_delay_ms
                                 00006af0 0006(00003912:.textf)
                                          0006(000039ab:.textf)
                                          0006(00003a42:.textf)
                                          0006(00003b31:.textf)
                                          0006(00003c6c:.textf)
                                          0006(00003d68:.textf)
                                          0006(00003dd8:.textf)
                                          0006(00003e8b:.textf)
                                          0007(00003f69:.textf)
                                          0007(00003fd0:.textf)
                                          0008(000041c7:.textf)
                                          0008(000041df:.textf)
                                          0008(00004206:.textf)
                                          0008(00004263:.textf)
                                          0008(000044b8:.textf)
                                          0008(0000452a:.textf)
                                          0008(00004582:.textf)
                                          0008(000045e0:.textf)
                                          0008(0000465f:.textf)
                                          0008(00004690:.textf)
                                          0008(00004773:.textf)
                                          0008(000047a1:.textf)
                                          0008(000047b6:.textf)
                                          0008(000047e8:.textf)
                                          0008(00004837:.textf)
                                          0008(00004913:.textf)
                                          0009(00004ce2:.textf)
                                          0009(00004d2b:.textf)
                                          0009(00004d74:.textf)
                                          0009(00004dda:.textf)
                                          0009(00004e1a:.textf)
                                          0009(00004e51:.textf)
                                          0009(00004e9a:.textf)
                                          0009(00004ee3:.textf)
                                          0009(00004f49:.textf)
                                          0009(00004f89:.textf)
                                          0009(00004fd2:.textf)
                                          0009(000050d0:.textf)
                                          0010(0000518a:.textf)
                                          0010(000051bc:.textf)
                                          0010(0000526d:.textf)
                                          0010(0000527c:.textf)
                                          0010(000052c6:.textf)
                                          0010(000052de:.textf)
                                          0010(000052ff:.textf)
                                          0010(00005335:.textf)
                                          0010(00005355:.textf)
                                          0010(0000537e:.textf)
                                          0010(000053ef:.textf)
                                          0010(00005433:.textf)
                                          0010(0000544e:.textf)
                                          0010(000054b8:.textf)
                                          0010(000054fa:.textf)
                                          0010(00005515:.textf)
                                          0011(00005577:.textf)
                                          0012(0000561a:.textf)
                                          0012(0000562e:.textf)
                                          0012(00005703:.textf)
                                          0030(000066f4:.textf)
                                          0030(0000689e:.textf)
                                          0030(00006938:.textf)
                                          0030(00006976:.textf)
                                          0030(000069a2:.textf)
                                          0030(000069ae:.textf)
                 _mTask
                                 00006b5c
0033 __fpclassifyf
     SECTION=.SLIB
                 ___fpclassifyf
                                 000009b5 0030(00006774:.textf)
0034 memcpy
     SECTION=.RLIB
                 _memcpy
                                 000004ba 0012(000059ab:.textf)
                                          0012(00005a3e:.textf)
                                          0030(0000678a:.textf)
                                          0030(00006797:.textf)
                                          0030(000068cc:.textf)
                                          0030(0000690c:.textf)
0035 _COM_faddsub
     SECTION=.RLIB
                 __COM_fsub
                                 00000527
                 __COM_fadd
                                 0000052f 0009(00004ff7:.textf)
                                          0009(000050a7:.textf)
0036 _COM_fdiv
     SECTION=.RLIB
                 __COM_fdiv
                                 00000665 0009(0000503c:.textf)
                                          0009(00005057:.textf)
                                          0009(00005106:.textf)
                                          0009(00005122:.textf)
                                          0012(00005ad2:.textf)
                                          0012(00005afd:.textf)
                                          0030(000067e7:.textf)
                                          0030(00006812:.textf)
0037 _COM_fge
     SECTION=.RLIB
                 __COM_fge
                                 00000734 0006(000039c1:.textf)
                                          0006(00003a58:.textf)
0038 _COM_fgt
     SECTION=.RLIB
                 __COM_fgt
                                 0000074a 0006(00003afe:.textf)
                                          0006(00003bc7:.textf)
                                          0006(00003cdb:.textf)
                                          0008(000045b6:.textf)
                                          0012(00005aad:.textf)
0039 _COM_fle
     SECTION=.RLIB
                 __COM_fle
                                 00000760 0012(00005a79:.textf)
0040 _COM_flt
     SECTION=.RLIB
                 __COM_flt
                                 00000776 0006(000038df:.textf)
                                          0006(00003978:.textf)
                                          0006(00003a0f:.textf)
                                          0006(00003c04:.textf)
                                          0006(00003c4d:.textf)
                                          0006(00003cc5:.textf)
                                          0006(00003d35:.textf)
                                          0008(000045a0:.textf)
0041 _COM_fmul
     SECTION=.RLIB
                 __COM_fmul
                                 000007d7 0009(00005020:.textf)
                                          0009(0000502e:.textf)
                                          0009(000050ea:.textf)
                                          0009(000050f8:.textf)
                                          0012(00005ae0:.textf)
                                          0012(00005b0b:.textf)
                                          0013(00005b46:.textf)
                                          0013(00005b54:.textf)
                                          0013(00005b7f:.textf)
                                          0013(00005b8d:.textf)
                                          0030(000067f5:.textf)
                                          0030(00006820:.textf)
0042 _COM_ftoul
     SECTION=.RLIB
                 __COM_ftoul
                                 00000879 0012(00005ae6:.textf)
                                          0012(00005b11:.textf)
                                          0030(000067fb:.textf)
                                          0030(00006826:.textf)
0043 _COM_funordered
     SECTION=.RLIB
                 __COM_funordered
                                 00000885 0006(000038cc:.textf)
                                          0006(00003965:.textf)
                                          0006(000039fc:.textf)
                                          0006(00003aeb:.textf)
                                          0006(00003bb4:.textf)
                                          0006(00003bf1:.textf)
                                          0006(00003c3a:.textf)
                                          0006(00003d20:.textf)
                                          0012(00005a64:.textf)
0044 _COM_ultof
     SECTION=.RLIB
                 __COM_ultof
                                 00000890 0009(0000504c:.textf)
                                          0009(00005117:.textf)
                                          0013(00005b3a:.textf)
                                          0013(00005b73:.textf)
0045 _REL_fcmp
     SECTION=.RLIB
                 __REL_fcmp
                                 00000896 0037(0000073e:.RLIB)
                                          0038(00000754:.RLIB)
                                          0039(0000076a:.RLIB)
                                          0040(00000780:.RLIB)
0046 _REL_fordered_core
     SECTION=.RLIB
                 __REL_fordered_core
                                 000008ce 0037(00000737:.RLIB)
                                          0038(0000074d:.RLIB)
                                          0039(00000763:.RLIB)
                                          0040(00000779:.RLIB)
                                          0043(00000888:.RLIB)
0047 _REL_ftol
     SECTION=.RLIB
                 __REL_ftol
                                 000008ea 0042(0000087f:.RLIB)
0048 _REL_f_inf
     SECTION=.RLIB
                 __REL_f_inf
                                 0000091f 0035(000005be:.RLIB)
                                          0036(0000064f:.RLIB)
                                          0036(000006ef:.RLIB)
                                          0041(000007a9:.RLIB)
                                          0041(0000084c:.RLIB)
0049 _REL_f_norm
     SECTION=.RLIB
                 __REL_f_norm
                                 00000927 0036(00000630:.RLIB)
                                          0036(0000065b:.RLIB)
                                          0041(000007ca:.RLIB)
0050 _REL_f_round
     SECTION=.RLIB
                 __REL_f_round
                                 00000937 0035(000005cb:.RLIB)
                                          0035(00000603:.RLIB)
                                          0036(00000731:.RLIB)
                                          0041(00000859:.RLIB)
0051 _REL_ltof
     SECTION=.RLIB
                 __REL_ltof
                                 0000094a 0044(00000893:.RLIB)
0052 _COM_lshr
     SECTION=.RLIB
                 __COM_lshr
                                 0000099e 0047(00000916:.RLIB)
0053 rlink_generates_01
     SECTION=.option_byte
0054 rlink_generates_02
     SECTION=.monitor1
     SECTION=.monitor2
0055 rlink_generates_03
     SECTION=.security_id
0056 rlink_generates_04
     SECTION=.vect
0057 rlink_generates_05
     SECTION=
                 __s.vect
                                 00000000
                 __s.constf
                                 00000080
                 __e.constf
                                 00000080
                 __s.sdata
                                 00000080
                 __e.sdata
                                 00000080
                 __e.vect
                                 00000080
                 __s.option_byte
                                 000000c0
                 __e.option_byte
                                 000000c4
                 __s.security_id
                                 000000c4
                 __s.monitor1
                                 000000ce
                 __e.security_id
                                 000000ce
                 __s.data
                                 000000d8
                 __e.monitor1
                                 000000d8
                 __s.text
                                 000001a0
                 __e.data
                                 000001a0
                 __e.text
                                 000004ba
                 __s.RLIB
                                 000004ba
                 __e.RLIB
                                 000009b5
                 __s.SLIB
                                 000009b5
                 __e.SLIB
                                 000009d1
                 __s.const
                                 00003000
                 __s.textf
                                 00003510
                 __e.const
                                 00003510
                 __e.textf
                                 00006ba0
                 __s.monitor2
                                 0007fe00
                 __e.monitor2
                                 00080000
                 __RAM_ADDR_START
                                 000f3f00
                 __s.bss
                                 000f4700
                 __e.bss
                                 000f4b42
                 __s.dataR
                                 000f4b42
                 __e.dataR
                                 000f4c0a
                 __STACK_ADDR_END
                                 000f4c0a 0001(000001a5:.text)
                 __s.sbss
                                 000ffe20
                 __e.sbss
                                 000ffe20
                 __s.sdataR
                                 000ffe20
                 __e.sdataR
                                 000ffe20
                 __STACK_ADDR_START
                                 000ffe20 0001(000001a2:.text)
                 __RAM_ADDR_END
                                 000ffee0
