Renesas Optimizing Linker (W3.03.00 )             24-Nov-2021 15:37:45

*** Options ***

-subcommand=LinkerControlPCB_HWM.tmp
-MAKEUD=D:\Chieniwa\E2_Studio\ControlPCB_HWM\HardwareDebug/ControlPCB_HWM_l.ud
-device="D:/Chieniwa/E2_Studio/.eclipse/com.renesas.platform_1435879475/DebugComp/RL78/RL78/Common/DR5F104ML.DVF"
-list="ControlPCB_HWM.map"
-show=all
-nooptimize
-entry=_start
-auto_section_layout
-security_id=00000000000000000000
-debug_monitor=7FE00-7FFFF
-user_opt_byte=FFFFF8
-ocdbg=84
-ocdtr
-input=".\generate\cstart.obj"
-input=".\generate\stkinit.obj"
-input=".\src\EEPROM.obj"
-input=".\src\interupt_handle.obj"
-input=".\src\main.obj"
-input=".\src\r_cg_adc.obj"
-input=".\src\r_cg_adc_user.obj"
-input=".\src\r_cg_cgc.obj"
-input=".\src\r_cg_cgc_user.obj"
-input=".\src\r_cg_dac.obj"
-input=".\src\r_cg_dac_user.obj"
-input=".\src\r_cg_port.obj"
-input=".\src\r_cg_port_user.obj"
-input=".\src\r_cg_rtc.obj"
-input=".\src\r_cg_rtc_user.obj"
-input=".\src\r_cg_serial.obj"
-input=".\src\r_cg_serial_user.obj"
-input=".\src\r_cg_timer.obj"
-input=".\src\r_cg_timer_user.obj"
-input=".\src\r_cg_wdt.obj"
-input=".\src\r_cg_wdt_user.obj"
-input=".\src\r_main.obj"
-input=".\src\r_systeminit.obj"
-input=".\src\usr_timer.obj"
-library="C:\Program Files (x86)\Renesas Electronics\CS+\CC\CC-RL\V1.10.00\lib\rl78em4s99.lib"
-library="C:\Program Files (x86)\Renesas Electronics\CS+\CC\CC-RL\V1.10.00\lib\rl78em4r.lib"
-library="C:\Program Files (x86)\Renesas Electronics\CS+\CC\CC-RL\V1.10.00\lib\malloc_n.lib"
-output="ControlPCB_HWM.abs"
-debug
-nocompress
-rom=.data=.dataR,.sdata=.sdataR
-nomessage
-nologo

*** Error information ***

*** Mapping List ***

SECTION                            START      END         SIZE   ALIGN
.vect
                                  00000000  0000007f        80   0
.constf
                                  00000080  00000080         0   2
.sdata
                                  00000080  00000080         0   2
.option_byte
                                  000000c0  000000c3         4   1
.security_id
                                  000000c4  000000cd         a   1
.SLIB
                                  000000c4  000000c4         0   1
.monitor1
                                  000000ce  000000d7         a   1
.data
                                  000000d8  00000120        49   2
.text
                                  00000121  0000043a       31a   1
.textf
                                  0000043b  00001935      14fb   1
.RLIB
                                  00001936  00001e3e       509   1
.const
                                  00003000  00003001         2   2
.monitor2
                                  0007fe00  0007ffff       200   1
.bss
                                  000f4700  000f47f1        f2   2
.dataR
                                  000f47f2  000f483a        49   2
.sbss
                                  000ffe20  000ffe20         0   2
.sdataR
                                  000ffe20  000ffe20         0   2

*** Total Section Size ***

RAMDATA SECTION:  0000013b Byte(s)
ROMDATA SECTION:  000002e3 Byte(s)
PROGRAM SECTION:  00001d1e Byte(s)

*** Symbol List ***

SECTION=
FILE=                               START        END    SIZE
  SYMBOL                            ADDR        SIZE    INFO      COUNTS  OPT
    STRUCT                                      SIZE
      MEMBER                        ADDR        SIZE    INFO

SECTION=.vect
FILE=rlink_generates_04
                                  00000000  0000007f        80

SECTION=.option_byte
FILE=rlink_generates_01
                                  000000c0  000000c3         4

SECTION=.security_id
FILE=rlink_generates_03
                                  000000c4  000000cd         a

SECTION=.monitor1
FILE=rlink_generates_02
                                  000000ce  000000d7         a

SECTION=.data
FILE=.\src\main.obj
                                  000000d8  00000100        29
FILE=.\src\r_main.obj
                                  00000102  00000120        1f

SECTION=.text
FILE=.\generate\cstart.obj
                                  00000121  0000017a        5a
  _start
                                  00000121         0   entry,g         0
  _exit
                                  00000179         0   none ,g         1
FILE=.\src\r_cg_adc_user.obj
                                  0000017b  00000194        1a
  _r_adc_interrupt@1
                                  0000017b        1a   func ,l         0
FILE=.\src\r_cg_serial_user.obj
                                  00000195  00000412       27e
  _r_uart1_interrupt_receive@1
                                  00000195        5f   func ,l         0
  _r_uart1_interrupt_send@1
                                  000001f4        31   func ,l         0
  _r_csi00_interrupt@1
                                  00000225        49   func ,l         0
  _r_csi01_interrupt@1
                                  0000026e        85   func ,l         0
  _r_uart2_interrupt_receive@1
                                  000002f3        5f   func ,l         0
  _r_uart2_interrupt_send@1
                                  00000352        31   func ,l         0
  _r_uart3_interrupt_receive@1
                                  00000383        5f   func ,l         0
  _r_uart3_interrupt_send@1
                                  000003e2        31   func ,l         0
FILE=.\src\r_cg_timer_user.obj
                                  00000413  00000438        26
  _r_tau0_channel0_interrupt@1
                                  00000413        1c   func ,l         0
  _r_tau0_channel1_interrupt@1
                                  0000042f         5   func ,l         0
  _r_tau0_channel2_interrupt@1
                                  00000434         5   func ,l         0
FILE=.\src\r_cg_wdt_user.obj
                                  00000439  0000043a         2
  _r_wdt_interrupt@1
                                  00000439         2   func ,l         0

SECTION=.textf
FILE=.\generate\stkinit.obj
                                  0000043b  0000047e        44
  _stkinit
                                  0000043b         0   none ,g         1
  LSTINIT1
                                  00000449         0   none ,l         1
  LSTINIT2
                                  00000473         0   none ,l         2
  LSTINIT3
                                  0000047e         0   none ,l         2
FILE=.\src\EEPROM.obj
                                  0000047f  000005f9       17b
  _EEPROM_Init
                                  0000047f        2b   func ,g         1
  _rEE_Status
                                  000004aa        1b   func ,g         1
  _sEE_WriteEnable
                                  000004c5        12   func ,g         2
  _sEE_WriteDisable
                                  000004d7        12   func ,g         0
  _EE_SPI_Write
                                  000004e9        5a   func ,g         0
  _EE_SPI_Read
                                  00000543        58   func ,g         0
  _sEE_Block
                                  0000059b        11   func ,g         0
  _sEE_SendInstruction
                                  000005ac         3   func ,g         0
  _sEE_SendReceiveInstruction
                                  000005af         4   func ,g         0
  _EE_TransmitData
                                  000005b3        2c   func ,g         8
  _sEE_WriteStatusRegister
                                  000005df        1b   func ,g         2
FILE=.\src\interupt_handle.obj
                                  000005fa  00000659        60
  _adc_int_handle
                                  000005fa        60   func ,g         1
FILE=.\src\main.obj
                                  0000065a  00000e90       837
  _setting_default
                                  0000065a        7c   func ,g         1
  _sendToRasPi
                                  000006d6        33   func ,g         9
  _InitialOperationModeStart
                                  00000709        5e   func ,g         1
  _FlowSensorCheck
                                  00000767        a2   func ,g         1
  _WaterSupplyOperation
                                  00000809        23   func ,g         1
  _Voltage1Check
                                  0000082c        78   func ,g         1
  _Voltage2Check
                                  000008a4        79   func ,g         1
  _Voltage3Check
                                  0000091d        79   func ,g         1
  _LowVoltageCheck
                                  00000996        83   func ,g         1
  _LowCurrentCheck
                                  00000a19        d5   func ,g         1
  _ElectrolyticOperation
                                  00000aee        2b   func ,g         1
  _solenoidCheck
                                  00000b19        76   func ,g         0
  _main_20211111
                                  00000b8f        2e   func ,g         0
  _waitReset
                                  00000bbd         e   func ,g         2
  _electrolyticOperationON
                                  00000bcb         a   func ,g         1
  _electrolyticOperationOFF
                                  00000bd5         a   func ,g         9
  _overVoltage1Error
                                  00000bdf         1   func ,g         0
  _overVoltage2Error
                                  00000be0         1   func ,g         0
  _overVoltage3Error
                                  00000be1        85   func ,g         0
  _lowVoltageError
                                  00000c66        95   func ,g         0
  _currentError
                                  00000cfb        e0   func ,g         0
  _solenoidValueError
                                  00000ddb         1   func ,g         0
  _callAlarm
                                  00000ddc         4   func ,g         0
  _measureFlowSensor
                                  00000de0        b1   func ,g         1
FILE=.\src\r_cg_adc.obj
                                  00000e91  00000ef2        62
  _R_ADC_Create
                                  00000e91        33   func ,g         2
  _R_ADC_Start
                                  00000ec4         a   func ,g         2
  _R_ADC_Stop
                                  00000ece         a   func ,g         0
  _R_ADC_Set_OperationOn
                                  00000ed8         4   func ,g         1
  _R_ADC_Set_OperationOff
                                  00000edc         4   func ,g         0
  _R_ADC_Get_Result
                                  00000ee0         7   func ,g         2
  _R_ADC_Set_ADChannel
                                  00000ee7         c   func ,g         0
FILE=.\src\r_cg_cgc.obj
                                  00000ef3  00000f08        16
  _R_CGC_Create
                                  00000ef3        16   func ,g         1
FILE=.\src\r_cg_cgc_user.obj
                                  00000f09  00000f0b         3
  _R_CGC_Get_ResetSource
                                  00000f09         3   func ,g         1
FILE=.\src\r_cg_dac.obj
                                  00000f0c  00000f3e        33
  _R_DAC_Create
                                  00000f0c        1d   func ,g         1
  _R_DAC0_Start
                                  00000f29         4   func ,g         0
  _R_DAC0_Stop
                                  00000f2d         4   func ,g         0
  _R_DAC0_Set_ConversionValue
                                  00000f31         3   func ,g         0
  _R_DAC1_Start
                                  00000f34         4   func ,g         0
  _R_DAC1_Stop
                                  00000f38         4   func ,g         0
  _R_DAC1_Set_ConversionValue
                                  00000f3c         3   func ,g         0
FILE=.\src\r_cg_port.obj
                                  00000f3f  00000f86        48
  _R_PORT_Create
                                  00000f3f        48   func ,g         1
FILE=.\src\r_cg_port_user.obj
                                  00000f87  00000f87         1
  _R_PORT_Create_UserInit
                                  00000f87         1   func ,g         1
FILE=.\src\r_cg_rtc.obj
                                  00000f88  000010c5       13e
  _R_RTC_Create
                                  00000f88        27   func ,g         2
  _R_RTC_Start
                                  00000faf         4   func ,g         1
  _R_RTC_Stop
                                  00000fb3         4   func ,g         0
  _R_RTC_Get_CounterValue
                                  00000fb7        51   func ,g         0
  _R_RTC_Set_CounterValue
                                  00001008        be   func ,g         1
FILE=.\src\r_cg_serial.obj
                                  000010c6  000015b8       4f3
  _R_CSI01_Receive
                                  000010c6        1a   func ,g         0
  _R_CSI01_Send
                                  000010e0        26   func ,g         0
  _R_SAU0_Create
                                  00001106        17   func ,g         2
  _R_UART1_Create
                                  0000111d        7e   func ,g         2
  _R_UART1_Start
                                  0000119b        26   func ,g         1
  _R_UART1_Stop
                                  000011c1        1e   func ,g         0
  _R_UART1_Receive
                                  000011df        18   func ,g         0
  _R_UART1_Send
                                  000011f7        29   func ,g         0
  _R_CSI00_Create
                                  00001220        53   func ,g         2
  _R_CSI00_Start
                                  00001273        26   func ,g         1
  _R_CSI00_Stop
                                  00001299        18   func ,g         0
  _R_CSI00_Send
                                  000012b1        28   func ,g         0
  _R_CSI01_Create
                                  000012d9        5a   func ,g         3
  _R_CSI01_Start
                                  00001333        26   func ,g         1
  _R_CSI01_Stop
                                  00001359        18   func ,g         1
  _R_CSI01_Send_Receive
                                  00001371        36   func ,g         1
  _R_SAU1_Create
                                  000013a7        14   func ,g         2
  _R_UART2_Create
                                  000013bb        7e   func ,g         2
  _R_UART2_Start
                                  00001439        26   func ,g         2
  _R_UART2_Stop
                                  0000145f        1e   func ,g         1
  _R_UART2_Receive
                                  0000147d        18   func ,g         2
  _R_UART2_Send
                                  00001495        29   func ,g         2
  _R_UART3_Create
                                  000014be        76   func ,g         2
  _R_UART3_Start
                                  00001534        26   func ,g         1
  _R_UART3_Stop
                                  0000155a        1e   func ,g         0
  _R_UART3_Receive
                                  00001578        18   func ,g         0
  _R_UART3_Send
                                  00001590        29   func ,g         0
FILE=.\src\r_cg_serial_user.obj
                                  000015b9  000015ef        37
  _r_uart1_callback_receiveend@1
                                  000015b9         1   func ,l         1
  _r_uart1_callback_softwareoverrun@1
                                  000015ba         1   func ,l         1
  _r_uart1_callback_sendend@1
                                  000015bb         1   func ,l         1
  _r_uart1_callback_error@1
                                  000015bc         1   func ,l         1
  _r_csi00_callback_sendend@1
                                  000015bd         1   func ,l         1
  _r_csi01_callback_receiveend@1
                                  000015be         7   func ,l         1
  _r_csi01_callback_error@1
                                  000015c5         1   func ,l         1
  _r_csi01_callback_sendend@1
                                  000015c6         4   func ,l         1
  _r_uart2_callback_receiveend@1
                                  000015ca        1c   func ,l         1
  _r_uart2_callback_softwareoverrun@1
                                  000015e6         1   func ,l         1
  _r_uart2_callback_sendend@1
                                  000015e7         4   func ,l         1
  _r_uart2_callback_error@1
                                  000015eb         1   func ,l         1
  _r_uart3_callback_receiveend@1
                                  000015ec         1   func ,l         1
  _r_uart3_callback_softwareoverrun@1
                                  000015ed         1   func ,l         1
  _r_uart3_callback_sendend@1
                                  000015ee         1   func ,l         1
  _r_uart3_callback_error@1
                                  000015ef         1   func ,l         1
FILE=.\src\r_cg_timer.obj
                                  000015f0  000016fc       10d
  _R_TAU0_Create
                                  000015f0        ad   func ,g         2
  _R_TAU0_Channel0_Start
                                  0000169d        10   func ,g         1
  _R_TAU0_Channel0_Stop
                                  000016ad        10   func ,g         0
  _R_TAU0_Channel1_Start
                                  000016bd        10   func ,g         0
  _R_TAU0_Channel1_Stop
                                  000016cd        10   func ,g         0
  _R_TAU0_Channel2_Start
                                  000016dd        10   func ,g         0
  _R_TAU0_Channel2_Stop
                                  000016ed        10   func ,g         0
FILE=.\src\r_cg_wdt.obj
                                  000016fd  00001711        15
  _R_WDT_Create
                                  000016fd        11   func ,g         1
  _R_WDT_Restart
                                  0000170e         4   func ,g         6
FILE=.\src\r_main.obj
                                  00001712  0000180c        fb
  _main
                                  00001712        b0   func ,g         1
  _R_MAIN_UserInit
                                  000017c2        4b   func ,g         1
FILE=.\src\r_systeminit.obj
                                  0000180d  00001843        37
  _R_Systeminit
                                  0000180d        32   func ,g         1
  _hdwinit
                                  0000183f         5   func ,g         1
FILE=.\src\usr_timer.obj
                                  00001844  00001935        f2
  _delay_ms
                                  00001844        68   func ,g         b
  _delay
                                  000018ac         f   func ,g         5
  _ns_delay_ms
                                  000018bb        35   func ,g         3
  _non_block_delay
                                  000018f0         2   func ,g         0
  _mTask
                                  000018f2        44   func ,g         0

SECTION=.RLIB
FILE=memcpy
                                  00001936  00001946        11
  _memcpy
                                  00001936         0   none ,g         1
FILE=memset
                                  00001947  00001954         e
  _memset
                                  00001947         0   none ,g         2
FILE=_COM_faddsub
                                  00001955  00001a8f       13b
  __COM_fsub
                                  000019b1         0   none ,g         0
  __COM_fadd
                                  000019b9         0   none ,g         1
FILE=_COM_fdiv
                                  00001a90  00001bbd       12e
  __COM_fdiv
                                  00001aef         0   none ,g         1
FILE=_COM_fge
                                  00001bbe  00001bd3        16
  __COM_fge
                                  00001bbe         0   none ,g         5
FILE=_COM_fgt
                                  00001bd4  00001be9        16
  __COM_fgt
                                  00001bd4         0   none ,g         4
FILE=_COM_fle
                                  00001bea  00001bff        16
  __COM_fle
                                  00001bea         0   none ,g         2
FILE=_COM_flt
                                  00001c00  00001c15        16
  __COM_flt
                                  00001c00         0   none ,g         5
FILE=_COM_fmul
                                  00001c16  00001d02        ed
  __COM_fmul
                                  00001c61         0   none ,g         9
FILE=_COM_ftoul
                                  00001d03  00001d0e         c
  __COM_ftoul
                                  00001d03         0   none ,g         1
FILE=_COM_funordered
                                  00001d0f  00001d19         b
  __COM_funordered
                                  00001d0f         0   none ,g         b
FILE=_COM_ultof
                                  00001d1a  00001d1f         6
  __COM_ultof
                                  00001d1a         0   none ,g         8
FILE=_REL_fcmp
                                  00001d20  00001d57        38
  __REL_fcmp
                                  00001d20         0   none ,g         4
FILE=_REL_fordered_core
                                  00001d58  00001d73        1c
  __REL_fordered_core
                                  00001d58         0   none ,g         5
FILE=_REL_ftol
                                  00001d74  00001da8        35
  __REL_ftol
                                  00001d74         0   none ,g         1
FILE=_REL_f_inf
                                  00001da9  00001db0         8
  __REL_f_inf
                                  00001da9         0   none ,g         5
FILE=_REL_f_norm
                                  00001db1  00001dc0        10
  __REL_f_norm
                                  00001db1         0   none ,g         3
FILE=_REL_f_round
                                  00001dc1  00001dd3        13
  __REL_f_round
                                  00001dc1         0   none ,g         4
FILE=_REL_ltof
                                  00001dd4  00001e1d        4a
  __REL_ltof
                                  00001dd4         0   none ,g         1
FILE=_COM_lshr
                                  00001e1e  00001e3e        21
  __COM_lshr
                                  00001e28         0   none ,g         1

SECTION=.const
FILE=.\src\EEPROM.obj
                                  00003000  00003001         2

SECTION=.monitor2
FILE=rlink_generates_02
                                  0007fe00  0007ffff       200

SECTION=.bss
FILE=.\src\EEPROM.obj
                                  000f4700  000f4703         4
  _eeprom_status
                                  000f4700         1   data ,g         8
    union  EEPROM_status_u {
                                                   1
      _eeprom_status.refined
                                  000f4700         1
    struct  {
                                                   1
      _eeprom_status.refined.RB
                                  000f4700         1   unsigned char:1(7)
      _eeprom_status.refined.WEN
                                  000f4700         1   unsigned char:1(6)
      _eeprom_status.refined.BP
                                  000f4700         1   unsigned char:2(4)
      _eeprom_status.refined.RSVD
                                  000f4700         1   unsigned char:3(1)
      _eeprom_status.refined.WPEN
                                  000f4700         1   unsigned char:1(0)
    }
      _eeprom_status.raw
                                  000f4700         1   unsigned char
    }
  _spi_flag
                                  000f4702         2   data ,g         3
FILE=.\src\interupt_handle.obj
                                  000f4704  000f4707         4
  _g_adc_value
                                  000f4704         4   data ,g         9
FILE=.\src\main.obj
                                  000f4708  000f4735        2e
  _g_numberSetting
                                  000f4708        20   data ,g        28
    struct Number_Setting_s {
                                                  20
      _g_numberSetting.upperVoltage1
                                  000f4708         4   float
      _g_numberSetting.upperVoltage2
                                  000f470c         4   float
      _g_numberSetting.upperVoltage3
                                  000f4710         4   float
      _g_numberSetting.lowerVoltage
                                  000f4714         4   float
      _g_numberSetting.upperCurrent
                                  000f4718         4   float
      _g_numberSetting.lowerCurrent
                                  000f471c         4   float
      _g_numberSetting.upperFlow
                                  000f4720         4   float
      _g_numberSetting.lowerFlow
                                  000f4724         4   float
    }
  _g_cvcc_current
                                  000f4728         4   data ,g         a
  _g_cvcc_voltge
                                  000f472c         4   data ,g         e
  _g_alarm
                                  000f4730         1   data ,g         2
  _g_flow_value
                                  000f4732         4   data ,g         4
FILE=.\src\r_cg_rtc_user.obj
                                  000f4736  000f473c         7
  _g_rtc
                                  000f4736         7   data ,g         3
    struct  {
                                                   7
      _g_rtc.sec
                                  000f4736         1   unsigned char
      _g_rtc.min
                                  000f4737         1   unsigned char
      _g_rtc.hour
                                  000f4738         1   unsigned char
      _g_rtc.day
                                  000f4739         1   unsigned char
      _g_rtc.week
                                  000f473a         1   unsigned char
      _g_rtc.month
                                  000f473b         1   unsigned char
      _g_rtc.year
                                  000f473c         1   unsigned char
    }
FILE=.\src\r_cg_serial.obj
                                  000f473e  000f4773        36
  _gp_uart1_tx_address
                                  000f473e         2   data ,g         5
  _g_uart1_tx_count
                                  000f4740         2   data ,g         4
  _gp_uart1_rx_address
                                  000f4742         2   data ,g         3
  _g_uart1_rx_count
                                  000f4744         2   data ,g         4
  _g_uart1_rx_length
                                  000f4746         2   data ,g         3
  _gp_csi00_rx_address
                                  000f4748         2   data ,g         0
  _g_csi00_rx_length
                                  000f474a         2   data ,g         0
  _g_csi00_rx_count
                                  000f474c         2   data ,g         0
  _gp_csi00_tx_address
                                  000f474e         2   data ,g         6
  _g_csi00_send_length
                                  000f4750         2   data ,g         0
  _g_csi00_tx_count
                                  000f4752         2   data ,g         4
  _gp_csi01_rx_address
                                  000f4754         2   data ,g         5
  _g_csi01_rx_length
                                  000f4756         2   data ,g         1
  _g_csi01_rx_count
                                  000f4758         2   data ,g         1
  _gp_csi01_tx_address
                                  000f475a         2   data ,g         7
  _g_csi01_send_length
                                  000f475c         2   data ,g         0
  _g_csi01_tx_count
                                  000f475e         2   data ,g         7
  _gp_uart2_tx_address
                                  000f4760         2   data ,g         5
  _g_uart2_tx_count
                                  000f4762         2   data ,g         4
  _gp_uart2_rx_address
                                  000f4764         2   data ,g         3
  _g_uart2_rx_count
                                  000f4766         2   data ,g         4
  _g_uart2_rx_length
                                  000f4768         2   data ,g         3
  _gp_uart3_tx_address
                                  000f476a         2   data ,g         5
  _g_uart3_tx_count
                                  000f476c         2   data ,g         4
  _gp_uart3_rx_address
                                  000f476e         2   data ,g         3
  _g_uart3_rx_count
                                  000f4770         2   data ,g         4
  _g_uart3_rx_length
                                  000f4772         2   data ,g         3
FILE=.\src\r_cg_serial_user.obj
                                  000f4774  000f479b        28
  _g_csi_count
                                  000f4774         1   data ,g         0
  _g_csi_err
                                  000f4775         1   data ,g         0
  _g_csi_send_end
                                  000f4776         1   data ,g         1
  _g_csi_rev_end
                                  000f4777         1   data ,g         3
  _g_uart1_end
                                  000f4778         1   data ,g         0
  _g_uart2_send
                                  000f4779         1   data ,g         5
  _g_uart2_receive
                                  000f477a         1   data ,g         1
  _g_rx_data
                                  000f477b        20   data ,g         3
  _g_uart2_fault
                                  000f479b         1   data ,g         4
FILE=.\src\r_cg_timer_user.obj
                                  000f479c  000f47a3         8
  _timer0_ch0_flag
                                  000f479c         1   data ,g         1
  _timer0_ch1_flag
                                  000f479d         1   data ,g         1
  _timer0_ch2_flag
                                  000f479e         1   data ,g         1
  _g_systemTime
                                  000f47a0         4   data ,g        14
FILE=.\src\r_main.obj
                                  000f47a4  000f47f1        4e
  __stamp
                                  000f47a4         c   data ,g         2
  _g_e_status
                                  000f47b0         1   data ,g         0
    union  EEPROM_status_u {
                                                   1
      _g_e_status.refined
                                  000f47b0         1
    struct  {
                                                   1
      _g_e_status.refined.RB
                                  000f47b0         1   unsigned char:1(7)
      _g_e_status.refined.WEN
                                  000f47b0         1   unsigned char:1(6)
      _g_e_status.refined.BP
                                  000f47b0         1   unsigned char:2(4)
      _g_e_status.refined.RSVD
                                  000f47b0         1   unsigned char:3(1)
      _g_e_status.refined.WPEN
                                  000f47b0         1   unsigned char:1(0)
    }
      _g_e_status.raw
                                  000f47b0         1   unsigned char
    }
  _flow_p
                                  000f47b1         1   data ,g         1
  _salt_h_p
                                  000f47b2         1   data ,g         0
  _g_eeprom_wren
                                  000f47b3         1   data ,g         0
  _receive_data
                                  000f47b4         2   data ,g         0
  _receive_setting
                                  000f47b6        20   data ,g         0
    struct Number_Setting_s {
                                                  20
      _receive_setting.upperVoltage1
                                  000f47b6         4   float
      _receive_setting.upperVoltage2
                                  000f47ba         4   float
      _receive_setting.upperVoltage3
                                  000f47be         4   float
      _receive_setting.lowerVoltage
                                  000f47c2         4   float
      _receive_setting.upperCurrent
                                  000f47c6         4   float
      _receive_setting.lowerCurrent
                                  000f47ca         4   float
      _receive_setting.upperFlow
                                  000f47ce         4   float
      _receive_setting.lowerFlow
                                  000f47d2         4   float
    }
  _set
                                  000f47d6         1   data ,g         0
    union  EEPROM_status_u {
                                                   1
      _set.refined
                                  000f47d6         1
    struct  {
                                                   1
      _set.refined.RB
                                  000f47d6         1   unsigned char:1(7)
      _set.refined.WEN
                                  000f47d6         1   unsigned char:1(6)
      _set.refined.BP
                                  000f47d6         1   unsigned char:2(4)
      _set.refined.RSVD
                                  000f47d6         1   unsigned char:3(1)
      _set.refined.WPEN
                                  000f47d6         1   unsigned char:1(0)
    }
      _set.raw
                                  000f47d6         1   unsigned char
    }
  _rx_data
                                  000f47d8         c   data ,g         0
  _data_f
                                  000f47e4         4   data ,g         0
  _data_f_test
                                  000f47e8         4   data ,g         0
    union  byte_to_float {
                                                   4
      _data_f_test.refined
                                  000f47e8         4
    struct  {
                                                   4
      _data_f_test.refined.b
                                  000f47e8         4   unsigned char
    }
      _data_f_test.raw
                                  000f47e8         4   float
    }
  _g_control_buffer
                                  000f47ec         6   data ,g         5
    struct UART_Buffer_s {
                                                   6
      _g_control_buffer.head
                                  000f47ec         1   unsigned char
      _g_control_buffer.set_number
                                  000f47ed         1   unsigned char
      _g_control_buffer.set_value
                                  000f47ee         4   unsigned long
    }

SECTION=.dataR
FILE=.\src\main.obj
                                  000f47f2  000f481a        29
  _g_timerSetting
                                  000f47f2        24   data ,g        15
    struct Timer_Setting_s {
                                                  24
      _g_timerSetting.t2_flowSensorStartTime
                                  000f47f2         4   unsigned long
      _g_timerSetting.t3_flowSensorMonitorTime
                                  000f47f6         4   unsigned long
      _g_timerSetting.t6_drainageOffTime
                                  000f47fa         4   unsigned long
      _g_timerSetting.t11_overVoltage1Time
                                  000f47fe         4   unsigned long
      _g_timerSetting.t12_overVoltage2Time
                                  000f4802         4   unsigned long
      _g_timerSetting.t13_overVoltage3Time
                                  000f4806         4   unsigned long
      _g_timerSetting.t14_lowVoltageStartTime
                                  000f480a         4   unsigned long
      _g_timerSetting.t15_lowVoltageDelayTime
                                  000f480e         4   unsigned long
      _g_timerSetting.t17_solenoidLeakageStartTime
                                  000f4812         4   unsigned long
    }
  _g_neutralization_time
                                  000f4816         4   data ,g         2
  _g_electrolytic_flag
                                  000f481a         1   data ,g         2
FILE=.\src\r_main.obj
                                  000f481c  000f483a        1f
  _g_error
                                  000f481c         2   data ,g         5
  _g_adc_ch
                                  000f481e         2   data ,g         0
  _led_st
                                  000f4820         1   data ,g         2
  _e_send
                                  000f4821         c   data ,g         0
  _e_data
                                  000f482d         c   data ,g         0
  _send_data
                                  000f4839         2   data ,g         0

Absolute value symbols
FILE=rlink_generates_05
  __s.text
                                  00000121         0   none ,g         0
  __e.text
                                  0000043b         0   none ,g         0
  __s.textf
                                  0000043b         0   none ,g         0
  __e.textf
                                  00001936         0   none ,g         0
  __s.const
                                  00003000         0   none ,g         0
  __e.const
                                  00003002         0   none ,g         0
  __s.constf
                                  00000080         0   none ,g         0
  __e.constf
                                  00000080         0   none ,g         0
  __s.data
                                  000000d8         0   none ,g         0
  __e.data
                                  00000121         0   none ,g         0
  __s.sdata
                                  00000080         0   none ,g         0
  __e.sdata
                                  00000080         0   none ,g         0
  __s.bss
                                  000f4700         0   none ,g         0
  __e.bss
                                  000f47f2         0   none ,g         0
  __s.sbss
                                  000ffe20         0   none ,g         0
  __e.sbss
                                  000ffe20         0   none ,g         0
  __s.dataR
                                  000f47f2         0   none ,g         0
  __e.dataR
                                  000f483b         0   none ,g         0
  __s.sdataR
                                  000ffe20         0   none ,g         0
  __e.sdataR
                                  000ffe20         0   none ,g         0
  __s.RLIB
                                  00001936         0   none ,g         0
  __e.RLIB
                                  00001e3f         0   none ,g         0
  __s.SLIB
                                  000000c4         0   none ,g         0
  __e.SLIB
                                  000000c4         0   none ,g         0
  __s.option_byte
                                  000000c0         0   none ,g         0
  __e.option_byte
                                  000000c4         0   none ,g         0
  __s.monitor1
                                  000000ce         0   none ,g         0
  __e.monitor1
                                  000000d8         0   none ,g         0
  __s.monitor2
                                  0007fe00         0   none ,g         0
  __e.monitor2
                                  00080000         0   none ,g         0
  __s.security_id
                                  000000c4         0   none ,g         0
  __e.security_id
                                  000000ce         0   none ,g         0
  __s.vect
                                  00000000         0   none ,g         0
  __e.vect
                                  00000080         0   none ,g         0
  __RAM_ADDR_START
                                  000f3f00         0   none ,g         0
  __RAM_ADDR_END
                                  000ffee0         0   none ,g         0
  __STACK_ADDR_START
                                  000ffe20         0   none ,g         1
  __STACK_ADDR_END
                                  000f483c         0   none ,g         1

*** Unfilled Areas ***

AREA                                START    END

*** Delete Symbols ***

SYMBOL                                SIZE    INFO

*** Variable Vector Table List ***

ADDRESS  SYMBOL/ADDRESS
00       _start
02       ffff
04       _r_wdt_interrupt@1
06       
08       
0a       
0c       
0e       
10       
12       
14       _r_uart2_interrupt_send@1
16       _r_uart2_interrupt_receive@1
18       
1a       
1c       
1e       _r_csi00_interrupt@1
20       _r_csi01_interrupt@1
22       
24       _r_uart1_interrupt_send@1
26       _r_uart1_interrupt_receive@1
28       
2a       
2c       _r_tau0_channel0_interrupt@1
2e       _r_tau0_channel1_interrupt@1
30       _r_tau0_channel2_interrupt@1
32       
34       _r_adc_interrupt@1
36       
38       
3a       
3c       _r_uart3_interrupt_send@1
3e       _r_uart3_interrupt_receive@1
40       
42       
44       
46       
48       
4a       
4c       
4e       
50       
52       
54       
56       
58       
5a       
5c       
5e       
60       
62       
64       
66       
68       
6a       
6c       
6e       
70       
72       
74       
76       
78       
7a       
7c       
7e       

*** Cross Reference List ***

No   Unit Name   Global.Symbol   Location External Infomation
---- ----------- --------------- -------- ---------------------
0001 cstart
     SECTION=.text
                 _start
                                 00000121
                 _exit
                                 00000179 0001(0000017a:.text)
     SECTION=.textf
     SECTION=.const
     SECTION=.constf
     SECTION=.data
     SECTION=.sdata
     SECTION=.bss
     SECTION=.sbss
     SECTION=.dataR
     SECTION=.sdataR
     SECTION=.RLIB
     SECTION=.SLIB
     SECTION=.dataR
     SECTION=.sdataR
0002 stkinit
     SECTION=.textf
                 _stkinit
                                 0000043b 0001(00000129:.text)
0003 EEPROM
     SECTION=.textf
                 _EEPROM_Init
                                 0000047f 0022(0000171b:.textf)
                 _rEE_Status
                                 000004aa 0003(00000561:.textf)
                 _sEE_WriteEnable
                                 000004c5 0003(0000052f:.textf)
                                          0003(000005ef:.textf)
                 _sEE_WriteDisable
                                 000004d7
                 _EE_SPI_Write
                                 000004e9
                 _EE_SPI_Read
                                 00000543
                 _sEE_Block
                                 0000059b
                 _sEE_SendInstruction
                                 000005ac
                 _sEE_SendReceiveInstruction
                                 000005af
                 _EE_TransmitData
                                 000005b3 0003(000004bc:.textf)
                                          0003(000004d3:.textf)
                                          0003(000004e5:.textf)
                                          0003(0000053e:.textf)
                                          0003(00000576:.textf)
                                          0003(000005ae:.textf)
                                          0003(000005b2:.textf)
                                          0003(000005f6:.textf)
                 _sEE_WriteStatusRegister
                                 000005df 0003(000004a8:.textf)
                                          0003(000005ab:.textf)
     SECTION=.bss
                 _eeprom_status
                                 000f4700 0003(0000049e:.textf)
                                          0003(000004a3:.textf)
                                          0003(000004c1:.textf)
                                          0003(00000509:.textf)
                                          0003(00000564:.textf)
                                          0003(000005a3:.textf)
                                          0003(000005a8:.textf)
                                          0003(000005e1:.textf)
                 _spi_flag
                                 000f4702 0003(00000492:.textf)
                                          0003(000005b4:.textf)
                                          0003(000005d2:.textf)
     SECTION=.const
0004 interupt_handle
     SECTION=.textf
                 _adc_int_handle
                                 000005fa 0007(00000186:.text)
     SECTION=.bss
                 _g_adc_value
                                 000f4704 0004(00000603:.textf)
                                          0004(0000060a:.textf)
                                          0004(0000062e:.textf)
                                          0004(00000635:.textf)
                                          0005(0000082f:.textf)
                                          0005(00000be7:.textf)
                                          0005(00000c7b:.textf)
                                          0005(00000cfe:.textf)
                                          0005(00000dad:.textf)
0005 main
     SECTION=.textf
                 _setting_default
                                 0000065a 0022(0000171f:.textf)
                 _sendToRasPi
                                 000006d6 0005(00000804:.textf)
                                          0005(0000089f:.textf)
                                          0005(00000916:.textf)
                                          0005(0000098c:.textf)
                                          0005(00000a0f:.textf)
                                          0005(00000a7e:.textf)
                                          0005(00000ae4:.textf)
                                          0005(00000b13:.textf)
                                          0005(00000b8c:.textf)
                 _InitialOperationModeStart
                                 00000709 0005(00000b90:.textf)
                 _FlowSensorCheck
                                 00000767 0005(00000821:.textf)
                 _WaterSupplyOperation
                                 00000809 0005(00000b93:.textf)
                 _Voltage1Check
                                 0000082c 0005(00000af8:.textf)
                 _Voltage2Check
                                 000008a4 0005(00000afb:.textf)
                 _Voltage3Check
                                 0000091d 0005(00000afe:.textf)
                 _LowVoltageCheck
                                 00000996 0005(00000b01:.textf)
                 _LowCurrentCheck
                                 00000a19 0005(00000b04:.textf)
                 _ElectrolyticOperation
                                 00000aee 0005(00000b96:.textf)
                 _solenoidCheck
                                 00000b19
                 _main_20211111
                                 00000b8f
                 _waitReset
                                 00000bbd 0005(00000c61:.textf)
                                          0005(00000dd9:.textf)
                 _electrolyticOperationON
                                 00000bcb 0005(00000999:.textf)
                 _electrolyticOperationOFF
                                 00000bd5 0005(00000893:.textf)
                                          0005(00000991:.textf)
                                          0005(00000a14:.textf)
                                          0005(00000ae9:.textf)
                                          0005(00000b16:.textf)
                                          0005(00000bab:.textf)
                                          0005(00000c5c:.textf)
                                          0005(00000cf6:.textf)
                                          0005(00000dd4:.textf)
                 _overVoltage1Error
                                 00000bdf
                 _overVoltage2Error
                                 00000be0
                 _overVoltage3Error
                                 00000be1
                 _lowVoltageError
                                 00000c66
                 _currentError
                                 00000cfb
                 _solenoidValueError
                                 00000ddb
                 _callAlarm
                                 00000ddc
                 _measureFlowSensor
                                 00000de0 0005(00000774:.textf)
     SECTION=.bss
                 _g_numberSetting
                                 000f4708 0005(0000065e:.textf)
                                          0005(00000664:.textf)
                                          0005(00000667:.textf)
                                          0005(0000066d:.textf)
                                          0005(00000673:.textf)
                                          0005(00000676:.textf)
                                          0005(0000067c:.textf)
                                          0005(00000681:.textf)
                                          0005(00000685:.textf)
                                          0005(00000688:.textf)
                                          0005(000006a0:.textf)
                                          0005(000006a6:.textf)
                                          0005(000006ac:.textf)
                                          0005(000006b2:.textf)
                                          0005(00000782:.textf)
                                          0005(00000788:.textf)
                                          0005(000007bb:.textf)
                                          0005(000007c1:.textf)
                                          0005(00000854:.textf)
                                          0005(0000085a:.textf)
                                          0005(000008b5:.textf)
                                          0005(000008bb:.textf)
                                          0005(0000092e:.textf)
                                          0005(00000934:.textf)
                                          0005(000009ae:.textf)
                                          0005(000009b4:.textf)
                                          0005(00000a1c:.textf)
                                          0005(00000a20:.textf)
                                          0005(00000a36:.textf)
                                          0005(00000a3c:.textf)
                                          0005(00000a81:.textf)
                                          0005(00000a87:.textf)
                                          0005(00000d23:.textf)
                                          0005(00000d27:.textf)
                                          0005(00000d37:.textf)
                                          0005(00000d3a:.textf)
                                          0005(00000d53:.textf)
                                          0005(00000d57:.textf)
                                          0005(00000d67:.textf)
                                          0005(00000d6d:.textf)
                 _g_cvcc_current
                                 000f4728 0004(0000064d:.textf)
                                          0004(00000651:.textf)
                                          0005(00000a24:.textf)
                                          0005(00000a2a:.textf)
                                          0005(00000a8d:.textf)
                                          0005(00000a93:.textf)
                                          0005(00000d1b:.textf)
                                          0005(00000d20:.textf)
                                          0005(00000dc3:.textf)
                                          0005(00000dc9:.textf)
                 _g_cvcc_voltge
                                 000f472c 0004(00000622:.textf)
                                          0004(00000626:.textf)
                                          0005(0000084c:.textf)
                                          0005(00000851:.textf)
                                          0005(000008c1:.textf)
                                          0005(000008c7:.textf)
                                          0005(0000093a:.textf)
                                          0005(00000940:.textf)
                                          0005(000009ba:.textf)
                                          0005(000009c0:.textf)
                                          0005(00000bfd:.textf)
                                          0005(00000c03:.textf)
                                          0005(00000c91:.textf)
                                          0005(00000c97:.textf)
                 _g_alarm
                                 000f4730 0005(0000088f:.textf)
                                          0005(00000d4f:.textf)
                 _g_flow_value
                                 000f4732 0005(00000779:.textf)
                                          0005(0000077f:.textf)
                                          0005(00000b33:.textf)
                                          0005(00000b36:.textf)
     SECTION=.dataR
                 _g_timerSetting
                                 000f47f2 0005(0000068b:.textf)
                                          0005(0000068e:.textf)
                                          0005(00000691:.textf)
                                          0005(00000694:.textf)
                                          0005(00000697:.textf)
                                          0005(0000069a:.textf)
                                          0005(000006b8:.textf)
                                          0005(000006be:.textf)
                                          0005(000006c4:.textf)
                                          0005(000006c7:.textf)
                                          0005(000006cd:.textf)
                                          0005(000006d3:.textf)
                                          0005(000008ab:.textf)
                                          0005(000008b2:.textf)
                                          0005(00000924:.textf)
                                          0005(0000092b:.textf)
                                          0005(00000b1c:.textf)
                                          0005(00000b28:.textf)
                                          0005(00000b62:.textf)
                                          0005(00000b6e:.textf)
                                          0022(000017a9:.textf)
                 _g_neutralization_time
                                 000f4816 0005(0000099c:.textf)
                                          0005(000009a1:.textf)
                 _g_electrolytic_flag
                                 000f481a 0005(00000bd2:.textf)
                                          0005(00000bdc:.textf)
     SECTION=.data
0006 r_cg_adc
     SECTION=.textf
                 _R_ADC_Create
                                 00000e91 0022(00001802:.textf)
                                          0023(00001828:.textf)
                 _R_ADC_Start
                                 00000ec4 0004(00000657:.textf)
                                          0022(0000180a:.textf)
                 _R_ADC_Stop
                                 00000ece
                 _R_ADC_Set_OperationOn
                                 00000ed8 0022(00001806:.textf)
                 _R_ADC_Set_OperationOff
                                 00000edc
                 _R_ADC_Get_Result
                                 00000ee0 0004(00000606:.textf)
                                          0004(00000631:.textf)
                 _R_ADC_Set_ADChannel
                                 00000ee7
0007 r_cg_adc_user
     SECTION=.text
0008 r_cg_cgc
     SECTION=.textf
                 _R_CGC_Create
                                 00000ef3 0023(00001818:.textf)
0009 r_cg_cgc_user
     SECTION=.textf
                 _R_CGC_Get_ResetSource
                                 00000f09 0023(00001814:.textf)
0010 r_cg_dac
     SECTION=.textf
                 _R_DAC_Create
                                 00000f0c 0023(00001838:.textf)
                 _R_DAC0_Start
                                 00000f29
                 _R_DAC0_Stop
                                 00000f2d
                 _R_DAC0_Set_ConversionValue
                                 00000f31
                 _R_DAC1_Start
                                 00000f34
                 _R_DAC1_Stop
                                 00000f38
                 _R_DAC1_Set_ConversionValue
                                 00000f3c
0011 r_cg_dac_user
0012 r_cg_port
     SECTION=.textf
                 _R_PORT_Create
                                 00000f3f 0023(0000181c:.textf)
0013 r_cg_port_user
     SECTION=.textf
                 _R_PORT_Create_UserInit
                                 00000f87 0022(000017e2:.textf)
0014 r_cg_rtc
     SECTION=.textf
                 _R_RTC_Create
                                 00000f88 0022(000017de:.textf)
                                          0023(00001834:.textf)
                 _R_RTC_Start
                                 00000faf 0022(0000173f:.textf)
                 _R_RTC_Stop
                                 00000fb3
                 _R_RTC_Get_CounterValue
                                 00000fb7
                 _R_RTC_Set_CounterValue
                                 00001008 0022(00001739:.textf)
0015 r_cg_rtc_user
     SECTION=.bss
                 _g_rtc
                                 000f4736 0022(00001723:.textf)
                                          0022(00001727:.textf)
                                          0022(00001732:.textf)
0016 r_cg_serial
     SECTION=.textf
                 _R_CSI01_Receive
                                 000010c6
                 _R_CSI01_Send
                                 000010e0
                 _R_SAU0_Create
                                 00001106 0022(000017ca:.textf)
                                          0023(00001820:.textf)
                 _R_UART1_Create
                                 0000111d 0016(00001115:.textf)
                                          0022(000017d2:.textf)
                 _R_UART1_Start
                                 0000119b 0022(000017f6:.textf)
                 _R_UART1_Stop
                                 000011c1
                 _R_UART1_Receive
                                 000011df
                 _R_UART1_Send
                                 000011f7
                 _R_CSI00_Create
                                 00001220 0016(00001118:.textf)
                                          0022(000017ea:.textf)
                 _R_CSI00_Start
                                 00001273 0022(000017fe:.textf)
                 _R_CSI00_Stop
                                 00001299
                 _R_CSI00_Send
                                 000012b1
                 _R_CSI01_Create
                                 000012d9 0003(00000482:.textf)
                                          0016(0000111b:.textf)
                                          0022(000017e6:.textf)
                 _R_CSI01_Start
                                 00001333 0003(000005bf:.textf)
                 _R_CSI01_Stop
                                 00001359 0017(000015c2:.textf)
                 _R_CSI01_Send_Receive
                                 00001371 0003(000005ce:.textf)
                 _R_SAU1_Create
                                 000013a7 0022(000017ce:.textf)
                                          0023(00001824:.textf)
                 _R_UART2_Create
                                 000013bb 0016(000013b6:.textf)
                                          0022(000017d6:.textf)
                 _R_UART2_Start
                                 00001439 0022(0000176b:.textf)
                                          0022(000017fa:.textf)
                 _R_UART2_Stop
                                 0000145f 0022(0000175f:.textf)
                 _R_UART2_Receive
                                 0000147d 0017(000015d1:.textf)
                                          0022(00001749:.textf)
                 _R_UART2_Send
                                 00001495 0005(000006fc:.textf)
                                          0022(000017ac:.textf)
                 _R_UART3_Create
                                 000014be 0016(000013b9:.textf)
                                          0022(000017da:.textf)
                 _R_UART3_Start
                                 00001534 0022(000017f2:.textf)
                 _R_UART3_Stop
                                 0000155a
                 _R_UART3_Receive
                                 00001578
                 _R_UART3_Send
                                 00001590
     SECTION=.bss
                 _gp_uart1_tx_address
                                 000f473e 0016(00001206:.textf)
                                          0016(0000120f:.textf)
                                          0016(00001217:.textf)
                                          0017(00000216:.text)
                                          0017(0000021e:.text)
                 _g_uart1_tx_count
                                 000f4740 0016(0000120a:.textf)
                                          0016(0000121a:.textf)
                                          0017(000001ff:.text)
                                          0017(00000221:.text)
                 _gp_uart1_rx_address
                                 000f4742 0016(000011f3:.textf)
                                          0017(000001ca:.text)
                                          0017(000001ce:.text)
                 _g_uart1_rx_count
                                 000f4744 0016(000011eb:.textf)
                                          0017(000001c2:.text)
                                          0017(000001d1:.text)
                                          0017(000001d7:.text)
                 _g_uart1_rx_length
                                 000f4746 0016(000011ef:.textf)
                                          0017(000001bf:.text)
                                          0017(000001d4:.text)
                 _gp_csi00_rx_address
                                 000f4748
                 _g_csi00_rx_length
                                 000f474a
                 _g_csi00_rx_count
                                 000f474c
                 _gp_csi00_tx_address
                                 000f474e 0016(000010f7:.textf)
                                          0016(000012c3:.textf)
                                          0016(000012c8:.textf)
                                          0016(000012d0:.textf)
                                          0017(0000025f:.text)
                                          0017(00000267:.text)
                 _g_csi00_send_length
                                 000f4750
                 _g_csi00_tx_count
                                 000f4752 0016(000012bf:.textf)
                                          0016(000012d3:.textf)
                                          0017(00000252:.text)
                                          0017(0000026a:.text)
                 _gp_csi01_rx_address
                                 000f4754 0016(000010d9:.textf)
                                          0016(00001385:.textf)
                                          0017(000002a3:.text)
                                          0017(000002bd:.text)
                                          0017(000002cd:.text)
                 _g_csi01_rx_length
                                 000f4756 0016(000010d1:.textf)
                 _g_csi01_rx_count
                                 000f4758 0016(000010d5:.textf)
                 _gp_csi01_tx_address
                                 000f475a 0016(000010f2:.textf)
                                          0016(000010fd:.textf)
                                          0016(00001381:.textf)
                                          0016(0000138b:.textf)
                                          0016(0000139d:.textf)
                                          0017(000002d0:.text)
                                          0017(000002e1:.text)
                 _g_csi01_send_length
                                 000f475c
                 _g_csi01_tx_count
                                 000f475e 0016(000010ee:.textf)
                                          0016(00001100:.textf)
                                          0016(0000137d:.textf)
                                          0016(000013a0:.textf)
                                          0017(00000296:.text)
                                          0017(0000029d:.text)
                                          0017(000002e4:.text)
                 _gp_uart2_tx_address
                                 000f4760 0016(000014a4:.textf)
                                          0016(000014ad:.textf)
                                          0016(000014b5:.textf)
                                          0017(00000374:.text)
                                          0017(0000037c:.text)
                 _g_uart2_tx_count
                                 000f4762 0016(000014a8:.textf)
                                          0016(000014b8:.textf)
                                          0017(0000035d:.text)
                                          0017(0000037f:.text)
                 _gp_uart2_rx_address
                                 000f4764 0016(00001491:.textf)
                                          0017(00000328:.text)
                                          0017(0000032c:.text)
                 _g_uart2_rx_count
                                 000f4766 0016(00001489:.textf)
                                          0017(00000320:.text)
                                          0017(0000032f:.text)
                                          0017(00000335:.text)
                 _g_uart2_rx_length
                                 000f4768 0016(0000148d:.textf)
                                          0017(0000031d:.text)
                                          0017(00000332:.text)
                 _gp_uart3_tx_address
                                 000f476a 0016(0000159f:.textf)
                                          0016(000015a8:.textf)
                                          0016(000015b0:.textf)
                                          0017(00000404:.text)
                                          0017(0000040c:.text)
                 _g_uart3_tx_count
                                 000f476c 0016(000015a3:.textf)
                                          0016(000015b3:.textf)
                                          0017(000003ed:.text)
                                          0017(0000040f:.text)
                 _gp_uart3_rx_address
                                 000f476e 0016(0000158c:.textf)
                                          0017(000003b8:.text)
                                          0017(000003bc:.text)
                 _g_uart3_rx_count
                                 000f4770 0016(00001584:.textf)
                                          0017(000003b0:.text)
                                          0017(000003bf:.text)
                                          0017(000003c5:.text)
                 _g_uart3_rx_length
                                 000f4772 0016(00001588:.textf)
                                          0017(000003ad:.text)
                                          0017(000003c2:.text)
0017 r_cg_serial_user
     SECTION=.bss
                 _g_csi_count
                                 000f4774
                 _g_csi_err
                                 000f4775
                 _g_csi_send_end
                                 000f4776 0017(000015c7:.textf)
                 _g_csi_rev_end
                                 000f4777 0003(000004ac:.textf)
                                          0017(000015bf:.textf)
                                          0022(00001718:.textf)
                 _g_uart1_end
                                 000f4778
                 _g_uart2_send
                                 000f4779 0005(000006e7:.textf)
                                          0005(00000702:.textf)
                                          0017(000015e8:.textf)
                                          0022(000017a2:.textf)
                                          0022(000017b2:.textf)
                 _g_uart2_receive
                                 000f477a 0017(000015e3:.textf)
                 _g_rx_data
                                 000f477b 0017(000015ce:.textf)
                                          0017(000015d5:.textf)
                                          0022(00001746:.textf)
                 _g_uart2_fault
                                 000f479b 0017(000015db:.textf)
                                          0017(000015e0:.textf)
                                          0022(00001759:.textf)
                                          0022(0000176f:.textf)
     SECTION=.text
     SECTION=.textf
0018 r_cg_timer
     SECTION=.textf
                 _R_TAU0_Create
                                 000015f0 0022(000017c6:.textf)
                                          0023(0000182c:.textf)
                 _R_TAU0_Channel0_Start
                                 0000169d 0022(000017ee:.textf)
                 _R_TAU0_Channel0_Stop
                                 000016ad
                 _R_TAU0_Channel1_Start
                                 000016bd
                 _R_TAU0_Channel1_Stop
                                 000016cd
                 _R_TAU0_Channel2_Start
                                 000016dd
                 _R_TAU0_Channel2_Stop
                                 000016ed
0019 r_cg_timer_user
     SECTION=.bss
                 _timer0_ch0_flag
                                 000f479c 0019(00000429:.text)
                 _timer0_ch1_flag
                                 000f479d 0019(00000430:.text)
                 _timer0_ch2_flag
                                 000f479e 0019(00000435:.text)
                 _g_systemTime
                                 000f47a0 0005(00000de5:.textf)
                                          0005(00000dea:.textf)
                                          0019(00000417:.text)
                                          0019(0000041f:.text)
                                          0019(00000422:.text)
                                          0019(00000426:.text)
                                          0024(0000184a:.textf)
                                          0024(0000184f:.textf)
                                          0024(0000187e:.textf)
                                          0024(00001885:.textf)
                                          0024(0000188c:.textf)
                                          0024(00001894:.textf)
                                          0024(000018c0:.textf)
                                          0024(000018c5:.textf)
                                          0024(000018e1:.textf)
                                          0024(000018e7:.textf)
                                          0024(000018fa:.textf)
                                          0024(000018ff:.textf)
                                          0024(00001928:.textf)
                                          0024(0000192e:.textf)
     SECTION=.text
0020 r_cg_wdt
     SECTION=.textf
                 _R_WDT_Create
                                 000016fd 0023(00001830:.textf)
                 _R_WDT_Restart
                                 0000170e 0005(0000074e:.textf)
                                          0005(00000bc5:.textf)
                                          0005(00000e50:.textf)
                                          0022(000017b7:.textf)
                                          0022(000017bd:.textf)
                                          0024(000018b8:.textf)
0021 r_cg_wdt_user
     SECTION=.text
0022 r_main
     SECTION=.textf
                 _main
                                 00001712 0001(00000175:.text)
                 _R_MAIN_UserInit
                                 000017c2 0022(00001714:.textf)
     SECTION=.bss
                 __stamp
                                 000f47a4 0022(00001752:.textf)
                                          0022(00001782:.textf)
                 _g_e_status
                                 000f47b0
                 _flow_p
                                 000f47b1 0022(0000177a:.textf)
                 _salt_h_p
                                 000f47b2
                 _g_eeprom_wren
                                 000f47b3
                 _receive_data
                                 000f47b4
                 _receive_setting
                                 000f47b6
                 _set
                                 000f47d6
                 _rx_data
                                 000f47d8
                 _data_f
                                 000f47e4
                 _data_f_test
                                 000f47e8
                 _g_control_buffer
                                 000f47ec 0005(000006e0:.textf)
                                          0005(000006e4:.textf)
                                          0005(000006ee:.textf)
                                          0005(000006f3:.textf)
                                          0005(000006f9:.textf)
     SECTION=.dataR
                 _g_error
                                 000f481c 0005(00000bbe:.textf)
                                          0005(00000c59:.textf)
                                          0005(00000cf1:.textf)
                                          0005(00000dd1:.textf)
                                          0005(00000ddd:.textf)
                 _g_adc_ch
                                 000f481e
                 _led_st
                                 000f4820 0022(0000178d:.textf)
                                          0022(0000179f:.textf)
                 _e_send
                                 000f4821
                 _e_data
                                 000f482d
                 _send_data
                                 000f4839
     SECTION=.data
0023 r_systeminit
     SECTION=.textf
                 _R_Systeminit
                                 0000180d 0023(00001843:.textf)
                 _hdwinit
                                 0000183f 0001(0000012d:.text)
0024 usr_timer
     SECTION=.textf
                 _delay_ms
                                 00001844 0005(0000081a:.textf)
                                          0005(000008fc:.textf)
                                          0005(00000975:.textf)
                                          0005(000009f8:.textf)
                                          0005(00000acb:.textf)
                                          0005(00000b5e:.textf)
                                          0005(00000c48:.textf)
                                          0005(00000ce0:.textf)
                                          0005(00000da9:.textf)
                                          0022(00001767:.textf)
                                          0024(000018b5:.textf)
                 _delay
                                 000018ac 0005(0000076c:.textf)
                                          0005(0000080f:.textf)
                                          0005(00000829:.textf)
                                          0005(00000bb6:.textf)
                                          0005(00000c74:.textf)
                 _ns_delay_ms
                                 000018bb 0005(00000e18:.textf)
                                          0022(00001755:.textf)
                                          0022(00001785:.textf)
                 _non_block_delay
                                 000018f0
                 _mTask
                                 000018f2
0025 memcpy
     SECTION=.RLIB
                 _memcpy
                                 00001936 0022(00001735:.textf)
0026 memset
     SECTION=.RLIB
                 _memset
                                 00001947 0003(000004fa:.textf)
                                          0003(00000552:.textf)
0027 _COM_faddsub
     SECTION=.RLIB
                 __COM_fsub
                                 000019b1
                 __COM_fadd
                                 000019b9 0005(00000e3d:.textf)
0028 _COM_fdiv
     SECTION=.RLIB
                 __COM_fdiv
                                 00001aef 0005(00000e8b:.textf)
0029 _COM_fge
     SECTION=.RLIB
                 __COM_fge
                                 00001bbe 0005(000007e2:.textf)
                                          0005(00000a2f:.textf)
                                          0005(00000c26:.textf)
                                          0005(00000cbe:.textf)
                                          0005(00000d8e:.textf)
0030 _COM_fgt
     SECTION=.RLIB
                 __COM_fgt
                                 00001bd4 0005(000009d8:.textf)
                                          0005(00000a5d:.textf)
                                          0005(00000d30:.textf)
                                          0005(00000d60:.textf)
0031 _COM_fle
     SECTION=.RLIB
                 __COM_fle
                                 00001bea 0005(000007a6:.textf)
                                          0005(00000b46:.textf)
0032 _COM_flt
     SECTION=.RLIB
                 __COM_flt
                                 00001c00 0005(00000878:.textf)
                                          0005(000008e3:.textf)
                                          0005(0000095c:.textf)
                                          0005(00000aab:.textf)
                                          0005(00000d46:.textf)
0033 _COM_fmul
     SECTION=.RLIB
                 __COM_fmul
                                 00001c61 0004(0000061a:.textf)
                                          0004(00000645:.textf)
                                          0005(0000083f:.textf)
                                          0005(00000bf7:.textf)
                                          0005(00000c8b:.textf)
                                          0005(00000d0e:.textf)
                                          0005(00000dbd:.textf)
                                          0005(00000e62:.textf)
                                          0005(00000e70:.textf)
0034 _COM_ftoul
     SECTION=.RLIB
                 __COM_ftoul
                                 00001d03 0005(000006dc:.textf)
0035 _COM_funordered
     SECTION=.RLIB
                 __COM_funordered
                                 00001d0f 0005(00000793:.textf)
                                          0005(000007cf:.textf)
                                          0005(00000865:.textf)
                                          0005(000008d0:.textf)
                                          0005(00000949:.textf)
                                          0005(000009c5:.textf)
                                          0005(00000a4a:.textf)
                                          0005(00000a98:.textf)
                                          0005(00000c13:.textf)
                                          0005(00000ca9:.textf)
                                          0005(00000d7b:.textf)
0036 _COM_ultof
     SECTION=.RLIB
                 __COM_ultof
                                 00001d1a 0004(0000060e:.textf)
                                          0004(00000639:.textf)
                                          0005(00000833:.textf)
                                          0005(00000beb:.textf)
                                          0005(00000c7f:.textf)
                                          0005(00000d02:.textf)
                                          0005(00000db1:.textf)
                                          0005(00000e80:.textf)
0037 _REL_fcmp
     SECTION=.RLIB
                 __REL_fcmp
                                 00001d20 0029(00001bc8:.RLIB)
                                          0030(00001bde:.RLIB)
                                          0031(00001bf4:.RLIB)
                                          0032(00001c0a:.RLIB)
0038 _REL_fordered_core
     SECTION=.RLIB
                 __REL_fordered_core
                                 00001d58 0029(00001bc1:.RLIB)
                                          0030(00001bd7:.RLIB)
                                          0031(00001bed:.RLIB)
                                          0032(00001c03:.RLIB)
                                          0035(00001d12:.RLIB)
0039 _REL_ftol
     SECTION=.RLIB
                 __REL_ftol
                                 00001d74 0034(00001d09:.RLIB)
0040 _REL_f_inf
     SECTION=.RLIB
                 __REL_f_inf
                                 00001da9 0027(00001a48:.RLIB)
                                          0028(00001ad9:.RLIB)
                                          0028(00001b79:.RLIB)
                                          0033(00001c33:.RLIB)
                                          0033(00001cd6:.RLIB)
0041 _REL_f_norm
     SECTION=.RLIB
                 __REL_f_norm
                                 00001db1 0028(00001aba:.RLIB)
                                          0028(00001ae5:.RLIB)
                                          0033(00001c54:.RLIB)
0042 _REL_f_round
     SECTION=.RLIB
                 __REL_f_round
                                 00001dc1 0027(00001a55:.RLIB)
                                          0027(00001a8d:.RLIB)
                                          0028(00001bbb:.RLIB)
                                          0033(00001ce3:.RLIB)
0043 _REL_ltof
     SECTION=.RLIB
                 __REL_ltof
                                 00001dd4 0036(00001d1d:.RLIB)
0044 _COM_lshr
     SECTION=.RLIB
                 __COM_lshr
                                 00001e28 0039(00001da0:.RLIB)
0045 rlink_generates_01
     SECTION=.option_byte
0046 rlink_generates_02
     SECTION=.monitor1
     SECTION=.monitor2
0047 rlink_generates_03
     SECTION=.security_id
0048 rlink_generates_04
     SECTION=.vect
0049 rlink_generates_05
     SECTION=
                 __s.vect
                                 00000000
                 __s.constf
                                 00000080
                 __e.constf
                                 00000080
                 __s.sdata
                                 00000080
                 __e.sdata
                                 00000080
                 __e.vect
                                 00000080
                 __s.option_byte
                                 000000c0
                 __s.SLIB
                                 000000c4
                 __e.SLIB
                                 000000c4
                 __e.option_byte
                                 000000c4
                 __s.security_id
                                 000000c4
                 __s.monitor1
                                 000000ce
                 __e.security_id
                                 000000ce
                 __s.data
                                 000000d8
                 __e.monitor1
                                 000000d8
                 __s.text
                                 00000121
                 __e.data
                                 00000121
                 __e.text
                                 0000043b
                 __s.textf
                                 0000043b
                 __e.textf
                                 00001936
                 __s.RLIB
                                 00001936
                 __e.RLIB
                                 00001e3f
                 __s.const
                                 00003000
                 __e.const
                                 00003002
                 __s.monitor2
                                 0007fe00
                 __e.monitor2
                                 00080000
                 __RAM_ADDR_START
                                 000f3f00
                 __s.bss
                                 000f4700
                 __e.bss
                                 000f47f2
                 __s.dataR
                                 000f47f2
                 __e.dataR
                                 000f483b
                 __STACK_ADDR_END
                                 000f483c 0001(00000126:.text)
                 __s.sbss
                                 000ffe20
                 __e.sbss
                                 000ffe20
                 __s.sdataR
                                 000ffe20
                 __e.sdataR
                                 000ffe20
                 __STACK_ADDR_START
                                 000ffe20 0001(00000123:.text)
                 __RAM_ADDR_END
                                 000ffee0
