Renesas Optimizing Linker (W3.03.00 )             29-Dec-2021 18:11:56

*** Options ***

-subcommand=LinkerControlPCB_HWM.tmp
-MAKEUD=D:\Chieniwa\E2_Studio\ControlPCB_HWM\HardwareDebug/ControlPCB_HWM_l.ud
-device="D:/Chieniwa/E2_Studio/.eclipse/com.renesas.platform_1435879475/DebugComp/RL78/RL78/Common/DR5F104ML.DVF"
-list="ControlPCB_HWM.map"
-show=all
-nooptimize
-entry=_start
-auto_section_layout
-security_id=00000000000000000000
-debug_monitor=7FE00-7FFFF
-user_opt_byte=FFFFF8
-ocdbg=84
-ocdtr
-input=".\generate\cstart.obj"
-input=".\generate\stkinit.obj"
-input=".\src\EEPROM.obj"
-input=".\src\crc32.obj"
-input=".\src\crc8.obj"
-input=".\src\interrupt_handle.obj"
-input=".\src\main.obj"
-input=".\src\r_cg_adc.obj"
-input=".\src\r_cg_adc_user.obj"
-input=".\src\r_cg_cgc.obj"
-input=".\src\r_cg_cgc_user.obj"
-input=".\src\r_cg_dac.obj"
-input=".\src\r_cg_dac_user.obj"
-input=".\src\r_cg_port.obj"
-input=".\src\r_cg_port_user.obj"
-input=".\src\r_cg_rtc.obj"
-input=".\src\r_cg_rtc_user.obj"
-input=".\src\r_cg_serial.obj"
-input=".\src\r_cg_serial_user.obj"
-input=".\src\r_cg_timer.obj"
-input=".\src\r_cg_timer_user.obj"
-input=".\src\r_cg_wdt.obj"
-input=".\src\r_cg_wdt_user.obj"
-input=".\src\r_main.obj"
-input=".\src\r_systeminit.obj"
-input=".\src\usr_timer.obj"
-library="C:\Program Files (x86)\Renesas Electronics\CS+\CC\CC-RL\V1.10.00\lib\rl78em4s99.lib"
-library="C:\Program Files (x86)\Renesas Electronics\CS+\CC\CC-RL\V1.10.00\lib\rl78em4r.lib"
-library="C:\Program Files (x86)\Renesas Electronics\CS+\CC\CC-RL\V1.10.00\lib\malloc_n.lib"
-output="ControlPCB_HWM.abs"
-debug
-nocompress
-rom=.data=.dataR,.sdata=.sdataR
-nomessage
-nologo

*** Error information ***

*** Mapping List ***

SECTION                            START      END         SIZE   ALIGN
.vect
                                  00000000  0000007f        80   0
.constf
                                  00000080  00000080         0   2
.sdata
                                  00000080  00000080         0   2
.option_byte
                                  000000c0  000000c3         4   1
.security_id
                                  000000c4  000000cd         a   1
.SLIB
                                  000000c4  000000c4         0   1
.monitor1
                                  000000ce  000000d7         a   1
.data
                                  000000d8  00000189        b2   2
.text
                                  0000018a  000004a3       31a   1
.textf
                                  000004a4  00002f1b      2a78   1
.const
                                  00003000  0000350f       510   2
.RLIB
                                  00003510  000039a8       499   1
.monitor2
                                  0007fe00  0007ffff       200   1
.bss
                                  000f4700  000f4ac4       3c5   2
.dataR
                                  000f4ac6  000f4b77        b2   2
.sbss
                                  000ffe20  000ffe20         0   2
.sdataR
                                  000ffe20  000ffe20         0   2

*** Total Section Size ***

RAMDATA SECTION:  00000477 Byte(s)
ROMDATA SECTION:  0000085a Byte(s)
PROGRAM SECTION:  0000322b Byte(s)

*** Symbol List ***

SECTION=
FILE=                               START        END    SIZE
  SYMBOL                            ADDR        SIZE    INFO      COUNTS  OPT
    STRUCT                                      SIZE
      MEMBER                        ADDR        SIZE    INFO

SECTION=.vect
FILE=rlink_generates_04
                                  00000000  0000007f        80

SECTION=.option_byte
FILE=rlink_generates_01
                                  000000c0  000000c3         4

SECTION=.security_id
FILE=rlink_generates_03
                                  000000c4  000000cd         a

SECTION=.monitor1
FILE=rlink_generates_02
                                  000000ce  000000d7         a

SECTION=.data
FILE=.\src\main.obj
                                  000000d8  0000016e        97
FILE=.\src\r_main.obj
                                  00000170  00000189        1a

SECTION=.text
FILE=.\generate\cstart.obj
                                  0000018a  000001e3        5a
  _start
                                  0000018a         0   entry,g         0
  _exit
                                  000001e2         0   none ,g         1
FILE=.\src\r_cg_adc_user.obj
                                  000001e4  000001fd        1a
  _r_adc_interrupt@1
                                  000001e4        1a   func ,l         0
FILE=.\src\r_cg_serial_user.obj
                                  000001fe  0000047b       27e
  _r_uart1_interrupt_receive@1
                                  000001fe        5f   func ,l         0
  _r_uart1_interrupt_send@1
                                  0000025d        31   func ,l         0
  _r_csi00_interrupt@1
                                  0000028e        49   func ,l         0
  _r_csi01_interrupt@1
                                  000002d7        85   func ,l         0
  _r_uart2_interrupt_receive@1
                                  0000035c        5f   func ,l         0
  _r_uart2_interrupt_send@1
                                  000003bb        31   func ,l         0
  _r_uart3_interrupt_receive@1
                                  000003ec        5f   func ,l         0
  _r_uart3_interrupt_send@1
                                  0000044b        31   func ,l         0
FILE=.\src\r_cg_timer_user.obj
                                  0000047c  000004a1        26
  _r_tau0_channel0_interrupt@1
                                  0000047c        1c   func ,l         0
  _r_tau0_channel1_interrupt@1
                                  00000498         5   func ,l         0
  _r_tau0_channel2_interrupt@1
                                  0000049d         5   func ,l         0
FILE=.\src\r_cg_wdt_user.obj
                                  000004a2  000004a3         2
  _r_wdt_interrupt@1
                                  000004a2         2   func ,l         0

SECTION=.textf
FILE=.\generate\stkinit.obj
                                  000004a4  000004e7        44
  _stkinit
                                  000004a4         0   none ,g         1
  LSTINIT1
                                  000004b2         0   none ,l         1
  LSTINIT2
                                  000004dc         0   none ,l         2
  LSTINIT3
                                  000004e7         0   none ,l         2
FILE=.\src\EEPROM.obj
                                  000004e8  00000746       25f
  _EEPROM_Init
                                  000004e8        2b   func ,g         1
  _rEE_Status
                                  00000513        1b   func ,g         6
  _sEE_WriteEnable
                                  0000052e        12   func ,g         3
  _sEE_WriteDisable
                                  00000540        12   func ,g         0
  _EE_SPI_Write
                                  00000552        df   func ,g         2
  _EE_SPI_Read
                                  00000631        b7   func ,g         2
  _sEE_Block
                                  000006e8        11   func ,g         0
  _sEE_SendInstruction
                                  000006f9         3   func ,g         0
  _sEE_SendReceiveInstruction
                                  000006fc         4   func ,g         0
  _EE_TransmitData
                                  00000700        2c   func ,g         a
  _sEE_WriteStatusRegister
                                  0000072c        1b   func ,g         2
FILE=.\src\crc32.obj
                                  00000747  000007e5        9f
  _xcrc32
                                  00000747        4e   func ,g         0
  _CRC32
                                  00000795        51   func ,g         0
FILE=.\src\crc8.obj
                                  000007e6  00000845        60
  _crc8_4
                                  000007e6        43   func ,g         1
  _crc8_1
                                  00000829        1d   func ,g         6
FILE=.\src\interrupt_handle.obj
                                  00000846  000008c1        7c
  _adc_int_handle
                                  00000846        7c   func ,g         1
FILE=.\src\main.obj
                                  000008c2  00002057      1796
  _handSensorLED
                                  000008c2        30   func ,g         f
  _handSensorLEDBlink
                                  000008f2        1e   func ,g         2
  _setting_default
                                  00000910        a8   func ,g         0
  _isAcidTankFull
                                  000009b8        49   func ,g         3
  _isAcidTankAlmostFull
                                  00000a01        49   func ,g         0
  _isAcidTankHasSomething
                                  00000a4a        48   func ,g         1
  _isAcidTankEmpty
                                  00000a92        48   func ,g         3
  _isAlkalineTankFull
                                  00000ada        49   func ,g         3
  _isAlkalineTankAlmostFull
                                  00000b23        49   func ,g         0
  _isAlkalineTankHasSomething
                                  00000b6c        48   func ,g         1
  _isAlkalineTankEmpty
                                  00000bb4        48   func ,g         3
  _sendToRasPi_f
                                  00000bfc        28   func ,g        1a
  _sendToRasPi_u32
                                  00000c24        28   func ,g         1
  _sendRS485
                                  00000c4c        3f   func ,g         3
  _sendR485_7byte
                                  00000c8b        57   func ,g         2
  _isThisCommand
                                  00000ce2        3e   func ,g         2
  _RaspberryResponse_nostop
                                  00000d20       1e4   func ,g         2
  _InitialOperationModeStart
                                  00000f04        55   func ,g         1
  _WaterSupplyOperation_nostop
                                  00000f59       123   func ,g         1
  _stop_waitAlarmConfirm
                                  0000107c        3c   func ,g         5
  _nostop_waitAlarmConfirm
                                  000010b8         c   func ,g         0
  _resetAlarm
                                  000010c4         4   func ,g         0
  _Voltage1Check_waitReset
                                  000010c8        a3   func ,g         1
  _Voltage2Check_nostop
                                  0000116b        aa   func ,g         1
  _Voltage3Check_waitReset
                                  00001215        c8   func ,g         1
  _LowVoltageCheck_waitReset
                                  000012dd        e4   func ,g         1
  _OverCurrentCheck_waitReset
                                  000013c1       1aa   func ,g         1
  _ElectrolyticOperation_nostop
                                  0000156b        d5   func ,g         2
  _solenoidCheck
                                  00001640        76   func ,g         0
  _saltWaterTankFullCheck
                                  000016b6        27   func ,g         0
  _saltWaterTankEmptyCheck
                                  000016dd        10   func ,g         0
  _acidWaterTankSkipCheck
                                  000016ed        3b   func ,g         0
  _alkalineWaterTankSkipCheck
                                  00001728        3f   func ,g         0
  _FilterReplacementCheck
                                  00001767         2   func ,g         0
  _WaterWashingMode_nostop
                                  00001769        6b   func ,g         1
  _HandWashingMode_nostop
                                  000017d4       19f   func ,g         1
  _AcidWaterMode_nostop
                                  00001973        a8   func ,g         1
  _AlkalineWaterMode_nostop
                                  00001a1b        aa   func ,g         1
  _main_init_20211111
                                  00001ac5        70   func ,g         0
  _userAuthHandler_nostop
                                  00001b35        22   func ,g         1
  _ElectrolyzeWaterGeneration_nostop
                                  00001b57        7d   func ,g         1
  _isSV1andSV2Off8h
                                  00001bd4        4e   func ,g         1
  _CallanCleaningMode_nostop
                                  00001c22        6a   func ,g         1
  _errorCheck
                                  00001c8c         1   func ,g         0
  _main_loop_20211111
                                  00001c8d        5c   func ,g         1
  _electrolyticOperationON
                                  00001ce9        27   func ,g         1
  _electrolyticOperationOFF_nostop
                                  00001d10        45   func ,g         1
  _realTimeResponse
                                  00001d55        2b   func ,g         4
  _measureFlowSensor
                                  00001d80        ce   func ,g         1
  _measureFlowSensor_nostop
                                  00001e4e        e4   func ,g         2
  _UpdateMachineStatus
                                  00001f32       126   func ,g         6
FILE=.\src\r_cg_adc.obj
                                  00002058  000020b9        62
  _R_ADC_Create
                                  00002058        33   func ,g         2
  _R_ADC_Start
                                  0000208b         a   func ,g         2
  _R_ADC_Stop
                                  00002095         a   func ,g         0
  _R_ADC_Set_OperationOn
                                  0000209f         4   func ,g         1
  _R_ADC_Set_OperationOff
                                  000020a3         4   func ,g         0
  _R_ADC_Get_Result
                                  000020a7         7   func ,g         2
  _R_ADC_Set_ADChannel
                                  000020ae         c   func ,g         0
FILE=.\src\r_cg_cgc.obj
                                  000020ba  000020cf        16
  _R_CGC_Create
                                  000020ba        16   func ,g         1
FILE=.\src\r_cg_cgc_user.obj
                                  000020d0  000020d2         3
  _R_CGC_Get_ResetSource
                                  000020d0         3   func ,g         1
FILE=.\src\r_cg_dac.obj
                                  000020d3  00002105        33
  _R_DAC_Create
                                  000020d3        1d   func ,g         2
  _R_DAC0_Start
                                  000020f0         4   func ,g         1
  _R_DAC0_Stop
                                  000020f4         4   func ,g         0
  _R_DAC0_Set_ConversionValue
                                  000020f8         3   func ,g         2
  _R_DAC1_Start
                                  000020fb         4   func ,g         1
  _R_DAC1_Stop
                                  000020ff         4   func ,g         0
  _R_DAC1_Set_ConversionValue
                                  00002103         3   func ,g         2
FILE=.\src\r_cg_port.obj
                                  00002106  0000214d        48
  _R_PORT_Create
                                  00002106        48   func ,g         1
FILE=.\src\r_cg_port_user.obj
                                  0000214e  0000214e         1
  _R_PORT_Create_UserInit
                                  0000214e         1   func ,g         1
FILE=.\src\r_cg_rtc.obj
                                  0000214f  0000228c       13e
  _R_RTC_Create
                                  0000214f        27   func ,g         2
  _R_RTC_Start
                                  00002176         4   func ,g         0
  _R_RTC_Stop
                                  0000217a         4   func ,g         0
  _R_RTC_Get_CounterValue
                                  0000217e        51   func ,g         0
  _R_RTC_Set_CounterValue
                                  000021cf        be   func ,g         0
FILE=.\src\r_cg_serial.obj
                                  0000228d  0000277f       4f3
  _R_CSI01_Receive
                                  0000228d        1a   func ,g         0
  _R_CSI01_Send
                                  000022a7        26   func ,g         0
  _R_SAU0_Create
                                  000022cd        17   func ,g         2
  _R_UART1_Create
                                  000022e4        7e   func ,g         2
  _R_UART1_Start
                                  00002362        26   func ,g         1
  _R_UART1_Stop
                                  00002388        1e   func ,g         0
  _R_UART1_Receive
                                  000023a6        18   func ,g         0
  _R_UART1_Send
                                  000023be        29   func ,g         0
  _R_CSI00_Create
                                  000023e7        53   func ,g         2
  _R_CSI00_Start
                                  0000243a        26   func ,g         1
  _R_CSI00_Stop
                                  00002460        18   func ,g         0
  _R_CSI00_Send
                                  00002478        28   func ,g         0
  _R_CSI01_Create
                                  000024a0        5a   func ,g         3
  _R_CSI01_Start
                                  000024fa        26   func ,g         1
  _R_CSI01_Stop
                                  00002520        18   func ,g         1
  _R_CSI01_Send_Receive
                                  00002538        36   func ,g         1
  _R_SAU1_Create
                                  0000256e        14   func ,g         2
  _R_UART2_Create
                                  00002582        7e   func ,g         2
  _R_UART2_Start
                                  00002600        26   func ,g         2
  _R_UART2_Stop
                                  00002626        1e   func ,g         1
  _R_UART2_Receive
                                  00002644        18   func ,g         5
  _R_UART2_Send
                                  0000265c        29   func ,g         6
  _R_UART3_Create
                                  00002685        76   func ,g         2
  _R_UART3_Start
                                  000026fb        26   func ,g         2
  _R_UART3_Stop
                                  00002721        1e   func ,g         1
  _R_UART3_Receive
                                  0000273f        18   func ,g         3
  _R_UART3_Send
                                  00002757        29   func ,g         2
FILE=.\src\r_cg_serial_user.obj
                                  00002780  00002904       185
  _isCommand
                                  00002780        24   func ,g         1
  _r_uart1_callback_receiveend@1
                                  000027a4         1   func ,l         1
  _r_uart1_callback_softwareoverrun@1
                                  000027a5         1   func ,l         1
  _r_uart1_callback_sendend@1
                                  000027a6         1   func ,l         1
  _r_uart1_callback_error@1
                                  000027a7         1   func ,l         1
  _r_csi00_callback_sendend@1
                                  000027a8         1   func ,l         1
  _r_csi01_callback_receiveend@1
                                  000027a9         7   func ,l         1
  _r_csi01_callback_error@1
                                  000027b0         1   func ,l         1
  _r_csi01_callback_sendend@1
                                  000027b1         4   func ,l         1
  _r_uart2_callback_receiveend@1
                                  000027b5        f8   func ,l         1
  _r_uart2_callback_softwareoverrun@1
                                  000028ad         1   func ,l         1
  _r_uart2_callback_sendend@1
                                  000028ae         4   func ,l         1
  _r_uart2_callback_error@1
                                  000028b2         1   func ,l         1
  _r_uart3_callback_receiveend@1
                                  000028b3        49   func ,l         1
  _r_uart3_callback_softwareoverrun@1
                                  000028fc         1   func ,l         1
  _r_uart3_callback_sendend@1
                                  000028fd         7   func ,l         1
  _r_uart3_callback_error@1
                                  00002904         1   func ,l         1
FILE=.\src\r_cg_timer.obj
                                  00002905  00002a11       10d
  _R_TAU0_Create
                                  00002905        ad   func ,g         2
  _R_TAU0_Channel0_Start
                                  000029b2        10   func ,g         1
  _R_TAU0_Channel0_Stop
                                  000029c2        10   func ,g         0
  _R_TAU0_Channel1_Start
                                  000029d2        10   func ,g         0
  _R_TAU0_Channel1_Stop
                                  000029e2        10   func ,g         0
  _R_TAU0_Channel2_Start
                                  000029f2        10   func ,g         0
  _R_TAU0_Channel2_Stop
                                  00002a02        10   func ,g         0
FILE=.\src\r_cg_wdt.obj
                                  00002a12  00002a26        15
  _R_WDT_Create
                                  00002a12        11   func ,g         1
  _R_WDT_Restart
                                  00002a23         4   func ,g         a
FILE=.\src\r_main.obj
                                  00002a27  00002db2       38c
  _nostop_checkHandSensor
                                  00002a27        31   func ,g         0
  _readHS
                                  00002a58        15   func ,g         0
  _main
                                  00002a6d       2e5   func ,g         1
  _R_MAIN_UserInit
                                  00002d52        61   func ,g         1
FILE=.\src\r_systeminit.obj
                                  00002db3  00002de9        37
  _R_Systeminit
                                  00002db3        32   func ,g         1
  _hdwinit
                                  00002de5         5   func ,g         1
FILE=.\src\usr_timer.obj
                                  00002dea  00002f1b       132
  _delay_ms
                                  00002dea        68   func ,g         4
  _delay
                                  00002e52        18   func ,g         0
  _ns_delay_ms
                                  00002e6a        6c   func ,g        2e
  _non_block_delay
                                  00002ed6         2   func ,g         0
  _mTask
                                  00002ed8        44   func ,g         0

SECTION=.const
FILE=.\src\EEPROM.obj
                                  00003000  00003001         2
FILE=.\src\crc32.obj
                                  00003002  00003401       400
  _crc32_table
                                  00003002       400   data ,g         2
FILE=.\src\crc8.obj
                                  00003402  00003501       100
  _crc_table@1
                                  00003402       100   data ,l         2
FILE=.\src\main.obj
                                  00003502  00003505         4
  _time_setting_p
                                  00003502         2   data ,g         0
  _number_setting_p
                                  00003504         2   data ,g         0
FILE=.\src\r_main.obj
                                  00003506  0000350f         a

SECTION=.RLIB
FILE=memcpy
                                  00003510  00003520        11
  _memcpy
                                  00003510         0   none ,g         6
FILE=_COM_faddsub
                                  00003521  0000365b       13b
  __COM_fsub
                                  0000357d         0   none ,g         0
  __COM_fadd
                                  00003585         0   none ,g         2
FILE=_COM_fdiv
                                  0000365c  00003789       12e
  __COM_fdiv
                                  000036bb         0   none ,g         4
FILE=_COM_fge
                                  0000378a  0000379f        16
  __COM_fge
                                  0000378a         0   none ,g         3
FILE=_COM_fgt
                                  000037a0  000037b5        16
  __COM_fgt
                                  000037a0         0   none ,g         4
FILE=_COM_fle
                                  000037b6  000037cb        16
  __COM_fle
                                  000037b6         0   none ,g         2
FILE=_COM_flt
                                  000037cc  000037e1        16
  __COM_flt
                                  000037cc         0   none ,g         6
FILE=_COM_fmul
                                  000037e2  000038ce        ed
  __COM_fmul
                                  0000382d         0   none ,g         8
FILE=_COM_funordered
                                  000038cf  000038d9         b
  __COM_funordered
                                  000038cf         0   none ,g         9
FILE=_COM_ultof
                                  000038da  000038df         6
  __COM_ultof
                                  000038da         0   none ,g         4
FILE=_REL_fcmp
                                  000038e0  00003917        38
  __REL_fcmp
                                  000038e0         0   none ,g         4
FILE=_REL_fordered_core
                                  00003918  00003933        1c
  __REL_fordered_core
                                  00003918         0   none ,g         5
FILE=_REL_f_inf
                                  00003934  0000393b         8
  __REL_f_inf
                                  00003934         0   none ,g         5
FILE=_REL_f_norm
                                  0000393c  0000394b        10
  __REL_f_norm
                                  0000393c         0   none ,g         3
FILE=_REL_f_round
                                  0000394c  0000395e        13
  __REL_f_round
                                  0000394c         0   none ,g         4
FILE=_REL_ltof
                                  0000395f  000039a8        4a
  __REL_ltof
                                  0000395f         0   none ,g         1

SECTION=.monitor2
FILE=rlink_generates_02
                                  0007fe00  0007ffff       200

SECTION=.bss
FILE=.\src\EEPROM.obj
                                  000f4700  000f4726        27
  _eeprom_status
                                  000f4700         1   data ,g         c
    union  EEPROM_status_u {
                                                   1
      _eeprom_status.refined
                                  000f4700         1
    struct  {
                                                   1
      _eeprom_status.refined.RB
                                  000f4700         1   unsigned char:1(7)
      _eeprom_status.refined.WEN
                                  000f4700         1   unsigned char:1(6)
      _eeprom_status.refined.BP
                                  000f4700         1   unsigned char:2(4)
      _eeprom_status.refined.RSVD
                                  000f4700         1   unsigned char:3(1)
      _eeprom_status.refined.WPEN
                                  000f4700         1   unsigned char:1(0)
    }
      _eeprom_status.raw
                                  000f4700         1   unsigned char
    }
  _spi_flag
                                  000f4702         2   data ,g         3
  _buf
                                  000f4704        23   data ,g        12
FILE=.\src\interrupt_handle.obj
                                  000f4728  000f472b         4
  _g_adc_value
                                  000f4728         4   data ,g         4
FILE=.\src\main.obj
                                  000f472c  000f4903       1d8
  _g_TickKeeper@1
                                  000f472c        14   data ,l         a
    struct Tick_Keeper_s {
                                                  14
      _g_TickKeeper@1.SV1_ON_minutes
                                  000f472c         4   unsigned long
      _g_TickKeeper@1.SV1_OFF_minutes
                                  000f4730         4   unsigned long
      _g_TickKeeper@1.SV2_ON_minutes
                                  000f4734         4   unsigned long
      _g_TickKeeper@1.SV2_OFF_minutes
                                  000f4738         4   unsigned long
      _g_TickKeeper@1.neutralization
                                  000f473c         4   unsigned long
    }
  _g_numberSetting
                                  000f4740        26   data ,g        31
    struct Number_Setting_s {
                                                  26
      _g_numberSetting.upperVoltage1
                                  000f4740         4   float
      _g_numberSetting.upperVoltage2
                                  000f4744         4   float
      _g_numberSetting.upperVoltage3
                                  000f4748         4   float
      _g_numberSetting.lowerVoltage
                                  000f474c         4   float
      _g_numberSetting.upperCurrent
                                  000f4750         4   float
      _g_numberSetting.lowerCurrent
                                  000f4754         4   float
      _g_numberSetting.upperFlow
                                  000f4758         4   float
      _g_numberSetting.lowerFlow
                                  000f475c         4   float
      _g_numberSetting.cvccCurrent
                                  000f4760         4   float
      _g_numberSetting.crc
                                  000f4764         1   char
    }
  _g_color
                                  000f4766         1   data ,g         b
  _g_pre_color
                                  000f4767         1   data ,g         3
  _g_flow_value
                                  000f4768         4   data ,g         2
  _g_alarm
                                  000f476c         2   data ,g         f
    union  Alarm_Flag_u {
                                                   2
      _g_alarm.refined
                                  000f476c         2
    struct  {
                                                   2
      _g_alarm.refined.overVoltage1
                                  000f476c         1   unsigned char:1(7)
      _g_alarm.refined.overVoltage2
                                  000f476c         1   unsigned char:1(6)
      _g_alarm.refined.overVoltage3
                                  000f476c         1   unsigned char:1(5)
      _g_alarm.refined.overCurrent
                                  000f476c         1   unsigned char:1(4)
      _g_alarm.refined.overFlow
                                  000f476c         1   unsigned char:1(3)
      _g_alarm.refined.underVoltage
                                  000f476c         1   unsigned char:1(2)
      _g_alarm.refined.underCurrent
                                  000f476c         1   unsigned char:1(1)
      _g_alarm.refined.cvcc
                                  000f476c         1   unsigned char:1(0)
      _g_alarm.refined.underFlow
                                  000f476d         1   unsigned char:1(7)
    }
    }
  _g_machine_state
                                  000f476e         b   data ,g        58
    struct Machine_State_u {
                                                   b
      _g_machine_state.akaline
                                  000f476e         1   unsigned char
      _g_machine_state.acid
                                  000f476f         1   unsigned char
      _g_machine_state.water
                                  000f4770         1   unsigned char
      _g_machine_state.handwash
                                  000f4771         1   unsigned char
      _g_machine_state.waterSupply
                                  000f4772         1   unsigned char
      _g_machine_state.flowSensor
                                  000f4773         1   unsigned char
      _g_machine_state.callan
                                  000f4774         1   unsigned char
      _g_machine_state.electrolyteOperation
                                  000f4775         1   unsigned char
      _g_machine_state.electrolyteOFF
                                  000f4776         1   unsigned char
      _g_machine_state.user
                                  000f4777         1   unsigned char
      _g_machine_state.mode
                                  000f4778         1   unsigned char
    }
  _g_io_status
                                  000f477a        12   data ,g        2d
    union  IO_Status_u {
                                                  12
      _g_io_status.refined
                                  000f477a        12
    struct  {
                                                  12
      _g_io_status.refined.AlkalineEmptyLevel
                                  000f477a         1   unsigned char:1(7)
      _g_io_status.refined.AlkalineLowLevel
                                  000f477a         1   unsigned char:1(6)
      _g_io_status.refined.AlkalineHighLevel
                                  000f477a         1   unsigned char:1(5)
      _g_io_status.refined.AcidEmptyLevel
                                  000f477a         1   unsigned char:1(4)
      _g_io_status.refined.AcidLowLevel
                                  000f477a         1   unsigned char:1(3)
      _g_io_status.refined.AcidHighLevel
                                  000f477a         1   unsigned char:1(2)
      _g_io_status.refined.SaltLowLevel
                                  000f477a         1   unsigned char:1(1)
      _g_io_status.refined.SaltHighLevel
                                  000f477a         1   unsigned char:1(0)
      _g_io_status.refined.Valve
                                  000f477b         2
    struct  {
                                                   2
      _g_io_status.refined.Valve.SV1
                                  000f477b         1   unsigned char:1(7)
      _g_io_status.refined.Valve.SV2
                                  000f477b         1   unsigned char:1(6)
      _g_io_status.refined.Valve.SV3
                                  000f477b         1   unsigned char:1(5)
      _g_io_status.refined.Valve.SV4
                                  000f477b         1   unsigned char:1(4)
      _g_io_status.refined.Valve.SV5
                                  000f477b         1   unsigned char:1(3)
      _g_io_status.refined.Valve.SV6
                                  000f477b         1   unsigned char:1(2)
      _g_io_status.refined.Valve.SV7
                                  000f477b         1   unsigned char:1(1)
      _g_io_status.refined.Valve.SV8
                                  000f477b         1   unsigned char:1(0)
      _g_io_status.refined.Valve.SV9
                                  000f477c         1   unsigned char:1(7)
      _g_io_status.refined.Valve.RSVD
                                  000f477c         1   unsigned char:7(0)
    }
      _g_io_status.refined.Pump1
                                  000f477d         1   unsigned char:1(7)
      _g_io_status.refined.Pump2
                                  000f477d         1   unsigned char:1(6)
      _g_io_status.refined.SaltPump
                                  000f477d         1   unsigned char:1(5)
      _g_io_status.refined.RSVD1
                                  000f477d         1   unsigned char:4(1)
      _g_io_status.refined.MachineMode
                                  000f477e         1   unsigned char
      _g_io_status.refined.FlowValue
                                  000f4780         4   float
      _g_io_status.refined.CVCCVoltage
                                  000f4784         4   float
      _g_io_status.refined.CVCCCurrent
                                  000f4788         4   float
    }
    }
  _g_mean_io_status
                                  000f478c        12   data ,g        17
    union  IO_Status_u {
                                                  12
      _g_mean_io_status.refined
                                  000f478c        12
    struct  {
                                                  12
      _g_mean_io_status.refined.AlkalineEmptyLevel
                                  000f478c         1   unsigned char:1(7)
      _g_mean_io_status.refined.AlkalineLowLevel
                                  000f478c         1   unsigned char:1(6)
      _g_mean_io_status.refined.AlkalineHighLevel
                                  000f478c         1   unsigned char:1(5)
      _g_mean_io_status.refined.AcidEmptyLevel
                                  000f478c         1   unsigned char:1(4)
      _g_mean_io_status.refined.AcidLowLevel
                                  000f478c         1   unsigned char:1(3)
      _g_mean_io_status.refined.AcidHighLevel
                                  000f478c         1   unsigned char:1(2)
      _g_mean_io_status.refined.SaltLowLevel
                                  000f478c         1   unsigned char:1(1)
      _g_mean_io_status.refined.SaltHighLevel
                                  000f478c         1   unsigned char:1(0)
      _g_mean_io_status.refined.Valve
                                  000f478d         2
    struct  {
                                                   2
      _g_mean_io_status.refined.Valve.SV1
                                  000f478d         1   unsigned char:1(7)
      _g_mean_io_status.refined.Valve.SV2
                                  000f478d         1   unsigned char:1(6)
      _g_mean_io_status.refined.Valve.SV3
                                  000f478d         1   unsigned char:1(5)
      _g_mean_io_status.refined.Valve.SV4
                                  000f478d         1   unsigned char:1(4)
      _g_mean_io_status.refined.Valve.SV5
                                  000f478d         1   unsigned char:1(3)
      _g_mean_io_status.refined.Valve.SV6
                                  000f478d         1   unsigned char:1(2)
      _g_mean_io_status.refined.Valve.SV7
                                  000f478d         1   unsigned char:1(1)
      _g_mean_io_status.refined.Valve.SV8
                                  000f478d         1   unsigned char:1(0)
      _g_mean_io_status.refined.Valve.SV9
                                  000f478e         1   unsigned char:1(7)
      _g_mean_io_status.refined.Valve.RSVD
                                  000f478e         1   unsigned char:7(0)
    }
      _g_mean_io_status.refined.Pump1
                                  000f478f         1   unsigned char:1(7)
      _g_mean_io_status.refined.Pump2
                                  000f478f         1   unsigned char:1(6)
      _g_mean_io_status.refined.SaltPump
                                  000f478f         1   unsigned char:1(5)
      _g_mean_io_status.refined.RSVD1
                                  000f478f         1   unsigned char:4(1)
      _g_mean_io_status.refined.MachineMode
                                  000f4790         1   unsigned char
      _g_mean_io_status.refined.FlowValue
                                  000f4792         4   float
      _g_mean_io_status.refined.CVCCVoltage
                                  000f4796         4   float
      _g_mean_io_status.refined.CVCCCurrent
                                  000f479a         4   float
    }
    }
  __settingTime
                                  000f479e        8e   data ,g         8
    struct Timer_Setting_s {
                                                  8e
      __settingTime.t1_initialWaterDrainageOperation_s
                                  000f479e         4   unsigned long
      __settingTime.t2_flowSensorStartTime_s
                                  000f47a2         4   unsigned long
      __settingTime.t3_flowSensorMonitorTime_s
                                  000f47a6         4   unsigned long
      __settingTime.t4_electrolysisOperationStart_s
                                  000f47aa         4   unsigned long
      __settingTime.t5_electrolysisStopDelay_s
                                  000f47ae         4   unsigned long
      __settingTime.t6_drainageOffTime_h
                                  000f47b2         4   unsigned long
      __settingTime.t7_powerOnPreparation_s
                                  000f47b6         4   unsigned long
      __settingTime.t8_flowRateAdjustmentRelease_s
                                  000f47ba         4   unsigned long
      __settingTime.t9_currentAdjustmentRelease_s
                                  000f47be         4   unsigned long
      __settingTime.t10_electrolysisCurrentAlarmSpecified_s
                                  000f47c2         4   unsigned long
      __settingTime.t11_overVoltage1Time_s
                                  000f47c6         4   unsigned long
      __settingTime.t12_overVoltage2Time_s
                                  000f47ca         4   unsigned long
      __settingTime.t13_overVoltage3Time_s
                                  000f47ce         4   unsigned long
      __settingTime.t14_lowVoltageStartTime_s
                                  000f47d2         4   unsigned long
      __settingTime.t15_lowVoltageDelayTime_s
                                  000f47d6         4   unsigned long
      __settingTime.t16_currentMonitoringStart_s
                                  000f47da         4   unsigned long
      __settingTime.t17_solenoidLeakageStartTime_s
                                  000f47de         4   unsigned long
      __settingTime.t18_fullWaterMonitoringStart_h
                                  000f47e2         4   unsigned long
      __settingTime.t19_waterFilterAlarm_h
                                  000f47e6         4   unsigned long
      __settingTime.t20_waterFilterAlarmIgnore_h
                                  000f47ea         4   unsigned long
      __settingTime.t26_onDelayEmptyLevel_s
                                  000f47ee         4   unsigned long
      __settingTime.t27_onDelayLowLevel_s
                                  000f47f2         4   unsigned long
      __settingTime.t28_onDelayHighLevel_s
                                  000f47f6         4   unsigned long
      __settingTime.t30_offDelayEmptyLevel_s
                                  000f47fa         4   unsigned long
      __settingTime.t31_saltLowLevelDelay_s
                                  000f47fe         4   unsigned long
      __settingTime.t32_saltHighLevelDelay_s
                                  000f4802         4   unsigned long
      __settingTime.t51_alkalineWaterSpoutingTime_s
                                  000f4806         4   unsigned long
      __settingTime.t52_acidWaterSpoutingTime_s
                                  000f480a         4   unsigned long
      __settingTime.t53_washingWaterSpoutingTime_s
                                  000f480e         4   unsigned long
      __settingTime.t54_overLapTime_ms
                                  000f4812         4   unsigned long
      __settingTime.t55_waterDischargeDelay_s
                                  000f4816         4   unsigned long
      __settingTime.t56_acidWaterDownTime_s
                                  000f481a         4   unsigned long
      __settingTime.t59_alkalineWaterDownTime_s
                                  000f481e         4   unsigned long
      __settingTime.t61_curranCleaningIntervalTime_h
                                  000f4822         4   unsigned long
      __settingTime.t62_callanWashSpoutingTime_s
                                  000f4826         4   unsigned long
      __settingTime.crc
                                  000f482a         1   char
    }
  __settingNumber
                                  000f482c        26   data ,g         8
    struct Number_Setting_s {
                                                  26
      __settingNumber.upperVoltage1
                                  000f482c         4   float
      __settingNumber.upperVoltage2
                                  000f4830         4   float
      __settingNumber.upperVoltage3
                                  000f4834         4   float
      __settingNumber.lowerVoltage
                                  000f4838         4   float
      __settingNumber.upperCurrent
                                  000f483c         4   float
      __settingNumber.lowerCurrent
                                  000f4840         4   float
      __settingNumber.upperFlow
                                  000f4844         4   float
      __settingNumber.lowerFlow
                                  000f4848         4   float
      __settingNumber.cvccCurrent
                                  000f484c         4   float
      __settingNumber.crc
                                  000f4850         1   char
    }
  _g_machine_mode
                                  000f4852         1   data ,g         4
  _btod
                                  000f4854         4   data ,g         6
    union  BytesToDouble {
                                                   4
      _btod.refined
                                  000f4854         4
    struct  {
                                                   4
      _btod.refined.data
                                  000f4854         4   unsigned char
    }
      _btod.raw
                                  000f4854         4   unsigned long
    }
  _g_Tick
                                  000f4858        a0   data ,g        74
    struct Tick_s {
                                                  a0
      _g_Tick.tick500ms
                                  000f4858         4   unsigned long
      _g_Tick.tick1s
                                  000f485c         4   unsigned long
      _g_Tick.tick5s
                                  000f4860         4   unsigned long
      _g_Tick.tickBlink
                                  000f4864         4   unsigned long
      _g_Tick.tickAlkaline
                                  000f4868         4   unsigned long
      _g_Tick.tickAcid
                                  000f486c         4   unsigned long
      _g_Tick.tickWater
                                  000f4870         4   unsigned long
      _g_Tick.tickHandWash
                                  000f4874         4   unsigned long
      _g_Tick.tickWaterSupply
                                  000f4878         4   unsigned long
      _g_Tick.tickFlowMeasurment
                                  000f487c         4   unsigned long
      _g_Tick.tickDebouceHandSensor
                                  000f4880         4   unsigned long
      _g_Tick.tickVoltage1Check
                                  000f4884         4   unsigned long
      _g_Tick.tickVoltage2Check
                                  000f4888         4   unsigned long
      _g_Tick.tickVoltage3Check
                                  000f488c         4   unsigned long
      _g_Tick.tickVoltageLowCheck
                                  000f4890         4   unsigned long
      _g_Tick.tickCurrentCheck
                                  000f4894         4   unsigned long
      _g_Tick.tickSV1SV2
                                  000f4898         4   unsigned long
      _g_Tick.tickElectrolyticOff
                                  000f489c         4   unsigned long
      _g_Tick.tickWaterSoftenerPCB
                                  000f48a0         4   unsigned long
      _g_Tick.tickValvePCB
                                  000f48a4         4   unsigned long
      _g_Tick.tickRS485
                                  000f48a8         4   unsigned long
      _g_Tick.tickCallan
                                  000f48ac         4   unsigned long
      _g_Tick.tickAcidLevel
                                  000f48b0        10   unsigned long
      _g_Tick.tickAlkalineLevel
                                  000f48c0        10   unsigned long
      _g_Tick.tickHandSensor
                                  000f48d0         8   unsigned long
      _g_Tick.tickCustom
                                  000f48d8        20   unsigned long
    }
  _water_solfner_buf
                                  000f48f8         7   data ,g         5
    struct UART3_Buffer_s {
                                                   7
      _water_solfner_buf.busy
                                  000f48f8         1   unsigned char
      _water_solfner_buf.head
                                  000f48f9         1   unsigned char
      _water_solfner_buf.set_number
                                  000f48fa         1   unsigned char
      _water_solfner_buf.set_value
                                  000f48fb         4   unsigned char
    }
  __flow_pulse
                                  000f4900         4   data ,g         8
FILE=.\src\r_cg_rtc_user.obj
                                  000f4904  000f490a         7
  _g_rtc
                                  000f4904         7   data ,g         0
    struct  {
                                                   7
      _g_rtc.sec
                                  000f4904         1   unsigned char
      _g_rtc.min
                                  000f4905         1   unsigned char
      _g_rtc.hour
                                  000f4906         1   unsigned char
      _g_rtc.day
                                  000f4907         1   unsigned char
      _g_rtc.week
                                  000f4908         1   unsigned char
      _g_rtc.month
                                  000f4909         1   unsigned char
      _g_rtc.year
                                  000f490a         1   unsigned char
    }
FILE=.\src\r_cg_serial.obj
                                  000f490c  000f4941        36
  _gp_uart1_tx_address
                                  000f490c         2   data ,g         5
  _g_uart1_tx_count
                                  000f490e         2   data ,g         4
  _gp_uart1_rx_address
                                  000f4910         2   data ,g         3
  _g_uart1_rx_count
                                  000f4912         2   data ,g         4
  _g_uart1_rx_length
                                  000f4914         2   data ,g         3
  _gp_csi00_rx_address
                                  000f4916         2   data ,g         0
  _g_csi00_rx_length
                                  000f4918         2   data ,g         0
  _g_csi00_rx_count
                                  000f491a         2   data ,g         0
  _gp_csi00_tx_address
                                  000f491c         2   data ,g         6
  _g_csi00_send_length
                                  000f491e         2   data ,g         0
  _g_csi00_tx_count
                                  000f4920         2   data ,g         4
  _gp_csi01_rx_address
                                  000f4922         2   data ,g         5
  _g_csi01_rx_length
                                  000f4924         2   data ,g         1
  _g_csi01_rx_count
                                  000f4926         2   data ,g         1
  _gp_csi01_tx_address
                                  000f4928         2   data ,g         7
  _g_csi01_send_length
                                  000f492a         2   data ,g         0
  _g_csi01_tx_count
                                  000f492c         2   data ,g         7
  _gp_uart2_tx_address
                                  000f492e         2   data ,g         5
  _g_uart2_tx_count
                                  000f4930         2   data ,g         4
  _gp_uart2_rx_address
                                  000f4932         2   data ,g         3
  _g_uart2_rx_count
                                  000f4934         2   data ,g         4
  _g_uart2_rx_length
                                  000f4936         2   data ,g         3
  _gp_uart3_tx_address
                                  000f4938         2   data ,g         5
  _g_uart3_tx_count
                                  000f493a         2   data ,g         4
  _gp_uart3_rx_address
                                  000f493c         2   data ,g         3
  _g_uart3_rx_count
                                  000f493e         2   data ,g         4
  _g_uart3_rx_length
                                  000f4940         2   data ,g         3
FILE=.\src\r_cg_serial_user.obj
                                  000f4942  000f4a05        c4
  _g_uart3_rx_data
                                  000f4942         8   data ,g         8
  _send_response_flag
                                  000f494a         1   data ,g         0
  _send_response_time_flag
                                  000f494b         1   data ,g         0
  _send_response_number_flag
                                  000f494c         1   data ,g         0
  _recived_time_setting_flag
                                  000f494d         1   data ,g         0
  _send_respone_status_flag
                                  000f494e         1   data ,g         0
  _recived_number_setting_flag
                                  000f494f         1   data ,g         0
  _commnunication_flag
                                  000f4950         d   data ,g        39
    struct Communicaition_flag_s {
                                                   d
      _commnunication_flag.send_response_flag
                                  000f4950         1   unsigned char
      _commnunication_flag.send_response_time_flag
                                  000f4951         1   unsigned char
      _commnunication_flag.send_response_number_flag
                                  000f4952         1   unsigned char
      _commnunication_flag.recived_number_setting_flag
                                  000f4953         1   unsigned char
      _commnunication_flag.recived_time_setting_flag
                                  000f4954         1   unsigned char
      _commnunication_flag.send_respone_status_flag
                                  000f4955         1   unsigned char
      _commnunication_flag.send_response_mode_flag
                                  000f4956         1   unsigned char
      _commnunication_flag.alarm_clear_flag
                                  000f4957         1   unsigned char
      _commnunication_flag.rs485_send_to_watersolfner_response_flag
                                  000f4958         1   unsigned char
      _commnunication_flag.rs485_send_to_watersolfner_SV1_flag
                                  000f4959         1   unsigned char
      _commnunication_flag.rs485_send_to_valve_response_flag
                                  000f495a         1   unsigned char
      _commnunication_flag.rs485_get_valve_gesture_flag
                                  000f495b         1   unsigned char
      _commnunication_flag.rs485_fault
                                  000f495c         1   unsigned char
    }
  _g_csi_count
                                  000f495d         1   data ,g         0
  _g_csi_err
                                  000f495e         1   data ,g         0
  _g_csi_send_end
                                  000f495f         1   data ,g         1
  _g_csi_rev_end
                                  000f4960         1   data ,g         3
  _g_uart1_send
                                  000f4961         1   data ,g         0
  _g_uart2_sendend
                                  000f4962         1   data ,g         e
  _g_uart2_receive
                                  000f4963         1   data ,g         1
  _g_rx_data
                                  000f4964        a0   data ,g        1d
  _g_uart2_fault
                                  000f4a04         1   data ,g         3
  _g_uart3_sendend
                                  000f4a05         1   data ,g         6
FILE=.\src\r_cg_timer_user.obj
                                  000f4a06  000f4a0d         8
  _timer0_ch0_flag
                                  000f4a06         1   data ,g         1
  _timer0_ch1_flag
                                  000f4a07         1   data ,g         1
  _timer0_ch2_flag
                                  000f4a08         1   data ,g         1
  _g_systemTime
                                  000f4a0a         4   data ,g        6c
FILE=.\src\r_main.obj
                                  000f4a0e  000f4ac4        b7
  _g_TickKeeper@1
                                  000f4a0e        14   data ,l        18
    struct Tick_Keeper_s {
                                                  14
      _g_TickKeeper@1.SV1_ON_minutes
                                  000f4a0e         4   unsigned long
      _g_TickKeeper@1.SV1_OFF_minutes
                                  000f4a12         4   unsigned long
      _g_TickKeeper@1.SV2_ON_minutes
                                  000f4a16         4   unsigned long
      _g_TickKeeper@1.SV2_OFF_minutes
                                  000f4a1a         4   unsigned long
      _g_TickKeeper@1.neutralization
                                  000f4a1e         4   unsigned long
    }
  _g_e_status
                                  000f4a22         1   data ,g         0
    union  EEPROM_status_u {
                                                   1
      _g_e_status.refined
                                  000f4a22         1
    struct  {
                                                   1
      _g_e_status.refined.RB
                                  000f4a22         1   unsigned char:1(7)
      _g_e_status.refined.WEN
                                  000f4a22         1   unsigned char:1(6)
      _g_e_status.refined.BP
                                  000f4a22         1   unsigned char:2(4)
      _g_e_status.refined.RSVD
                                  000f4a22         1   unsigned char:3(1)
      _g_e_status.refined.WPEN
                                  000f4a22         1   unsigned char:1(0)
    }
      _g_e_status.raw
                                  000f4a22         1   unsigned char
    }
  _ret_number_setting
                                  000f4a24        26   data ,g         0
    struct Number_Setting_s {
                                                  26
      _ret_number_setting.upperVoltage1
                                  000f4a24         4   float
      _ret_number_setting.upperVoltage2
                                  000f4a28         4   float
      _ret_number_setting.upperVoltage3
                                  000f4a2c         4   float
      _ret_number_setting.lowerVoltage
                                  000f4a30         4   float
      _ret_number_setting.upperCurrent
                                  000f4a34         4   float
      _ret_number_setting.lowerCurrent
                                  000f4a38         4   float
      _ret_number_setting.upperFlow
                                  000f4a3c         4   float
      _ret_number_setting.lowerFlow
                                  000f4a40         4   float
      _ret_number_setting.cvccCurrent
                                  000f4a44         4   float
      _ret_number_setting.crc
                                  000f4a48         1   char
    }
  _flow_p
                                  000f4a4a         1   data ,g         1
  _salt_h_p
                                  000f4a4b         1   data ,g         0
  _g_eeprom_wren
                                  000f4a4c         1   data ,g         0
  _receive_data
                                  000f4a4d         2   data ,g         0
  _receive_setting
                                  000f4a50        26   data ,g         0
    struct Number_Setting_s {
                                                  26
      _receive_setting.upperVoltage1
                                  000f4a50         4   float
      _receive_setting.upperVoltage2
                                  000f4a54         4   float
      _receive_setting.upperVoltage3
                                  000f4a58         4   float
      _receive_setting.lowerVoltage
                                  000f4a5c         4   float
      _receive_setting.upperCurrent
                                  000f4a60         4   float
      _receive_setting.lowerCurrent
                                  000f4a64         4   float
      _receive_setting.upperFlow
                                  000f4a68         4   float
      _receive_setting.lowerFlow
                                  000f4a6c         4   float
      _receive_setting.cvccCurrent
                                  000f4a70         4   float
      _receive_setting.crc
                                  000f4a74         1   char
    }
  _set
                                  000f4a76         1   data ,g         0
    union  EEPROM_status_u {
                                                   1
      _set.refined
                                  000f4a76         1
    struct  {
                                                   1
      _set.refined.RB
                                  000f4a76         1   unsigned char:1(7)
      _set.refined.WEN
                                  000f4a76         1   unsigned char:1(6)
      _set.refined.BP
                                  000f4a76         1   unsigned char:2(4)
      _set.refined.RSVD
                                  000f4a76         1   unsigned char:3(1)
      _set.refined.WPEN
                                  000f4a76         1   unsigned char:1(0)
    }
      _set.raw
                                  000f4a76         1   unsigned char
    }
  _rx_data
                                  000f4a78         c   data ,g         0
  _data_f
                                  000f4a84         4   data ,g         0
  _data_f_test
                                  000f4a88         4   data ,g         0
    union  byte_to_float {
                                                   4
      _data_f_test.refined
                                  000f4a88         4
    struct  {
                                                   4
      _data_f_test.refined.b
                                  000f4a88         4   unsigned char
    }
      _data_f_test.raw
                                  000f4a88         4   float
    }
  _g_control_buffer_f
                                  000f4a8c         6   data ,g         5
    struct UART_Buffer_float_s {
                                                   6
      _g_control_buffer_f.head
                                  000f4a8c         1   unsigned char
      _g_control_buffer_f.set_number
                                  000f4a8d         1   unsigned char
      _g_control_buffer_f.set_value
                                  000f4a8e         4   float
    }
  _g_control_buffer_u32
                                  000f4a92         6   data ,g         5
    struct UART_Buffer_u32_s {
                                                   6
      _g_control_buffer_u32.head
                                  000f4a92         1   unsigned char
      _g_control_buffer_u32.set_number
                                  000f4a93         1   unsigned char
      _g_control_buffer_u32.set_value
                                  000f4a94         4   unsigned long
    }
  _handsensor_status
                                  000f4a98         1   data ,g         0
    union   {
                                                   1
      _handsensor_status.
                                  000f4a98         1
    struct  {
                                                   1
      _handsensor_status..up_signal
                                  000f4a98         1   unsigned char
    }
      _handsensor_status.status
                                  000f4a98         1   unsigned char
    }
  _g_handsensor_status
                                  000f4a99         2   data ,g         3
  _g_crc
                                  000f4a9b         8   data ,g         2
  _g_crc_32
                                  000f4aa4        20   data ,g         0
  _rx_count
                                  000f4ac4         1   data ,g         1

SECTION=.dataR
FILE=.\src\main.obj
                                  000f4ac6  000f4b5c        97
  _g_timerSetting
                                  000f4ac6        8e   data ,g        66
    struct Timer_Setting_s {
                                                  8e
      _g_timerSetting.t1_initialWaterDrainageOperation_s
                                  000f4ac6         4   unsigned long
      _g_timerSetting.t2_flowSensorStartTime_s
                                  000f4aca         4   unsigned long
      _g_timerSetting.t3_flowSensorMonitorTime_s
                                  000f4ace         4   unsigned long
      _g_timerSetting.t4_electrolysisOperationStart_s
                                  000f4ad2         4   unsigned long
      _g_timerSetting.t5_electrolysisStopDelay_s
                                  000f4ad6         4   unsigned long
      _g_timerSetting.t6_drainageOffTime_h
                                  000f4ada         4   unsigned long
      _g_timerSetting.t7_powerOnPreparation_s
                                  000f4ade         4   unsigned long
      _g_timerSetting.t8_flowRateAdjustmentRelease_s
                                  000f4ae2         4   unsigned long
      _g_timerSetting.t9_currentAdjustmentRelease_s
                                  000f4ae6         4   unsigned long
      _g_timerSetting.t10_electrolysisCurrentAlarmSpecified_s
                                  000f4aea         4   unsigned long
      _g_timerSetting.t11_overVoltage1Time_s
                                  000f4aee         4   unsigned long
      _g_timerSetting.t12_overVoltage2Time_s
                                  000f4af2         4   unsigned long
      _g_timerSetting.t13_overVoltage3Time_s
                                  000f4af6         4   unsigned long
      _g_timerSetting.t14_lowVoltageStartTime_s
                                  000f4afa         4   unsigned long
      _g_timerSetting.t15_lowVoltageDelayTime_s
                                  000f4afe         4   unsigned long
      _g_timerSetting.t16_currentMonitoringStart_s
                                  000f4b02         4   unsigned long
      _g_timerSetting.t17_solenoidLeakageStartTime_s
                                  000f4b06         4   unsigned long
      _g_timerSetting.t18_fullWaterMonitoringStart_h
                                  000f4b0a         4   unsigned long
      _g_timerSetting.t19_waterFilterAlarm_h
                                  000f4b0e         4   unsigned long
      _g_timerSetting.t20_waterFilterAlarmIgnore_h
                                  000f4b12         4   unsigned long
      _g_timerSetting.t26_onDelayEmptyLevel_s
                                  000f4b16         4   unsigned long
      _g_timerSetting.t27_onDelayLowLevel_s
                                  000f4b1a         4   unsigned long
      _g_timerSetting.t28_onDelayHighLevel_s
                                  000f4b1e         4   unsigned long
      _g_timerSetting.t30_offDelayEmptyLevel_s
                                  000f4b22         4   unsigned long
      _g_timerSetting.t31_saltLowLevelDelay_s
                                  000f4b26         4   unsigned long
      _g_timerSetting.t32_saltHighLevelDelay_s
                                  000f4b2a         4   unsigned long
      _g_timerSetting.t51_alkalineWaterSpoutingTime_s
                                  000f4b2e         4   unsigned long
      _g_timerSetting.t52_acidWaterSpoutingTime_s
                                  000f4b32         4   unsigned long
      _g_timerSetting.t53_washingWaterSpoutingTime_s
                                  000f4b36         4   unsigned long
      _g_timerSetting.t54_overLapTime_ms
                                  000f4b3a         4   unsigned long
      _g_timerSetting.t55_waterDischargeDelay_s
                                  000f4b3e         4   unsigned long
      _g_timerSetting.t56_acidWaterDownTime_s
                                  000f4b42         4   unsigned long
      _g_timerSetting.t59_alkalineWaterDownTime_s
                                  000f4b46         4   unsigned long
      _g_timerSetting.t61_curranCleaningIntervalTime_h
                                  000f4b4a         4   unsigned long
      _g_timerSetting.t62_callanWashSpoutingTime_s
                                  000f4b4e         4   unsigned long
      _g_timerSetting.crc
                                  000f4b52         1   char
    }
  _g_electrolytic_flag
                                  000f4b54         1   data ,g         1
  _test_control_buf
                                  000f4b56         6   data ,g         0
    struct UART_Buffer_float_s {
                                                   6
      _test_control_buf.head
                                  000f4b56         1   unsigned char
      _test_control_buf.set_number
                                  000f4b57         1   unsigned char
      _test_control_buf.set_value
                                  000f4b58         4   float
    }
  __pre_flow_state
                                  000f4b5c         1   data ,g         2
FILE=.\src\r_main.obj
                                  000f4b5e  000f4b77        1a
  _g_error
                                  000f4b5e         2   data ,g         0
  _g_adc_ch
                                  000f4b60         2   data ,g         0
  _led_st
                                  000f4b62         1   data ,g         2
  _send_data
                                  000f4b63         2   data ,g         0
  _this_size
                                  000f4b65         1   data ,g         0
  _this_size_2
                                  000f4b66         1   data ,g         0
  _send_buf
                                  000f4b67         7   data ,g         0
  _data_crc
                                  000f4b6e         8   data ,g         0
  _dac_out
                                  000f4b76         2   data ,g         2

Absolute value symbols
FILE=rlink_generates_05
  __s.text
                                  0000018a         0   none ,g         0
  __e.text
                                  000004a4         0   none ,g         0
  __s.textf
                                  000004a4         0   none ,g         0
  __e.textf
                                  00002f1c         0   none ,g         0
  __s.const
                                  00003000         0   none ,g         0
  __e.const
                                  00003510         0   none ,g         0
  __s.constf
                                  00000080         0   none ,g         0
  __e.constf
                                  00000080         0   none ,g         0
  __s.data
                                  000000d8         0   none ,g         0
  __e.data
                                  0000018a         0   none ,g         0
  __s.sdata
                                  00000080         0   none ,g         0
  __e.sdata
                                  00000080         0   none ,g         0
  __s.bss
                                  000f4700         0   none ,g         0
  __e.bss
                                  000f4ac5         0   none ,g         0
  __s.sbss
                                  000ffe20         0   none ,g         0
  __e.sbss
                                  000ffe20         0   none ,g         0
  __s.dataR
                                  000f4ac6         0   none ,g         0
  __e.dataR
                                  000f4b78         0   none ,g         0
  __s.sdataR
                                  000ffe20         0   none ,g         0
  __e.sdataR
                                  000ffe20         0   none ,g         0
  __s.RLIB
                                  00003510         0   none ,g         0
  __e.RLIB
                                  000039a9         0   none ,g         0
  __s.SLIB
                                  000000c4         0   none ,g         0
  __e.SLIB
                                  000000c4         0   none ,g         0
  __s.option_byte
                                  000000c0         0   none ,g         0
  __e.option_byte
                                  000000c4         0   none ,g         0
  __s.monitor1
                                  000000ce         0   none ,g         0
  __e.monitor1
                                  000000d8         0   none ,g         0
  __s.monitor2
                                  0007fe00         0   none ,g         0
  __e.monitor2
                                  00080000         0   none ,g         0
  __s.security_id
                                  000000c4         0   none ,g         0
  __e.security_id
                                  000000ce         0   none ,g         0
  __s.vect
                                  00000000         0   none ,g         0
  __e.vect
                                  00000080         0   none ,g         0
  __RAM_ADDR_START
                                  000f3f00         0   none ,g         0
  __RAM_ADDR_END
                                  000ffee0         0   none ,g         0
  __STACK_ADDR_START
                                  000ffe20         0   none ,g         1
  __STACK_ADDR_END
                                  000f4b78         0   none ,g         1

*** Unfilled Areas ***

AREA                                START    END

*** Delete Symbols ***

SYMBOL                                SIZE    INFO

*** Variable Vector Table List ***

ADDRESS  SYMBOL/ADDRESS
00       _start
02       ffff
04       _r_wdt_interrupt@1
06       
08       
0a       
0c       
0e       
10       
12       
14       _r_uart2_interrupt_send@1
16       _r_uart2_interrupt_receive@1
18       
1a       
1c       
1e       _r_csi00_interrupt@1
20       _r_csi01_interrupt@1
22       
24       _r_uart1_interrupt_send@1
26       _r_uart1_interrupt_receive@1
28       
2a       
2c       _r_tau0_channel0_interrupt@1
2e       _r_tau0_channel1_interrupt@1
30       _r_tau0_channel2_interrupt@1
32       
34       _r_adc_interrupt@1
36       
38       
3a       
3c       _r_uart3_interrupt_send@1
3e       _r_uart3_interrupt_receive@1
40       
42       
44       
46       
48       
4a       
4c       
4e       
50       
52       
54       
56       
58       
5a       
5c       
5e       
60       
62       
64       
66       
68       
6a       
6c       
6e       
70       
72       
74       
76       
78       
7a       
7c       
7e       

*** Cross Reference List ***

No   Unit Name   Global.Symbol   Location External Infomation
---- ----------- --------------- -------- ---------------------
0001 cstart
     SECTION=.text
                 _start
                                 0000018a
                 _exit
                                 000001e2 0001(000001e3:.text)
     SECTION=.textf
     SECTION=.const
     SECTION=.constf
     SECTION=.data
     SECTION=.sdata
     SECTION=.bss
     SECTION=.sbss
     SECTION=.dataR
     SECTION=.sdataR
     SECTION=.RLIB
     SECTION=.SLIB
     SECTION=.dataR
     SECTION=.sdataR
0002 stkinit
     SECTION=.textf
                 _stkinit
                                 000004a4 0001(00000192:.text)
0003 EEPROM
     SECTION=.textf
                 _EEPROM_Init
                                 000004e8 0024(00002a77:.textf)
                 _rEE_Status
                                 00000513 0003(00000580:.textf)
                                          0003(000005ab:.textf)
                                          0003(000005ea:.textf)
                                          0003(00000620:.textf)
                                          0003(0000065f:.textf)
                                          0003(000006b3:.textf)
                 _sEE_WriteEnable
                                 0000052e 0003(000005b0:.textf)
                                          0003(00000615:.textf)
                                          0003(0000073c:.textf)
                 _sEE_WriteDisable
                                 00000540
                 _EE_SPI_Write
                                 00000552 0007(00000e55:.textf)
                                          0007(00000eec:.textf)
                 _EE_SPI_Read
                                 00000631 0024(00002a84:.textf)
                                          0024(00002a95:.textf)
                 _sEE_Block
                                 000006e8
                 _sEE_SendInstruction
                                 000006f9
                 _sEE_SendReceiveInstruction
                                 000006fc
                 _EE_TransmitData
                                 00000700 0003(00000525:.textf)
                                          0003(0000053c:.textf)
                                          0003(0000054e:.textf)
                                          0003(000005ba:.textf)
                                          0003(0000062f:.textf)
                                          0003(0000066d:.textf)
                                          0003(000006c4:.textf)
                                          0003(000006fb:.textf)
                                          0003(000006ff:.textf)
                                          0003(00000743:.textf)
                 _sEE_WriteStatusRegister
                                 0000072c 0003(00000511:.textf)
                                          0003(000006f8:.textf)
     SECTION=.bss
                 _eeprom_status
                                 000f4700 0003(00000507:.textf)
                                          0003(0000050c:.textf)
                                          0003(0000052a:.textf)
                                          0003(00000583:.textf)
                                          0003(000005a5:.textf)
                                          0003(000005ed:.textf)
                                          0003(0000061a:.textf)
                                          0003(00000662:.textf)
                                          0003(000006b6:.textf)
                                          0003(000006f0:.textf)
                                          0003(000006f5:.textf)
                                          0003(0000072e:.textf)
                 _spi_flag
                                 000f4702 0003(000004fb:.textf)
                                          0003(00000701:.textf)
                                          0003(0000071f:.textf)
                 _buf
                                 000f4704 0003(00000557:.textf)
                                          0003(0000055c:.textf)
                                          0003(00000576:.textf)
                                          0003(0000059a:.textf)
                                          0003(000005b7:.textf)
                                          0003(000005bd:.textf)
                                          0003(000005d4:.textf)
                                          0003(0000060d:.textf)
                                          0003(0000062a:.textf)
                                          0003(00000636:.textf)
                                          0003(0000063b:.textf)
                                          0003(00000655:.textf)
                                          0003(0000066a:.textf)
                                          0003(0000067d:.textf)
                                          0003(00000689:.textf)
                                          0003(000006a0:.textf)
                                          0003(000006c1:.textf)
                                          0003(000006dd:.textf)
     SECTION=.const
0004 crc32
     SECTION=.textf
                 _xcrc32
                                 00000747
                 _CRC32
                                 00000795
     SECTION=.const
                 _crc32_table
[...]
                                          0007(000015b4:.textf)
                                          0007(000015ba:.textf)
                                          0007(000015c0:.textf)
                                          0007(000015ec:.textf)
                                          0007(000015f2:.textf)
                                          0007(000016c7:.textf)
                                          0007(000016cd:.textf)
                                          0007(00001785:.textf)
                                          0007(0000178b:.textf)
                                          0007(0000183a:.textf)
                                          0007(00001840:.textf)
                                          0007(0000199c:.textf)
                                          0007(000019a2:.textf)
                                          0007(00001a44:.textf)
                                          0007(00001a4a:.textf)
                                          0007(00001c14:.textf)
                                          0007(00001c1a:.textf)
                                          0007(00001c76:.textf)
                                          0007(00001c7c:.textf)
                                          0007(00001cdd:.textf)
                                          0007(00001ce3:.textf)
                                          0007(00001d02:.textf)
                                          0007(00001d05:.textf)
                                          0007(00001d84:.textf)
                                          0007(00001d89:.textf)
                                          0021(00000480:.text)
                                          0021(00000488:.text)
                                          0021(0000048b:.text)
                                          0021(0000048f:.text)
                                          0024(00002b67:.textf)
                                          0024(00002b6d:.textf)
                                          0024(00002bb9:.textf)
                                          0024(00002bbc:.textf)
                                          0024(00002c04:.textf)
                                          0024(00002c0a:.textf)
                                          0024(00002c39:.textf)
                                          0024(00002c3f:.textf)
                                          0026(00002df0:.textf)
                                          0026(00002df5:.textf)
                                          0026(00002e24:.textf)
                                          0026(00002e2b:.textf)
                                          0026(00002e32:.textf)
                                          0026(00002e3a:.textf)
                                          0026(00002e74:.textf)
                                          0026(00002e7b:.textf)
                                          0026(00002e9a:.textf)
                                          0026(00002ea0:.textf)
                                          0026(00002ea6:.textf)
                                          0026(00002ea9:.textf)
                                          0026(00002eb3:.textf)
                                          0026(00002eb6:.textf)
                                          0026(00002ee0:.textf)
                                          0026(00002ee5:.textf)
                                          0026(00002f0e:.textf)
                                          0026(00002f14:.textf)
     SECTION=.text
0022 r_cg_wdt
     SECTION=.textf
                 _R_WDT_Create
                                 00002a12 0025(00002dd6:.textf)
                 _R_WDT_Restart
                                 00002a23 0007(00000d46:.textf)
                                          0007(00000d7f:.textf)
                                          0007(00000daf:.textf)
                                          0007(00000ddf:.textf)
                                          0007(00000f53:.textf)
                                          0007(00001066:.textf)
                                          0007(00001d5f:.textf)
                                          0007(00001df1:.textf)
                                          0024(00002d4c:.textf)
                                          0026(00002e61:.textf)
0023 r_cg_wdt_user
     SECTION=.text
0024 r_main
     SECTION=.textf
                 _nostop_checkHandSensor
                                 00002a27
                 _readHS
                                 00002a58
                 _main
                                 00002a6d 0001(000001de:.text)
                 _R_MAIN_UserInit
                                 00002d52 0024(00002a70:.textf)
     SECTION=.bss
                 _g_e_status
                                 000f4a22
                 _ret_number_setting
                                 000f4a24
                 _flow_p
                                 000f4a4a 0024(00002c79:.textf)
                 _salt_h_p
                                 000f4a4b
                 _g_eeprom_wren
                                 000f4a4c
                 _receive_data
                                 000f4a4d
                 _receive_setting
                                 000f4a50
                 _set
                                 000f4a76
                 _rx_data
                                 000f4a78
                 _data_f
                                 000f4a84
                 _data_f_test
                                 000f4a88
                 _g_control_buffer_f
                                 000f4a8c 0007(00000bfe:.textf)
                                          0007(00000c02:.textf)
                                          0007(00000c06:.textf)
                                          0007(00000c0a:.textf)
                                          0007(00000c15:.textf)
                 _g_control_buffer_u32
                                 000f4a92 0007(00000c26:.textf)
                                          0007(00000c2a:.textf)
                                          0007(00000c2e:.textf)
                                          0007(00000c32:.textf)
                                          0007(00000c3d:.textf)
                 _handsensor_status
                                 000f4a98
                 _g_handsensor_status
                                 000f4a99 0024(00002a3d:.textf)
                                          0024(00002a44:.textf)
                                          0024(00002a4d:.textf)
                 _g_crc
                                 000f4a9b 0024(00002d2f:.textf)
                                          0024(00002d3b:.textf)
                 _g_crc_32
                                 000f4aa4
                 _rx_count
                                 000f4ac4 0024(00002bf9:.textf)
     SECTION=.dataR
                 _g_error
                                 000f4b5e
                 _g_adc_ch
                                 000f4b60
                 _led_st
                                 000f4b62 0024(00002d18:.textf)
                                          0024(00002d20:.textf)
                 _send_data
                                 000f4b63
                 _this_size
                                 000f4b65
                 _this_size_2
                                 000f4b66
                 _send_buf
                                 000f4b67
                 _data_crc
                                 000f4b6e
                 _dac_out
                                 000f4b76 0024(00002d3e:.textf)
                                          0024(00002d45:.textf)
     SECTION=.const
     SECTION=.data
0025 r_systeminit
     SECTION=.textf
                 _R_Systeminit
                                 00002db3 0025(00002de9:.textf)
                 _hdwinit
                                 00002de5 0001(00000196:.text)
0026 usr_timer
     SECTION=.textf
                 _delay_ms
                                 00002dea 0007(00001685:.textf)
                                          0024(00002a63:.textf)
                                          0024(00002b1d:.textf)
                                          0026(00002e5e:.textf)
                 _delay
                                 00002e52
                 _ns_delay_ms
                                 00002e6a 0007(000008f9:.textf)
                                          0007(000009da:.textf)
                                          0007(00000a23:.textf)
                                          0007(00000a6c:.textf)
                                          0007(00000ac5:.textf)
                                          0007(00000afc:.textf)
                                          0007(00000b45:.textf)
                                          0007(00000b8e:.textf)
                                          0007(00000be7:.textf)
                                          0007(00000fa9:.textf)
                                          0007(00000fcd:.textf)
                                          0007(0000105b:.textf)
                                          0007(000010a6:.textf)
                                          0007(00001128:.textf)
                                          0007(000011cb:.textf)
                                          0007(00001275:.textf)
                                          0007(00001372:.textf)
                                          0007(0000151e:.textf)
                                          0007(000017a1:.textf)
                                          0007(00001855:.textf)
                                          0007(00001898:.textf)
                                          0007(000018b0:.textf)
                                          0007(000018dd:.textf)
                                          0007(00001913:.textf)
                                          0007(00001931:.textf)
                                          0007(0000195a:.textf)
                                          0007(000019bb:.textf)
                                          0007(000019ed:.textf)
                                          0007(00001a07:.textf)
                                          0007(00001a65:.textf)
                                          0007(00001a97:.textf)
                                          0007(00001ab1:.textf)
                                          0007(00001c08:.textf)
                                          0007(00001c5e:.textf)
                                          0007(00001ccb:.textf)
                                          0007(00001d36:.textf)
                                          0007(00001d6b:.textf)
                                          0007(00001db9:.textf)
                                          0007(00001ec1:.textf)
                                          0024(00002a35:.textf)
                                          0024(00002b7d:.textf)
                                          0024(00002c1a:.textf)
                                          0024(00002c58:.textf)
                                          0024(00002c84:.textf)
                                          0024(00002d04:.textf)
                                          0024(00002d10:.textf)
                 _non_block_delay
                                 00002ed6
                 _mTask
                                 00002ed8
0027 memcpy
     SECTION=.RLIB
                 _memcpy
                                 00003510 0007(00000e46:.textf)
                                          0007(00000edf:.textf)
                                          0024(00002aa4:.textf)
                                          0024(00002ab1:.textf)
                                          0024(00002bab:.textf)
                                          0024(00002beb:.textf)
0028 _COM_faddsub
     SECTION=.RLIB
                 __COM_fsub
                                 0000357d
                 __COM_fadd
                                 00003585 0007(00001dde:.textf)
                                          0007(00001e98:.textf)
0029 _COM_fdiv
     SECTION=.RLIB
                 __COM_fdiv
                                 000036bb 0007(00001e1f:.textf)
                                          0007(00001e3c:.textf)
                                          0007(00001efe:.textf)
                                          0007(00001f1a:.textf)
0030 _COM_fge
     SECTION=.RLIB
                 __COM_fge
                                 0000378a 0007(000011e6:.textf)
                                          0007(00001290:.textf)
                                          0007(00001b06:.textf)
0031 _COM_fgt
     SECTION=.RLIB
                 __COM_fgt
                                 000037a0 0007(00001011:.textf)
                                          0007(0000133f:.textf)
                                          0007(0000146b:.textf)
                                          0007(000014b7:.textf)
0032 _COM_fle
     SECTION=.RLIB
                 __COM_fle
                                 000037b6 0007(000013ff:.textf)
                                          0007(0000166d:.textf)
0033 _COM_flt
     SECTION=.RLIB
                 __COM_flt
                                 000037cc 0007(00000ffb:.textf)
                                          0007(000010f5:.textf)
                                          0007(00001198:.textf)
                                          0007(00001242:.textf)
                                          0007(0000142c:.textf)
                                          0007(000014ff:.textf)
0034 _COM_fmul
     SECTION=.RLIB
                 __COM_fmul
                                 0000382d 0006(00000866:.textf)
                                          0006(00000874:.textf)
                                          0006(0000089f:.textf)
                                          0006(000008ad:.textf)
                                          0007(00001e03:.textf)
                                          0007(00001e11:.textf)
                                          0007(00001ee2:.textf)
                                          0007(00001ef0:.textf)
0035 _COM_funordered
     SECTION=.RLIB
                 __COM_funordered
                                 000038cf 0007(000010e2:.textf)
                                          0007(00001185:.textf)
                                          0007(0000122f:.textf)
                                          0007(0000132c:.textf)
                                          0007(00001419:.textf)
                                          0007(00001458:.textf)
                                          0007(000014a4:.textf)
                                          0007(000014ec:.textf)
                                          0007(00001af3:.textf)
0036 _COM_ultof
     SECTION=.RLIB
                 __COM_ultof
                                 000038da 0006(0000085a:.textf)
                                          0006(00000893:.textf)
                                          0007(00001e31:.textf)
                                          0007(00001f0f:.textf)
0037 _REL_fcmp
     SECTION=.RLIB
                 __REL_fcmp
                                 000038e0 0030(00003794:.RLIB)
                                          0031(000037aa:.RLIB)
                                          0032(000037c0:.RLIB)
                                          0033(000037d6:.RLIB)
0038 _REL_fordered_core
     SECTION=.RLIB
                 __REL_fordered_core
                                 00003918 0030(0000378d:.RLIB)
                                          0031(000037a3:.RLIB)
                                          0032(000037b9:.RLIB)
                                          0033(000037cf:.RLIB)
                                          0035(000038d2:.RLIB)
0039 _REL_f_inf
     SECTION=.RLIB
                 __REL_f_inf
                                 00003934 0028(00003614:.RLIB)
                                          0029(000036a5:.RLIB)
                                          0029(00003745:.RLIB)
                                          0034(000037ff:.RLIB)
                                          0034(000038a2:.RLIB)
0040 _REL_f_norm
     SECTION=.RLIB
                 __REL_f_norm
                                 0000393c 0029(00003686:.RLIB)
                                          0029(000036b1:.RLIB)
                                          0034(00003820:.RLIB)
0041 _REL_f_round
     SECTION=.RLIB
                 __REL_f_round
                                 0000394c 0028(00003621:.RLIB)
                                          0028(00003659:.RLIB)
                                          0029(00003787:.RLIB)
                                          0034(000038af:.RLIB)
0042 _REL_ltof
     SECTION=.RLIB
                 __REL_ltof
                                 0000395f 0036(000038dd:.RLIB)
0043 rlink_generates_01
     SECTION=.option_byte
0044 rlink_generates_02
     SECTION=.monitor1
     SECTION=.monitor2
0045 rlink_generates_03
     SECTION=.security_id
0046 rlink_generates_04
     SECTION=.vect
0047 rlink_generates_05
     SECTION=
                 __s.vect
                                 00000000
                 __s.constf
                                 00000080
                 __e.constf
                                 00000080
                 __s.sdata
                                 00000080
                 __e.sdata
                                 00000080
                 __e.vect
                                 00000080
                 __s.option_byte
                                 000000c0
                 __s.SLIB
                                 000000c4
                 __e.SLIB
                                 000000c4
                 __e.option_byte
                                 000000c4
                 __s.security_id
                                 000000c4
                 __s.monitor1
                                 000000ce
                 __e.security_id
                                 000000ce
                 __s.data
                                 000000d8
                 __e.monitor1
                                 000000d8
                 __s.text
                                 0000018a
                 __e.data
                                 0000018a
                 __e.text
                                 000004a4
                 __s.textf
                                 000004a4
                 __e.textf
                                 00002f1c
                 __s.const
                                 00003000
                 __e.const
                                 00003510
                 __s.RLIB
                                 00003510
                 __e.RLIB
                                 000039a9
                 __s.monitor2
                                 0007fe00
                 __e.monitor2
                                 00080000
                 __RAM_ADDR_START
                                 000f3f00
                 __s.bss
                                 000f4700
                 __e.bss
                                 000f4ac5
                 __s.dataR
                                 000f4ac6
                 __e.dataR
                                 000f4b78
                 __STACK_ADDR_END
                                 000f4b78 0001(0000018f:.text)
                 __s.sbss
                                 000ffe20
                 __e.sbss
                                 000ffe20
                 __s.sdataR
                                 000ffe20
                 __e.sdataR
                                 000ffe20
                 __STACK_ADDR_START
                                 000ffe20 0001(0000018c:.text)
                 __RAM_ADDR_END
                                 000ffee0
