Renesas Optimizing Linker (W3.03.00 )             25-Nov-2021 15:03:23

*** Options ***

-subcommand=LinkerControlPCB_HWM.tmp
-MAKEUD=D:\Chieniwa\E2_Studio\ControlPCB_HWM\HardwareDebug/ControlPCB_HWM_l.ud
-device="D:/Chieniwa/E2_Studio/.eclipse/com.renesas.platform_1435879475/DebugComp/RL78/RL78/Common/DR5F104ML.DVF"
-list="ControlPCB_HWM.map"
-show=all
-nooptimize
-entry=_start
-auto_section_layout
-security_id=00000000000000000000
-debug_monitor=7FE00-7FFFF
-user_opt_byte=FFFFF8
-ocdbg=84
-ocdtr
-input=".\generate\cstart.obj"
-input=".\generate\stkinit.obj"
-input=".\src\EEPROM.obj"
-input=".\src\interupt_handle.obj"
-input=".\src\main.obj"
-input=".\src\r_cg_adc.obj"
-input=".\src\r_cg_adc_user.obj"
-input=".\src\r_cg_cgc.obj"
-input=".\src\r_cg_cgc_user.obj"
-input=".\src\r_cg_dac.obj"
-input=".\src\r_cg_dac_user.obj"
-input=".\src\r_cg_port.obj"
-input=".\src\r_cg_port_user.obj"
-input=".\src\r_cg_rtc.obj"
-input=".\src\r_cg_rtc_user.obj"
-input=".\src\r_cg_serial.obj"
-input=".\src\r_cg_serial_user.obj"
-input=".\src\r_cg_timer.obj"
-input=".\src\r_cg_timer_user.obj"
-input=".\src\r_cg_wdt.obj"
-input=".\src\r_cg_wdt_user.obj"
-input=".\src\r_main.obj"
-input=".\src\r_systeminit.obj"
-input=".\src\usr_timer.obj"
-library="C:\Program Files (x86)\Renesas Electronics\CS+\CC\CC-RL\V1.10.00\lib\rl78em4s99.lib"
-library="C:\Program Files (x86)\Renesas Electronics\CS+\CC\CC-RL\V1.10.00\lib\rl78em4r.lib"
-library="C:\Program Files (x86)\Renesas Electronics\CS+\CC\CC-RL\V1.10.00\lib\malloc_n.lib"
-output="ControlPCB_HWM.abs"
-debug
-nocompress
-rom=.data=.dataR,.sdata=.sdataR
-nomessage
-nologo

*** Error information ***

*** Mapping List ***

SECTION                            START      END         SIZE   ALIGN
.vect
                                  00000000  0000007f        80   0
.constf
                                  00000080  00000080         0   2
.sdata
                                  00000080  00000080         0   2
.option_byte
                                  000000c0  000000c3         4   1
.security_id
                                  000000c4  000000cd         a   1
.SLIB
                                  000000c4  000000c4         0   1
.monitor1
                                  000000ce  000000d7         a   1
.data
                                  000000d8  00000122        4b   2
.text
                                  00000123  0000043c       31a   1
.textf
                                  0000043d  0000187d      1441   1
.RLIB
                                  0000187e  00001d86       509   1
.const
                                  00003000  00003001         2   2
.monitor2
                                  0007fe00  0007ffff       200   1
.bss
                                  000f4700  000f47f5        f6   2
.dataR
                                  000f47f6  000f4840        4b   2
.sbss
                                  000ffe20  000ffe20         0   2
.sdataR
                                  000ffe20  000ffe20         0   2

*** Total Section Size ***

RAMDATA SECTION:  00000141 Byte(s)
ROMDATA SECTION:  000002e5 Byte(s)
PROGRAM SECTION:  00001c64 Byte(s)

*** Symbol List ***

SECTION=
FILE=                               START        END    SIZE
  SYMBOL                            ADDR        SIZE    INFO      COUNTS  OPT
    STRUCT                                      SIZE
      MEMBER                        ADDR        SIZE    INFO

SECTION=.vect
FILE=rlink_generates_04
                                  00000000  0000007f        80

SECTION=.option_byte
FILE=rlink_generates_01
                                  000000c0  000000c3         4

SECTION=.security_id
FILE=rlink_generates_03
                                  000000c4  000000cd         a

SECTION=.monitor1
FILE=rlink_generates_02
                                  000000ce  000000d7         a

SECTION=.data
FILE=.\src\main.obj
                                  000000d8  00000102        2b
FILE=.\src\r_main.obj
                                  00000104  00000122        1f

SECTION=.text
FILE=.\generate\cstart.obj
                                  00000123  0000017c        5a
  _start
                                  00000123         0   entry,g         0
  _exit
                                  0000017b         0   none ,g         1
FILE=.\src\r_cg_adc_user.obj
                                  0000017d  00000196        1a
  _r_adc_interrupt@1
                                  0000017d        1a   func ,l         0
FILE=.\src\r_cg_serial_user.obj
                                  00000197  00000414       27e
  _r_uart1_interrupt_receive@1
                                  00000197        5f   func ,l         0
  _r_uart1_interrupt_send@1
                                  000001f6        31   func ,l         0
  _r_csi00_interrupt@1
                                  00000227        49   func ,l         0
  _r_csi01_interrupt@1
                                  00000270        85   func ,l         0
  _r_uart2_interrupt_receive@1
                                  000002f5        5f   func ,l         0
  _r_uart2_interrupt_send@1
                                  00000354        31   func ,l         0
  _r_uart3_interrupt_receive@1
                                  00000385        5f   func ,l         0
  _r_uart3_interrupt_send@1
                                  000003e4        31   func ,l         0
FILE=.\src\r_cg_timer_user.obj
                                  00000415  0000043a        26
  _r_tau0_channel0_interrupt@1
                                  00000415        1c   func ,l         0
  _r_tau0_channel1_interrupt@1
                                  00000431         5   func ,l         0
  _r_tau0_channel2_interrupt@1
                                  00000436         5   func ,l         0
FILE=.\src\r_cg_wdt_user.obj
                                  0000043b  0000043c         2
  _r_wdt_interrupt@1
                                  0000043b         2   func ,l         0

SECTION=.textf
FILE=.\generate\stkinit.obj
                                  0000043d  00000480        44
  _stkinit
                                  0000043d         0   none ,g         1
  LSTINIT1
                                  0000044b         0   none ,l         1
  LSTINIT2
                                  00000475         0   none ,l         2
  LSTINIT3
                                  00000480         0   none ,l         2
FILE=.\src\EEPROM.obj
                                  00000481  000005fb       17b
  _EEPROM_Init
                                  00000481        2b   func ,g         1
  _rEE_Status
                                  000004ac        1b   func ,g         1
  _sEE_WriteEnable
                                  000004c7        12   func ,g         2
  _sEE_WriteDisable
                                  000004d9        12   func ,g         0
  _EE_SPI_Write
                                  000004eb        5a   func ,g         0
  _EE_SPI_Read
                                  00000545        58   func ,g         0
  _sEE_Block
                                  0000059d        11   func ,g         0
  _sEE_SendInstruction
                                  000005ae         3   func ,g         0
  _sEE_SendReceiveInstruction
                                  000005b1         4   func ,g         0
  _EE_TransmitData
                                  000005b5        2c   func ,g         8
  _sEE_WriteStatusRegister
                                  000005e1        1b   func ,g         2
FILE=.\src\interupt_handle.obj
                                  000005fc  0000065b        60
  _adc_int_handle
                                  000005fc        60   func ,g         1
FILE=.\src\main.obj
                                  0000065c  00000dbd       762
  _setting_default
                                  0000065c        7c   func ,g         1
  _sendToRasPi
                                  000006d8        33   func ,g         d
  _InitialOperationModeStart
                                  0000070b        5e   func ,g         1
  _FlowSensorCheck
                                  00000769        a2   func ,g         1
  _WaterSupplyOperation
                                  0000080b        23   func ,g         1
  _Voltage1Check
                                  0000082e        74   func ,g         1
  _Voltage2Check
                                  000008a2        9a   func ,g         1
  _Voltage3Check
                                  0000093c        81   func ,g         1
  _LowVoltageCheck
                                  000009bd        8a   func ,g         1
  _LowCurrentCheck
                                  00000a47        d5   func ,g         1
  _ElectrolyticOperation
                                  00000b1c        41   func ,g         1
  _solenoidCheck
                                  00000b5d        76   func ,g         0
  _saltWaterTankFullCheck
                                  00000bd3        13   func ,g         0
  _saltWaterTankEmptyCheck
                                  00000be6        10   func ,g         0
  _acidWaterTankSkipCheck
                                  00000bf6        3b   func ,g         0
  _alkalineWaterTankSkipCheck
                                  00000c31        3f   func ,g         0
  _waterTankFullCheck
                                  00000c70         2   func ,g         0
  _main_20211111
                                  00000c72        2e   func ,g         0
  _waitReset
                                  00000ca0         e   func ,g         0
  _electrolyticOperationON
                                  00000cae         a   func ,g         1
  _electrolyticOperationOFF
                                  00000cb8         a   func ,g         8
  _measureFlowSensor
                                  00000cc2        b1   func ,g         1
  _CRC8
                                  00000d73        4b   func ,g         1
FILE=.\src\r_cg_adc.obj
                                  00000dbe  00000e1f        62
  _R_ADC_Create
                                  00000dbe        33   func ,g         2
  _R_ADC_Start
                                  00000df1         a   func ,g         2
  _R_ADC_Stop
                                  00000dfb         a   func ,g         0
  _R_ADC_Set_OperationOn
                                  00000e05         4   func ,g         1
  _R_ADC_Set_OperationOff
                                  00000e09         4   func ,g         0
  _R_ADC_Get_Result
                                  00000e0d         7   func ,g         2
  _R_ADC_Set_ADChannel
                                  00000e14         c   func ,g         0
FILE=.\src\r_cg_cgc.obj
                                  00000e20  00000e35        16
  _R_CGC_Create
                                  00000e20        16   func ,g         1
FILE=.\src\r_cg_cgc_user.obj
                                  00000e36  00000e38         3
  _R_CGC_Get_ResetSource
                                  00000e36         3   func ,g         1
FILE=.\src\r_cg_dac.obj
                                  00000e39  00000e6b        33
  _R_DAC_Create
                                  00000e39        1d   func ,g         1
  _R_DAC0_Start
                                  00000e56         4   func ,g         0
  _R_DAC0_Stop
                                  00000e5a         4   func ,g         0
  _R_DAC0_Set_ConversionValue
                                  00000e5e         3   func ,g         0
  _R_DAC1_Start
                                  00000e61         4   func ,g         0
  _R_DAC1_Stop
                                  00000e65         4   func ,g         0
  _R_DAC1_Set_ConversionValue
                                  00000e69         3   func ,g         0
FILE=.\src\r_cg_port.obj
                                  00000e6c  00000eb3        48
  _R_PORT_Create
                                  00000e6c        48   func ,g         1
FILE=.\src\r_cg_port_user.obj
                                  00000eb4  00000eb4         1
  _R_PORT_Create_UserInit
                                  00000eb4         1   func ,g         1
FILE=.\src\r_cg_rtc.obj
                                  00000eb5  00000ff2       13e
  _R_RTC_Create
                                  00000eb5        27   func ,g         2
  _R_RTC_Start
                                  00000edc         4   func ,g         1
  _R_RTC_Stop
                                  00000ee0         4   func ,g         0
  _R_RTC_Get_CounterValue
                                  00000ee4        51   func ,g         0
  _R_RTC_Set_CounterValue
                                  00000f35        be   func ,g         1
FILE=.\src\r_cg_serial.obj
                                  00000ff3  000014e5       4f3
  _R_CSI01_Receive
                                  00000ff3        1a   func ,g         0
  _R_CSI01_Send
                                  0000100d        26   func ,g         0
  _R_SAU0_Create
                                  00001033        17   func ,g         2
  _R_UART1_Create
                                  0000104a        7e   func ,g         2
  _R_UART1_Start
                                  000010c8        26   func ,g         1
  _R_UART1_Stop
                                  000010ee        1e   func ,g         0
  _R_UART1_Receive
                                  0000110c        18   func ,g         0
  _R_UART1_Send
                                  00001124        29   func ,g         0
  _R_CSI00_Create
                                  0000114d        53   func ,g         2
  _R_CSI00_Start
                                  000011a0        26   func ,g         1
  _R_CSI00_Stop
                                  000011c6        18   func ,g         0
  _R_CSI00_Send
                                  000011de        28   func ,g         0
  _R_CSI01_Create
                                  00001206        5a   func ,g         3
  _R_CSI01_Start
                                  00001260        26   func ,g         1
  _R_CSI01_Stop
                                  00001286        18   func ,g         1
  _R_CSI01_Send_Receive
                                  0000129e        36   func ,g         1
  _R_SAU1_Create
                                  000012d4        14   func ,g         2
  _R_UART2_Create
                                  000012e8        7e   func ,g         2
  _R_UART2_Start
                                  00001366        26   func ,g         2
  _R_UART2_Stop
                                  0000138c        1e   func ,g         1
  _R_UART2_Receive
                                  000013aa        18   func ,g         2
  _R_UART2_Send
                                  000013c2        29   func ,g         2
  _R_UART3_Create
                                  000013eb        76   func ,g         2
  _R_UART3_Start
                                  00001461        26   func ,g         1
  _R_UART3_Stop
                                  00001487        1e   func ,g         0
  _R_UART3_Receive
                                  000014a5        18   func ,g         0
  _R_UART3_Send
                                  000014bd        29   func ,g         0
FILE=.\src\r_cg_serial_user.obj
                                  000014e6  0000151c        37
  _r_uart1_callback_receiveend@1
                                  000014e6         1   func ,l         1
  _r_uart1_callback_softwareoverrun@1
                                  000014e7         1   func ,l         1
  _r_uart1_callback_sendend@1
                                  000014e8         1   func ,l         1
  _r_uart1_callback_error@1
                                  000014e9         1   func ,l         1
  _r_csi00_callback_sendend@1
                                  000014ea         1   func ,l         1
  _r_csi01_callback_receiveend@1
                                  000014eb         7   func ,l         1
  _r_csi01_callback_error@1
                                  000014f2         1   func ,l         1
  _r_csi01_callback_sendend@1
                                  000014f3         4   func ,l         1
  _r_uart2_callback_receiveend@1
                                  000014f7        1c   func ,l         1
  _r_uart2_callback_softwareoverrun@1
                                  00001513         1   func ,l         1
  _r_uart2_callback_sendend@1
                                  00001514         4   func ,l         1
  _r_uart2_callback_error@1
                                  00001518         1   func ,l         1
  _r_uart3_callback_receiveend@1
                                  00001519         1   func ,l         1
  _r_uart3_callback_softwareoverrun@1
                                  0000151a         1   func ,l         1
  _r_uart3_callback_sendend@1
                                  0000151b         1   func ,l         1
  _r_uart3_callback_error@1
                                  0000151c         1   func ,l         1
FILE=.\src\r_cg_timer.obj
                                  0000151d  00001629       10d
  _R_TAU0_Create
                                  0000151d        ad   func ,g         2
  _R_TAU0_Channel0_Start
                                  000015ca        10   func ,g         1
  _R_TAU0_Channel0_Stop
                                  000015da        10   func ,g         0
  _R_TAU0_Channel1_Start
                                  000015ea        10   func ,g         0
  _R_TAU0_Channel1_Stop
                                  000015fa        10   func ,g         0
  _R_TAU0_Channel2_Start
                                  0000160a        10   func ,g         0
  _R_TAU0_Channel2_Stop
                                  0000161a        10   func ,g         0
FILE=.\src\r_cg_wdt.obj
                                  0000162a  0000163e        15
  _R_WDT_Create
                                  0000162a        11   func ,g         1
  _R_WDT_Restart
                                  0000163b         4   func ,g         9
FILE=.\src\r_main.obj
                                  0000163f  00001754       116
  _main
                                  0000163f        cb   func ,g         1
  _R_MAIN_UserInit
                                  0000170a        4b   func ,g         1
FILE=.\src\r_systeminit.obj
                                  00001755  0000178b        37
  _R_Systeminit
                                  00001755        32   func ,g         1
  _hdwinit
                                  00001787         5   func ,g         1
FILE=.\src\usr_timer.obj
                                  0000178c  0000187d        f2
  _delay_ms
                                  0000178c        68   func ,g         8
  _delay
                                  000017f4         f   func ,g         5
  _ns_delay_ms
                                  00001803        35   func ,g         3
  _non_block_delay
                                  00001838         2   func ,g         0
  _mTask
                                  0000183a        44   func ,g         0

SECTION=.RLIB
FILE=memcpy
                                  0000187e  0000188e        11
  _memcpy
                                  0000187e         0   none ,g         1
FILE=memset
                                  0000188f  0000189c         e
  _memset
                                  0000188f         0   none ,g         2
FILE=_COM_faddsub
                                  0000189d  000019d7       13b
  __COM_fsub
                                  000018f9         0   none ,g         0
  __COM_fadd
                                  00001901         0   none ,g         1
FILE=_COM_fdiv
                                  000019d8  00001b05       12e
  __COM_fdiv
                                  00001a37         0   none ,g         1
FILE=_COM_fge
                                  00001b06  00001b1b        16
  __COM_fge
                                  00001b06         0   none ,g         2
FILE=_COM_fgt
                                  00001b1c  00001b31        16
  __COM_fgt
                                  00001b1c         0   none ,g         2
FILE=_COM_fle
                                  00001b32  00001b47        16
  __COM_fle
                                  00001b32         0   none ,g         2
FILE=_COM_flt
                                  00001b48  00001b5d        16
  __COM_flt
                                  00001b48         0   none ,g         4
FILE=_COM_fmul
                                  00001b5e  00001c4a        ed
  __COM_fmul
                                  00001ba9         0   none ,g         5
FILE=_COM_ftoul
                                  00001c4b  00001c56         c
  __COM_ftoul
                                  00001c4b         0   none ,g         1
FILE=_COM_funordered
                                  00001c57  00001c61         b
  __COM_funordered
                                  00001c57         0   none ,g         8
FILE=_COM_ultof
                                  00001c62  00001c67         6
  __COM_ultof
                                  00001c62         0   none ,g         4
FILE=_REL_fcmp
                                  00001c68  00001c9f        38
  __REL_fcmp
                                  00001c68         0   none ,g         4
FILE=_REL_fordered_core
                                  00001ca0  00001cbb        1c
  __REL_fordered_core
                                  00001ca0         0   none ,g         5
FILE=_REL_ftol
                                  00001cbc  00001cf0        35
  __REL_ftol
                                  00001cbc         0   none ,g         1
FILE=_REL_f_inf
                                  00001cf1  00001cf8         8
  __REL_f_inf
                                  00001cf1         0   none ,g         5
FILE=_REL_f_norm
                                  00001cf9  00001d08        10
  __REL_f_norm
                                  00001cf9         0   none ,g         3
FILE=_REL_f_round
                                  00001d09  00001d1b        13
  __REL_f_round
                                  00001d09         0   none ,g         4
FILE=_REL_ltof
                                  00001d1c  00001d65        4a
  __REL_ltof
                                  00001d1c         0   none ,g         1
FILE=_COM_lshr
                                  00001d66  00001d86        21
  __COM_lshr
                                  00001d70         0   none ,g         1

SECTION=.const
FILE=.\src\EEPROM.obj
                                  00003000  00003001         2

SECTION=.monitor2
FILE=rlink_generates_02
                                  0007fe00  0007ffff       200

SECTION=.bss
FILE=.\src\EEPROM.obj
                                  000f4700  000f4703         4
  _eeprom_status
                                  000f4700         1   data ,g         8
    union  EEPROM_status_u {
                                                   1
      _eeprom_status.refined
                                  000f4700         1
    struct  {
                                                   1
      _eeprom_status.refined.RB
                                  000f4700         1   unsigned char:1(7)
      _eeprom_status.refined.WEN
                                  000f4700         1   unsigned char:1(6)
      _eeprom_status.refined.BP
                                  000f4700         1   unsigned char:2(4)
      _eeprom_status.refined.RSVD
                                  000f4700         1   unsigned char:3(1)
      _eeprom_status.refined.WPEN
                                  000f4700         1   unsigned char:1(0)
    }
      _eeprom_status.raw
                                  000f4700         1   unsigned char
    }
  _spi_flag
                                  000f4702         2   data ,g         3
FILE=.\src\interupt_handle.obj
                                  000f4704  000f4707         4
  _g_adc_value
                                  000f4704         4   data ,g         5
FILE=.\src\main.obj
                                  000f4708  000f4737        30
  _g_numberSetting
                                  000f4708        22   data ,g        20
    struct Number_Setting_s {
                                                  22
      _g_numberSetting.upperVoltage1
                                  000f4708         4   float
      _g_numberSetting.upperVoltage2
                                  000f470c         4   float
      _g_numberSetting.upperVoltage3
                                  000f4710         4   float
      _g_numberSetting.lowerVoltage
                                  000f4714         4   float
      _g_numberSetting.upperCurrent
                                  000f4718         4   float
      _g_numberSetting.lowerCurrent
                                  000f471c         4   float
      _g_numberSetting.upperFlow
                                  000f4720         4   float
      _g_numberSetting.lowerFlow
                                  000f4724         4   float
      _g_numberSetting.crc
                                  000f4728         1   char
    }
  _g_cvcc_current
                                  000f472a         4   data ,g         6
  _g_cvcc_voltge
                                  000f472e         4   data ,g         a
  _g_alarm
                                  000f4732         1   data ,g         0
  _g_flow_value
                                  000f4734         4   data ,g         4
FILE=.\src\r_cg_rtc_user.obj
                                  000f4738  000f473e         7
  _g_rtc
                                  000f4738         7   data ,g         3
    struct  {
                                                   7
      _g_rtc.sec
                                  000f4738         1   unsigned char
      _g_rtc.min
                                  000f4739         1   unsigned char
      _g_rtc.hour
                                  000f473a         1   unsigned char
      _g_rtc.day
                                  000f473b         1   unsigned char
      _g_rtc.week
                                  000f473c         1   unsigned char
      _g_rtc.month
                                  000f473d         1   unsigned char
      _g_rtc.year
                                  000f473e         1   unsigned char
    }
FILE=.\src\r_cg_serial.obj
                                  000f4740  000f4775        36
  _gp_uart1_tx_address
                                  000f4740         2   data ,g         5
  _g_uart1_tx_count
                                  000f4742         2   data ,g         4
  _gp_uart1_rx_address
                                  000f4744         2   data ,g         3
  _g_uart1_rx_count
                                  000f4746         2   data ,g         4
  _g_uart1_rx_length
                                  000f4748         2   data ,g         3
  _gp_csi00_rx_address
                                  000f474a         2   data ,g         0
  _g_csi00_rx_length
                                  000f474c         2   data ,g         0
  _g_csi00_rx_count
                                  000f474e         2   data ,g         0
  _gp_csi00_tx_address
                                  000f4750         2   data ,g         6
  _g_csi00_send_length
                                  000f4752         2   data ,g         0
  _g_csi00_tx_count
                                  000f4754         2   data ,g         4
  _gp_csi01_rx_address
                                  000f4756         2   data ,g         5
  _g_csi01_rx_length
                                  000f4758         2   data ,g         1
  _g_csi01_rx_count
                                  000f475a         2   data ,g         1
  _gp_csi01_tx_address
                                  000f475c         2   data ,g         7
  _g_csi01_send_length
                                  000f475e         2   data ,g         0
  _g_csi01_tx_count
                                  000f4760         2   data ,g         7
  _gp_uart2_tx_address
                                  000f4762         2   data ,g         5
  _g_uart2_tx_count
                                  000f4764         2   data ,g         4
  _gp_uart2_rx_address
                                  000f4766         2   data ,g         3
  _g_uart2_rx_count
                                  000f4768         2   data ,g         4
  _g_uart2_rx_length
                                  000f476a         2   data ,g         3
  _gp_uart3_tx_address
                                  000f476c         2   data ,g         5
  _g_uart3_tx_count
                                  000f476e         2   data ,g         4
  _gp_uart3_rx_address
                                  000f4770         2   data ,g         3
  _g_uart3_rx_count
                                  000f4772         2   data ,g         4
  _g_uart3_rx_length
                                  000f4774         2   data ,g         3
FILE=.\src\r_cg_serial_user.obj
                                  000f4776  000f479d        28
  _g_csi_count
                                  000f4776         1   data ,g         0
  _g_csi_err
                                  000f4777         1   data ,g         0
  _g_csi_send_end
                                  000f4778         1   data ,g         1
  _g_csi_rev_end
                                  000f4779         1   data ,g         3
  _g_uart1_end
                                  000f477a         1   data ,g         0
  _g_uart2_send
                                  000f477b         1   data ,g         5
  _g_uart2_receive
                                  000f477c         1   data ,g         1
  _g_rx_data
                                  000f477d        20   data ,g         3
  _g_uart2_fault
                                  000f479d         1   data ,g         4
FILE=.\src\r_cg_timer_user.obj
                                  000f479e  000f47a5         8
  _timer0_ch0_flag
                                  000f479e         1   data ,g         1
  _timer0_ch1_flag
                                  000f479f         1   data ,g         1
  _timer0_ch2_flag
                                  000f47a0         1   data ,g         1
  _g_systemTime
                                  000f47a2         4   data ,g        14
FILE=.\src\r_main.obj
                                  000f47a6  000f47f5        50
  __stamp
                                  000f47a6         c   data ,g         2
  _g_e_status
                                  000f47b2         1   data ,g         0
    union  EEPROM_status_u {
                                                   1
      _g_e_status.refined
                                  000f47b2         1
    struct  {
                                                   1
      _g_e_status.refined.RB
                                  000f47b2         1   unsigned char:1(7)
      _g_e_status.refined.WEN
                                  000f47b2         1   unsigned char:1(6)
      _g_e_status.refined.BP
                                  000f47b2         1   unsigned char:2(4)
      _g_e_status.refined.RSVD
                                  000f47b2         1   unsigned char:3(1)
      _g_e_status.refined.WPEN
                                  000f47b2         1   unsigned char:1(0)
    }
      _g_e_status.raw
                                  000f47b2         1   unsigned char
    }
  _flow_p
                                  000f47b3         1   data ,g         1
  _salt_h_p
                                  000f47b4         1   data ,g         0
  _g_eeprom_wren
                                  000f47b5         1   data ,g         0
  _receive_data
                                  000f47b6         2   data ,g         0
  _receive_setting
                                  000f47b8        22   data ,g         0
    struct Number_Setting_s {
                                                  22
      _receive_setting.upperVoltage1
                                  000f47b8         4   float
      _receive_setting.upperVoltage2
                                  000f47bc         4   float
      _receive_setting.upperVoltage3
                                  000f47c0         4   float
      _receive_setting.lowerVoltage
                                  000f47c4         4   float
      _receive_setting.upperCurrent
                                  000f47c8         4   float
      _receive_setting.lowerCurrent
                                  000f47cc         4   float
      _receive_setting.upperFlow
                                  000f47d0         4   float
      _receive_setting.lowerFlow
                                  000f47d4         4   float
      _receive_setting.crc
                                  000f47d8         1   char
    }
  _set
                                  000f47da         1   data ,g         0
    union  EEPROM_status_u {
                                                   1
      _set.refined
                                  000f47da         1
    struct  {
                                                   1
      _set.refined.RB
                                  000f47da         1   unsigned char:1(7)
      _set.refined.WEN
                                  000f47da         1   unsigned char:1(6)
      _set.refined.BP
                                  000f47da         1   unsigned char:2(4)
      _set.refined.RSVD
                                  000f47da         1   unsigned char:3(1)
      _set.refined.WPEN
                                  000f47da         1   unsigned char:1(0)
    }
      _set.raw
                                  000f47da         1   unsigned char
    }
  _rx_data
                                  000f47dc         c   data ,g         0
  _data_f
                                  000f47e8         4   data ,g         0
  _data_f_test
                                  000f47ec         4   data ,g         0
    union  byte_to_float {
                                                   4
      _data_f_test.refined
                                  000f47ec         4
    struct  {
                                                   4
      _data_f_test.refined.b
                                  000f47ec         4   unsigned char
    }
      _data_f_test.raw
                                  000f47ec         4   float
    }
  _g_control_buffer
                                  000f47f0         6   data ,g         5
    struct UART_Buffer_s {
                                                   6
      _g_control_buffer.head
                                  000f47f0         1   unsigned char
      _g_control_buffer.set_number
                                  000f47f1         1   unsigned char
      _g_control_buffer.set_value
                                  000f47f2         4   unsigned long
    }

SECTION=.dataR
FILE=.\src\main.obj
                                  000f47f6  000f4820        2b
  _g_timerSetting
                                  000f47f6        26   data ,g        1f
    struct Timer_Setting_s {
                                                  26
      _g_timerSetting.t2_flowSensorStartTime
                                  000f47f6         4   unsigned long
      _g_timerSetting.t3_flowSensorMonitorTime
                                  000f47fa         4   unsigned long
      _g_timerSetting.t6_drainageOffTime
                                  000f47fe         4   unsigned long
      _g_timerSetting.t11_overVoltage1Time
                                  000f4802         4   unsigned long
      _g_timerSetting.t12_overVoltage2Time
                                  000f4806         4   unsigned long
      _g_timerSetting.t13_overVoltage3Time
                                  000f480a         4   unsigned long
      _g_timerSetting.t14_lowVoltageStartTime
                                  000f480e         4   unsigned long
      _g_timerSetting.t15_lowVoltageDelayTime
                                  000f4812         4   unsigned long
      _g_timerSetting.t17_solenoidLeakageStartTime
                                  000f4816         4   unsigned long
      _g_timerSetting.crc
                                  000f481a         1   char
    }
  _g_neutralization_time
                                  000f481c         4   data ,g         0
  _g_electrolytic_flag
                                  000f4820         1   data ,g         2
FILE=.\src\r_main.obj
                                  000f4822  000f4840        1f
  _g_error
                                  000f4822         2   data ,g         1
  _g_adc_ch
                                  000f4824         2   data ,g         0
  _led_st
                                  000f4826         1   data ,g         3
  _e_send
                                  000f4827         c   data ,g         0
  _e_data
                                  000f4833         c   data ,g         0
  _send_data
                                  000f483f         2   data ,g         0

Absolute value symbols
FILE=rlink_generates_05
  __s.text
                                  00000123         0   none ,g         0
  __e.text
                                  0000043d         0   none ,g         0
  __s.textf
                                  0000043d         0   none ,g         0
  __e.textf
                                  0000187e         0   none ,g         0
  __s.const
                                  00003000         0   none ,g         0
  __e.const
                                  00003002         0   none ,g         0
  __s.constf
                                  00000080         0   none ,g         0
  __e.constf
                                  00000080         0   none ,g         0
  __s.data
                                  000000d8         0   none ,g         0
  __e.data
                                  00000123         0   none ,g         0
  __s.sdata
                                  00000080         0   none ,g         0
  __e.sdata
                                  00000080         0   none ,g         0
  __s.bss
                                  000f4700         0   none ,g         0
  __e.bss
                                  000f47f6         0   none ,g         0
  __s.sbss
                                  000ffe20         0   none ,g         0
  __e.sbss
                                  000ffe20         0   none ,g         0
  __s.dataR
                                  000f47f6         0   none ,g         0
  __e.dataR
                                  000f4841         0   none ,g         0
  __s.sdataR
                                  000ffe20         0   none ,g         0
  __e.sdataR
                                  000ffe20         0   none ,g         0
  __s.RLIB
                                  0000187e         0   none ,g         0
  __e.RLIB
                                  00001d87         0   none ,g         0
  __s.SLIB
                                  000000c4         0   none ,g         0
  __e.SLIB
                                  000000c4         0   none ,g         0
  __s.option_byte
                                  000000c0         0   none ,g         0
  __e.option_byte
                                  000000c4         0   none ,g         0
  __s.monitor1
                                  000000ce         0   none ,g         0
  __e.monitor1
                                  000000d8         0   none ,g         0
  __s.monitor2
                                  0007fe00         0   none ,g         0
  __e.monitor2
                                  00080000         0   none ,g         0
  __s.security_id
                                  000000c4         0   none ,g         0
  __e.security_id
                                  000000ce         0   none ,g         0
  __s.vect
                                  00000000         0   none ,g         0
  __e.vect
                                  00000080         0   none ,g         0
  __RAM_ADDR_START
                                  000f3f00         0   none ,g         0
  __RAM_ADDR_END
                                  000ffee0         0   none ,g         0
  __STACK_ADDR_START
                                  000ffe20         0   none ,g         1
  __STACK_ADDR_END
                                  000f4842         0   none ,g         1

*** Unfilled Areas ***

AREA                                START    END

*** Delete Symbols ***

SYMBOL                                SIZE    INFO

*** Variable Vector Table List ***

ADDRESS  SYMBOL/ADDRESS
00       _start
02       ffff
04       _r_wdt_interrupt@1
06       
08       
0a       
0c       
0e       
10       
12       
14       _r_uart2_interrupt_send@1
16       _r_uart2_interrupt_receive@1
18       
1a       
1c       
1e       _r_csi00_interrupt@1
20       _r_csi01_interrupt@1
22       
24       _r_uart1_interrupt_send@1
26       _r_uart1_interrupt_receive@1
28       
2a       
2c       _r_tau0_channel0_interrupt@1
2e       _r_tau0_channel1_interrupt@1
30       _r_tau0_channel2_interrupt@1
32       
34       _r_adc_interrupt@1
36       
38       
3a       
3c       _r_uart3_interrupt_send@1
3e       _r_uart3_interrupt_receive@1
40       
42       
44       
46       
48       
4a       
4c       
4e       
50       
52       
54       
56       
58       
5a       
5c       
5e       
60       
62       
64       
66       
68       
6a       
6c       
6e       
70       
72       
74       
76       
78       
7a       
7c       
7e       

*** Cross Reference List ***

No   Unit Name   Global.Symbol   Location External Infomation
---- ----------- --------------- -------- ---------------------
0001 cstart
     SECTION=.text
                 _start
                                 00000123
                 _exit
                                 0000017b 0001(0000017c:.text)
     SECTION=.textf
     SECTION=.const
     SECTION=.constf
     SECTION=.data
     SECTION=.sdata
     SECTION=.bss
     SECTION=.sbss
     SECTION=.dataR
     SECTION=.sdataR
     SECTION=.RLIB
     SECTION=.SLIB
     SECTION=.dataR
     SECTION=.sdataR
0002 stkinit
     SECTION=.textf
                 _stkinit
                                 0000043d 0001(0000012b:.text)
0003 EEPROM
     SECTION=.textf
                 _EEPROM_Init
                                 00000481 0022(00001648:.textf)
                 _rEE_Status
                                 000004ac 0003(00000563:.textf)
                 _sEE_WriteEnable
                                 000004c7 0003(00000531:.textf)
                                          0003(000005f1:.textf)
                 _sEE_WriteDisable
                                 000004d9
                 _EE_SPI_Write
                                 000004eb
                 _EE_SPI_Read
                                 00000545
                 _sEE_Block
                                 0000059d
                 _sEE_SendInstruction
                                 000005ae
                 _sEE_SendReceiveInstruction
                                 000005b1
                 _EE_TransmitData
                                 000005b5 0003(000004be:.textf)
                                          0003(000004d5:.textf)
                                          0003(000004e7:.textf)
                                          0003(00000540:.textf)
                                          0003(00000578:.textf)
                                          0003(000005b0:.textf)
                                          0003(000005b4:.textf)
                                          0003(000005f8:.textf)
                 _sEE_WriteStatusRegister
                                 000005e1 0003(000004aa:.textf)
                                          0003(000005ad:.textf)
     SECTION=.bss
                 _eeprom_status
                                 000f4700 0003(000004a0:.textf)
                                          0003(000004a5:.textf)
                                          0003(000004c3:.textf)
                                          0003(0000050b:.textf)
                                          0003(00000566:.textf)
                                          0003(000005a5:.textf)
                                          0003(000005aa:.textf)
                                          0003(000005e3:.textf)
                 _spi_flag
                                 000f4702 0003(00000494:.textf)
                                          0003(000005b6:.textf)
                                          0003(000005d4:.textf)
     SECTION=.const
0004 interupt_handle
     SECTION=.textf
                 _adc_int_handle
                                 000005fc 0007(00000188:.text)
     SECTION=.bss
                 _g_adc_value
                                 000f4704 0004(00000605:.textf)
                                          0004(0000060c:.textf)
                                          0004(00000630:.textf)
                                          0004(00000637:.textf)
                                          0005(00000831:.textf)
0005 main
     SECTION=.textf
                 _setting_default
                                 0000065c 0022(0000164c:.textf)
                 _sendToRasPi
                                 000006d8 0005(00000806:.textf)
                                          0005(0000089d:.textf)
                                          0005(0000091d:.textf)
                                          0005(000009af:.textf)
                                          0005(00000a39:.textf)
                                          0005(00000aac:.textf)
                                          0005(00000b12:.textf)
                                          0005(00000b41:.textf)
                                          0005(00000bd0:.textf)
                                          0005(00000be1:.textf)
                                          0005(00000bf3:.textf)
                                          0005(00000c2f:.textf)
                                          0005(00000c6e:.textf)
                 _InitialOperationModeStart
                                 0000070b 0005(00000c73:.textf)
                 _FlowSensorCheck
                                 00000769 0005(00000823:.textf)
                 _WaterSupplyOperation
                                 0000080b 0005(00000c76:.textf)
                 _Voltage1Check
                                 0000082e 0005(00000b26:.textf)
                 _Voltage2Check
                                 000008a2 0005(00000b29:.textf)
                 _Voltage3Check
                                 0000093c 0005(00000b2c:.textf)
                 _LowVoltageCheck
                                 000009bd 0005(00000b2f:.textf)
                 _LowCurrentCheck
                                 00000a47 0005(00000b32:.textf)
                 _ElectrolyticOperation
                                 00000b1c 0005(00000c79:.textf)
                 _solenoidCheck
                                 00000b5d
                 _saltWaterTankFullCheck
                                 00000bd3
                 _saltWaterTankEmptyCheck
                                 00000be6
                 _acidWaterTankSkipCheck
                                 00000bf6
                 _alkalineWaterTankSkipCheck
                                 00000c31
                 _waterTankFullCheck
                                 00000c70
                 _main_20211111
                                 00000c72
                 _waitReset
                                 00000ca0
                 _electrolyticOperationON
                                 00000cae 0005(000009c0:.textf)
                 _electrolyticOperationOFF
                                 00000cb8 0005(00000891:.textf)
                                          0005(000009b2:.textf)
                                          0005(00000a3c:.textf)
                                          0005(00000b17:.textf)
                                          0005(00000b44:.textf)
                                          0005(00000be4:.textf)
                                          0005(00000c71:.textf)
                                          0005(00000c8e:.textf)
                 _measureFlowSensor
                                 00000cc2 0005(00000776:.textf)
                 _CRC8
                                 00000d73 0022(000016d9:.textf)
     SECTION=.bss
                 _g_numberSetting
                                 000f4708 0005(00000660:.textf)
                                          0005(00000666:.textf)
                                          0005(00000669:.textf)
                                          0005(0000066f:.textf)
                                          0005(00000675:.textf)
                                          0005(00000678:.textf)
                                          0005(0000067e:.textf)
                                          0005(00000683:.textf)
                                          0005(00000687:.textf)
                                          0005(0000068a:.textf)
                                          0005(000006a2:.textf)
                                          0005(000006a8:.textf)
                                          0005(000006ae:.textf)
                                          0005(000006b4:.textf)
                                          0005(00000784:.textf)
                                          0005(0000078a:.textf)
                                          0005(000007bd:.textf)
                                          0005(000007c3:.textf)
                                          0005(00000856:.textf)
                                          0005(0000085c:.textf)
                                          0005(000008bb:.textf)
                                          0005(000008c1:.textf)
                                          0005(0000094d:.textf)
                                          0005(00000953:.textf)
                                          0005(000009d7:.textf)
                                          0005(000009dd:.textf)
                                          0005(00000a4a:.textf)
                                          0005(00000a4e:.textf)
                                          0005(00000a64:.textf)
                                          0005(00000a6a:.textf)
                                          0005(00000aaf:.textf)
                                          0005(00000ab5:.textf)
                 _g_cvcc_current
                                 000f472a 0004(0000064f:.textf)
                                          0004(00000653:.textf)
                                          0005(00000a52:.textf)
                                          0005(00000a58:.textf)
                                          0005(00000abb:.textf)
                                          0005(00000ac1:.textf)
                 _g_cvcc_voltge
                                 000f472e 0004(00000624:.textf)
                                          0004(00000628:.textf)
                                          0005(0000084e:.textf)
                                          0005(00000853:.textf)
                                          0005(000008c7:.textf)
                                          0005(000008cd:.textf)
                                          0005(00000959:.textf)
                                          0005(0000095f:.textf)
                                          0005(000009e3:.textf)
                                          0005(000009e9:.textf)
                 _g_alarm
                                 000f4732
                 _g_flow_value
                                 000f4734 0005(0000077b:.textf)
                                          0005(00000781:.textf)
                                          0005(00000b77:.textf)
                                          0005(00000b7a:.textf)
     SECTION=.dataR
                 _g_timerSetting
                                 000f47f6 0005(0000068d:.textf)
                                          0005(00000690:.textf)
                                          0005(00000693:.textf)
                                          0005(00000696:.textf)
                                          0005(00000699:.textf)
                                          0005(0000069c:.textf)
                                          0005(000006ba:.textf)
                                          0005(000006c0:.textf)
                                          0005(000006c6:.textf)
                                          0005(000006c9:.textf)
                                          0005(000006cf:.textf)
                                          0005(000006d5:.textf)
                                          0005(000008a8:.textf)
                                          0005(000008b0:.textf)
                                          0005(00000907:.textf)
                                          0005(00000911:.textf)
                                          0005(00000943:.textf)
                                          0005(0000094a:.textf)
                                          0005(00000999:.textf)
                                          0005(000009a3:.textf)
                                          0005(000009cd:.textf)
                                          0005(000009d4:.textf)
                                          0005(00000a23:.textf)
                                          0005(00000a2d:.textf)
                                          0005(00000b60:.textf)
                                          0005(00000b6c:.textf)
                                          0005(00000ba6:.textf)
                                          0005(00000bb2:.textf)
                                          0022(000016d6:.textf)
                                          0022(000016dd:.textf)
                                          0022(000016e3:.textf)
                 _g_neutralization_time
                                 000f481c
                 _g_electrolytic_flag
                                 000f4820 0005(00000cb5:.textf)
                                          0005(00000cbf:.textf)
     SECTION=.data
0006 r_cg_adc
     SECTION=.textf
                 _R_ADC_Create
                                 00000dbe 0022(0000174a:.textf)
                                          0023(00001770:.textf)
                 _R_ADC_Start
                                 00000df1 0004(00000659:.textf)
                                          0022(00001752:.textf)
                 _R_ADC_Stop
                                 00000dfb
                 _R_ADC_Set_OperationOn
                                 00000e05 0022(0000174e:.textf)
                 _R_ADC_Set_OperationOff
                                 00000e09
                 _R_ADC_Get_Result
                                 00000e0d 0004(00000608:.textf)
                                          0004(00000633:.textf)
                 _R_ADC_Set_ADChannel
                                 00000e14
0007 r_cg_adc_user
     SECTION=.text
0008 r_cg_cgc
     SECTION=.textf
                 _R_CGC_Create
                                 00000e20 0023(00001760:.textf)
0009 r_cg_cgc_user
     SECTION=.textf
                 _R_CGC_Get_ResetSource
                                 00000e36 0023(0000175c:.textf)
0010 r_cg_dac
     SECTION=.textf
                 _R_DAC_Create
                                 00000e39 0023(00001780:.textf)
                 _R_DAC0_Start
                                 00000e56
                 _R_DAC0_Stop
                                 00000e5a
                 _R_DAC0_Set_ConversionValue
                                 00000e5e
                 _R_DAC1_Start
                                 00000e61
                 _R_DAC1_Stop
                                 00000e65
                 _R_DAC1_Set_ConversionValue
                                 00000e69
0011 r_cg_dac_user
0012 r_cg_port
     SECTION=.textf
                 _R_PORT_Create
                                 00000e6c 0023(00001764:.textf)
0013 r_cg_port_user
     SECTION=.textf
                 _R_PORT_Create_UserInit
                                 00000eb4 0022(0000172a:.textf)
0014 r_cg_rtc
     SECTION=.textf
                 _R_RTC_Create
                                 00000eb5 0022(00001726:.textf)
                                          0023(0000177c:.textf)
                 _R_RTC_Start
                                 00000edc 0022(0000166c:.textf)
                 _R_RTC_Stop
                                 00000ee0
                 _R_RTC_Get_CounterValue
                                 00000ee4
                 _R_RTC_Set_CounterValue
                                 00000f35 0022(00001666:.textf)
0015 r_cg_rtc_user
     SECTION=.bss
                 _g_rtc
                                 000f4738 0022(00001650:.textf)
                                          0022(00001654:.textf)
                                          0022(0000165f:.textf)
0016 r_cg_serial
     SECTION=.textf
                 _R_CSI01_Receive
                                 00000ff3
                 _R_CSI01_Send
                                 0000100d
                 _R_SAU0_Create
                                 00001033 0022(00001712:.textf)
                                          0023(00001768:.textf)
                 _R_UART1_Create
                                 0000104a 0016(00001042:.textf)
                                          0022(0000171a:.textf)
                 _R_UART1_Start
                                 000010c8 0022(0000173e:.textf)
                 _R_UART1_Stop
                                 000010ee
                 _R_UART1_Receive
                                 0000110c
                 _R_UART1_Send
                                 00001124
                 _R_CSI00_Create
                                 0000114d 0016(00001045:.textf)
                                          0022(00001732:.textf)
                 _R_CSI00_Start
                                 000011a0 0022(00001746:.textf)
                 _R_CSI00_Stop
                                 000011c6
                 _R_CSI00_Send
                                 000011de
                 _R_CSI01_Create
                                 00001206 0003(00000484:.textf)
                                          0016(00001048:.textf)
                                          0022(0000172e:.textf)
                 _R_CSI01_Start
                                 00001260 0003(000005c1:.textf)
                 _R_CSI01_Stop
                                 00001286 0017(000014ef:.textf)
                 _R_CSI01_Send_Receive
                                 0000129e 0003(000005d0:.textf)
                 _R_SAU1_Create
                                 000012d4 0022(00001716:.textf)
                                          0023(0000176c:.textf)
                 _R_UART2_Create
                                 000012e8 0016(000012e3:.textf)
                                          0022(0000171e:.textf)
                 _R_UART2_Start
                                 00001366 0022(00001698:.textf)
                                          0022(00001742:.textf)
                 _R_UART2_Stop
                                 0000138c 0022(0000168c:.textf)
                 _R_UART2_Receive
                                 000013aa 0017(000014fe:.textf)
                                          0022(00001676:.textf)
                 _R_UART2_Send
                                 000013c2 0005(000006fe:.textf)
                                          0022(000016e6:.textf)
                 _R_UART3_Create
                                 000013eb 0016(000012e6:.textf)
                                          0022(00001722:.textf)
                 _R_UART3_Start
                                 00001461 0022(0000173a:.textf)
                 _R_UART3_Stop
                                 00001487
                 _R_UART3_Receive
                                 000014a5
                 _R_UART3_Send
                                 000014bd
     SECTION=.bss
                 _gp_uart1_tx_address
                                 000f4740 0016(00001133:.textf)
                                          0016(0000113c:.textf)
                                          0016(00001144:.textf)
                                          0017(00000218:.text)
                                          0017(00000220:.text)
                 _g_uart1_tx_count
                                 000f4742 0016(00001137:.textf)
                                          0016(00001147:.textf)
                                          0017(00000201:.text)
                                          0017(00000223:.text)
                 _gp_uart1_rx_address
                                 000f4744 0016(00001120:.textf)
                                          0017(000001cc:.text)
                                          0017(000001d0:.text)
                 _g_uart1_rx_count
                                 000f4746 0016(00001118:.textf)
                                          0017(000001c4:.text)
                                          0017(000001d3:.text)
                                          0017(000001d9:.text)
                 _g_uart1_rx_length
                                 000f4748 0016(0000111c:.textf)
                                          0017(000001c1:.text)
                                          0017(000001d6:.text)
                 _gp_csi00_rx_address
                                 000f474a
                 _g_csi00_rx_length
                                 000f474c
                 _g_csi00_rx_count
                                 000f474e
                 _gp_csi00_tx_address
                                 000f4750 0016(00001024:.textf)
                                          0016(000011f0:.textf)
                                          0016(000011f5:.textf)
                                          0016(000011fd:.textf)
                                          0017(00000261:.text)
                                          0017(00000269:.text)
                 _g_csi00_send_length
                                 000f4752
                 _g_csi00_tx_count
                                 000f4754 0016(000011ec:.textf)
                                          0016(00001200:.textf)
                                          0017(00000254:.text)
                                          0017(0000026c:.text)
                 _gp_csi01_rx_address
                                 000f4756 0016(00001006:.textf)
                                          0016(000012b2:.textf)
                                          0017(000002a5:.text)
                                          0017(000002bf:.text)
                                          0017(000002cf:.text)
                 _g_csi01_rx_length
                                 000f4758 0016(00000ffe:.textf)
                 _g_csi01_rx_count
                                 000f475a 0016(00001002:.textf)
                 _gp_csi01_tx_address
                                 000f475c 0016(0000101f:.textf)
                                          0016(0000102a:.textf)
                                          0016(000012ae:.textf)
                                          0016(000012b8:.textf)
                                          0016(000012ca:.textf)
                                          0017(000002d2:.text)
                                          0017(000002e3:.text)
                 _g_csi01_send_length
                                 000f475e
                 _g_csi01_tx_count
                                 000f4760 0016(0000101b:.textf)
                                          0016(0000102d:.textf)
                                          0016(000012aa:.textf)
                                          0016(000012cd:.textf)
                                          0017(00000298:.text)
                                          0017(0000029f:.text)
                                          0017(000002e6:.text)
                 _gp_uart2_tx_address
                                 000f4762 0016(000013d1:.textf)
                                          0016(000013da:.textf)
                                          0016(000013e2:.textf)
                                          0017(00000376:.text)
                                          0017(0000037e:.text)
                 _g_uart2_tx_count
                                 000f4764 0016(000013d5:.textf)
                                          0016(000013e5:.textf)
                                          0017(0000035f:.text)
                                          0017(00000381:.text)
                 _gp_uart2_rx_address
                                 000f4766 0016(000013be:.textf)
                                          0017(0000032a:.text)
                                          0017(0000032e:.text)
                 _g_uart2_rx_count
                                 000f4768 0016(000013b6:.textf)
                                          0017(00000322:.text)
                                          0017(00000331:.text)
                                          0017(00000337:.text)
                 _g_uart2_rx_length
                                 000f476a 0016(000013ba:.textf)
                                          0017(0000031f:.text)
                                          0017(00000334:.text)
                 _gp_uart3_tx_address
                                 000f476c 0016(000014cc:.textf)
                                          0016(000014d5:.textf)
                                          0016(000014dd:.textf)
                                          0017(00000406:.text)
                                          0017(0000040e:.text)
                 _g_uart3_tx_count
                                 000f476e 0016(000014d0:.textf)
                                          0016(000014e0:.textf)
                                          0017(000003ef:.text)
                                          0017(00000411:.text)
                 _gp_uart3_rx_address
                                 000f4770 0016(000014b9:.textf)
                                          0017(000003ba:.text)
                                          0017(000003be:.text)
                 _g_uart3_rx_count
                                 000f4772 0016(000014b1:.textf)
                                          0017(000003b2:.text)
                                          0017(000003c1:.text)
                                          0017(000003c7:.text)
                 _g_uart3_rx_length
                                 000f4774 0016(000014b5:.textf)
                                          0017(000003af:.text)
                                          0017(000003c4:.text)
0017 r_cg_serial_user
     SECTION=.bss
                 _g_csi_count
                                 000f4776
                 _g_csi_err
                                 000f4777
                 _g_csi_send_end
                                 000f4778 0017(000014f4:.textf)
                 _g_csi_rev_end
                                 000f4779 0003(000004ae:.textf)
                                          0017(000014ec:.textf)
                                          0022(00001645:.textf)
                 _g_uart1_end
                                 000f477a
                 _g_uart2_send
                                 000f477b 0005(000006e9:.textf)
                                          0005(00000704:.textf)
                                          0017(00001515:.textf)
                                          0022(000016cf:.textf)
                                          0022(000016ec:.textf)
                 _g_uart2_receive
                                 000f477c 0017(00001510:.textf)
                 _g_rx_data
                                 000f477d 0017(000014fb:.textf)
                                          0017(00001502:.textf)
                                          0022(00001673:.textf)
                 _g_uart2_fault
                                 000f479d 0017(00001508:.textf)
                                          0017(0000150d:.textf)
                                          0022(00001686:.textf)
                                          0022(0000169c:.textf)
     SECTION=.text
     SECTION=.textf
0018 r_cg_timer
     SECTION=.textf
                 _R_TAU0_Create
                                 0000151d 0022(0000170e:.textf)
                                          0023(00001774:.textf)
                 _R_TAU0_Channel0_Start
                                 000015ca 0022(00001736:.textf)
                 _R_TAU0_Channel0_Stop
                                 000015da
                 _R_TAU0_Channel1_Start
                                 000015ea
                 _R_TAU0_Channel1_Stop
                                 000015fa
                 _R_TAU0_Channel2_Start
                                 0000160a
                 _R_TAU0_Channel2_Stop
                                 0000161a
0019 r_cg_timer_user
     SECTION=.bss
                 _timer0_ch0_flag
                                 000f479e 0019(0000042b:.text)
                 _timer0_ch1_flag
                                 000f479f 0019(00000432:.text)
                 _timer0_ch2_flag
                                 000f47a0 0019(00000437:.text)
                 _g_systemTime
                                 000f47a2 0005(00000cc7:.textf)
                                          0005(00000ccc:.textf)
                                          0019(00000419:.text)
                                          0019(00000421:.text)
                                          0019(00000424:.text)
                                          0019(00000428:.text)
                                          0024(00001792:.textf)
                                          0024(00001797:.textf)
                                          0024(000017c6:.textf)
                                          0024(000017cd:.textf)
                                          0024(000017d4:.textf)
                                          0024(000017dc:.textf)
                                          0024(00001808:.textf)
                                          0024(0000180d:.textf)
                                          0024(00001829:.textf)
                                          0024(0000182f:.textf)
                                          0024(00001842:.textf)
                                          0024(00001847:.textf)
                                          0024(00001870:.textf)
                                          0024(00001876:.textf)
     SECTION=.text
0020 r_cg_wdt
     SECTION=.textf
                 _R_WDT_Create
                                 0000162a 0023(00001778:.textf)
                 _R_WDT_Restart
                                 0000163b 0005(00000750:.textf)
                                          0005(00000920:.textf)
                                          0005(000009b5:.textf)
                                          0005(00000a3f:.textf)
                                          0005(00000ca8:.textf)
                                          0005(00000d32:.textf)
                                          0022(000016f1:.textf)
                                          0022(00001704:.textf)
                                          0024(00001800:.textf)
0021 r_cg_wdt_user
     SECTION=.text
0022 r_main
     SECTION=.textf
                 _main
                                 0000163f 0001(00000177:.text)
                 _R_MAIN_UserInit
                                 0000170a 0022(00001641:.textf)
     SECTION=.bss
                 __stamp
                                 000f47a6 0022(0000167f:.textf)
                                          0022(000016af:.textf)
                 _g_e_status
                                 000f47b2
                 _flow_p
                                 000f47b3 0022(000016a7:.textf)
                 _salt_h_p
                                 000f47b4
                 _g_eeprom_wren
                                 000f47b5
                 _receive_data
                                 000f47b6
                 _receive_setting
                                 000f47b8
                 _set
                                 000f47da
                 _rx_data
                                 000f47dc
                 _data_f
                                 000f47e8
                 _data_f_test
                                 000f47ec
                 _g_control_buffer
                                 000f47f0 0005(000006e2:.textf)
                                          0005(000006e6:.textf)
                                          0005(000006f0:.textf)
                                          0005(000006f5:.textf)
                                          0005(000006fb:.textf)
     SECTION=.dataR
                 _g_error
                                 000f4822 0005(00000ca1:.textf)
                 _g_adc_ch
                                 000f4824
                 _led_st
                                 000f4826 0022(000016ba:.textf)
                                          0022(000016cc:.textf)
                                          0022(000016f7:.textf)
                 _e_send
                                 000f4827
                 _e_data
                                 000f4833
                 _send_data
                                 000f483f
     SECTION=.data
0023 r_systeminit
     SECTION=.textf
                 _R_Systeminit
                                 00001755 0023(0000178b:.textf)
                 _hdwinit
                                 00001787 0001(0000012f:.text)
0024 usr_timer
     SECTION=.textf
                 _delay_ms
                                 0000178c 0005(0000081c:.textf)
                                          0005(00000902:.textf)
                                          0005(00000994:.textf)
                                          0005(00000a1e:.textf)
                                          0005(00000af9:.textf)
                                          0005(00000ba2:.textf)
                                          0022(00001694:.textf)
                                          0024(000017fd:.textf)
                 _delay
                                 000017f4 0005(0000076e:.textf)
                                          0005(00000811:.textf)
                                          0005(0000082b:.textf)
                                          0005(000009c5:.textf)
                                          0005(00000c99:.textf)
                 _ns_delay_ms
                                 00001803 0005(00000cfa:.textf)
                                          0022(00001682:.textf)
                                          0022(000016b2:.textf)
                 _non_block_delay
                                 00001838
                 _mTask
                                 0000183a
0025 memcpy
     SECTION=.RLIB
                 _memcpy
                                 0000187e 0022(00001662:.textf)
0026 memset
     SECTION=.RLIB
                 _memset
                                 0000188f 0003(000004fc:.textf)
                                          0003(00000554:.textf)
0027 _COM_faddsub
     SECTION=.RLIB
                 __COM_fsub
                                 000018f9
                 __COM_fadd
                                 00001901 0005(00000d1f:.textf)
0028 _COM_fdiv
     SECTION=.RLIB
                 __COM_fdiv
                                 00001a37 0005(00000d6d:.textf)
0029 _COM_fge
     SECTION=.RLIB
                 __COM_fge
                                 00001b06 0005(000007e4:.textf)
                                          0005(00000a5d:.textf)
0030 _COM_fgt
     SECTION=.RLIB
                 __COM_fgt
                                 00001b1c 0005(00000a05:.textf)
                                          0005(00000a8b:.textf)
0031 _COM_fle
     SECTION=.RLIB
                 __COM_fle
                                 00001b32 0005(000007a8:.textf)
                                          0005(00000b8a:.textf)
0032 _COM_flt
     SECTION=.RLIB
                 __COM_flt
                                 00001b48 0005(0000087a:.textf)
                                          0005(000008e9:.textf)
                                          0005(0000097b:.textf)
                                          0005(00000ad9:.textf)
0033 _COM_fmul
     SECTION=.RLIB
                 __COM_fmul
                                 00001ba9 0004(0000061c:.textf)
                                          0004(00000647:.textf)
                                          0005(00000841:.textf)
                                          0005(00000d44:.textf)
                                          0005(00000d52:.textf)
0034 _COM_ftoul
     SECTION=.RLIB
                 __COM_ftoul
                                 00001c4b 0005(000006de:.textf)
0035 _COM_funordered
     SECTION=.RLIB
                 __COM_funordered
                                 00001c57 0005(00000795:.textf)
                                          0005(000007d1:.textf)
                                          0005(00000867:.textf)
                                          0005(000008d6:.textf)
                                          0005(00000968:.textf)
                                          0005(000009f2:.textf)
                                          0005(00000a78:.textf)
                                          0005(00000ac6:.textf)
0036 _COM_ultof
     SECTION=.RLIB
                 __COM_ultof
                                 00001c62 0004(00000610:.textf)
                                          0004(0000063b:.textf)
                                          0005(00000835:.textf)
                                          0005(00000d62:.textf)
0037 _REL_fcmp
     SECTION=.RLIB
                 __REL_fcmp
                                 00001c68 0029(00001b10:.RLIB)
                                          0030(00001b26:.RLIB)
                                          0031(00001b3c:.RLIB)
                                          0032(00001b52:.RLIB)
0038 _REL_fordered_core
     SECTION=.RLIB
                 __REL_fordered_core
                                 00001ca0 0029(00001b09:.RLIB)
                                          0030(00001b1f:.RLIB)
                                          0031(00001b35:.RLIB)
                                          0032(00001b4b:.RLIB)
                                          0035(00001c5a:.RLIB)
0039 _REL_ftol
     SECTION=.RLIB
                 __REL_ftol
                                 00001cbc 0034(00001c51:.RLIB)
0040 _REL_f_inf
     SECTION=.RLIB
                 __REL_f_inf
                                 00001cf1 0027(00001990:.RLIB)
                                          0028(00001a21:.RLIB)
                                          0028(00001ac1:.RLIB)
                                          0033(00001b7b:.RLIB)
                                          0033(00001c1e:.RLIB)
0041 _REL_f_norm
     SECTION=.RLIB
                 __REL_f_norm
                                 00001cf9 0028(00001a02:.RLIB)
                                          0028(00001a2d:.RLIB)
                                          0033(00001b9c:.RLIB)
0042 _REL_f_round
     SECTION=.RLIB
                 __REL_f_round
                                 00001d09 0027(0000199d:.RLIB)
                                          0027(000019d5:.RLIB)
                                          0028(00001b03:.RLIB)
                                          0033(00001c2b:.RLIB)
0043 _REL_ltof
     SECTION=.RLIB
                 __REL_ltof
                                 00001d1c 0036(00001c65:.RLIB)
0044 _COM_lshr
     SECTION=.RLIB
                 __COM_lshr
                                 00001d70 0039(00001ce8:.RLIB)
0045 rlink_generates_01
     SECTION=.option_byte
0046 rlink_generates_02
     SECTION=.monitor1
     SECTION=.monitor2
0047 rlink_generates_03
     SECTION=.security_id
0048 rlink_generates_04
     SECTION=.vect
0049 rlink_generates_05
     SECTION=
                 __s.vect
                                 00000000
                 __s.constf
                                 00000080
                 __e.constf
                                 00000080
                 __s.sdata
                                 00000080
                 __e.sdata
                                 00000080
                 __e.vect
                                 00000080
                 __s.option_byte
                                 000000c0
                 __s.SLIB
                                 000000c4
                 __e.SLIB
                                 000000c4
                 __e.option_byte
                                 000000c4
                 __s.security_id
                                 000000c4
                 __s.monitor1
                                 000000ce
                 __e.security_id
                                 000000ce
                 __s.data
                                 000000d8
                 __e.monitor1
                                 000000d8
                 __s.text
                                 00000123
                 __e.data
                                 00000123
                 __e.text
                                 0000043d
                 __s.textf
                                 0000043d
                 __e.textf
                                 0000187e
                 __s.RLIB
                                 0000187e
                 __e.RLIB
                                 00001d87
                 __s.const
                                 00003000
                 __e.const
                                 00003002
                 __s.monitor2
                                 0007fe00
                 __e.monitor2
                                 00080000
                 __RAM_ADDR_START
                                 000f3f00
                 __s.bss
                                 000f4700
                 __e.bss
                                 000f47f6
                 __s.dataR
                                 000f47f6
                 __e.dataR
                                 000f4841
                 __STACK_ADDR_END
                                 000f4842 0001(00000128:.text)
                 __s.sbss
                                 000ffe20
                 __e.sbss
                                 000ffe20
                 __s.sdataR
                                 000ffe20
                 __e.sdataR
                                 000ffe20
                 __STACK_ADDR_START
                                 000ffe20 0001(00000125:.text)
                 __RAM_ADDR_END
                                 000ffee0
