Renesas Optimizing Linker (W3.03.00 )             06-Jan-2022 18:03:50

*** Options ***

-subcommand=LinkerControlPCB_HWM.tmp
-MAKEUD=D:\Chieniwa\E2_Studio\ControlPCB_HWM\HardwareDebug/ControlPCB_HWM_l.ud
-device="D:/Chieniwa/E2_Studio/.eclipse/com.renesas.platform_1435879475/DebugComp/RL78/RL78/Common/DR5F104ML.DVF"
-list="ControlPCB_HWM.map"
-show=all
-nooptimize
-entry=_start
-auto_section_layout
-security_id=00000000000000000000
-debug_monitor=7FE00-7FFFF
-user_opt_byte=FFFFF8
-ocdbg=84
-ocdtr
-input=".\generate\cstart.obj"
-input=".\generate\stkinit.obj"
-input=".\src\EEPROM.obj"
-input=".\src\crc32.obj"
-input=".\src\crc8.obj"
-input=".\src/hwm\error_check.obj"
-input=".\src/hwm\hand_sensor_interface.obj"
-input=".\src/hwm\io_control.obj"
-input=".\src/hwm\main.obj"
-input=".\src/hwm\normal_operation.obj"
-input=".\src/hwm\raspberry_pi_interface.obj"
-input=".\src\interrupt_handle.obj"
-input=".\src\r_cg_adc.obj"
-input=".\src\r_cg_adc_user.obj"
-input=".\src\r_cg_cgc.obj"
-input=".\src\r_cg_cgc_user.obj"
-input=".\src\r_cg_dac.obj"
-input=".\src\r_cg_dac_user.obj"
-input=".\src\r_cg_port.obj"
-input=".\src\r_cg_port_user.obj"
-input=".\src\r_cg_rtc.obj"
-input=".\src\r_cg_rtc_user.obj"
-input=".\src\r_cg_serial.obj"
-input=".\src\r_cg_serial_user.obj"
-input=".\src\r_cg_timer.obj"
-input=".\src\r_cg_timer_user.obj"
-input=".\src\r_cg_wdt.obj"
-input=".\src\r_cg_wdt_user.obj"
-input=".\src\r_main.obj"
-input=".\src\r_systeminit.obj"
-input=".\src\usr_timer.obj"
-library="C:\Program Files (x86)\Renesas Electronics\CS+\CC\CC-RL\V1.10.00\lib\rl78em4s99.lib"
-library="C:\Program Files (x86)\Renesas Electronics\CS+\CC\CC-RL\V1.10.00\lib\rl78em4r.lib"
-library="C:\Program Files (x86)\Renesas Electronics\CS+\CC\CC-RL\V1.10.00\lib\malloc_n.lib"
-output="ControlPCB_HWM.abs"
-debug
-nocompress
-rom=.data=.dataR,.sdata=.sdataR
-nomessage
-nologo

*** Error information ***

*** Mapping List ***

SECTION                            START      END         SIZE   ALIGN
.vect
                                  00000000  0000007f        80   0
.constf
                                  00000080  00000080         0   2
.sdata
                                  00000080  00000080         0   2
.option_byte
                                  000000c0  000000c3         4   1
.security_id
                                  000000c4  000000cd         a   1
.SLIB
                                  000000c4  000000c4         0   1
.monitor1
                                  000000ce  000000d7         a   1
.data
                                  000000d8  0000018d        b6   2
.text
                                  0000018e  000004a7       31a   1
.RLIB
                                  000004a8  00000940       499   1
.const
                                  00003000  0000350f       510   2
.textf
                                  00003510  000064f6      2fe7   1
.monitor2
                                  0007fe00  0007ffff       200   1
.bss
                                  000f4700  000f4adc       3dd   2
.dataR
                                  000f4ade  000f4b93        b6   2
.sbss
                                  000ffe20  000ffe20         0   2
.sdataR
                                  000ffe20  000ffe20         0   2

*** Total Section Size ***

RAMDATA SECTION:  00000493 Byte(s)
ROMDATA SECTION:  0000085e Byte(s)
PROGRAM SECTION:  0000379a Byte(s)

*** Symbol List ***

SECTION=
FILE=                               START        END    SIZE
  SYMBOL                            ADDR        SIZE    INFO      COUNTS  OPT
    STRUCT                                      SIZE
      MEMBER                        ADDR        SIZE    INFO

SECTION=.vect
FILE=rlink_generates_04
                                  00000000  0000007f        80

SECTION=.option_byte
FILE=rlink_generates_01
                                  000000c0  000000c3         4

SECTION=.security_id
FILE=rlink_generates_03
                                  000000c4  000000cd         a

SECTION=.monitor1
FILE=rlink_generates_02
                                  000000ce  000000d7         a

SECTION=.data
FILE=.\src\hwm\io_control.obj
                                  000000d8  000000d8         1
FILE=.\src\hwm\main.obj
                                  000000da  0000016f        96
FILE=.\src\hwm\raspberry_pi_interface.obj
                                  00000170  00000175         6
FILE=.\src\r_main.obj
                                  00000176  0000018d        18

SECTION=.text
FILE=.\generate\cstart.obj
                                  0000018e  000001e7        5a
  _start
                                  0000018e         0   entry,g         0
  _exit
                                  000001e6         0   none ,g         1
FILE=.\src\r_cg_adc_user.obj
                                  000001e8  00000201        1a
  _r_adc_interrupt@1
                                  000001e8        1a   func ,l         0
FILE=.\src\r_cg_serial_user.obj
                                  00000202  0000047f       27e
  _r_uart1_interrupt_receive@1
                                  00000202        5f   func ,l         0
  _r_uart1_interrupt_send@1
                                  00000261        31   func ,l         0
  _r_csi00_interrupt@1
                                  00000292        49   func ,l         0
  _r_csi01_interrupt@1
                                  000002db        85   func ,l         0
  _r_uart2_interrupt_receive@1
                                  00000360        5f   func ,l         0
  _r_uart2_interrupt_send@1
                                  000003bf        31   func ,l         0
  _r_uart3_interrupt_receive@1
                                  000003f0        5f   func ,l         0
  _r_uart3_interrupt_send@1
                                  0000044f        31   func ,l         0
FILE=.\src\r_cg_timer_user.obj
                                  00000480  000004a5        26
  _r_tau0_channel0_interrupt@1
                                  00000480        1c   func ,l         0
  _r_tau0_channel1_interrupt@1
                                  0000049c         5   func ,l         0
  _r_tau0_channel2_interrupt@1
                                  000004a1         5   func ,l         0
FILE=.\src\r_cg_wdt_user.obj
                                  000004a6  000004a7         2
  _r_wdt_interrupt@1
                                  000004a6         2   func ,l         0

SECTION=.RLIB
FILE=memcpy
                                  000004a8  000004b8        11
  _memcpy
                                  000004a8         0   none ,g         6
FILE=_COM_faddsub
                                  000004b9  000005f3       13b
  __COM_fsub
                                  00000515         0   none ,g         0
  __COM_fadd
                                  0000051d         0   none ,g         2
FILE=_COM_fdiv
                                  000005f4  00000721       12e
  __COM_fdiv
                                  00000653         0   none ,g         4
FILE=_COM_fge
                                  00000722  00000737        16
  __COM_fge
                                  00000722         0   none ,g         3
FILE=_COM_fgt
                                  00000738  0000074d        16
  __COM_fgt
                                  00000738         0   none ,g         5
FILE=_COM_fle
                                  0000074e  00000763        16
  __COM_fle
                                  0000074e         0   none ,g         1
FILE=_COM_flt
                                  00000764  00000779        16
  __COM_flt
                                  00000764         0   none ,g         8
FILE=_COM_fmul
                                  0000077a  00000866        ed
  __COM_fmul
                                  000007c5         0   none ,g         8
FILE=_COM_funordered
                                  00000867  00000871         b
  __COM_funordered
                                  00000867         0   none ,g         a
FILE=_COM_ultof
                                  00000872  00000877         6
  __COM_ultof
                                  00000872         0   none ,g         4
FILE=_REL_fcmp
                                  00000878  000008af        38
  __REL_fcmp
                                  00000878         0   none ,g         4
FILE=_REL_fordered_core
                                  000008b0  000008cb        1c
  __REL_fordered_core
                                  000008b0         0   none ,g         5
FILE=_REL_f_inf
                                  000008cc  000008d3         8
  __REL_f_inf
                                  000008cc         0   none ,g         5
FILE=_REL_f_norm
                                  000008d4  000008e3        10
  __REL_f_norm
                                  000008d4         0   none ,g         3
FILE=_REL_f_round
                                  000008e4  000008f6        13
  __REL_f_round
                                  000008e4         0   none ,g         4
FILE=_REL_ltof
                                  000008f7  00000940        4a
  __REL_ltof
                                  000008f7         0   none ,g         1

SECTION=.const
FILE=.\src\EEPROM.obj
                                  00003000  00003001         2
FILE=.\src\crc32.obj
                                  00003002  00003401       400
  _crc32_table
                                  00003002       400   data ,g         2
FILE=.\src\crc8.obj
                                  00003402  00003501       100
  _crc_table@1
                                  00003402       100   data ,l         2
FILE=.\src\hwm\raspberry_pi_interface.obj
                                  00003502  00003505         4
  _time_setting_p
                                  00003502         2   data ,g         0
  _number_setting_p
                                  00003504         2   data ,g         0
FILE=.\src\r_main.obj
                                  00003506  0000350f         a

SECTION=.textf
FILE=.\generate\stkinit.obj
                                  00003510  00003553        44
  _stkinit
                                  00003510         0   none ,g         1
  LSTINIT1
                                  0000351e         0   none ,l         1
  LSTINIT2
                                  00003548         0   none ,l         2
  LSTINIT3
                                  00003553         0   none ,l         2
FILE=.\src\EEPROM.obj
                                  00003554  000037b2       25f
  _EEPROM_Init
                                  00003554        2b   func ,g         1
  _rEE_Status
                                  0000357f        1b   func ,g         6
  _sEE_WriteEnable
                                  0000359a        12   func ,g         3
  _sEE_WriteDisable
                                  000035ac        12   func ,g         0
  _EE_SPI_Write
                                  000035be        df   func ,g         2
  _EE_SPI_Read
                                  0000369d        b7   func ,g         2
  _sEE_Block
                                  00003754        11   func ,g         0
  _sEE_SendInstruction
                                  00003765         3   func ,g         0
  _sEE_SendReceiveInstruction
                                  00003768         4   func ,g         0
  _EE_TransmitData
                                  0000376c        2c   func ,g         a
  _sEE_WriteStatusRegister
                                  00003798        1b   func ,g         2
FILE=.\src\crc32.obj
                                  000037b3  00003851        9f
  _xcrc32
                                  000037b3        4e   func ,g         0
  _CRC32
                                  00003801        51   func ,g         0
FILE=.\src\crc8.obj
                                  00003852  000038b1        60
  _crc8_4
                                  00003852        43   func ,g         1
  _crc8_1
                                  00003895        1d   func ,g         6
FILE=.\src\hwm\error_check.obj
                                  000038b2  00003f2d       67c
  _Voltage1Check_waitReset
                                  000038b2        a6   func ,g         1
  _Voltage2Check_nostop
                                  00003958        a8   func ,g         1
  _Voltage3Check_waitReset
                                  00003a00        c7   func ,g         1
  _LowVoltageCheck_waitReset
                                  00003ac7        e7   func ,g         1
  _OverCurrentCheck_waitReset
                                  00003bae       1ae   func ,g         1
  _FlowSensorCheck_nonstop
                                  00003d5c        4b   func ,g         1
  _solenoidCheck_nonstop
                                  00003da7        92   func ,g         0
  _saltWaterTankFullCheck_nonstop
                                  00003e39        6e   func ,g         0
  _saltWaterTankEmptyCheck
                                  00003ea7        2e   func ,g         0
  _acidSkipErrorCheck_nonstop
                                  00003ed5        2c   func ,g         0
  _alkalineSkipErrorCheck
                                  00003f01        2c   func ,g         0
  _waterFullErrorCheck
                                  00003f2d         1   func ,g         0
FILE=.\src\hwm\hand_sensor_interface.obj
                                  00003f2e  00003f7b        4e
  _handSensorLED
                                  00003f2e        30   func ,g         f
  _handSensorLEDBlink
                                  00003f5e        1e   func ,g         2
FILE=.\src\hwm\io_control.obj
                                  00003f7c  00004371       3f6
  _isAcidTankFull
                                  00003f7c        49   func ,g         5
  _isAcidTankAlmostFull
                                  00003fc5        49   func ,g         0
  _isAcidTankHasSomething
                                  0000400e        48   func ,g         1
  _isAcidTankEmpty
                                  00004056        48   func ,g         3
  _isAlkalineTankFull
                                  0000409e        49   func ,g         5
  _isAlkalineTankAlmostFull
                                  000040e7        49   func ,g         0
  _isAlkalineTankHasSomething
                                  00004130        48   func ,g         1
  _isAlkalineTankEmpty
                                  00004178        48   func ,g         3
  _measureFlowSensor
                                  000041c0        ce   func ,g         1
  _measureFlowSensor_nostop
                                  0000428e        e4   func ,g         3
FILE=.\src\hwm\main.obj
                                  00004372  00004f69       bf8
  _setting_default
                                  00004372        a8   func ,g         0
  _sendRS485
                                  0000441a        3f   func ,g         3
  _sendR485_7byte
                                  00004459        57   func ,g         2
  _isThisCommand
                                  000044b0        3e   func ,g         2
  _DrainageAcidAndAlkalineTankStart_nostop
                                  000044ee        32   func ,g         2
  _WaterSupplyStart_nostop
                                  00004520        e5   func ,g         1
  _ElectrolyticOperation_nostop
                                  00004605        e2   func ,g         3
  _acidWaterTankSkipCheck
                                  000046e7        3c   func ,g         0
  _alkalineWaterTankSkipCheck
                                  00004723        40   func ,g         0
  _FilterReplacementCheck
                                  00004763         2   func ,g         0
  _main_init_20211111
                                  00004765        81   func ,g         0
  _userAuthHandler_nostop
                                  000047e6        26   func ,g         1
  _ElectrolyzeWaterGeneration_nostop
                                  0000480c        88   func ,g         1
  _isSV1andSV2Off8h
                                  00004894        4e   func ,g         1
  _CallanCleaningMode_nostop
                                  000048e2        6b   func ,g         1
  _DrainageMode_nostop
                                  0000494d        f0   func ,g         1
  _NormalMode_nostop
                                  00004a3d        53   func ,g         1
  _TestPowerOn_nostop_keepstate
                                  00004a90        d7   func ,g         1
  _FlowRateAdjustmentMode_nostop_keepstate
                                  00004b67        7d   func ,g         1
  _CurrentAdjustmentMode_nostop_keepstate
                                  00004be4        4e   func ,g         1
  _ElectrolyteAdjustmentOperation
                                  00004c32        56   func ,g         1
  _TestOperation_nostop
                                  00004c88        45   func ,g         0
  _NeutralizationTreatment
                                  00004ccd        6c   func ,g         0
  _main_loop_20211111
                                  00004d39        10   func ,g         1
  _electrolyticOperationON
                                  00004d49        2a   func ,g         4
  _isElectrolyticOperationOFF_nostop
                                  00004d73        a5   func ,g         1
  _realTimeResponse
                                  00004e18        2c   func ,g         4
  _UpdateMachineStatus
                                  00004e44       126   func ,g         5
FILE=.\src\hwm\normal_operation.obj
                                  00004f6a  000052da       371
  _WaterWashingMode_nostop
                                  00004f6a        6f   func ,g         1
  _HandWashingMode_nostop
                                  00004fd9       1a5   func ,g         1
  _AcidWaterMode_nostop
                                  0000517e        ac   func ,g         1
  _AlkalineWaterMode_nostop
                                  0000522a        b1   func ,g         1
FILE=.\src\hwm\raspberry_pi_interface.obj
                                  000052db  000055aa       2d0
  _RaspberryResponse_nostop
                                  000052db       234   func ,g         2
  _sendToRasPi_f
                                  0000550f        28   func ,g        1b
  _sendToRasPi_u32
                                  00005537        28   func ,g         2
  _stop_waitAlarmConfirm
                                  0000555f        3c   func ,g         5
  _nostop_waitAlarmConfirm
                                  0000559b         c   func ,g         0
  _resetAlarm
                                  000055a7         4   func ,g         5
FILE=.\src\interrupt_handle.obj
                                  000055ab  00005626        7c
  _adc_int_handle
                                  000055ab        7c   func ,g         1
FILE=.\src\r_cg_adc.obj
                                  00005627  00005688        62
  _R_ADC_Create
                                  00005627        33   func ,g         2
  _R_ADC_Start
                                  0000565a         a   func ,g         2
  _R_ADC_Stop
                                  00005664         a   func ,g         0
  _R_ADC_Set_OperationOn
                                  0000566e         4   func ,g         1
  _R_ADC_Set_OperationOff
                                  00005672         4   func ,g         0
  _R_ADC_Get_Result
                                  00005676         7   func ,g         2
  _R_ADC_Set_ADChannel
                                  0000567d         c   func ,g         0
FILE=.\src\r_cg_cgc.obj
                                  00005689  0000569e        16
  _R_CGC_Create
                                  00005689        16   func ,g         1
FILE=.\src\r_cg_cgc_user.obj
                                  0000569f  000056a1         3
  _R_CGC_Get_ResetSource
                                  0000569f         3   func ,g         1
FILE=.\src\r_cg_dac.obj
                                  000056a2  000056d4        33
  _R_DAC_Create
                                  000056a2        1d   func ,g         2
  _R_DAC0_Start
                                  000056bf         4   func ,g         1
  _R_DAC0_Stop
                                  000056c3         4   func ,g         0
  _R_DAC0_Set_ConversionValue
                                  000056c7         3   func ,g         2
  _R_DAC1_Start
                                  000056ca         4   func ,g         1
  _R_DAC1_Stop
                                  000056ce         4   func ,g         0
  _R_DAC1_Set_ConversionValue
                                  000056d2         3   func ,g         2
FILE=.\src\r_cg_port.obj
                                  000056d5  0000571c        48
  _R_PORT_Create
                                  000056d5        48   func ,g         1
FILE=.\src\r_cg_port_user.obj
                                  0000571d  0000571d         1
  _R_PORT_Create_UserInit
                                  0000571d         1   func ,g         1
FILE=.\src\r_cg_rtc.obj
                                  0000571e  0000585b       13e
  _R_RTC_Create
                                  0000571e        27   func ,g         2
  _R_RTC_Start
                                  00005745         4   func ,g         0
  _R_RTC_Stop
                                  00005749         4   func ,g         0
  _R_RTC_Get_CounterValue
                                  0000574d        51   func ,g         0
  _R_RTC_Set_CounterValue
                                  0000579e        be   func ,g         0
FILE=.\src\r_cg_serial.obj
                                  0000585c  00005d4e       4f3
  _R_CSI01_Receive
                                  0000585c        1a   func ,g         0
  _R_CSI01_Send
                                  00005876        26   func ,g         0
  _R_SAU0_Create
                                  0000589c        17   func ,g         2
  _R_UART1_Create
                                  000058b3        7e   func ,g         2
  _R_UART1_Start
                                  00005931        26   func ,g         1
  _R_UART1_Stop
                                  00005957        1e   func ,g         0
  _R_UART1_Receive
                                  00005975        18   func ,g         0
  _R_UART1_Send
                                  0000598d        29   func ,g         0
  _R_CSI00_Create
                                  000059b6        53   func ,g         2
  _R_CSI00_Start
                                  00005a09        26   func ,g         1
  _R_CSI00_Stop
                                  00005a2f        18   func ,g         0
  _R_CSI00_Send
                                  00005a47        28   func ,g         0
  _R_CSI01_Create
                                  00005a6f        5a   func ,g         3
  _R_CSI01_Start
                                  00005ac9        26   func ,g         1
  _R_CSI01_Stop
                                  00005aef        18   func ,g         1
  _R_CSI01_Send_Receive
                                  00005b07        36   func ,g         1
  _R_SAU1_Create
                                  00005b3d        14   func ,g         2
  _R_UART2_Create
                                  00005b51        7e   func ,g         2
  _R_UART2_Start
                                  00005bcf        26   func ,g         2
  _R_UART2_Stop
                                  00005bf5        1e   func ,g         1
  _R_UART2_Receive
                                  00005c13        18   func ,g         6
  _R_UART2_Send
                                  00005c2b        29   func ,g         6
  _R_UART3_Create
                                  00005c54        76   func ,g         2
  _R_UART3_Start
                                  00005cca        26   func ,g         2
  _R_UART3_Stop
                                  00005cf0        1e   func ,g         1
  _R_UART3_Receive
                                  00005d0e        18   func ,g         3
  _R_UART3_Send
                                  00005d26        29   func ,g         2
FILE=.\src\r_cg_serial_user.obj
                                  00005d4f  00005f5d       20f
  _isCommandNeedResponse
                                  00005d4f        24   func ,g         1
  _r_uart1_callback_receiveend@1
                                  00005d73         1   func ,l         1
  _r_uart1_callback_softwareoverrun@1
                                  00005d74         1   func ,l         1
  _r_uart1_callback_sendend@1
                                  00005d75         1   func ,l         1
  _r_uart1_callback_error@1
                                  00005d76         1   func ,l         1
  _r_csi00_callback_sendend@1
                                  00005d77         1   func ,l         1
  _r_csi01_callback_receiveend@1
                                  00005d78         7   func ,l         1
  _r_csi01_callback_error@1
                                  00005d7f         1   func ,l         1
  _r_csi01_callback_sendend@1
                                  00005d80         4   func ,l         1
  _r_uart2_callback_receiveend@1
                                  00005d84       182   func ,l         1
  _r_uart2_callback_softwareoverrun@1
                                  00005f06         1   func ,l         1
  _r_uart2_callback_sendend@1
                                  00005f07         4   func ,l         1
  _r_uart2_callback_error@1
                                  00005f0b         1   func ,l         1
  _r_uart3_callback_receiveend@1
                                  00005f0c        49   func ,l         1
  _r_uart3_callback_softwareoverrun@1
                                  00005f55         1   func ,l         1
  _r_uart3_callback_sendend@1
                                  00005f56         7   func ,l         1
  _r_uart3_callback_error@1
                                  00005f5d         1   func ,l         1
FILE=.\src\r_cg_timer.obj
                                  00005f5e  0000606a       10d
  _R_TAU0_Create
                                  00005f5e        ad   func ,g         2
  _R_TAU0_Channel0_Start
                                  0000600b        10   func ,g         1
  _R_TAU0_Channel0_Stop
                                  0000601b        10   func ,g         0
  _R_TAU0_Channel1_Start
                                  0000602b        10   func ,g         0
  _R_TAU0_Channel1_Stop
                                  0000603b        10   func ,g         0
  _R_TAU0_Channel2_Start
                                  0000604b        10   func ,g         0
  _R_TAU0_Channel2_Stop
                                  0000605b        10   func ,g         0
FILE=.\src\r_cg_wdt.obj
                                  0000606b  0000607f        15
  _R_WDT_Create
                                  0000606b        11   func ,g         1
  _R_WDT_Restart
                                  0000607c         4   func ,g         9
FILE=.\src\r_main.obj
                                  00006080  0000638d       30e
  _nostop_checkHandSensor
                                  00006080        31   func ,g         0
  _readHS
                                  000060b1        15   func ,g         0
  _main
                                  000060c6       267   func ,g         1
  _R_MAIN_UserInit
                                  0000632d        61   func ,g         1
FILE=.\src\r_systeminit.obj
                                  0000638e  000063c4        37
  _R_Systeminit
                                  0000638e        32   func ,g         1
  _hdwinit
                                  000063c0         5   func ,g         1
FILE=.\src\usr_timer.obj
                                  000063c5  000064f6       132
  _delay_ms
                                  000063c5        68   func ,g         3
  _delay
                                  0000642d        18   func ,g         0
  _ns_delay_ms
                                  00006445        6c   func ,g        3c
  _non_block_delay
                                  000064b1         2   func ,g         0
  _mTask
                                  000064b3        44   func ,g         0

SECTION=.monitor2
FILE=rlink_generates_02
                                  0007fe00  0007ffff       200

SECTION=.bss
FILE=.\src\EEPROM.obj
                                  000f4700  000f4726        27
  _eeprom_status
                                  000f4700         1   data ,g         c
    union  EEPROM_status_u {
                                                   1
      _eeprom_status.refined
                                  000f4700         1
    struct  {
                                                   1
      _eeprom_status.refined.RB
                                  000f4700         1   unsigned char:1(7)
      _eeprom_status.refined.WEN
                                  000f4700         1   unsigned char:1(6)
      _eeprom_status.refined.BP
                                  000f4700         1   unsigned char:2(4)
      _eeprom_status.refined.RSVD
                                  000f4700         1   unsigned char:3(1)
      _eeprom_status.refined.WPEN
                                  000f4700         1   unsigned char:1(0)
    }
      _eeprom_status.raw
                                  000f4700         1   unsigned char
    }
  _spi_flag
                                  000f4702         2   data ,g         3
  _buf
                                  000f4704        23   data ,g        12
FILE=.\src\hwm\error_check.obj
                                  000f4728  000f472f         8
  _g_TimeKeeper@1
                                  000f4728         6   data ,l         4
    struct Tick_Keeper_s {
                                                   6
      _g_TimeKeeper@1.electrolyteOff_h
                                  000f4728         1   unsigned char
      _g_TimeKeeper@1.neutralization
                                  000f472a         4   unsigned long
    }
  _g_alarm
                                  000f472e         2   data ,g        15
    union  Alarm_Flag_u {
                                                   2
      _g_alarm.refined
                                  000f472e         2
    struct  {
                                                   2
      _g_alarm.refined.over_voltage_1
                                  000f472e         1   unsigned char:1(7)
      _g_alarm.refined.over_voltage_2
                                  000f472e         1   unsigned char:1(6)
      _g_alarm.refined.over_voltage_3
                                  000f472e         1   unsigned char:1(5)
      _g_alarm.refined.underVoltage
                                  000f472e         1   unsigned char:1(4)
      _g_alarm.refined.abnormal_flow
                                  000f472e         1   unsigned char:1(3)
      _g_alarm.refined.abnormal_current
                                  000f472e         1   unsigned char:1(2)
      _g_alarm.refined.over_curent
                                  000f472e         1   unsigned char:1(1)
      _g_alarm.refined.solenoid
                                  000f472e         1   unsigned char:1(0)
      _g_alarm.refined.salt_full
                                  000f472f         1   unsigned char:1(7)
      _g_alarm.refined.salt_empty
                                  000f472f         1   unsigned char:1(6)
      _g_alarm.refined.acid_skip
                                  000f472f         1   unsigned char:1(5)
      _g_alarm.refined.alkaline_skip
                                  000f472f         1   unsigned char:1(4)
      _g_alarm.refined.water_full
                                  000f472f         1   unsigned char:1(3)
      _g_alarm.refined.filter
                                  000f472f         1   unsigned char:1(2)
      _g_alarm.refined.cvcc
                                  000f472f         1   unsigned char:1(1)
    }
    }
FILE=.\src\hwm\io_control.obj
                                  000f4730  000f4733         4
  __flow_pulse
                                  000f4730         4   data ,g         8
FILE=.\src\hwm\main.obj
                                  000f4734  000f4928       1f5
  _g_TimeKeeper@1
                                  000f4734         6   data ,l         a
    struct Tick_Keeper_s {
                                                   6
      _g_TimeKeeper@1.electrolyteOff_h
                                  000f4734         1   unsigned char
      _g_TimeKeeper@1.neutralization
                                  000f4736         4   unsigned long
    }
  _g_numberSetting
                                  000f473a        26   data ,g        35
    struct Number_Setting_s {
                                                  26
      _g_numberSetting.upperVoltage1
                                  000f473a         4   float
      _g_numberSetting.upperVoltage2
                                  000f473e         4   float
      _g_numberSetting.upperVoltage3
                                  000f4742         4   float
      _g_numberSetting.lowerVoltage
                                  000f4746         4   float
      _g_numberSetting.upperCurrent
                                  000f474a         4   float
      _g_numberSetting.lowerCurrent
                                  000f474e         4   float
      _g_numberSetting.upperFlow
                                  000f4752         4   float
      _g_numberSetting.lowerFlow
                                  000f4756         4   float
      _g_numberSetting.cvccCurrent
                                  000f475a         4   float
      _g_numberSetting.crc
                                  000f475e         1   char
    }
  _g_neutralization_time_s
                                  000f4760         4   data ,g         8
  _g_color
                                  000f4764         1   data ,g         b
  _g_pre_color
                                  000f4765         1   data ,g         3
  _g_flow_value
                                  000f4766         4   data ,g         0
  _g_machine_state
                                  000f476a         f   data ,g        73
    struct Machine_State_u {
                                                   f
      _g_machine_state.akaline
                                  000f476a         1   unsigned char
      _g_machine_state.acid
                                  000f476b         1   unsigned char
      _g_machine_state.water
                                  000f476c         1   unsigned char
      _g_machine_state.handwash
                                  000f476d         1   unsigned char
      _g_machine_state.waterSupply
                                  000f476e         1   unsigned char
      _g_machine_state.flowSensor
                                  000f476f         1   unsigned char
      _g_machine_state.callan
                                  000f4770         1   unsigned char
      _g_machine_state.electrolyteOperation
                                  000f4771         1   unsigned char
      _g_machine_state.electrolyteOFF
                                  000f4772         1   unsigned char
      _g_machine_state.drainage
                                  000f4773         1   unsigned char
      _g_machine_state.isMidNight
                                  000f4774         1   unsigned char
      _g_machine_state.test
                                  000f4775         1   unsigned char
      _g_machine_state.neutrlization
                                  000f4776         1   unsigned char
      _g_machine_state.user
                                  000f4777         1   unsigned char
      _g_machine_state.mode
                                  000f4778         1   unsigned char
    }
  _g_io_status
                                  000f477a        12   data ,g        35
    union  IO_Status_u {
                                                  12
      _g_io_status.refined
                                  000f477a        12
    struct  {
                                                  12
      _g_io_status.refined.AlkalineEmptyLevel
                                  000f477a         1   unsigned char:1(7)
      _g_io_status.refined.AlkalineLowLevel
                                  000f477a         1   unsigned char:1(6)
      _g_io_status.refined.AlkalineHighLevel
                                  000f477a         1   unsigned char:1(5)
      _g_io_status.refined.AcidEmptyLevel
                                  000f477a         1   unsigned char:1(4)
      _g_io_status.refined.AcidLowLevel
                                  000f477a         1   unsigned char:1(3)
      _g_io_status.refined.AcidHighLevel
                                  000f477a         1   unsigned char:1(2)
      _g_io_status.refined.SaltLowLevel
                                  000f477a         1   unsigned char:1(1)
      _g_io_status.refined.SaltHighLevel
                                  000f477a         1   unsigned char:1(0)
      _g_io_status.refined.Valve
                                  000f477b         2
    struct  {
                                                   2
      _g_io_status.refined.Valve.SV1
                                  000f477b         1   unsigned char:1(7)
      _g_io_status.refined.Valve.SV2
                                  000f477b         1   unsigned char:1(6)
      _g_io_status.refined.Valve.SV3
                                  000f477b         1   unsigned char:1(5)
      _g_io_status.refined.Valve.SV4
                                  000f477b         1   unsigned char:1(4)
      _g_io_status.refined.Valve.SV5
                                  000f477b         1   unsigned char:1(3)
      _g_io_status.refined.Valve.SV6
                                  000f477b         1   unsigned char:1(2)
      _g_io_status.refined.Valve.SV7
                                  000f477b         1   unsigned char:1(1)
      _g_io_status.refined.Valve.SV8
                                  000f477b         1   unsigned char:1(0)
      _g_io_status.refined.Valve.SV9
                                  000f477c         1   unsigned char:1(7)
      _g_io_status.refined.Valve.RSVD
                                  000f477c         1   unsigned char:7(0)
    }
      _g_io_status.refined.Pump1
                                  000f477d         1   unsigned char:1(7)
      _g_io_status.refined.Pump2
                                  000f477d         1   unsigned char:1(6)
      _g_io_status.refined.SaltPump
                                  000f477d         1   unsigned char:1(5)
      _g_io_status.refined.RSVD1
                                  000f477d         1   unsigned char:4(1)
      _g_io_status.refined.MachineMode_RSVD
                                  000f477e         1   unsigned char
      _g_io_status.refined.FlowValue
                                  000f4780         4   float
      _g_io_status.refined.CVCCVoltage
                                  000f4784         4   float
      _g_io_status.refined.CVCCCurrent
                                  000f4788         4   float
    }
    }
  _g_mean_io_status
                                  000f478c        12   data ,g        17
    union  IO_Status_u {
                                                  12
      _g_mean_io_status.refined
                                  000f478c        12
    struct  {
                                                  12
      _g_mean_io_status.refined.AlkalineEmptyLevel
                                  000f478c         1   unsigned char:1(7)
      _g_mean_io_status.refined.AlkalineLowLevel
                                  000f478c         1   unsigned char:1(6)
      _g_mean_io_status.refined.AlkalineHighLevel
                                  000f478c         1   unsigned char:1(5)
      _g_mean_io_status.refined.AcidEmptyLevel
                                  000f478c         1   unsigned char:1(4)
      _g_mean_io_status.refined.AcidLowLevel
                                  000f478c         1   unsigned char:1(3)
      _g_mean_io_status.refined.AcidHighLevel
                                  000f478c         1   unsigned char:1(2)
      _g_mean_io_status.refined.SaltLowLevel
                                  000f478c         1   unsigned char:1(1)
      _g_mean_io_status.refined.SaltHighLevel
                                  000f478c         1   unsigned char:1(0)
      _g_mean_io_status.refined.Valve
                                  000f478d         2
    struct  {
                                                   2
      _g_mean_io_status.refined.Valve.SV1
                                  000f478d         1   unsigned char:1(7)
      _g_mean_io_status.refined.Valve.SV2
                                  000f478d         1   unsigned char:1(6)
      _g_mean_io_status.refined.Valve.SV3
                                  000f478d         1   unsigned char:1(5)
      _g_mean_io_status.refined.Valve.SV4
                                  000f478d         1   unsigned char:1(4)
      _g_mean_io_status.refined.Valve.SV5
                                  000f478d         1   unsigned char:1(3)
      _g_mean_io_status.refined.Valve.SV6
                                  000f478d         1   unsigned char:1(2)
      _g_mean_io_status.refined.Valve.SV7
                                  000f478d         1   unsigned char:1(1)
      _g_mean_io_status.refined.Valve.SV8
                                  000f478d         1   unsigned char:1(0)
      _g_mean_io_status.refined.Valve.SV9
                                  000f478e         1   unsigned char:1(7)
      _g_mean_io_status.refined.Valve.RSVD
                                  000f478e         1   unsigned char:7(0)
    }
      _g_mean_io_status.refined.Pump1
                                  000f478f         1   unsigned char:1(7)
      _g_mean_io_status.refined.Pump2
                                  000f478f         1   unsigned char:1(6)
      _g_mean_io_status.refined.SaltPump
                                  000f478f         1   unsigned char:1(5)
      _g_mean_io_status.refined.RSVD1
                                  000f478f         1   unsigned char:4(1)
      _g_mean_io_status.refined.MachineMode_RSVD
                                  000f4790         1   unsigned char
      _g_mean_io_status.refined.FlowValue
                                  000f4792         4   float
      _g_mean_io_status.refined.CVCCVoltage
                                  000f4796         4   float
      _g_mean_io_status.refined.CVCCCurrent
                                  000f479a         4   float
    }
    }
  _g_res_io_status
                                  000f479e        12   data ,g         5
    union  IO_Status_u {
                                                  12
      _g_res_io_status.refined
                                  000f479e        12
    struct  {
                                                  12
      _g_res_io_status.refined.AlkalineEmptyLevel
                                  000f479e         1   unsigned char:1(7)
      _g_res_io_status.refined.AlkalineLowLevel
                                  000f479e         1   unsigned char:1(6)
      _g_res_io_status.refined.AlkalineHighLevel
                                  000f479e         1   unsigned char:1(5)
      _g_res_io_status.refined.AcidEmptyLevel
                                  000f479e         1   unsigned char:1(4)
      _g_res_io_status.refined.AcidLowLevel
                                  000f479e         1   unsigned char:1(3)
      _g_res_io_status.refined.AcidHighLevel
                                  000f479e         1   unsigned char:1(2)
      _g_res_io_status.refined.SaltLowLevel
                                  000f479e         1   unsigned char:1(1)
      _g_res_io_status.refined.SaltHighLevel
                                  000f479e         1   unsigned char:1(0)
      _g_res_io_status.refined.Valve
                                  000f479f         2
    struct  {
                                                   2
      _g_res_io_status.refined.Valve.SV1
                                  000f479f         1   unsigned char:1(7)
      _g_res_io_status.refined.Valve.SV2
                                  000f479f         1   unsigned char:1(6)
      _g_res_io_status.refined.Valve.SV3
                                  000f479f         1   unsigned char:1(5)
      _g_res_io_status.refined.Valve.SV4
                                  000f479f         1   unsigned char:1(4)
      _g_res_io_status.refined.Valve.SV5
                                  000f479f         1   unsigned char:1(3)
      _g_res_io_status.refined.Valve.SV6
                                  000f479f         1   unsigned char:1(2)
      _g_res_io_status.refined.Valve.SV7
                                  000f479f         1   unsigned char:1(1)
      _g_res_io_status.refined.Valve.SV8
                                  000f479f         1   unsigned char:1(0)
      _g_res_io_status.refined.Valve.SV9
                                  000f47a0         1   unsigned char:1(7)
      _g_res_io_status.refined.Valve.RSVD
                                  000f47a0         1   unsigned char:7(0)
    }
      _g_res_io_status.refined.Pump1
                                  000f47a1         1   unsigned char:1(7)
      _g_res_io_status.refined.Pump2
                                  000f47a1         1   unsigned char:1(6)
      _g_res_io_status.refined.SaltPump
                                  000f47a1         1   unsigned char:1(5)
      _g_res_io_status.refined.RSVD1
                                  000f47a1         1   unsigned char:4(1)
      _g_res_io_status.refined.MachineMode_RSVD
                                  000f47a2         1   unsigned char
      _g_res_io_status.refined.FlowValue
                                  000f47a4         4   float
      _g_res_io_status.refined.CVCCVoltage
                                  000f47a8         4   float
      _g_res_io_status.refined.CVCCCurrent
                                  000f47ac         4   float
    }
    }
  __settingTime
                                  000f47b0        96   data ,g         8
    struct Timer_Setting_s {
                                                  96
      __settingTime.t1_initialWaterDrainageOperation_s
                                  000f47b0         4   unsigned long
      __settingTime.t2_flowSensorStartTime_s
                                  000f47b4         4   unsigned long
      __settingTime.t3_flowSensorMonitorTime_s
                                  000f47b8         4   unsigned long
      __settingTime.t4_electrolysisOperationStart_s
                                  000f47bc         4   unsigned long
      __settingTime.t5_electrolysisStopDelay_s
                                  000f47c0         4   unsigned long
      __settingTime.t6_drainageOffTime_h
                                  000f47c4         4   unsigned long
      __settingTime.t7_powerOnPreparation_s
                                  000f47c8         4   unsigned long
      __settingTime.t8_flowRateAdjustmentRelease_s
                                  000f47cc         4   unsigned long
      __settingTime.t9_currentAdjustmentRelease_s
                                  000f47d0         4   unsigned long
      __settingTime.t10_electrolysisCurrentAlarmSpecified_s
                                  000f47d4         4   unsigned long
      __settingTime.t11_overVoltage1Time_s
                                  000f47d8         4   unsigned long
      __settingTime.t12_overVoltage2Time_s
                                  000f47dc         4   unsigned long
      __settingTime.t13_overVoltage3Time_s
                                  000f47e0         4   unsigned long
      __settingTime.t14_lowVoltageStartTime_s
                                  000f47e4         4   unsigned long
      __settingTime.t15_lowVoltageDelayTime_s
                                  000f47e8         4   unsigned long
      __settingTime.t16_currentMonitoringStart_s
                                  000f47ec         4   unsigned long
      __settingTime.t17_solenoidLeakageStartTime_s
                                  000f47f0         4   unsigned long
      __settingTime.t18_fullSaltWaterMonitoringStart_h
                                  000f47f4         4   unsigned long
      __settingTime.t19_waterFilterAlarm_h
                                  000f47f8         4   unsigned long
      __settingTime.t20_waterFilterAlarmIgnore_h
                                  000f47fc         4   unsigned long
      __settingTime.t26_onDelayEmptyLevel_s
                                  000f4800         4   unsigned long
      __settingTime.t27_onDelayLowLevel_s
                                  000f4804         4   unsigned long
      __settingTime.t28_onDelayHighLevel_s
                                  000f4808         4   unsigned long
      __settingTime.t30_offDelayEmptyLevel_s
                                  000f480c         4   unsigned long
      __settingTime.t31_saltLowLevelDelay_s
                                  000f4810         4   unsigned long
      __settingTime.t32_saltHighLevelDelay_s
                                  000f4814         4   unsigned long
      __settingTime.t51_alkalineWaterSpoutingTime_s
                                  000f4818         4   unsigned long
      __settingTime.t52_acidWaterSpoutingTime_s
                                  000f481c         4   unsigned long
      __settingTime.t53_washingWaterSpoutingTime_s
                                  000f4820         4   unsigned long
      __settingTime.t54_overLapTime_ms
                                  000f4824         4   unsigned long
      __settingTime.t55_waterDischargeDelay_s
                                  000f4828         4   unsigned long
      __settingTime.t56_acidWaterDownTime_s
                                  000f482c         4   unsigned long
      __settingTime.t59_alkalineWaterDownTime_s
                                  000f4830         4   unsigned long
      __settingTime.t61_curranCleaningIntervalTime_h
                                  000f4834         4   unsigned long
      __settingTime.t62_callanWashSpoutingTime_s
                                  000f4838         4   unsigned long
      __settingTime.t33_t63_neutralizationStartTime_h
                                  000f483c         4   unsigned long
      __settingTime.t34_t64_neutralizationOpenTime_s
                                  000f4840         4   unsigned long
      __settingTime.crc
                                  000f4844         1   char
    }
  __settingNumber
                                  000f4846        26   data ,g         8
    struct Number_Setting_s {
                                                  26
      __settingNumber.upperVoltage1
                                  000f4846         4   float
      __settingNumber.upperVoltage2
                                  000f484a         4   float
      __settingNumber.upperVoltage3
                                  000f484e         4   float
      __settingNumber.lowerVoltage
                                  000f4852         4   float
      __settingNumber.upperCurrent
                                  000f4856         4   float
      __settingNumber.lowerCurrent
                                  000f485a         4   float
      __settingNumber.upperFlow
                                  000f485e         4   float
      __settingNumber.lowerFlow
                                  000f4862         4   float
      __settingNumber.cvccCurrent
                                  000f4866         4   float
      __settingNumber.crc
                                  000f486a         1   char
    }
  _g_machine_mode
                                  000f486c         1   data ,g         4
  _g_machine_test_mode
                                  000f486d         1   data ,g         0
  _btod
                                  000f486e         4   data ,g         6
    union  BytesToDouble {
                                                   4
      _btod.refined
                                  000f486e         4
    struct  {
                                                   4
      _btod.refined.data
                                  000f486e         4   unsigned char
    }
      _btod.raw
                                  000f486e         4   unsigned long
    }
  _g_Tick
                                  000f4872        b0   data ,g        88
    struct Tick_s {
                                                  b0
      _g_Tick.tick500ms
                                  000f4872         4   unsigned long
      _g_Tick.tick1s
                                  000f4876         4   unsigned long
      _g_Tick.tick5s
                                  000f487a         4   unsigned long
      _g_Tick.tickBlink
                                  000f487e         4   unsigned long
      _g_Tick.tickAlkaline
                                  000f4882         4   unsigned long
      _g_Tick.tickAcid
                                  000f4886         4   unsigned long
      _g_Tick.tickWater
                                  000f488a         4   unsigned long
      _g_Tick.tickHandWash
                                  000f488e         4   unsigned long
      _g_Tick.tickWaterSupply
                                  000f4892         4   unsigned long
      _g_Tick.tickFlowMeasurment
                                  000f4896         4   unsigned long
      _g_Tick.tickDebouceHandSensor
                                  000f489a         4   unsigned long
      _g_Tick.tickVoltage1Check
                                  000f489e         4   unsigned long
      _g_Tick.tickVoltage2Check
                                  000f48a2         4   unsigned long
      _g_Tick.tickVoltage3Check
                                  000f48a6         4   unsigned long
      _g_Tick.tickVoltageLowCheck
                                  000f48aa         4   unsigned long
      _g_Tick.tickCurrentCheck
                                  000f48ae         4   unsigned long
      _g_Tick.tickSolenoidCheck
                                  000f48b2         4   unsigned long
      _g_Tick.tickSaltFullCheck
                                  000f48b6         4   unsigned long
      _g_Tick.tickSV1SV2
                                  000f48ba         4   unsigned long
      _g_Tick.tickElectrolyticOff
                                  000f48be         4   unsigned long
      _g_Tick.tickWaterSoftenerPCB
                                  000f48c2         4   unsigned long
      _g_Tick.tickValvePCB
                                  000f48c6         4   unsigned long
      _g_Tick.tickRS485
                                  000f48ca         4   unsigned long
      _g_Tick.tickCallan
                                  000f48ce         4   unsigned long
      _g_Tick.tickDrainage
                                  000f48d2         4   unsigned long
      _g_Tick.tickTestOperation
                                  000f48d6         4   unsigned long
      _g_Tick.tickAcidLevel
                                  000f48da        10   unsigned long
      _g_Tick.tickAlkalineLevel
                                  000f48ea        10   unsigned long
      _g_Tick.tickHandSensor
                                  000f48fa         8   unsigned long
      _g_Tick.tickCustom
                                  000f4902        20   unsigned long
    }
  _water_solfner_buf
                                  000f4922         7   data ,g         5
    struct UART3_Buffer_s {
                                                   7
      _water_solfner_buf.busy
                                  000f4922         1   unsigned char
      _water_solfner_buf.head
                                  000f4923         1   unsigned char
      _water_solfner_buf.set_number
                                  000f4924         1   unsigned char
      _water_solfner_buf.set_value
                                  000f4925         4   unsigned char
    }
FILE=.\src\interrupt_handle.obj
                                  000f492a  000f492d         4
  _g_adc_value
                                  000f492a         4   data ,g         4
FILE=.\src\r_cg_rtc_user.obj
                                  000f492e  000f4934         7
  _g_rtc
                                  000f492e         7   data ,g         0
    struct  {
                                                   7
      _g_rtc.sec
                                  000f492e         1   unsigned char
      _g_rtc.min
                                  000f492f         1   unsigned char
      _g_rtc.hour
                                  000f4930         1   unsigned char
      _g_rtc.day
                                  000f4931         1   unsigned char
      _g_rtc.week
                                  000f4932         1   unsigned char
      _g_rtc.month
                                  000f4933         1   unsigned char
      _g_rtc.year
                                  000f4934         1   unsigned char
    }
FILE=.\src\r_cg_serial.obj
                                  000f4936  000f496b        36
  _gp_uart1_tx_address
                                  000f4936         2   data ,g         5
  _g_uart1_tx_count
                                  000f4938         2   data ,g         4
  _gp_uart1_rx_address
                                  000f493a         2   data ,g         3
  _g_uart1_rx_count
                                  000f493c         2   data ,g         4
  _g_uart1_rx_length
                                  000f493e         2   data ,g         3
  _gp_csi00_rx_address
                                  000f4940         2   data ,g         0
  _g_csi00_rx_length
                                  000f4942         2   data ,g         0
  _g_csi00_rx_count
                                  000f4944         2   data ,g         0
  _gp_csi00_tx_address
                                  000f4946         2   data ,g         6
  _g_csi00_send_length
                                  000f4948         2   data ,g         0
  _g_csi00_tx_count
                                  000f494a         2   data ,g         4
  _gp_csi01_rx_address
                                  000f494c         2   data ,g         5
  _g_csi01_rx_length
                                  000f494e         2   data ,g         1
  _g_csi01_rx_count
                                  000f4950         2   data ,g         1
  _gp_csi01_tx_address
                                  000f4952         2   data ,g         7
  _g_csi01_send_length
                                  000f4954         2   data ,g         0
  _g_csi01_tx_count
                                  000f4956         2   data ,g         7
  _gp_uart2_tx_address
                                  000f4958         2   data ,g         5
  _g_uart2_tx_count
                                  000f495a         2   data ,g         4
  _gp_uart2_rx_address
                                  000f495c         2   data ,g         3
  _g_uart2_rx_count
                                  000f495e         2   data ,g         4
  _g_uart2_rx_length
                                  000f4960         2   data ,g         3
  _gp_uart3_tx_address
                                  000f4962         2   data ,g         5
  _g_uart3_tx_count
                                  000f4964         2   data ,g         4
  _gp_uart3_rx_address
                                  000f4966         2   data ,g         3
  _g_uart3_rx_count
                                  000f4968         2   data ,g         4
  _g_uart3_rx_length
                                  000f496a         2   data ,g         3
FILE=.\src\r_cg_serial_user.obj
                                  000f496c  000f4a31        c6
  _g_uart3_rx_data
                                  000f496c         8   data ,g         8
  _send_response_flag
                                  000f4974         1   data ,g         0
  _send_response_time_flag
                                  000f4975         1   data ,g         0
  _send_response_number_flag
                                  000f4976         1   data ,g         0
  _recived_time_setting_flag
                                  000f4977         1   data ,g         0
  _send_respone_status_flag
                                  000f4978         1   data ,g         0
  _recived_number_setting_flag
                                  000f4979         1   data ,g         0
  _commnunication_flag
                                  000f497a         f   data ,g        42
    struct Communicaition_flag_s {
                                                   f
      _commnunication_flag.send_response_flag
                                  000f497a         1   unsigned char
      _commnunication_flag.send_response_time_flag
                                  000f497b         1   unsigned char
      _commnunication_flag.send_response_number_flag
                                  000f497c         1   unsigned char
      _commnunication_flag.recived_number_setting_flag
                                  000f497d         1   unsigned char
      _commnunication_flag.recived_time_setting_flag
                                  000f497e         1   unsigned char
      _commnunication_flag.send_response_status_flag
                                  000f497f         1   unsigned char
      _commnunication_flag.send_response_mode_flag
                                  000f4980         1   unsigned char
      _commnunication_flag.alarm_clear_flag
                                  000f4981         1   unsigned char
      _commnunication_flag.recieve_status_flag
                                  000f4982         1   unsigned char
      _commnunication_flag.test_flag
                                  000f4983         1   unsigned char
      _commnunication_flag.rs485_send_to_watersolfner_response_flag
                                  000f4984         1   unsigned char
      _commnunication_flag.rs485_send_to_watersolfner_SV1_flag
                                  000f4985         1   unsigned char
      _commnunication_flag.rs485_send_to_valve_response_flag
                                  000f4986         1   unsigned char
      _commnunication_flag.rs485_get_valve_gesture_flag
                                  000f4987         1   unsigned char
      _commnunication_flag.rs485_fault
                                  000f4988         1   unsigned char
    }
  _g_csi_count
                                  000f4989         1   data ,g         0
  _g_csi_err
                                  000f498a         1   data ,g         0
  _g_csi_send_end
                                  000f498b         1   data ,g         1
  _g_csi_rev_end
                                  000f498c         1   data ,g         3
  _g_uart1_send
                                  000f498d         1   data ,g         0
  _g_uart2_sendend
                                  000f498e         1   data ,g         e
  _g_uart2_receive
                                  000f498f         1   data ,g         1
  _g_rx_data
                                  000f4990        a0   data ,g        2b
  _g_uart2_fault
                                  000f4a30         1   data ,g         3
  _g_uart3_sendend
                                  000f4a31         1   data ,g         6
FILE=.\src\r_cg_timer_user.obj
                                  000f4a32  000f4a39         8
  _timer0_ch0_flag
                                  000f4a32         1   data ,g         1
  _timer0_ch1_flag
                                  000f4a33         1   data ,g         1
  _timer0_ch2_flag
                                  000f4a34         1   data ,g         1
  _g_systemTime
                                  000f4a36         4   data ,g        7e
FILE=.\src\r_main.obj
                                  000f4a3a  000f4adc        a3
  _g_e_status
                                  000f4a3a         1   data ,g         0
    union  EEPROM_status_u {
                                                   1
      _g_e_status.refined
                                  000f4a3a         1
    struct  {
                                                   1
      _g_e_status.refined.RB
                                  000f4a3a         1   unsigned char:1(7)
      _g_e_status.refined.WEN
                                  000f4a3a         1   unsigned char:1(6)
      _g_e_status.refined.BP
                                  000f4a3a         1   unsigned char:2(4)
      _g_e_status.refined.RSVD
                                  000f4a3a         1   unsigned char:3(1)
      _g_e_status.refined.WPEN
                                  000f4a3a         1   unsigned char:1(0)
    }
      _g_e_status.raw
                                  000f4a3a         1   unsigned char
    }
  _ret_number_setting
                                  000f4a3c        26   data ,g         0
    struct Number_Setting_s {
                                                  26
      _ret_number_setting.upperVoltage1
                                  000f4a3c         4   float
      _ret_number_setting.upperVoltage2
                                  000f4a40         4   float
      _ret_number_setting.upperVoltage3
                                  000f4a44         4   float
      _ret_number_setting.lowerVoltage
                                  000f4a48         4   float
      _ret_number_setting.upperCurrent
                                  000f4a4c         4   float
      _ret_number_setting.lowerCurrent
                                  000f4a50         4   float
      _ret_number_setting.upperFlow
                                  000f4a54         4   float
      _ret_number_setting.lowerFlow
                                  000f4a58         4   float
      _ret_number_setting.cvccCurrent
                                  000f4a5c         4   float
      _ret_number_setting.crc
                                  000f4a60         1   char
    }
  _flow_p
                                  000f4a62         1   data ,g         1
  _salt_h_p
                                  000f4a63         1   data ,g         0
  _g_eeprom_wren
                                  000f4a64         1   data ,g         0
  _receive_data
                                  000f4a65         2   data ,g         0
  _receive_setting
                                  000f4a68        26   data ,g         0
    struct Number_Setting_s {
                                                  26
      _receive_setting.upperVoltage1
                                  000f4a68         4   float
      _receive_setting.upperVoltage2
                                  000f4a6c         4   float
      _receive_setting.upperVoltage3
                                  000f4a70         4   float
      _receive_setting.lowerVoltage
                                  000f4a74         4   float
      _receive_setting.upperCurrent
                                  000f4a78         4   float
      _receive_setting.lowerCurrent
                                  000f4a7c         4   float
      _receive_setting.upperFlow
                                  000f4a80         4   float
      _receive_setting.lowerFlow
                                  000f4a84         4   float
      _receive_setting.cvccCurrent
                                  000f4a88         4   float
      _receive_setting.crc
                                  000f4a8c         1   char
    }
  _set
                                  000f4a8e         1   data ,g         0
    union  EEPROM_status_u {
                                                   1
      _set.refined
                                  000f4a8e         1
    struct  {
                                                   1
      _set.refined.RB
                                  000f4a8e         1   unsigned char:1(7)
      _set.refined.WEN
                                  000f4a8e         1   unsigned char:1(6)
      _set.refined.BP
                                  000f4a8e         1   unsigned char:2(4)
      _set.refined.RSVD
                                  000f4a8e         1   unsigned char:3(1)
      _set.refined.WPEN
                                  000f4a8e         1   unsigned char:1(0)
    }
      _set.raw
                                  000f4a8e         1   unsigned char
    }
  _rx_data
                                  000f4a90         c   data ,g         0
  _data_f
                                  000f4a9c         4   data ,g         0
  _data_f_test
                                  000f4aa0         4   data ,g         0
    union  byte_to_float {
                                                   4
      _data_f_test.refined
                                  000f4aa0         4
    struct  {
                                                   4
      _data_f_test.refined.b
                                  000f4aa0         4   unsigned char
    }
      _data_f_test.raw
                                  000f4aa0         4   float
    }
  _g_control_buffer_f
                                  000f4aa4         6   data ,g         5
    struct UART_Buffer_float_s {
                                                   6
      _g_control_buffer_f.head
                                  000f4aa4         1   unsigned char
      _g_control_buffer_f.set_number
                                  000f4aa5         1   unsigned char
      _g_control_buffer_f.set_value
                                  000f4aa6         4   float
    }
  _g_control_buffer_u32
                                  000f4aaa         6   data ,g         5
    struct UART_Buffer_u32_s {
                                                   6
      _g_control_buffer_u32.head
                                  000f4aaa         1   unsigned char
      _g_control_buffer_u32.set_number
                                  000f4aab         1   unsigned char
      _g_control_buffer_u32.set_value
                                  000f4aac         4   unsigned long
    }
  _handsensor_status
                                  000f4ab0         1   data ,g         0
    union   {
                                                   1
      _handsensor_status.
                                  000f4ab0         1
    struct  {
                                                   1
      _handsensor_status..up_signal
                                  000f4ab0         1   unsigned char
    }
      _handsensor_status.status
                                  000f4ab0         1   unsigned char
    }
  _g_handsensor_status
                                  000f4ab1         2   data ,g         3
  _g_crc
                                  000f4ab3         8   data ,g         2
  _g_crc_32
                                  000f4abc        20   data ,g         0
  _rx_count
                                  000f4adc         1   data ,g         2

SECTION=.dataR
FILE=.\src\hwm\io_control.obj
                                  000f4ade  000f4ade         1
  __pre_flow_state
                                  000f4ade         1   data ,g         2
FILE=.\src\hwm\main.obj
                                  000f4ae0  000f4b75        96
  _g_timerSetting
                                  000f4ae0        96   data ,g        6c
    struct Timer_Setting_s {
                                                  96
      _g_timerSetting.t1_initialWaterDrainageOperation_s
                                  000f4ae0         4   unsigned long
      _g_timerSetting.t2_flowSensorStartTime_s
                                  000f4ae4         4   unsigned long
      _g_timerSetting.t3_flowSensorMonitorTime_s
                                  000f4ae8         4   unsigned long
      _g_timerSetting.t4_electrolysisOperationStart_s
                                  000f4aec         4   unsigned long
      _g_timerSetting.t5_electrolysisStopDelay_s
                                  000f4af0         4   unsigned long
      _g_timerSetting.t6_drainageOffTime_h
                                  000f4af4         4   unsigned long
      _g_timerSetting.t7_powerOnPreparation_s
                                  000f4af8         4   unsigned long
      _g_timerSetting.t8_flowRateAdjustmentRelease_s
                                  000f4afc         4   unsigned long
      _g_timerSetting.t9_currentAdjustmentRelease_s
                                  000f4b00         4   unsigned long
      _g_timerSetting.t10_electrolysisCurrentAlarmSpecified_s
                                  000f4b04         4   unsigned long
      _g_timerSetting.t11_overVoltage1Time_s
                                  000f4b08         4   unsigned long
      _g_timerSetting.t12_overVoltage2Time_s
                                  000f4b0c         4   unsigned long
      _g_timerSetting.t13_overVoltage3Time_s
                                  000f4b10         4   unsigned long
      _g_timerSetting.t14_lowVoltageStartTime_s
                                  000f4b14         4   unsigned long
      _g_timerSetting.t15_lowVoltageDelayTime_s
                                  000f4b18         4   unsigned long
      _g_timerSetting.t16_currentMonitoringStart_s
                                  000f4b1c         4   unsigned long
      _g_timerSetting.t17_solenoidLeakageStartTime_s
                                  000f4b20         4   unsigned long
      _g_timerSetting.t18_fullSaltWaterMonitoringStart_h
                                  000f4b24         4   unsigned long
      _g_timerSetting.t19_waterFilterAlarm_h
                                  000f4b28         4   unsigned long
      _g_timerSetting.t20_waterFilterAlarmIgnore_h
                                  000f4b2c         4   unsigned long
      _g_timerSetting.t26_onDelayEmptyLevel_s
                                  000f4b30         4   unsigned long
      _g_timerSetting.t27_onDelayLowLevel_s
                                  000f4b34         4   unsigned long
      _g_timerSetting.t28_onDelayHighLevel_s
                                  000f4b38         4   unsigned long
      _g_timerSetting.t30_offDelayEmptyLevel_s
                                  000f4b3c         4   unsigned long
      _g_timerSetting.t31_saltLowLevelDelay_s
                                  000f4b40         4   unsigned long
      _g_timerSetting.t32_saltHighLevelDelay_s
                                  000f4b44         4   unsigned long
      _g_timerSetting.t51_alkalineWaterSpoutingTime_s
                                  000f4b48         4   unsigned long
      _g_timerSetting.t52_acidWaterSpoutingTime_s
                                  000f4b4c         4   unsigned long
      _g_timerSetting.t53_washingWaterSpoutingTime_s
                                  000f4b50         4   unsigned long
      _g_timerSetting.t54_overLapTime_ms
                                  000f4b54         4   unsigned long
      _g_timerSetting.t55_waterDischargeDelay_s
                                  000f4b58         4   unsigned long
      _g_timerSetting.t56_acidWaterDownTime_s
                                  000f4b5c         4   unsigned long
      _g_timerSetting.t59_alkalineWaterDownTime_s
                                  000f4b60         4   unsigned long
      _g_timerSetting.t61_curranCleaningIntervalTime_h
                                  000f4b64         4   unsigned long
      _g_timerSetting.t62_callanWashSpoutingTime_s
                                  000f4b68         4   unsigned long
      _g_timerSetting.t33_t63_neutralizationStartTime_h
                                  000f4b6c         4   unsigned long
      _g_timerSetting.t34_t64_neutralizationOpenTime_s
                                  000f4b70         4   unsigned long
      _g_timerSetting.crc
                                  000f4b74         1   char
    }
FILE=.\src\hwm\raspberry_pi_interface.obj
                                  000f4b76  000f4b7b         6
  _test_control_buf
                                  000f4b76         6   data ,g         0
    struct UART_Buffer_float_s {
                                                   6
      _test_control_buf.head
                                  000f4b76         1   unsigned char
      _test_control_buf.set_number
                                  000f4b77         1   unsigned char
      _test_control_buf.set_value
                                  000f4b78         4   float
    }
FILE=.\src\r_main.obj
                                  000f4b7c  000f4b93        18
  _g_adc_ch
                                  000f4b7c         2   data ,g         0
  _led_st
                                  000f4b7e         1   data ,g         2
  _send_data
                                  000f4b7f         2   data ,g         0
  _this_size
                                  000f4b81         1   data ,g         0
  _this_size_2
                                  000f4b82         1   data ,g         0
  _send_buf
                                  000f4b83         7   data ,g         0
  _data_crc
                                  000f4b8a         8   data ,g         0
  _dac_out
                                  000f4b92         2   data ,g         2

Absolute value symbols
FILE=rlink_generates_05
  __s.text
                                  0000018e         0   none ,g         0
  __e.text
                                  000004a8         0   none ,g         0
  __s.textf
                                  00003510         0   none ,g         0
  __e.textf
                                  000064f7         0   none ,g         0
  __s.const
                                  00003000         0   none ,g         0
  __e.const
                                  00003510         0   none ,g         0
  __s.constf
                                  00000080         0   none ,g         0
  __e.constf
                                  00000080         0   none ,g         0
  __s.data
                                  000000d8         0   none ,g         0
  __e.data
                                  0000018e         0   none ,g         0
  __s.sdata
                                  00000080         0   none ,g         0
  __e.sdata
                                  00000080         0   none ,g         0
  __s.bss
                                  000f4700         0   none ,g         0
  __e.bss
                                  000f4add         0   none ,g         0
  __s.sbss
                                  000ffe20         0   none ,g         0
  __e.sbss
                                  000ffe20         0   none ,g         0
  __s.dataR
                                  000f4ade         0   none ,g         0
  __e.dataR
                                  000f4b94         0   none ,g         0
  __s.sdataR
                                  000ffe20         0   none ,g         0
  __e.sdataR
                                  000ffe20         0   none ,g         0
  __s.RLIB
                                  000004a8         0   none ,g         0
  __e.RLIB
                                  00000941         0   none ,g         0
  __s.SLIB
                                  000000c4         0   none ,g         0
  __e.SLIB
                                  000000c4         0   none ,g         0
  __s.option_byte
                                  000000c0         0   none ,g         0
  __e.option_byte
                                  000000c4         0   none ,g         0
  __s.monitor1
                                  000000ce         0   none ,g         0
  __e.monitor1
[...]
                                          0010(00004f86:.textf)
                                          0010(00004f8c:.textf)
                                          0010(0000503f:.textf)
                                          0010(00005045:.textf)
                                          0010(000051a8:.textf)
                                          0010(000051ae:.textf)
                                          0010(00005257:.textf)
                                          0010(0000525d:.textf)
                                          0011(00005563:.textf)
                                          0011(00005568:.textf)
                                          0026(00000484:.text)
                                          0026(0000048c:.text)
                                          0026(0000048f:.text)
                                          0026(00000493:.text)
                                          0029(000061b6:.textf)
                                          0029(000061bc:.textf)
                                          0029(00006208:.textf)
                                          0029(0000620b:.textf)
                                          0029(00006253:.textf)
                                          0029(00006259:.textf)
                                          0029(00006288:.textf)
                                          0029(0000628e:.textf)
                                          0031(000063cb:.textf)
                                          0031(000063d0:.textf)
                                          0031(000063ff:.textf)
                                          0031(00006406:.textf)
                                          0031(0000640d:.textf)
                                          0031(00006415:.textf)
                                          0031(0000644f:.textf)
                                          0031(00006456:.textf)
                                          0031(00006475:.textf)
                                          0031(0000647b:.textf)
                                          0031(00006481:.textf)
                                          0031(00006484:.textf)
                                          0031(0000648e:.textf)
                                          0031(00006491:.textf)
                                          0031(000064bb:.textf)
                                          0031(000064c0:.textf)
                                          0031(000064e9:.textf)
                                          0031(000064ef:.textf)
     SECTION=.text
0027 r_cg_wdt
     SECTION=.textf
                 _R_WDT_Create
                                 0000606b 0030(000063b1:.textf)
                 _R_WDT_Restart
                                 0000607c 0008(00004231:.textf)
                                          0009(00004778:.textf)
                                          0009(00004e23:.textf)
                                          0011(00005301:.textf)
                                          0011(0000538a:.textf)
                                          0011(000053ba:.textf)
                                          0011(000053ea:.textf)
                                          0029(00006327:.textf)
                                          0031(0000643c:.textf)
0028 r_cg_wdt_user
     SECTION=.text
0029 r_main
     SECTION=.textf
                 _nostop_checkHandSensor
                                 00006080
                 _readHS
                                 000060b1
                 _main
                                 000060c6 0001(000001e2:.text)
                 _R_MAIN_UserInit
                                 0000632d 0029(000060c9:.textf)
     SECTION=.bss
                 _g_e_status
                                 000f4a3a
                 _ret_number_setting
                                 000f4a3c
                 _flow_p
                                 000f4a62 0029(000062c8:.textf)
                 _salt_h_p
                                 000f4a63
                 _g_eeprom_wren
                                 000f4a64
                 _receive_data
                                 000f4a65
                 _receive_setting
                                 000f4a68
                 _set
                                 000f4a8e
                 _rx_data
                                 000f4a90
                 _data_f
                                 000f4a9c
                 _data_f_test
                                 000f4aa0
                 _g_control_buffer_f
                                 000f4aa4 0011(00005511:.textf)
                                          0011(00005515:.textf)
                                          0011(00005519:.textf)
                                          0011(0000551d:.textf)
                                          0011(00005528:.textf)
                 _g_control_buffer_u32
                                 000f4aaa 0011(00005539:.textf)
                                          0011(0000553d:.textf)
                                          0011(00005541:.textf)
                                          0011(00005545:.textf)
                                          0011(00005550:.textf)
                 _handsensor_status
                                 000f4ab0
                 _g_handsensor_status
                                 000f4ab1 0029(00006096:.textf)
                                          0029(0000609d:.textf)
                                          0029(000060a6:.textf)
                 _g_crc
                                 000f4ab3 0029(0000630a:.textf)
                                          0029(00006316:.textf)
                 _g_crc_32
                                 000f4abc
                 _rx_count
                                 000f4adc 0009(000049dd:.textf)
                                          0029(00006248:.textf)
     SECTION=.dataR
                 _g_adc_ch
                                 000f4b7c
                 _led_st
                                 000f4b7e 0029(000062f3:.textf)
                                          0029(000062fb:.textf)
                 _send_data
                                 000f4b7f
                 _this_size
                                 000f4b81
                 _this_size_2
                                 000f4b82
                 _send_buf
                                 000f4b83
                 _data_crc
                                 000f4b8a
                 _dac_out
                                 000f4b92 0029(00006319:.textf)
                                          0029(00006320:.textf)
     SECTION=.const
     SECTION=.data
0030 r_systeminit
     SECTION=.textf
                 _R_Systeminit
                                 0000638e 0030(000063c4:.textf)
                 _hdwinit
                                 000063c0 0001(0000019a:.text)
0031 usr_timer
     SECTION=.textf
                 _delay_ms
                                 000063c5 0029(000060bc:.textf)
                                          0029(0000616c:.textf)
                                          0031(00006439:.textf)
                 _delay
                                 0000642d
                 _ns_delay_ms
                                 00006445 0006(00003912:.textf)
                                          0006(000039b8:.textf)
                                          0006(00003a60:.textf)
                                          0006(00003b5c:.textf)
                                          0006(00003d0c:.textf)
                                          0006(00003e11:.textf)
                                          0006(00003e76:.textf)
                                          0007(00003f65:.textf)
                                          0008(00003f9e:.textf)
                                          0008(00003fe7:.textf)
                                          0008(00004030:.textf)
                                          0008(00004089:.textf)
                                          0008(000040c0:.textf)
                                          0008(00004109:.textf)
                                          0008(00004152:.textf)
                                          0008(000041ab:.textf)
                                          0008(000041f9:.textf)
                                          0008(00004301:.textf)
                                          0009(0000455e:.textf)
                                          0009(00004589:.textf)
                                          0009(000045a1:.textf)
                                          0009(000045c5:.textf)
                                          0009(000048c8:.textf)
                                          0009(0000493a:.textf)
                                          0009(00004990:.textf)
                                          0009(000049f7:.textf)
                                          0009(00004a72:.textf)
                                          0009(00004aa3:.textf)
                                          0009(00004b86:.textf)
                                          0009(00004bb4:.textf)
                                          0009(00004bc9:.textf)
                                          0009(00004bfb:.textf)
                                          0009(00004c49:.textf)
                                          0009(00004d24:.textf)
                                          0009(00004d9f:.textf)
                                          0009(00004dba:.textf)
                                          0009(00004de2:.textf)
                                          0009(00004e2f:.textf)
                                          0010(00004fa3:.textf)
                                          0010(0000505a:.textf)
                                          0010(0000509f:.textf)
                                          0010(000050b7:.textf)
                                          0010(000050e6:.textf)
                                          0010(0000511c:.textf)
                                          0010(0000513b:.textf)
                                          0010(00005164:.textf)
                                          0010(000051c8:.textf)
                                          0010(000051fb:.textf)
                                          0010(00005215:.textf)
                                          0010(00005279:.textf)
                                          0010(000052ac:.textf)
                                          0010(000052c6:.textf)
                                          0011(00005589:.textf)
                                          0029(0000608e:.textf)
                                          0029(000061cc:.textf)
                                          0029(00006269:.textf)
                                          0029(000062a7:.textf)
                                          0029(000062d3:.textf)
                                          0029(000062df:.textf)
                                          0029(000062eb:.textf)
                 _non_block_delay
                                 000064b1
                 _mTask
                                 000064b3
0032 memcpy
     SECTION=.RLIB
                 _memcpy
                                 000004a8 0011(00005451:.textf)
                                          0011(000054ea:.textf)
                                          0029(000060fd:.textf)
                                          0029(0000610a:.textf)
                                          0029(000061fa:.textf)
                                          0029(0000623a:.textf)
0033 _COM_faddsub
     SECTION=.RLIB
                 __COM_fsub
                                 00000515
                 __COM_fadd
                                 0000051d 0008(0000421e:.textf)
                                          0008(000042d8:.textf)
0034 _COM_fdiv
     SECTION=.RLIB
                 __COM_fdiv
                                 00000653 0008(0000425f:.textf)
                                          0008(0000427c:.textf)
                                          0008(0000433e:.textf)
                                          0008(0000435a:.textf)
0035 _COM_fge
     SECTION=.RLIB
                 __COM_fge
                                 00000722 0006(000039ce:.textf)
                                          0006(00003a76:.textf)
                                          0009(000047b6:.textf)
0036 _COM_fgt
     SECTION=.RLIB
                 __COM_fgt
                                 00000738 0006(00003b29:.textf)
                                          0006(00003c58:.textf)
                                          0006(00003ca5:.textf)
                                          0006(00003d88:.textf)
                                          0009(000049c6:.textf)
0037 _COM_fle
     SECTION=.RLIB
                 __COM_fle
                                 0000074e 0006(00003bec:.textf)
0038 _COM_flt
     SECTION=.RLIB
                 __COM_flt
                                 00000764 0006(000038df:.textf)
                                          0006(00003985:.textf)
                                          0006(00003a2d:.textf)
                                          0006(00003c19:.textf)
                                          0006(00003ced:.textf)
                                          0006(00003d72:.textf)
                                          0006(00003dde:.textf)
                                          0009(000049b0:.textf)
0039 _COM_fmul
     SECTION=.RLIB
                 __COM_fmul
                                 000007c5 0008(00004243:.textf)
                                          0008(00004251:.textf)
                                          0008(00004322:.textf)
                                          0008(00004330:.textf)
                                          0012(000055cb:.textf)
                                          0012(000055d9:.textf)
                                          0012(00005604:.textf)
                                          0012(00005612:.textf)
0040 _COM_funordered
     SECTION=.RLIB
                 __COM_funordered
                                 00000867 0006(000038cc:.textf)
                                          0006(00003972:.textf)
                                          0006(00003a1a:.textf)
                                          0006(00003b16:.textf)
                                          0006(00003c06:.textf)
                                          0006(00003c45:.textf)
                                          0006(00003c92:.textf)
                                          0006(00003cda:.textf)
                                          0006(00003dc9:.textf)
                                          0009(000047a3:.textf)
0041 _COM_ultof
     SECTION=.RLIB
                 __COM_ultof
                                 00000872 0008(00004271:.textf)
                                          0008(0000434f:.textf)
                                          0012(000055bf:.textf)
                                          0012(000055f8:.textf)
0042 _REL_fcmp
     SECTION=.RLIB
                 __REL_fcmp
                                 00000878 0035(0000072c:.RLIB)
                                          0036(00000742:.RLIB)
                                          0037(00000758:.RLIB)
                                          0038(0000076e:.RLIB)
0043 _REL_fordered_core
     SECTION=.RLIB
                 __REL_fordered_core
                                 000008b0 0035(00000725:.RLIB)
                                          0036(0000073b:.RLIB)
                                          0037(00000751:.RLIB)
                                          0038(00000767:.RLIB)
                                          0040(0000086a:.RLIB)
0044 _REL_f_inf
     SECTION=.RLIB
                 __REL_f_inf
                                 000008cc 0033(000005ac:.RLIB)
                                          0034(0000063d:.RLIB)
                                          0034(000006dd:.RLIB)
                                          0039(00000797:.RLIB)
                                          0039(0000083a:.RLIB)
0045 _REL_f_norm
     SECTION=.RLIB
                 __REL_f_norm
                                 000008d4 0034(0000061e:.RLIB)
                                          0034(00000649:.RLIB)
                                          0039(000007b8:.RLIB)
0046 _REL_f_round
     SECTION=.RLIB
                 __REL_f_round
                                 000008e4 0033(000005b9:.RLIB)
                                          0033(000005f1:.RLIB)
                                          0034(0000071f:.RLIB)
                                          0039(00000847:.RLIB)
0047 _REL_ltof
     SECTION=.RLIB
                 __REL_ltof
                                 000008f7 0041(00000875:.RLIB)
0048 rlink_generates_01
     SECTION=.option_byte
0049 rlink_generates_02
     SECTION=.monitor1
     SECTION=.monitor2
0050 rlink_generates_03
     SECTION=.security_id
0051 rlink_generates_04
     SECTION=.vect
0052 rlink_generates_05
     SECTION=
                 __s.vect
                                 00000000
                 __s.constf
                                 00000080
                 __e.constf
                                 00000080
                 __s.sdata
                                 00000080
                 __e.sdata
                                 00000080
                 __e.vect
                                 00000080
                 __s.option_byte
                                 000000c0
                 __s.SLIB
                                 000000c4
                 __e.SLIB
                                 000000c4
                 __e.option_byte
                                 000000c4
                 __s.security_id
                                 000000c4
                 __s.monitor1
                                 000000ce
                 __e.security_id
                                 000000ce
                 __s.data
                                 000000d8
                 __e.monitor1
                                 000000d8
                 __s.text
                                 0000018e
                 __e.data
                                 0000018e
                 __e.text
                                 000004a8
                 __s.RLIB
                                 000004a8
                 __e.RLIB
                                 00000941
                 __s.const
                                 00003000
                 __s.textf
                                 00003510
                 __e.const
                                 00003510
                 __e.textf
                                 000064f7
                 __s.monitor2
                                 0007fe00
                 __e.monitor2
                                 00080000
                 __RAM_ADDR_START
                                 000f3f00
                 __s.bss
                                 000f4700
                 __e.bss
                                 000f4add
                 __s.dataR
                                 000f4ade
                 __e.dataR
                                 000f4b94
                 __STACK_ADDR_END
                                 000f4b94 0001(00000193:.text)
                 __s.sbss
                                 000ffe20
                 __e.sbss
                                 000ffe20
                 __s.sdataR
                                 000ffe20
                 __e.sdataR
                                 000ffe20
                 __STACK_ADDR_START
                                 000ffe20 0001(00000190:.text)
                 __RAM_ADDR_END
                                 000ffee0
