Renesas Optimizing Linker (W3.03.00 )             23-Dec-2021 18:18:28

*** Options ***

-subcommand=LinkerControlPCB_HWM.tmp
-MAKEUD=D:\Chieniwa\E2_Studio\ControlPCB_HWM\HardwareDebug/ControlPCB_HWM_l.ud
-device="D:/Chieniwa/E2_Studio/.eclipse/com.renesas.platform_1435879475/DebugComp/RL78/RL78/Common/DR5F104ML.DVF"
-list="ControlPCB_HWM.map"
-show=all
-nooptimize
-entry=_start
-auto_section_layout
-security_id=00000000000000000000
-debug_monitor=7FE00-7FFFF
-user_opt_byte=FFFFF8
-ocdbg=84
-ocdtr
-input=".\generate\cstart.obj"
-input=".\generate\stkinit.obj"
-input=".\src\EEPROM.obj"
-input=".\src\crc32.obj"
-input=".\src\crc8.obj"
-input=".\src\interrupt_handle.obj"
-input=".\src\main.obj"
-input=".\src\r_cg_adc.obj"
-input=".\src\r_cg_adc_user.obj"
-input=".\src\r_cg_cgc.obj"
-input=".\src\r_cg_cgc_user.obj"
-input=".\src\r_cg_dac.obj"
-input=".\src\r_cg_dac_user.obj"
-input=".\src\r_cg_port.obj"
-input=".\src\r_cg_port_user.obj"
-input=".\src\r_cg_rtc.obj"
-input=".\src\r_cg_rtc_user.obj"
-input=".\src\r_cg_serial.obj"
-input=".\src\r_cg_serial_user.obj"
-input=".\src\r_cg_timer.obj"
-input=".\src\r_cg_timer_user.obj"
-input=".\src\r_cg_wdt.obj"
-input=".\src\r_cg_wdt_user.obj"
-input=".\src\r_main.obj"
-input=".\src\r_systeminit.obj"
-input=".\src\usr_timer.obj"
-library="C:\Program Files (x86)\Renesas Electronics\CS+\CC\CC-RL\V1.10.00\lib\rl78em4s99.lib"
-library="C:\Program Files (x86)\Renesas Electronics\CS+\CC\CC-RL\V1.10.00\lib\rl78em4r.lib"
-library="C:\Program Files (x86)\Renesas Electronics\CS+\CC\CC-RL\V1.10.00\lib\malloc_n.lib"
-output="ControlPCB_HWM.abs"
-debug
-nocompress
-rom=.data=.dataR,.sdata=.sdataR
-nomessage
-nologo

*** Error information ***

*** Mapping List ***

SECTION                            START      END         SIZE   ALIGN
.vect
                                  00000000  0000007f        80   0
.constf
                                  00000080  00000080         0   2
.sdata
                                  00000080  00000080         0   2
.option_byte
                                  000000c0  000000c3         4   1
.security_id
                                  000000c4  000000cd         a   1
.SLIB
                                  000000c4  000000c4         0   1
.monitor1
                                  000000ce  000000d7         a   1
.data
                                  000000d8  00000189        b2   2
.text
                                  0000018a  000004a3       31a   1
.textf
                                  000004a4  00002bc6      2723   1
.const
                                  00003000  00003505       506   2
.RLIB
                                  00003506  00003a00       4fb   1
.monitor2
                                  0007fe00  0007ffff       200   1
.bss
                                  000f4700  000f4b20       421   2
.dataR
                                  000f4b22  000f4bd3        b2   2
.sbss
                                  000ffe20  000ffe20         0   2
.sdataR
                                  000ffe20  000ffe20         0   2

*** Total Section Size ***

RAMDATA SECTION:  000004d3 Byte(s)
ROMDATA SECTION:  00000850 Byte(s)
PROGRAM SECTION:  00002f38 Byte(s)

*** Symbol List ***

SECTION=
FILE=                               START        END    SIZE
  SYMBOL                            ADDR        SIZE    INFO      COUNTS  OPT
    STRUCT                                      SIZE
      MEMBER                        ADDR        SIZE    INFO

SECTION=.vect
FILE=rlink_generates_04
                                  00000000  0000007f        80

SECTION=.option_byte
FILE=rlink_generates_01
                                  000000c0  000000c3         4

SECTION=.security_id
FILE=rlink_generates_03
                                  000000c4  000000cd         a

SECTION=.monitor1
FILE=rlink_generates_02
                                  000000ce  000000d7         a

SECTION=.data
FILE=.\src\main.obj
                                  000000d8  0000016e        97
FILE=.\src\r_main.obj
                                  00000170  00000189        1a

SECTION=.text
FILE=.\generate\cstart.obj
                                  0000018a  000001e3        5a
  _start
                                  0000018a         0   entry,g         0
  _exit
                                  000001e2         0   none ,g         1
FILE=.\src\r_cg_adc_user.obj
                                  000001e4  000001fd        1a
  _r_adc_interrupt@1
                                  000001e4        1a   func ,l         0
FILE=.\src\r_cg_serial_user.obj
                                  000001fe  0000047b       27e
  _r_uart1_interrupt_receive@1
                                  000001fe        5f   func ,l         0
  _r_uart1_interrupt_send@1
                                  0000025d        31   func ,l         0
  _r_csi00_interrupt@1
                                  0000028e        49   func ,l         0
  _r_csi01_interrupt@1
                                  000002d7        85   func ,l         0
  _r_uart2_interrupt_receive@1
                                  0000035c        5f   func ,l         0
  _r_uart2_interrupt_send@1
                                  000003bb        31   func ,l         0
  _r_uart3_interrupt_receive@1
                                  000003ec        5f   func ,l         0
  _r_uart3_interrupt_send@1
                                  0000044b        31   func ,l         0
FILE=.\src\r_cg_timer_user.obj
                                  0000047c  000004a1        26
  _r_tau0_channel0_interrupt@1
                                  0000047c        1c   func ,l         0
  _r_tau0_channel1_interrupt@1
                                  00000498         5   func ,l         0
  _r_tau0_channel2_interrupt@1
                                  0000049d         5   func ,l         0
FILE=.\src\r_cg_wdt_user.obj
                                  000004a2  000004a3         2
  _r_wdt_interrupt@1
                                  000004a2         2   func ,l         0

SECTION=.textf
FILE=.\generate\stkinit.obj
                                  000004a4  000004e7        44
  _stkinit
                                  000004a4         0   none ,g         1
  LSTINIT1
                                  000004b2         0   none ,l         1
  LSTINIT2
                                  000004dc         0   none ,l         2
  LSTINIT3
                                  000004e7         0   none ,l         2
FILE=.\src\EEPROM.obj
                                  000004e8  00000746       25f
  _EEPROM_Init
                                  000004e8        2b   func ,g         1
  _rEE_Status
                                  00000513        1b   func ,g         6
  _sEE_WriteEnable
                                  0000052e        12   func ,g         3
  _sEE_WriteDisable
                                  00000540        12   func ,g         0
  _EE_SPI_Write
                                  00000552        df   func ,g         2
  _EE_SPI_Read
                                  00000631        b7   func ,g         2
  _sEE_Block
                                  000006e8        11   func ,g         0
  _sEE_SendInstruction
                                  000006f9         3   func ,g         0
  _sEE_SendReceiveInstruction
                                  000006fc         4   func ,g         0
  _EE_TransmitData
                                  00000700        2c   func ,g         a
  _sEE_WriteStatusRegister
                                  0000072c        1b   func ,g         2
FILE=.\src\crc32.obj
                                  00000747  000007e5        9f
  _xcrc32
                                  00000747        4e   func ,g         0
  _CRC32
                                  00000795        51   func ,g         0
FILE=.\src\crc8.obj
                                  000007e6  00000845        60
  _crc8_4
                                  000007e6        43   func ,g         1
  _crc8_1
                                  00000829        1d   func ,g         6
FILE=.\src\interrupt_handle.obj
                                  00000846  000008c1        7c
  _adc_int_handle
                                  00000846        7c   func ,g         1
FILE=.\src\main.obj
                                  000008c2  00001e3e      157d
  _handSensorLED
                                  000008c2        30   func ,g         d
  _setting_default
                                  000008f2        a8   func ,g         0
  _isAcidHigh
                                  0000099a        4f   func ,g         0
  _isAcidLow
                                  000009e9        4f   func ,g         0
  _isAcidEmpty
                                  00000a38        46   func ,g         0
  _isAlkalineHigh
                                  00000a7e        4f   func ,g         0
  _isAlkalineLow
                                  00000acd        4f   func ,g         0
  _isAlkalineEmpty
                                  00000b1c        46   func ,g         0
  _sendToRasPi
                                  00000b62        33   func ,g        17
  _sendToWaterSolfner
                                  00000b95        3f   func ,g         4
  _isThisCommand
                                  00000bd4        3e   func ,g         3
  _RaspberryResponse_nostop
                                  00000c12       226   func ,g         5
  _InitialOperationModeStart
                                  00000e38       11c   func ,g         1
  _WaterSupplyOperation_nostop
                                  00000f54       115   func ,g         1
  _stop_waitAlarmConfirm
                                  00001069        21   func ,g         5
  _nostop_waitAlarmConfirm
                                  0000108a        18   func ,g         0
  _Voltage1Check_waitReset
                                  000010a2        b2   func ,g         1
  _Voltage2Check_loop
                                  00001154        8e   func ,g         1
  _Voltage3Check_waitReset
                                  000011e2        a0   func ,g         1
  _LowVoltageCheck_waitReset
                                  00001282        e7   func ,g         1
  _OverCurrentCheck_waitReset
                                  00001369       173   func ,g         1
  _ElectrolyticOperation
                                  000014dc        71   func ,g         1
  _solenoidCheck
                                  0000154d        76   func ,g         0
  _saltWaterTankFullCheck
                                  000015c3        22   func ,g         0
  _saltWaterTankEmptyCheck
                                  000015e5        10   func ,g         0
  _acidWaterTankSkipCheck
                                  000015f5        3b   func ,g         0
  _alkalineWaterTankSkipCheck
                                  00001630        3f   func ,g         0
  _FilterReplacementCheck
                                  0000166f         2   func ,g         0
  _ElectrolyzeWaterGeneration
                                  00001671        3f   func ,g         0
  _WaterWashingMode_nostop
                                  000016b0        42   func ,g         1
  _HandWashingMode_nostop
                                  000016f2       1b1   func ,g         1
  _AcidWaterMode_nostop
                                  000018a3        8f   func ,g         1
  _AlkalineWaterMode_nostop
                                  00001932        b0   func ,g         1
  _CallanCleaningMode_nostop
                                  000019e2        8d   func ,g         0
  _main_init_20211111
                                  00001a6f        6d   func ,g         0
  _main_loop_20211111
                                  00001adc        6c   func ,g         1
  _electrolyticOperationON
                                  00001b48        27   func ,g         2
  _electrolyticOperationOFF
                                  00001b6f        42   func ,g         6
  _measureFlowSensor
                                  00001bb1        c8   func ,g         1
  _measureFlowSensor_nostop
                                  00001c79        dd   func ,g         1
  _UpdateMachineStatus
                                  00001d56        e9   func ,g         7
FILE=.\src\r_cg_adc.obj
                                  00001e3f  00001ea0        62
  _R_ADC_Create
                                  00001e3f        33   func ,g         2
  _R_ADC_Start
                                  00001e72         a   func ,g         2
  _R_ADC_Stop
                                  00001e7c         a   func ,g         0
  _R_ADC_Set_OperationOn
                                  00001e86         4   func ,g         1
  _R_ADC_Set_OperationOff
                                  00001e8a         4   func ,g         0
  _R_ADC_Get_Result
                                  00001e8e         7   func ,g         2
  _R_ADC_Set_ADChannel
                                  00001e95         c   func ,g         0
FILE=.\src\r_cg_cgc.obj
                                  00001ea1  00001eb6        16
  _R_CGC_Create
                                  00001ea1        16   func ,g         1
FILE=.\src\r_cg_cgc_user.obj
                                  00001eb7  00001eb9         3
  _R_CGC_Get_ResetSource
                                  00001eb7         3   func ,g         1
FILE=.\src\r_cg_dac.obj
                                  00001eba  00001eec        33
  _R_DAC_Create
                                  00001eba        1d   func ,g         2
  _R_DAC0_Start
                                  00001ed7         4   func ,g         1
  _R_DAC0_Stop
                                  00001edb         4   func ,g         0
  _R_DAC0_Set_ConversionValue
                                  00001edf         3   func ,g         2
  _R_DAC1_Start
                                  00001ee2         4   func ,g         1
  _R_DAC1_Stop
                                  00001ee6         4   func ,g         0
  _R_DAC1_Set_ConversionValue
                                  00001eea         3   func ,g         2
FILE=.\src\r_cg_port.obj
                                  00001eed  00001f34        48
  _R_PORT_Create
                                  00001eed        48   func ,g         1
FILE=.\src\r_cg_port_user.obj
                                  00001f35  00001f35         1
  _R_PORT_Create_UserInit
                                  00001f35         1   func ,g         1
FILE=.\src\r_cg_rtc.obj
                                  00001f36  00002073       13e
  _R_RTC_Create
                                  00001f36        27   func ,g         2
  _R_RTC_Start
                                  00001f5d         4   func ,g         0
  _R_RTC_Stop
                                  00001f61         4   func ,g         0
  _R_RTC_Get_CounterValue
                                  00001f65        51   func ,g         0
  _R_RTC_Set_CounterValue
                                  00001fb6        be   func ,g         0
FILE=.\src\r_cg_serial.obj
                                  00002074  00002566       4f3
  _R_CSI01_Receive
                                  00002074        1a   func ,g         0
  _R_CSI01_Send
                                  0000208e        26   func ,g         0
  _R_SAU0_Create
                                  000020b4        17   func ,g         2
  _R_UART1_Create
                                  000020cb        7e   func ,g         2
  _R_UART1_Start
                                  00002149        26   func ,g         1
  _R_UART1_Stop
                                  0000216f        1e   func ,g         0
  _R_UART1_Receive
                                  0000218d        18   func ,g         0
  _R_UART1_Send
                                  000021a5        29   func ,g         0
  _R_CSI00_Create
                                  000021ce        53   func ,g         2
  _R_CSI00_Start
                                  00002221        26   func ,g         1
  _R_CSI00_Stop
                                  00002247        18   func ,g         0
  _R_CSI00_Send
                                  0000225f        28   func ,g         0
  _R_CSI01_Create
                                  00002287        5a   func ,g         3
  _R_CSI01_Start
                                  000022e1        26   func ,g         1
  _R_CSI01_Stop
                                  00002307        18   func ,g         1
  _R_CSI01_Send_Receive
                                  0000231f        36   func ,g         1
  _R_SAU1_Create
                                  00002355        14   func ,g         2
  _R_UART2_Create
                                  00002369        7e   func ,g         2
  _R_UART2_Start
                                  000023e7        26   func ,g         2
  _R_UART2_Stop
                                  0000240d        1e   func ,g         1
  _R_UART2_Receive
                                  0000242b        18   func ,g         5
  _R_UART2_Send
                                  00002443        29   func ,g         5
  _R_UART3_Create
                                  0000246c        76   func ,g         2
  _R_UART3_Start
                                  000024e2        26   func ,g         1
  _R_UART3_Stop
                                  00002508        1e   func ,g         0
  _R_UART3_Receive
                                  00002526        18   func ,g         2
  _R_UART3_Send
                                  0000253e        29   func ,g         1
FILE=.\src\r_cg_serial_user.obj
                                  00002567  00002683       11d
  _isCommand
                                  00002567        24   func ,g         1
  _r_uart1_callback_receiveend@1
                                  0000258b         1   func ,l         1
  _r_uart1_callback_softwareoverrun@1
                                  0000258c         1   func ,l         1
  _r_uart1_callback_sendend@1
                                  0000258d         1   func ,l         1
  _r_uart1_callback_error@1
                                  0000258e         1   func ,l         1
  _r_csi00_callback_sendend@1
                                  0000258f         1   func ,l         1
  _r_csi01_callback_receiveend@1
                                  00002590         7   func ,l         1
  _r_csi01_callback_error@1
                                  00002597         1   func ,l         1
  _r_csi01_callback_sendend@1
                                  00002598         4   func ,l         1
  _r_uart2_callback_receiveend@1
                                  0000259c        b9   func ,l         1
  _r_uart2_callback_softwareoverrun@1
                                  00002655         1   func ,l         1
  _r_uart2_callback_sendend@1
                                  00002656         4   func ,l         1
  _r_uart2_callback_error@1
                                  0000265a         1   func ,l         1
  _r_uart3_callback_receiveend@1
                                  0000265b        20   func ,l         1
  _r_uart3_callback_softwareoverrun@1
                                  0000267b         1   func ,l         1
  _r_uart3_callback_sendend@1
                                  0000267c         7   func ,l         1
  _r_uart3_callback_error@1
                                  00002683         1   func ,l         1
FILE=.\src\r_cg_timer.obj
                                  00002684  00002790       10d
  _R_TAU0_Create
                                  00002684        ad   func ,g         2
  _R_TAU0_Channel0_Start
                                  00002731        10   func ,g         1
  _R_TAU0_Channel0_Stop
                                  00002741        10   func ,g         0
  _R_TAU0_Channel1_Start
                                  00002751        10   func ,g         0
  _R_TAU0_Channel1_Stop
                                  00002761        10   func ,g         0
  _R_TAU0_Channel2_Start
                                  00002771        10   func ,g         0
  _R_TAU0_Channel2_Stop
                                  00002781        10   func ,g         0
FILE=.\src\r_cg_wdt.obj
                                  00002791  000027a5        15
  _R_WDT_Create
                                  00002791        11   func ,g         1
  _R_WDT_Restart
                                  000027a2         4   func ,g         d
FILE=.\src\r_main.obj
                                  000027a6  00002a94       2ef
  _nostop_checkHandSensor
                                  000027a6        31   func ,g         0
  _readHS
                                  000027d7        15   func ,g         0
  _main
                                  000027ec       248   func ,g         1
  _R_MAIN_UserInit
                                  00002a34        61   func ,g         1
FILE=.\src\r_systeminit.obj
                                  00002a95  00002acb        37
  _R_Systeminit
                                  00002a95        32   func ,g         1
  _hdwinit
                                  00002ac7         5   func ,g         1
FILE=.\src\usr_timer.obj
                                  00002acc  00002bc6        fb
  _delay_ms
                                  00002acc        68   func ,g         4
  _delay
                                  00002b34        18   func ,g         0
  _ns_delay_ms
                                  00002b4c        35   func ,g        28
  _non_block_delay
                                  00002b81         2   func ,g         0
  _mTask
                                  00002b83        44   func ,g         0

SECTION=.const
FILE=.\src\EEPROM.obj
                                  00003000  00003001         2
FILE=.\src\crc32.obj
                                  00003002  00003401       400
  _crc32_table
                                  00003002       400   data ,g         2
FILE=.\src\crc8.obj
                                  00003402  00003501       100
  _crc_table@1
                                  00003402       100   data ,l         2
FILE=.\src\main.obj
                                  00003502  00003505         4
  _time_setting_p
                                  00003502         2   data ,g         0
  _number_setting_p
                                  00003504         2   data ,g         0

SECTION=.RLIB
FILE=memcpy
                                  00003506  00003516        11
  _memcpy
                                  00003506         0   none ,g         5
FILE=_COM_faddsub
                                  00003517  00003651       13b
  __COM_fsub
                                  00003573         0   none ,g         0
  __COM_fadd
                                  0000357b         0   none ,g         2
FILE=_COM_fdiv
                                  00003652  0000377f       12e
  __COM_fdiv
                                  000036b1         0   none ,g         4
FILE=_COM_fge
                                  00003780  00003795        16
  __COM_fge
                                  00003780         0   none ,g         2
FILE=_COM_fgt
                                  00003796  000037ab        16
  __COM_fgt
                                  00003796         0   none ,g         4
FILE=_COM_fle
                                  000037ac  000037c1        16
  __COM_fle
                                  000037ac         0   none ,g         1
FILE=_COM_flt
                                  000037c2  000037d7        16
  __COM_flt
                                  000037c2         0   none ,g         5
FILE=_COM_fmul
                                  000037d8  000038c4        ed
  __COM_fmul
                                  00003823         0   none ,g         8
FILE=_COM_ftoul
                                  000038c5  000038d0         c
  __COM_ftoul
                                  000038c5         0   none ,g         6
FILE=_COM_funordered
                                  000038d1  000038db         b
  __COM_funordered
                                  000038d1         0   none ,g         8
FILE=_COM_ultof
                                  000038dc  000038e1         6
  __COM_ultof
                                  000038dc         0   none ,g         a
FILE=_REL_fcmp
                                  000038e2  00003919        38
  __REL_fcmp
                                  000038e2         0   none ,g         4
FILE=_REL_fordered_core
                                  0000391a  00003935        1c
  __REL_fordered_core
                                  0000391a         0   none ,g         5
FILE=_REL_ftol
                                  00003936  0000396a        35
  __REL_ftol
                                  00003936         0   none ,g         1
FILE=_REL_f_inf
                                  0000396b  00003972         8
  __REL_f_inf
                                  0000396b         0   none ,g         5
FILE=_REL_f_norm
                                  00003973  00003982        10
  __REL_f_norm
                                  00003973         0   none ,g         3
FILE=_REL_f_round
                                  00003983  00003995        13
  __REL_f_round
                                  00003983         0   none ,g         4
FILE=_REL_ltof
                                  00003996  000039df        4a
  __REL_ltof
                                  00003996         0   none ,g         1
FILE=_COM_lshr
                                  000039e0  00003a00        21
  __COM_lshr
                                  000039ea         0   none ,g         1

SECTION=.monitor2
FILE=rlink_generates_02
                                  0007fe00  0007ffff       200

SECTION=.bss
FILE=.\src\EEPROM.obj
                                  000f4700  000f4726        27
  _eeprom_status
                                  000f4700         1   data ,g         c
    union  EEPROM_status_u {
                                                   1
      _eeprom_status.refined
                                  000f4700         1
    struct  {
                                                   1
      _eeprom_status.refined.RB
                                  000f4700         1   unsigned char:1(7)
      _eeprom_status.refined.WEN
                                  000f4700         1   unsigned char:1(6)
      _eeprom_status.refined.BP
                                  000f4700         1   unsigned char:2(4)
      _eeprom_status.refined.RSVD
                                  000f4700         1   unsigned char:3(1)
      _eeprom_status.refined.WPEN
                                  000f4700         1   unsigned char:1(0)
    }
      _eeprom_status.raw
                                  000f4700         1   unsigned char
    }
  _spi_flag
                                  000f4702         2   data ,g         3
  _buf
                                  000f4704        23   data ,g        12
FILE=.\src\interrupt_handle.obj
                                  000f4728  000f472b         4
  _g_adc_value
                                  000f4728         4   data ,g         4
FILE=.\src\main.obj
                                  000f472c  000f48e5       1ba
  _g_Tick@1
                                  000f472c        84   data ,l        56
    struct Tick_s {
                                                  84
      _g_Tick@1.tick500ms
                                  000f472c         4   unsigned long
      _g_Tick@1.tick1s
                                  000f4730         4   unsigned long
      _g_Tick@1.tick5s
                                  000f4734         4   unsigned long
      _g_Tick@1.tickBlink
                                  000f4738         4   unsigned long
      _g_Tick@1.tickAlkaline
                                  000f473c         4   unsigned long
      _g_Tick@1.tickAcid
                                  000f4740         4   unsigned long
      _g_Tick@1.tickWater
                                  000f4744         4   unsigned long
      _g_Tick@1.tickHandWash
                                  000f4748         4   unsigned long
      _g_Tick@1.tickWaterSupply
                                  000f474c         4   unsigned long
      _g_Tick@1.tickFlowMeasurment
                                  000f4750         4   unsigned long
      _g_Tick@1.tickDebouceHandSensor
                                  000f4754         4   unsigned long
      _g_Tick@1.tickVoltage1Check
                                  000f4758         4   unsigned long
      _g_Tick@1.tickVoltage2Check
                                  000f475c         4   unsigned long
      _g_Tick@1.tickVoltage3Check
                                  000f4760         4   unsigned long
      _g_Tick@1.tickVoltageLowCheck
                                  000f4764         4   unsigned long
      _g_Tick@1.tickCurrentCheck
                                  000f4768         4   unsigned long
      _g_Tick@1.tickElectrolyticOff
                                  000f476c         4   unsigned long
      _g_Tick@1.tickAcidLevel
                                  000f4770         c   unsigned long
      _g_Tick@1.tickAlkalineLevel
                                  000f477c         c   unsigned long
      _g_Tick@1.tickHandSensor
                                  000f4788         8   unsigned long
      _g_Tick@1.tickCustom
                                  000f4790        20   unsigned long
    }
  _g_TickKeeper@2
                                  000f47b0        14   data ,l         e
    struct Tick_Keeper_s {
                                                  14
      _g_TickKeeper@2.SV1_ON_minutes
                                  000f47b0         4   unsigned long
      _g_TickKeeper@2.SV1_OFF_minutes
                                  000f47b4         4   unsigned long
      _g_TickKeeper@2.SV2_ON_minutes
                                  000f47b8         4   unsigned long
      _g_TickKeeper@2.SV2_OFF_minutes
                                  000f47bc         4   unsigned long
      _g_TickKeeper@2.neutralization
                                  000f47c0         4   unsigned long
    }
  _pre_machine_mode@3
                                  000f47c4         1   data ,l         2
  _g_callan_clear_flag@4
                                  000f47c5         1   data ,l         3
  _g_numberSetting
                                  000f47c6        26   data ,g        2d
    struct Number_Setting_s {
                                                  26
      _g_numberSetting.upperVoltage1
                                  000f47c6         4   float
      _g_numberSetting.upperVoltage2
                                  000f47ca         4   float
      _g_numberSetting.upperVoltage3
                                  000f47ce         4   float
      _g_numberSetting.lowerVoltage
                                  000f47d2         4   float
      _g_numberSetting.upperCurrent
                                  000f47d6         4   float
      _g_numberSetting.lowerCurrent
                                  000f47da         4   float
      _g_numberSetting.upperFlow
                                  000f47de         4   float
      _g_numberSetting.lowerFlow
                                  000f47e2         4   float
      _g_numberSetting.crc
                                  000f47e6         1   char
      _g_numberSetting.cvccCurrent
                                  000f47e8         4   float
    }
  _g_color
                                  000f47ec         1   data ,g         c
  _g_pre_color
                                  000f47ed         1   data ,g         3
  _g_flow_value
                                  000f47ee         4   data ,g         2
  _g_alarm
                                  000f47f2         2   data ,g         f
    union  Alarm_Flag_u {
                                                   2
      _g_alarm.refined
                                  000f47f2         2
    struct  {
                                                   2
      _g_alarm.refined.overVoltage1
                                  000f47f2         1   unsigned char:1(7)
      _g_alarm.refined.overVoltage2
                                  000f47f2         1   unsigned char:1(6)
      _g_alarm.refined.overVoltage3
                                  000f47f2         1   unsigned char:1(5)
      _g_alarm.refined.overCurrent
                                  000f47f2         1   unsigned char:1(4)
      _g_alarm.refined.overFlow
                                  000f47f2         1   unsigned char:1(3)
      _g_alarm.refined.underVoltage
                                  000f47f2         1   unsigned char:1(2)
      _g_alarm.refined.underCurrent
                                  000f47f2         1   unsigned char:1(1)
      _g_alarm.refined.underFlow
                                  000f47f2         1   unsigned char:1(0)
      _g_alarm.refined.cvcc
                                  000f47f3         1   unsigned char:1(7)
    }
    }
  _g_machine_state
                                  000f47f4         8   data ,g        2c
    struct Machine_State_u {
                                                   8
      _g_machine_state.akaline
                                  000f47f4         1   unsigned char
      _g_machine_state.acid
                                  000f47f5         1   unsigned char
      _g_machine_state.water
                                  000f47f6         1   unsigned char
      _g_machine_state.handwash
                                  000f47f7         1   unsigned char
      _g_machine_state.waterSupply
                                  000f47f8         1   unsigned char
      _g_machine_state.flowSensor
                                  000f47f9         1   unsigned char
      _g_machine_state.user
                                  000f47fa         1   unsigned char
      _g_machine_state.mode
                                  000f47fb         1   unsigned char
    }
  _g_io_status
                                  000f47fc        12   data ,g        38
    union  IO_Status_u {
                                                  12
      _g_io_status.refined
                                  000f47fc        12
    struct  {
                                                  12
      _g_io_status.refined.AlkalineEmptyLevel
                                  000f47fc         1   unsigned char:1(7)
      _g_io_status.refined.AlkalineLowLevel
                                  000f47fc         1   unsigned char:1(6)
      _g_io_status.refined.AlkalineHighLevel
                                  000f47fc         1   unsigned char:1(5)
      _g_io_status.refined.AcidEmptyLevel
                                  000f47fc         1   unsigned char:1(4)
      _g_io_status.refined.AcidLowLevel
                                  000f47fc         1   unsigned char:1(3)
      _g_io_status.refined.AcidHighLevel
                                  000f47fc         1   unsigned char:1(2)
      _g_io_status.refined.SaltLowLevel
                                  000f47fc         1   unsigned char:1(1)
      _g_io_status.refined.SaltHighLevel
                                  000f47fc         1   unsigned char:1(0)
      _g_io_status.refined.Valve
                                  000f47fd         2
    struct  {
                                                   2
      _g_io_status.refined.Valve.SV1
                                  000f47fd         1   unsigned char:1(7)
      _g_io_status.refined.Valve.SV2
                                  000f47fd         1   unsigned char:1(6)
      _g_io_status.refined.Valve.SV3
                                  000f47fd         1   unsigned char:1(5)
      _g_io_status.refined.Valve.SV4
                                  000f47fd         1   unsigned char:1(4)
      _g_io_status.refined.Valve.SV5
                                  000f47fd         1   unsigned char:1(3)
      _g_io_status.refined.Valve.SV6
                                  000f47fd         1   unsigned char:1(2)
      _g_io_status.refined.Valve.SV7
                                  000f47fd         1   unsigned char:1(1)
      _g_io_status.refined.Valve.SV8
                                  000f47fd         1   unsigned char:1(0)
      _g_io_status.refined.Valve.SV9
                                  000f47fe         1   unsigned char:1(7)
      _g_io_status.refined.Valve.RSVD
                                  000f47fe         1   unsigned char:7(0)
    }
      _g_io_status.refined.Pump1
                                  000f47ff         1   unsigned char:1(7)
      _g_io_status.refined.Pump2
                                  000f47ff         1   unsigned char:1(6)
      _g_io_status.refined.SaltPump
                                  000f47ff         1   unsigned char:1(5)
      _g_io_status.refined.RSVD1
                                  000f47ff         1   unsigned char:4(1)
      _g_io_status.refined.MachineMode
                                  000f4800         1   unsigned char
      _g_io_status.refined.FlowValue
                                  000f4802         4   float
      _g_io_status.refined.CVCCVoltage
                                  000f4806         4   float
      _g_io_status.refined.CVCCCurrent
                                  000f480a         4   float
    }
    }
  _g_pre_io_status
                                  000f480e        12   data ,g        13
    union  IO_Status_u {
                                                  12
      _g_pre_io_status.refined
                                  000f480e        12
    struct  {
                                                  12
      _g_pre_io_status.refined.AlkalineEmptyLevel
                                  000f480e         1   unsigned char:1(7)
      _g_pre_io_status.refined.AlkalineLowLevel
                                  000f480e         1   unsigned char:1(6)
      _g_pre_io_status.refined.AlkalineHighLevel
                                  000f480e         1   unsigned char:1(5)
      _g_pre_io_status.refined.AcidEmptyLevel
                                  000f480e         1   unsigned char:1(4)
      _g_pre_io_status.refined.AcidLowLevel
                                  000f480e         1   unsigned char:1(3)
      _g_pre_io_status.refined.AcidHighLevel
                                  000f480e         1   unsigned char:1(2)
      _g_pre_io_status.refined.SaltLowLevel
                                  000f480e         1   unsigned char:1(1)
      _g_pre_io_status.refined.SaltHighLevel
                                  000f480e         1   unsigned char:1(0)
      _g_pre_io_status.refined.Valve
                                  000f480f         2
    struct  {
                                                   2
      _g_pre_io_status.refined.Valve.SV1
                                  000f480f         1   unsigned char:1(7)
      _g_pre_io_status.refined.Valve.SV2
                                  000f480f         1   unsigned char:1(6)
      _g_pre_io_status.refined.Valve.SV3
                                  000f480f         1   unsigned char:1(5)
      _g_pre_io_status.refined.Valve.SV4
                                  000f480f         1   unsigned char:1(4)
      _g_pre_io_status.refined.Valve.SV5
                                  000f480f         1   unsigned char:1(3)
      _g_pre_io_status.refined.Valve.SV6
                                  000f480f         1   unsigned char:1(2)
      _g_pre_io_status.refined.Valve.SV7
                                  000f480f         1   unsigned char:1(1)
      _g_pre_io_status.refined.Valve.SV8
                                  000f480f         1   unsigned char:1(0)
      _g_pre_io_status.refined.Valve.SV9
                                  000f4810         1   unsigned char:1(7)
      _g_pre_io_status.refined.Valve.RSVD
                                  000f4810         1   unsigned char:7(0)
    }
      _g_pre_io_status.refined.Pump1
                                  000f4811         1   unsigned char:1(7)
      _g_pre_io_status.refined.Pump2
                                  000f4811         1   unsigned char:1(6)
      _g_pre_io_status.refined.SaltPump
                                  000f4811         1   unsigned char:1(5)
      _g_pre_io_status.refined.RSVD1
                                  000f4811         1   unsigned char:4(1)
      _g_pre_io_status.refined.MachineMode
                                  000f4812         1   unsigned char
      _g_pre_io_status.refined.FlowValue
                                  000f4814         4   float
      _g_pre_io_status.refined.CVCCVoltage
                                  000f4818         4   float
      _g_pre_io_status.refined.CVCCCurrent
                                  000f481c         4   float
    }
    }
  __settingTime
                                  000f4820        8e   data ,g         8
    struct Timer_Setting_s {
                                                  8e
      __settingTime.t1_initialWaterDrainageOperation_s
                                  000f4820         4   unsigned long
      __settingTime.t2_flowSensorStartTime_s
                                  000f4824         4   unsigned long
      __settingTime.t3_flowSensorMonitorTime_s
                                  000f4828         4   unsigned long
      __settingTime.t4_electrolysisOperationStart_s
                                  000f482c         4   unsigned long
      __settingTime.t5_electrolysisStopDelay_s
                                  000f4830         4   unsigned long
      __settingTime.t6_drainageOffTime_h
                                  000f4834         4   unsigned long
      __settingTime.t7_powerOnPreparation_s
                                  000f4838         4   unsigned long
      __settingTime.t8_flowRateAdjustmentRelease_s
                                  000f483c         4   unsigned long
      __settingTime.t9_currentAdjustmentRelease_s
                                  000f4840         4   unsigned long
      __settingTime.t10_electrolysisCurrentAlarmSpecified_s
                                  000f4844         4   unsigned long
      __settingTime.t11_overVoltage1Time_s
                                  000f4848         4   unsigned long
      __settingTime.t12_overVoltage2Time_s
                                  000f484c         4   unsigned long
      __settingTime.t13_overVoltage3Time_s
                                  000f4850         4   unsigned long
      __settingTime.t14_lowVoltageStartTime_s
                                  000f4854         4   unsigned long
      __settingTime.t15_lowVoltageDelayTime_s
                                  000f4858         4   unsigned long
      __settingTime.t16_currentMonitoringStart_s
                                  000f485c         4   unsigned long
      __settingTime.t17_solenoidLeakageStartTime_s
                                  000f4860         4   unsigned long
      __settingTime.t18_fullWaterMonitoringStart_h
                                  000f4864         4   unsigned long
      __settingTime.t19_waterFilterAlarm_h
                                  000f4868         4   unsigned long
      __settingTime.t20_waterFilterAlarmIgnore_h
                                  000f486c         4   unsigned long
      __settingTime.t26_onDelayEmptyLevel_s
                                  000f4870         4   unsigned long
      __settingTime.t27_onDelayLowLevel_s
                                  000f4874         4   unsigned long
      __settingTime.t28_onDelayHighLevel_s
                                  000f4878         4   unsigned long
      __settingTime.t30_offDelayEmptyLevel_s
                                  000f487c         4   unsigned long
      __settingTime.t31_saltLowLevelDelay_s
                                  000f4880         4   unsigned long
      __settingTime.t32_saltHighLevelDelay_s
                                  000f4884         4   unsigned long
      __settingTime.t51_alkalineWaterSpoutingTime_s
                                  000f4888         4   unsigned long
      __settingTime.t52_acidWaterSpoutingTime_s
                                  000f488c         4   unsigned long
      __settingTime.t53_washingWaterSpoutingTime_s
                                  000f4890         4   unsigned long
      __settingTime.t54_overLapTime_ms
                                  000f4894         4   unsigned long
      __settingTime.t55_waterDischargeDelay_s
                                  000f4898         4   unsigned long
      __settingTime.t56_acidWaterDownTime_s
                                  000f489c         4   unsigned long
      __settingTime.t59_alkalineWaterDownTime_s
                                  000f48a0         4   unsigned long
      __settingTime.t61_curranCleaningIntervalTime_h
                                  000f48a4         4   unsigned long
      __settingTime.t62_callanWashSpoutingTime_s
                                  000f48a8         4   unsigned long
      __settingTime.crc
                                  000f48ac         1   char
    }
  __settingNumber
                                  000f48ae        26   data ,g         8
    struct Number_Setting_s {
                                                  26
      __settingNumber.upperVoltage1
                                  000f48ae         4   float
      __settingNumber.upperVoltage2
                                  000f48b2         4   float
      __settingNumber.upperVoltage3
                                  000f48b6         4   float
      __settingNumber.lowerVoltage
                                  000f48ba         4   float
      __settingNumber.upperCurrent
                                  000f48be         4   float
      __settingNumber.lowerCurrent
                                  000f48c2         4   float
      __settingNumber.upperFlow
                                  000f48c6         4   float
      __settingNumber.lowerFlow
                                  000f48ca         4   float
      __settingNumber.crc
                                  000f48ce         1   char
      __settingNumber.cvccCurrent
                                  000f48d0         4   float
    }
  _g_machine_mode
                                  000f48d4         1   data ,g         4
  _btod
                                  000f48d6         4   data ,g         6
    union  BytesToDouble {
                                                   4
      _btod.refined
                                  000f48d6         4
    struct  {
                                                   4
      _btod.refined.data
                                  000f48d6         4   unsigned char
    }
      _btod.raw
                                  000f48d6         4   unsigned long
    }
  _water_solfner_buf
                                  000f48da         7   data ,g         5
    struct UART3_Buffer_s {
                                                   7
      _water_solfner_buf.busy
                                  000f48da         1   unsigned char
      _water_solfner_buf.head
                                  000f48db         1   unsigned char
      _water_solfner_buf.set_number
                                  000f48dc         1   unsigned char
      _water_solfner_buf.set_value
                                  000f48dd         4   unsigned char
    }
  _this_true
                                  000f48e1         1   data ,g         1
  __flow_pulse
                                  000f48e2         4   data ,g         8
FILE=.\src\r_cg_rtc_user.obj
                                  000f48e6  000f48ec         7
  _g_rtc
                                  000f48e6         7   data ,g         0
    struct  {
                                                   7
      _g_rtc.sec
                                  000f48e6         1   unsigned char
      _g_rtc.min
                                  000f48e7         1   unsigned char
      _g_rtc.hour
                                  000f48e8         1   unsigned char
      _g_rtc.day
                                  000f48e9         1   unsigned char
      _g_rtc.week
                                  000f48ea         1   unsigned char
      _g_rtc.month
                                  000f48eb         1   unsigned char
      _g_rtc.year
                                  000f48ec         1   unsigned char
    }
FILE=.\src\r_cg_serial.obj
                                  000f48ee  000f4923        36
  _gp_uart1_tx_address
                                  000f48ee         2   data ,g         5
  _g_uart1_tx_count
                                  000f48f0         2   data ,g         4
  _gp_uart1_rx_address
                                  000f48f2         2   data ,g         3
  _g_uart1_rx_count
                                  000f48f4         2   data ,g         4
  _g_uart1_rx_length
                                  000f48f6         2   data ,g         3
  _gp_csi00_rx_address
                                  000f48f8         2   data ,g         0
  _g_csi00_rx_length
                                  000f48fa         2   data ,g         0
  _g_csi00_rx_count
                                  000f48fc         2   data ,g         0
  _gp_csi00_tx_address
                                  000f48fe         2   data ,g         6
  _g_csi00_send_length
                                  000f4900         2   data ,g         0
  _g_csi00_tx_count
                                  000f4902         2   data ,g         4
  _gp_csi01_rx_address
                                  000f4904         2   data ,g         5
  _g_csi01_rx_length
                                  000f4906         2   data ,g         1
  _g_csi01_rx_count
                                  000f4908         2   data ,g         1
  _gp_csi01_tx_address
                                  000f490a         2   data ,g         7
  _g_csi01_send_length
                                  000f490c         2   data ,g         0
  _g_csi01_tx_count
                                  000f490e         2   data ,g         7
  _gp_uart2_tx_address
                                  000f4910         2   data ,g         5
  _g_uart2_tx_count
                                  000f4912         2   data ,g         4
  _gp_uart2_rx_address
                                  000f4914         2   data ,g         3
  _g_uart2_rx_count
                                  000f4916         2   data ,g         4
  _g_uart2_rx_length
                                  000f4918         2   data ,g         3
  _gp_uart3_tx_address
                                  000f491a         2   data ,g         5
  _g_uart3_tx_count
                                  000f491c         2   data ,g         4
  _gp_uart3_rx_address
                                  000f491e         2   data ,g         3
  _g_uart3_rx_count
                                  000f4920         2   data ,g         4
  _g_uart3_rx_length
                                  000f4922         2   data ,g         3
FILE=.\src\r_cg_serial_user.obj
                                  000f4924  000f49e2        bf
  _g_uart3_rx_data
                                  000f4924         8   data ,g         5
  _send_response_flag
                                  000f492c         1   data ,g         0
  _send_response_time_flag
                                  000f492d         1   data ,g         0
  _send_response_number_flag
                                  000f492e         1   data ,g         0
  _recived_time_setting_flag
                                  000f492f         1   data ,g         0
  _send_respone_status_flag
                                  000f4930         1   data ,g         0
  _recived_number_setting_flag
                                  000f4931         1   data ,g         0
  _commnunication_flag
                                  000f4932         8   data ,g        20
    struct Communicaition_flag_s {
                                                   8
      _commnunication_flag.send_response_flag
                                  000f4932         1   unsigned char
      _commnunication_flag.send_response_time_flag
                                  000f4933         1   unsigned char
      _commnunication_flag.send_response_number_flag
                                  000f4934         1   unsigned char
      _commnunication_flag.recived_number_setting_flag
                                  000f4935         1   unsigned char
      _commnunication_flag.recived_time_setting_flag
                                  000f4936         1   unsigned char
      _commnunication_flag.send_respone_status_flag
                                  000f4937         1   unsigned char
      _commnunication_flag.send_response_mode_flag
                                  000f4938         1   unsigned char
      _commnunication_flag.rs485_send_watersolfner_response_flag
                                  000f4939         1   unsigned char
    }
  _g_csi_count
                                  000f493a         1   data ,g         0
  _g_csi_err
                                  000f493b         1   data ,g         0
  _g_csi_send_end
                                  000f493c         1   data ,g         1
  _g_csi_rev_end
                                  000f493d         1   data ,g         3
  _g_uart1_send
                                  000f493e         1   data ,g         0
  _g_uart2_sendend
                                  000f493f         1   data ,g         c
  _g_uart2_receive
                                  000f4940         1   data ,g         1
  _g_rx_data
                                  000f4941        a0   data ,g        25
  _g_uart2_fault
                                  000f49e1         1   data ,g         3
  _g_uart3_sendend
                                  000f49e2         1   data ,g         3
FILE=.\src\r_cg_timer_user.obj
                                  000f49e4  000f49eb         8
  _timer0_ch0_flag
                                  000f49e4         1   data ,g         1
  _timer0_ch1_flag
                                  000f49e5         1   data ,g         1
  _timer0_ch2_flag
                                  000f49e6         1   data ,g         1
  _g_systemTime
                                  000f49e8         4   data ,g        56
FILE=.\src\r_main.obj
                                  000f49ec  000f4b20       135
  _g_Tick@1
                                  000f49ec        84   data ,l         4
    struct Tick_s {
                                                  84
      _g_Tick@1.tick500ms
                                  000f49ec         4   unsigned long
      _g_Tick@1.tick1s
                                  000f49f0         4   unsigned long
      _g_Tick@1.tick5s
                                  000f49f4         4   unsigned long
      _g_Tick@1.tickBlink
                                  000f49f8         4   unsigned long
      _g_Tick@1.tickAlkaline
                                  000f49fc         4   unsigned long
      _g_Tick@1.tickAcid
                                  000f4a00         4   unsigned long
      _g_Tick@1.tickWater
                                  000f4a04         4   unsigned long
      _g_Tick@1.tickHandWash
                                  000f4a08         4   unsigned long
      _g_Tick@1.tickWaterSupply
                                  000f4a0c         4   unsigned long
      _g_Tick@1.tickFlowMeasurment
                                  000f4a10         4   unsigned long
      _g_Tick@1.tickDebouceHandSensor
                                  000f4a14         4   unsigned long
      _g_Tick@1.tickVoltage1Check
                                  000f4a18         4   unsigned long
      _g_Tick@1.tickVoltage2Check
                                  000f4a1c         4   unsigned long
      _g_Tick@1.tickVoltage3Check
                                  000f4a20         4   unsigned long
      _g_Tick@1.tickVoltageLowCheck
                                  000f4a24         4   unsigned long
      _g_Tick@1.tickCurrentCheck
                                  000f4a28         4   unsigned long
      _g_Tick@1.tickElectrolyticOff
                                  000f4a2c         4   unsigned long
      _g_Tick@1.tickAcidLevel
                                  000f4a30         c   unsigned long
      _g_Tick@1.tickAlkalineLevel
                                  000f4a3c         c   unsigned long
      _g_Tick@1.tickHandSensor
                                  000f4a48         8   unsigned long
      _g_Tick@1.tickCustom
                                  000f4a50        20   unsigned long
    }
  _g_TickKeeper@2
                                  000f4a70        14   data ,l        18
    struct Tick_Keeper_s {
                                                  14
      _g_TickKeeper@2.SV1_ON_minutes
                                  000f4a70         4   unsigned long
      _g_TickKeeper@2.SV1_OFF_minutes
                                  000f4a74         4   unsigned long
      _g_TickKeeper@2.SV2_ON_minutes
                                  000f4a78         4   unsigned long
      _g_TickKeeper@2.SV2_OFF_minutes
                                  000f4a7c         4   unsigned long
      _g_TickKeeper@2.neutralization
                                  000f4a80         4   unsigned long
    }
  _g_e_status
                                  000f4a84         1   data ,g         0
    union  EEPROM_status_u {
                                                   1
      _g_e_status.refined
                                  000f4a84         1
    struct  {
                                                   1
      _g_e_status.refined.RB
                                  000f4a84         1   unsigned char:1(7)
      _g_e_status.refined.WEN
                                  000f4a84         1   unsigned char:1(6)
      _g_e_status.refined.BP
                                  000f4a84         1   unsigned char:2(4)
      _g_e_status.refined.RSVD
                                  000f4a84         1   unsigned char:3(1)
      _g_e_status.refined.WPEN
                                  000f4a84         1   unsigned char:1(0)
    }
      _g_e_status.raw
                                  000f4a84         1   unsigned char
    }
  _ret_number_setting
                                  000f4a86        26   data ,g         0
    struct Number_Setting_s {
                                                  26
      _ret_number_setting.upperVoltage1
                                  000f4a86         4   float
      _ret_number_setting.upperVoltage2
                                  000f4a8a         4   float
      _ret_number_setting.upperVoltage3
                                  000f4a8e         4   float
      _ret_number_setting.lowerVoltage
                                  000f4a92         4   float
      _ret_number_setting.upperCurrent
                                  000f4a96         4   float
      _ret_number_setting.lowerCurrent
                                  000f4a9a         4   float
      _ret_number_setting.upperFlow
                                  000f4a9e         4   float
      _ret_number_setting.lowerFlow
                                  000f4aa2         4   float
      _ret_number_setting.crc
                                  000f4aa6         1   char
      _ret_number_setting.cvccCurrent
                                  000f4aa8         4   float
    }
  _flow_p
                                  000f4aac         1   data ,g         1
  _salt_h_p
                                  000f4aad         1   data ,g         0
  _g_eeprom_wren
                                  000f4aae         1   data ,g         0
  _receive_data
                                  000f4aaf         2   data ,g         0
  _receive_setting
                                  000f4ab2        26   data ,g         0
    struct Number_Setting_s {
                                                  26
      _receive_setting.upperVoltage1
                                  000f4ab2         4   float
      _receive_setting.upperVoltage2
                                  000f4ab6         4   float
      _receive_setting.upperVoltage3
                                  000f4aba         4   float
      _receive_setting.lowerVoltage
                                  000f4abe         4   float
      _receive_setting.upperCurrent
                                  000f4ac2         4   float
      _receive_setting.lowerCurrent
                                  000f4ac6         4   float
      _receive_setting.upperFlow
                                  000f4aca         4   float
      _receive_setting.lowerFlow
                                  000f4ace         4   float
      _receive_setting.crc
                                  000f4ad2         1   char
      _receive_setting.cvccCurrent
                                  000f4ad4         4   float
    }
  _set
                                  000f4ad8         1   data ,g         0
    union  EEPROM_status_u {
                                                   1
      _set.refined
                                  000f4ad8         1
    struct  {
                                                   1
      _set.refined.RB
                                  000f4ad8         1   unsigned char:1(7)
      _set.refined.WEN
                                  000f4ad8         1   unsigned char:1(6)
      _set.refined.BP
                                  000f4ad8         1   unsigned char:2(4)
      _set.refined.RSVD
                                  000f4ad8         1   unsigned char:3(1)
      _set.refined.WPEN
                                  000f4ad8         1   unsigned char:1(0)
    }
      _set.raw
                                  000f4ad8         1   unsigned char
    }
  _rx_data
                                  000f4ada         c   data ,g         0
  _data_f
                                  000f4ae6         4   data ,g         0
  _data_f_test
                                  000f4aea         4   data ,g         0
    union  byte_to_float {
                                                   4
      _data_f_test.refined
                                  000f4aea         4
    struct  {
                                                   4
      _data_f_test.refined.b
                                  000f4aea         4   unsigned char
    }
      _data_f_test.raw
                                  000f4aea         4   float
    }
  _g_control_buffer
                                  000f4aee         6   data ,g         5
    struct UART_Buffer_s {
                                                   6
      _g_control_buffer.head
                                  000f4aee         1   unsigned char
      _g_control_buffer.set_number
                                  000f4aef         1   unsigned char
      _g_control_buffer.set_value
                                  000f4af0         4   unsigned long
    }
  _handsensor_status
                                  000f4af4         1   data ,g         0
    union   {
                                                   1
      _handsensor_status.
                                  000f4af4         1
    struct  {
                                                   1
      _handsensor_status..up_signal
                                  000f4af4         1   unsigned char
    }
      _handsensor_status.status
                                  000f4af4         1   unsigned char
    }
  _g_handsensor_status
                                  000f4af5         2   data ,g         3
  _g_crc
                                  000f4af7         8   data ,g         2
  _g_crc_32
                                  000f4b00        20   data ,g         0
  _rx_count
                                  000f4b20         1   data ,g         3

SECTION=.dataR
FILE=.\src\main.obj
                                  000f4b22  000f4bb8        97
  _g_timerSetting
                                  000f4b22        8e   data ,g        6b
    struct Timer_Setting_s {
                                                  8e
      _g_timerSetting.t1_initialWaterDrainageOperation_s
                                  000f4b22         4   unsigned long
      _g_timerSetting.t2_flowSensorStartTime_s
                                  000f4b26         4   unsigned long
      _g_timerSetting.t3_flowSensorMonitorTime_s
                                  000f4b2a         4   unsigned long
      _g_timerSetting.t4_electrolysisOperationStart_s
                                  000f4b2e         4   unsigned long
      _g_timerSetting.t5_electrolysisStopDelay_s
                                  000f4b32         4   unsigned long
      _g_timerSetting.t6_drainageOffTime_h
                                  000f4b36         4   unsigned long
      _g_timerSetting.t7_powerOnPreparation_s
                                  000f4b3a         4   unsigned long
      _g_timerSetting.t8_flowRateAdjustmentRelease_s
                                  000f4b3e         4   unsigned long
      _g_timerSetting.t9_currentAdjustmentRelease_s
                                  000f4b42         4   unsigned long
      _g_timerSetting.t10_electrolysisCurrentAlarmSpecified_s
                                  000f4b46         4   unsigned long
      _g_timerSetting.t11_overVoltage1Time_s
                                  000f4b4a         4   unsigned long
      _g_timerSetting.t12_overVoltage2Time_s
                                  000f4b4e         4   unsigned long
      _g_timerSetting.t13_overVoltage3Time_s
                                  000f4b52         4   unsigned long
      _g_timerSetting.t14_lowVoltageStartTime_s
                                  000f4b56         4   unsigned long
      _g_timerSetting.t15_lowVoltageDelayTime_s
                                  000f4b5a         4   unsigned long
      _g_timerSetting.t16_currentMonitoringStart_s
                                  000f4b5e         4   unsigned long
      _g_timerSetting.t17_solenoidLeakageStartTime_s
                                  000f4b62         4   unsigned long
      _g_timerSetting.t18_fullWaterMonitoringStart_h
                                  000f4b66         4   unsigned long
      _g_timerSetting.t19_waterFilterAlarm_h
                                  000f4b6a         4   unsigned long
      _g_timerSetting.t20_waterFilterAlarmIgnore_h
                                  000f4b6e         4   unsigned long
      _g_timerSetting.t26_onDelayEmptyLevel_s
                                  000f4b72         4   unsigned long
      _g_timerSetting.t27_onDelayLowLevel_s
                                  000f4b76         4   unsigned long
      _g_timerSetting.t28_onDelayHighLevel_s
                                  000f4b7a         4   unsigned long
      _g_timerSetting.t30_offDelayEmptyLevel_s
                                  000f4b7e         4   unsigned long
      _g_timerSetting.t31_saltLowLevelDelay_s
                                  000f4b82         4   unsigned long
      _g_timerSetting.t32_saltHighLevelDelay_s
                                  000f4b86         4   unsigned long
      _g_timerSetting.t51_alkalineWaterSpoutingTime_s
                                  000f4b8a         4   unsigned long
      _g_timerSetting.t52_acidWaterSpoutingTime_s
                                  000f4b8e         4   unsigned long
      _g_timerSetting.t53_washingWaterSpoutingTime_s
                                  000f4b92         4   unsigned long
      _g_timerSetting.t54_overLapTime_ms
                                  000f4b96         4   unsigned long
      _g_timerSetting.t55_waterDischargeDelay_s
                                  000f4b9a         4   unsigned long
      _g_timerSetting.t56_acidWaterDownTime_s
                                  000f4b9e         4   unsigned long
      _g_timerSetting.t59_alkalineWaterDownTime_s
                                  000f4ba2         4   unsigned long
      _g_timerSetting.t61_curranCleaningIntervalTime_h
                                  000f4ba6         4   unsigned long
      _g_timerSetting.t62_callanWashSpoutingTime_s
                                  000f4baa         4   unsigned long
      _g_timerSetting.crc
                                  000f4bae         1   char
    }
  _g_electrolytic_flag
                                  000f4bb0         1   data ,g         2
  _test_control_buf
                                  000f4bb2         6   data ,g         0
    struct UART_Buffer_s {
                                                   6
      _test_control_buf.head
                                  000f4bb2         1   unsigned char
      _test_control_buf.set_number
                                  000f4bb3         1   unsigned char
      _test_control_buf.set_value
                                  000f4bb4         4   unsigned long
    }
  __pre_flow_state
                                  000f4bb8         1   data ,g         2
FILE=.\src\r_main.obj
                                  000f4bba  000f4bd3        1a
  _g_error
                                  000f4bba         2   data ,g         0
  _g_adc_ch
                                  000f4bbc         2   data ,g         0
  _led_st
                                  000f4bbe         1   data ,g         2
  _send_data
                                  000f4bbf         2   data ,g         0
  _this_size
                                  000f4bc1         1   data ,g         0
  _this_size_2
                                  000f4bc2         1   data ,g         0
  _send_buf
                                  000f4bc3         7   data ,g         0
  _data_crc
                                  000f4bca         8   data ,g         0
  _dac_out
                                  000f4bd2         2   data ,g         2

Absolute value symbols
FILE=rlink_generates_05
  __s.text
                                  0000018a         0   none ,g         0
  __e.text
                                  000004a4         0   none ,g         0
  __s.textf
                                  000004a4         0   none ,g         0
  __e.textf
                                  00002bc7         0   none ,g         0
  __s.const
                                  00003000         0   none ,g         0
  __e.const
                                  00003506         0   none ,g         0
  __s.constf
                                  00000080         0   none ,g         0
  __e.constf
                                  00000080         0   none ,g         0
  __s.data
                                  000000d8         0   none ,g         0
  __e.data
                                  0000018a         0   none ,g         0
  __s.sdata
                                  00000080         0   none ,g         0
  __e.sdata
                                  00000080         0   none ,g         0
  __s.bss
                                  000f4700         0   none ,g         0
  __e.bss
                                  000f4b21         0   none ,g         0
  __s.sbss
                                  000ffe20         0   none ,g         0
  __e.sbss
                                  000ffe20         0   none ,g         0
  __s.dataR
                                  000f4b22         0   none ,g         0
  __e.dataR
                                  000f4bd4         0   none ,g         0
  __s.sdataR
                                  000ffe20         0   none ,g         0
  __e.sdataR
                                  000ffe20         0   none ,g         0
  __s.RLIB
                                  00003506         0   none ,g         0
  __e.RLIB
                                  00003a01         0   none ,g         0
  __s.SLIB
                                  000000c4         0   none ,g         0
  __e.SLIB
                                  000000c4         0   none ,g         0
  __s.option_byte
                                  000000c0         0   none ,g         0
  __e.option_byte
                                  000000c4         0   none ,g         0
  __s.monitor1
                                  000000ce         0   none ,g         0
  __e.monitor1
                                  000000d8         0   none ,g         0
  __s.monitor2
                                  0007fe00         0   none ,g         0
  __e.monitor2
                                  00080000         0   none ,g         0
  __s.security_id
                                  000000c4         0   none ,g         0
  __e.security_id
                                  000000ce         0   none ,g         0
  __s.vect
                                  00000000         0   none ,g         0
  __e.vect
                                  00000080         0   none ,g         0
  __RAM_ADDR_START
                                  000f3f00         0   none ,g         0
  __RAM_ADDR_END
                                  000ffee0         0   none ,g         0
  __STACK_ADDR_START
                                  000ffe20         0   none ,g         1
  __STACK_ADDR_END
                                  000f4bd4         0   none ,g         1

*** Unfilled Areas ***

AREA                                START    END

*** Delete Symbols ***

SYMBOL                                SIZE    INFO

*** Variable Vector Table List ***

ADDRESS  SYMBOL/ADDRESS
00       _start
02       ffff
04       _r_wdt_interrupt@1
06       
08       
0a       
0c       
0e       
10       
12       
14       _r_uart2_interrupt_send@1
16       _r_uart2_interrupt_receive@1
18       
1a       
1c       
1e       _r_csi00_interrupt@1
20       _r_csi01_interrupt@1
22       
24       _r_uart1_interrupt_send@1
26       _r_uart1_interrupt_receive@1
28       
2a       
2c       _r_tau0_channel0_interrupt@1
2e       _r_tau0_channel1_interrupt@1
30       _r_tau0_channel2_interrupt@1
32       
34       _r_adc_interrupt@1
36       
38       
3a       
3c       _r_uart3_interrupt_send@1
3e       _r_uart3_interrupt_receive@1
40       
42       
44       
46       
48       
4a       
4c       
4e       
50       
52       
54       
56       
58       
5a       
5c       
5e       
60       
62       
64       
66       
68       
6a       
6c       
6e       
70       
72       
74       
76       
78       
7a       
7c       
7e       

*** Cross Reference List ***

No   Unit Name   Global.Symbol   Location External Infomation
---- ----------- --------------- -------- ---------------------
0001 cstart
     SECTION=.text
                 _start
                                 0000018a
                 _exit
                                 000001e2 0001(000001e3:.text)
     SECTION=.textf
     SECTION=.const
     SECTION=.constf
     SECTION=.data
     SECTION=.sdata
     SECTION=.bss
     SECTION=.sbss
     SECTION=.dataR
     SECTION=.sdataR
     SECTION=.RLIB
     SECTION=.SLIB
     SECTION=.dataR
     SECTION=.sdataR
0002 stkinit
     SECTION=.textf
                 _stkinit
                                 000004a4 0001(00000192:.text)
0003 EEPROM
     SECTION=.textf
                 _EEPROM_Init
                                 000004e8 0024(000027f9:.textf)
                 _rEE_Status
                                 00000513 0003(00000580:.textf)
                                          0003(000005ab:.textf)
                                          0003(000005ea:.textf)
                                          0003(00000620:.textf)
                                          0003(0000065f:.textf)
                                          0003(000006b3:.textf)
                 _sEE_WriteEnable
                                 0000052e 0003(000005b0:.textf)
                                          0003(00000615:.textf)
                                          0003(0000073c:.textf)
                 _sEE_WriteDisable
                                 00000540
                 _EE_SPI_Write
                                 00000552 0007(00000d89:.textf)
                                          0007(00000e20:.textf)
                 _EE_SPI_Read
                                 00000631 0024(00002806:.textf)
                                          0024(00002817:.textf)
                 _sEE_Block
                                 000006e8
                 _sEE_SendInstruction
                                 000006f9
                 _sEE_SendReceiveInstruction
                                 000006fc
                 _EE_TransmitData
                                 00000700 0003(00000525:.textf)
                                          0003(0000053c:.textf)
                                          0003(0000054e:.textf)
                                          0003(000005ba:.textf)
                                          0003(0000062f:.textf)
                                          0003(0000066d:.textf)
                                          0003(000006c4:.textf)
                                          0003(000006fb:.textf)
                                          0003(000006ff:.textf)
                                          0003(00000743:.textf)
                 _sEE_WriteStatusRegister
                                 0000072c 0003(00000511:.textf)
                                          0003(000006f8:.textf)
     SECTION=.bss
                 _eeprom_status
                                 000f4700 0003(00000507:.textf)
                                          0003(0000050c:.textf)
                                          0003(0000052a:.textf)
                                          0003(00000583:.textf)
                                          0003(000005a5:.textf)
                                          0003(000005ed:.textf)
                                          0003(0000061a:.textf)
                                          0003(00000662:.textf)
                                          0003(000006b6:.textf)
                                          0003(000006f0:.textf)
                                          0003(000006f5:.textf)
                                          0003(0000072e:.textf)
                 _spi_flag
                                 000f4702 0003(000004fb:.textf)
                                          0003(00000701:.textf)
                                          0003(0000071f:.textf)
                 _buf
                                 000f4704 0003(00000557:.textf)
                                          0003(0000055c:.textf)
                                          0003(00000576:.textf)
                                          0003(0000059a:.textf)
                                          0003(000005b7:.textf)
                                          0003(000005bd:.textf)
                                          0003(000005d4:.textf)
                                          0003(0000060d:.textf)
                                          0003(0000062a:.textf)
                                          0003(00000636:.textf)
                                          0003(0000063b:.textf)
                                          0003(00000655:.textf)
                                          0003(0000066a:.textf)
                                          0003(0000067d:.textf)
                                          0003(00000689:.textf)
                                          0003(000006a0:.textf)
                                          0003(000006c1:.textf)
                                          0003(000006dd:.textf)
     SECTION=.const
0004 crc32
     SECTION=.textf
                 _xcrc32
                                 00000747
                 _CRC32
                                 00000795
     SECTION=.const
[...]
                                          0007(0000136c:.textf)
                                          0007(0000136f:.textf)
                                          0007(00001372:.textf)
                                          0007(00001375:.textf)
                                          0007(000014cd:.textf)
                                          0007(000014d3:.textf)
                                          0007(00001510:.textf)
                                          0007(00001516:.textf)
                                          0007(00001527:.textf)
                                          0007(0000152d:.textf)
                                          0007(000015d3:.textf)
                                          0007(000015d9:.textf)
                                          0007(00001697:.textf)
                                          0007(0000169d:.textf)
                                          0007(000016c9:.textf)
                                          0007(000016cf:.textf)
                                          0007(0000175d:.textf)
                                          0007(00001763:.textf)
                                          0007(000018ba:.textf)
                                          0007(000018c0:.textf)
                                          0007(00001954:.textf)
                                          0007(0000195a:.textf)
                                          0007(00001a05:.textf)
                                          0007(00001a0e:.textf)
                                          0007(00001afb:.textf)
                                          0007(00001b01:.textf)
                                          0007(00001b61:.textf)
                                          0007(00001b64:.textf)
                                          0007(00001bb4:.textf)
                                          0007(00001bb9:.textf)
                                          0021(00000480:.text)
                                          0021(00000488:.text)
                                          0021(0000048b:.text)
                                          0021(0000048f:.text)
                                          0024(0000293c:.textf)
                                          0024(00002941:.textf)
                                          0026(00002ad2:.textf)
                                          0026(00002ad7:.textf)
                                          0026(00002b06:.textf)
                                          0026(00002b0d:.textf)
                                          0026(00002b14:.textf)
                                          0026(00002b1c:.textf)
                                          0026(00002b51:.textf)
                                          0026(00002b56:.textf)
                                          0026(00002b72:.textf)
                                          0026(00002b78:.textf)
                                          0026(00002b8b:.textf)
                                          0026(00002b90:.textf)
                                          0026(00002bb9:.textf)
                                          0026(00002bbf:.textf)
     SECTION=.text
0022 r_cg_wdt
     SECTION=.textf
                 _R_WDT_Create
                                 00002791 0025(00002ab8:.textf)
                 _R_WDT_Restart
                                 000027a2 0007(00000c73:.textf)
                                          0007(00000cb3:.textf)
                                          0007(00000ce3:.textf)
                                          0007(00000d13:.textf)
                                          0007(00000f4b:.textf)
                                          0007(0000105b:.textf)
                                          0007(0000107d:.textf)
                                          0007(000014a0:.textf)
                                          0007(00001503:.textf)
                                          0007(00001b80:.textf)
                                          0007(00001c1d:.textf)
                                          0024(00002a2e:.textf)
                                          0026(00002b43:.textf)
0023 r_cg_wdt_user
     SECTION=.text
0024 r_main
     SECTION=.textf
                 _nostop_checkHandSensor
                                 000027a6
                 _readHS
                                 000027d7
                 _main
                                 000027ec 0001(000001de:.text)
                 _R_MAIN_UserInit
                                 00002a34 0024(000027ef:.textf)
     SECTION=.bss
                 _g_e_status
                                 000f4a84
                 _ret_number_setting
                                 000f4a86
                 _flow_p
                                 000f4aac 0024(00002967:.textf)
                 _salt_h_p
                                 000f4aad
                 _g_eeprom_wren
                                 000f4aae
                 _receive_data
                                 000f4aaf
                 _receive_setting
                                 000f4ab2
                 _set
                                 000f4ad8
                 _rx_data
                                 000f4ada
                 _data_f
                                 000f4ae6
                 _data_f_test
                                 000f4aea
                 _g_control_buffer
                                 000f4aee 0007(00000b6c:.textf)
                                          0007(00000b70:.textf)
                                          0007(00000b7a:.textf)
                                          0007(00000b7f:.textf)
                                          0007(00000b85:.textf)
                 _handsensor_status
                                 000f4af4
                 _g_handsensor_status
                                 000f4af5 0024(000027bc:.textf)
                                          0024(000027c3:.textf)
                                          0024(000027cc:.textf)
                 _g_crc
                                 000f4af7 0024(00002a11:.textf)
                                          0024(00002a1d:.textf)
                 _g_crc_32
                                 000f4b00
                 _rx_count
                                 000f4b20 0024(000028d6:.textf)
                                          0024(000028eb:.textf)
                                          0024(000028fd:.textf)
     SECTION=.dataR
                 _g_error
                                 000f4bba
                 _g_adc_ch
                                 000f4bbc
                 _led_st
                                 000f4bbe 0024(000029fa:.textf)
                                          0024(00002a02:.textf)
                 _send_data
                                 000f4bbf
                 _this_size
                                 000f4bc1
                 _this_size_2
                                 000f4bc2
                 _send_buf
                                 000f4bc3
                 _data_crc
                                 000f4bca
                 _dac_out
                                 000f4bd2 0024(00002a20:.textf)
                                          0024(00002a27:.textf)
     SECTION=.data
0025 r_systeminit
     SECTION=.textf
                 _R_Systeminit
                                 00002a95 0025(00002acb:.textf)
                 _hdwinit
                                 00002ac7 0001(00000196:.text)
0026 usr_timer
     SECTION=.textf
                 _delay_ms
                                 00002acc 0007(00001592:.textf)
                                          0024(000027e2:.textf)
                                          0024(000028b6:.textf)
                                          0026(00002b40:.textf)
                 _delay
                                 00002b34
                 _ns_delay_ms
                                 00002b4c 0007(000009d6:.textf)
                                          0007(00000a25:.textf)
                                          0007(00000a74:.textf)
                                          0007(00000aba:.textf)
                                          0007(00000b09:.textf)
                                          0007(00000b58:.textf)
                                          0007(00000eef:.textf)
                                          0007(00000f28:.textf)
                                          0007(00000fa4:.textf)
                                          0007(00000fc8:.textf)
                                          0007(00001050:.textf)
                                          0007(00001102:.textf)
                                          0007(000011b4:.textf)
                                          0007(00001242:.textf)
                                          0007(00001317:.textf)
                                          0007(00001498:.textf)
                                          0007(0000177a:.textf)
                                          0007(000017c0:.textf)
                                          0007(000017d8:.textf)
                                          0007(00001800:.textf)
                                          0007(00001839:.textf)
                                          0007(00001856:.textf)
                                          0007(0000187f:.textf)
                                          0007(000018d9:.textf)
                                          0007(00001902:.textf)
                                          0007(0000191e:.textf)
                                          0007(00001975:.textf)
                                          0007(0000199e:.textf)
                                          0007(000019ce:.textf)
                                          0007(00001a27:.textf)
                                          0007(00001a5a:.textf)
                                          0007(00001b39:.textf)
                                          0007(00001ba0:.textf)
                                          0007(00001be5:.textf)
                                          0007(00001ce5:.textf)
                                          0024(000027b4:.textf)
                                          0024(0000292f:.textf)
                                          0024(0000295b:.textf)
                                          0024(00002972:.textf)
                                          0024(000029f2:.textf)
                 _non_block_delay
                                 00002b81
                 _mTask
                                 00002b83
0027 memcpy
     SECTION=.RLIB
                 _memcpy
                                 00003506 0007(00000d7a:.textf)
                                          0007(00000e13:.textf)
                                          0024(00002826:.textf)
                                          0024(00002833:.textf)
                                          0024(0000294f:.textf)
0028 _COM_faddsub
     SECTION=.RLIB
                 __COM_fsub
                                 00003573
                 __COM_fadd
                                 0000357b 0007(00001c0a:.textf)
                                          0007(00001cbc:.textf)
0029 _COM_fdiv
     SECTION=.RLIB
                 __COM_fdiv
                                 000036b1 0007(00001c4b:.textf)
                                          0007(00001c67:.textf)
                                          0007(00001d22:.textf)
                                          0007(00001d3e:.textf)
0030 _COM_fge
     SECTION=.RLIB
                 __COM_fge
                                 00003780 0007(000013a3:.textf)
                                          0007(00001ab0:.textf)
0031 _COM_fgt
     SECTION=.RLIB
                 __COM_fgt
                                 00003796 0007(00001006:.textf)
                                          0007(000012e4:.textf)
                                          0007(000013d1:.textf)
                                          0007(00001431:.textf)
0032 _COM_fle
     SECTION=.RLIB
                 __COM_fle
                                 000037ac 0007(0000157a:.textf)
0033 _COM_flt
     SECTION=.RLIB
                 __COM_flt
                                 000037c2 0007(00000ff0:.textf)
                                          0007(000010cf:.textf)
                                          0007(00001181:.textf)
                                          0007(0000120f:.textf)
                                          0007(00001479:.textf)
0034 _COM_fmul
     SECTION=.RLIB
                 __COM_fmul
                                 00003823 0006(00000866:.textf)
                                          0006(00000874:.textf)
                                          0006(0000089f:.textf)
                                          0006(000008ad:.textf)
                                          0007(00001c2f:.textf)
                                          0007(00001c3d:.textf)
                                          0007(00001d06:.textf)
                                          0007(00001d14:.textf)
0035 _COM_ftoul
     SECTION=.RLIB
                 __COM_ftoul
                                 000038c5 0007(00000b68:.textf)
                                          0007(00001114:.textf)
                                          0007(00001258:.textf)
                                          0007(0000133f:.textf)
                                          0007(000013f6:.textf)
                                          0007(000014b0:.textf)
0036 _COM_funordered
     SECTION=.RLIB
                 __COM_funordered
                                 000038d1 0007(000010bc:.textf)
                                          0007(0000116e:.textf)
                                          0007(000011fc:.textf)
                                          0007(000012d1:.textf)
                                          0007(000013be:.textf)
                                          0007(0000141e:.textf)
                                          0007(00001466:.textf)
                                          0007(00001a9d:.textf)
0037 _COM_ultof
     SECTION=.RLIB
                 __COM_ultof
                                 000038dc 0006(0000085a:.textf)
                                          0006(00000893:.textf)
                                          0007(00000c88:.textf)
                                          0007(00001118:.textf)
                                          0007(0000125c:.textf)
                                          0007(00001343:.textf)
                                          0007(000013fa:.textf)
                                          0007(000014b4:.textf)
                                          0007(00001c5c:.textf)
                                          0007(00001d33:.textf)
0038 _REL_fcmp
     SECTION=.RLIB
                 __REL_fcmp
                                 000038e2 0030(0000378a:.RLIB)
                                          0031(000037a0:.RLIB)
                                          0032(000037b6:.RLIB)
                                          0033(000037cc:.RLIB)
0039 _REL_fordered_core
     SECTION=.RLIB
                 __REL_fordered_core
                                 0000391a 0030(00003783:.RLIB)
                                          0031(00003799:.RLIB)
                                          0032(000037af:.RLIB)
                                          0033(000037c5:.RLIB)
                                          0036(000038d4:.RLIB)
0040 _REL_ftol
     SECTION=.RLIB
                 __REL_ftol
                                 00003936 0035(000038cb:.RLIB)
0041 _REL_f_inf
     SECTION=.RLIB
                 __REL_f_inf
                                 0000396b 0028(0000360a:.RLIB)
                                          0029(0000369b:.RLIB)
                                          0029(0000373b:.RLIB)
                                          0034(000037f5:.RLIB)
                                          0034(00003898:.RLIB)
0042 _REL_f_norm
     SECTION=.RLIB
                 __REL_f_norm
                                 00003973 0029(0000367c:.RLIB)
                                          0029(000036a7:.RLIB)
                                          0034(00003816:.RLIB)
0043 _REL_f_round
     SECTION=.RLIB
                 __REL_f_round
                                 00003983 0028(00003617:.RLIB)
                                          0028(0000364f:.RLIB)
                                          0029(0000377d:.RLIB)
                                          0034(000038a5:.RLIB)
0044 _REL_ltof
     SECTION=.RLIB
                 __REL_ltof
                                 00003996 0037(000038df:.RLIB)
0045 _COM_lshr
     SECTION=.RLIB
                 __COM_lshr
                                 000039ea 0040(00003962:.RLIB)
0046 rlink_generates_01
     SECTION=.option_byte
0047 rlink_generates_02
     SECTION=.monitor1
     SECTION=.monitor2
0048 rlink_generates_03
     SECTION=.security_id
0049 rlink_generates_04
     SECTION=.vect
0050 rlink_generates_05
     SECTION=
                 __s.vect
                                 00000000
                 __s.constf
                                 00000080
                 __e.constf
                                 00000080
                 __s.sdata
                                 00000080
                 __e.sdata
                                 00000080
                 __e.vect
                                 00000080
                 __s.option_byte
                                 000000c0
                 __s.SLIB
                                 000000c4
                 __e.SLIB
                                 000000c4
                 __e.option_byte
                                 000000c4
                 __s.security_id
                                 000000c4
                 __s.monitor1
                                 000000ce
                 __e.security_id
                                 000000ce
                 __s.data
                                 000000d8
                 __e.monitor1
                                 000000d8
                 __s.text
                                 0000018a
                 __e.data
                                 0000018a
                 __e.text
                                 000004a4
                 __s.textf
                                 000004a4
                 __e.textf
                                 00002bc7
                 __s.const
                                 00003000
                 __e.const
                                 00003506
                 __s.RLIB
                                 00003506
                 __e.RLIB
                                 00003a01
                 __s.monitor2
                                 0007fe00
                 __e.monitor2
                                 00080000
                 __RAM_ADDR_START
                                 000f3f00
                 __s.bss
                                 000f4700
                 __e.bss
                                 000f4b21
                 __s.dataR
                                 000f4b22
                 __e.dataR
                                 000f4bd4
                 __STACK_ADDR_END
                                 000f4bd4 0001(0000018f:.text)
                 __s.sbss
                                 000ffe20
                 __e.sbss
                                 000ffe20
                 __s.sdataR
                                 000ffe20
                 __e.sdataR
                                 000ffe20
                 __STACK_ADDR_START
                                 000ffe20 0001(0000018c:.text)
                 __RAM_ADDR_END
                                 000ffee0
