Renesas Optimizing Linker (W3.03.00 )             27-Dec-2021 17:33:59

*** Options ***

-subcommand=LinkerControlPCB_HWM.tmp
-MAKEUD=D:\Chieniwa\E2_Studio\ControlPCB_HWM\HardwareDebug/ControlPCB_HWM_l.ud
-device="D:/Chieniwa/E2_Studio/.eclipse/com.renesas.platform_1435879475/DebugComp/RL78/RL78/Common/DR5F104ML.DVF"
-list="ControlPCB_HWM.map"
-show=all
-nooptimize
-entry=_start
-auto_section_layout
-security_id=00000000000000000000
-debug_monitor=7FE00-7FFFF
-user_opt_byte=FFFFF8
-ocdbg=84
-ocdtr
-input=".\generate\cstart.obj"
-input=".\generate\stkinit.obj"
-input=".\src\EEPROM.obj"
-input=".\src\crc32.obj"
-input=".\src\crc8.obj"
-input=".\src\interrupt_handle.obj"
-input=".\src\main.obj"
-input=".\src\r_cg_adc.obj"
-input=".\src\r_cg_adc_user.obj"
-input=".\src\r_cg_cgc.obj"
-input=".\src\r_cg_cgc_user.obj"
-input=".\src\r_cg_dac.obj"
-input=".\src\r_cg_dac_user.obj"
-input=".\src\r_cg_port.obj"
-input=".\src\r_cg_port_user.obj"
-input=".\src\r_cg_rtc.obj"
-input=".\src\r_cg_rtc_user.obj"
-input=".\src\r_cg_serial.obj"
-input=".\src\r_cg_serial_user.obj"
-input=".\src\r_cg_timer.obj"
-input=".\src\r_cg_timer_user.obj"
-input=".\src\r_cg_wdt.obj"
-input=".\src\r_cg_wdt_user.obj"
-input=".\src\r_main.obj"
-input=".\src\r_systeminit.obj"
-input=".\src\usr_timer.obj"
-library="C:\Program Files (x86)\Renesas Electronics\CS+\CC\CC-RL\V1.10.00\lib\rl78em4s99.lib"
-library="C:\Program Files (x86)\Renesas Electronics\CS+\CC\CC-RL\V1.10.00\lib\rl78em4r.lib"
-library="C:\Program Files (x86)\Renesas Electronics\CS+\CC\CC-RL\V1.10.00\lib\malloc_n.lib"
-output="ControlPCB_HWM.abs"
-debug
-nocompress
-rom=.data=.dataR,.sdata=.sdataR
-nomessage
-nologo

*** Error information ***

*** Mapping List ***

SECTION                            START      END         SIZE   ALIGN
.vect
                                  00000000  0000007f        80   0
.constf
                                  00000080  00000080         0   2
.sdata
                                  00000080  00000080         0   2
.option_byte
                                  000000c0  000000c3         4   1
.security_id
                                  000000c4  000000cd         a   1
.SLIB
                                  000000c4  000000c4         0   1
.monitor1
                                  000000ce  000000d7         a   1
.data
                                  000000d8  00000189        b2   2
.text
                                  0000018a  000004a3       31a   1
.textf
                                  000004a4  00002d07      2864   1
.const
                                  00003000  0000350f       510   2
.RLIB
                                  00003510  00003a0a       4fb   1
.monitor2
                                  0007fe00  0007ffff       200   1
.bss
                                  000f4700  000f4aa0       3a1   2
.dataR
                                  000f4aa2  000f4b53        b2   2
.sbss
                                  000ffe20  000ffe20         0   2
.sdataR
                                  000ffe20  000ffe20         0   2

*** Total Section Size ***

RAMDATA SECTION:  00000453 Byte(s)
ROMDATA SECTION:  0000085a Byte(s)
PROGRAM SECTION:  00003079 Byte(s)

*** Symbol List ***

SECTION=
FILE=                               START        END    SIZE
  SYMBOL                            ADDR        SIZE    INFO      COUNTS  OPT
    STRUCT                                      SIZE
      MEMBER                        ADDR        SIZE    INFO

SECTION=.vect
FILE=rlink_generates_04
                                  00000000  0000007f        80

SECTION=.option_byte
FILE=rlink_generates_01
                                  000000c0  000000c3         4

SECTION=.security_id
FILE=rlink_generates_03
                                  000000c4  000000cd         a

SECTION=.monitor1
FILE=rlink_generates_02
                                  000000ce  000000d7         a

SECTION=.data
FILE=.\src\main.obj
                                  000000d8  0000016e        97
FILE=.\src\r_main.obj
                                  00000170  00000189        1a

SECTION=.text
FILE=.\generate\cstart.obj
                                  0000018a  000001e3        5a
  _start
                                  0000018a         0   entry,g         0
  _exit
                                  000001e2         0   none ,g         1
FILE=.\src\r_cg_adc_user.obj
                                  000001e4  000001fd        1a
  _r_adc_interrupt@1
                                  000001e4        1a   func ,l         0
FILE=.\src\r_cg_serial_user.obj
                                  000001fe  0000047b       27e
  _r_uart1_interrupt_receive@1
                                  000001fe        5f   func ,l         0
  _r_uart1_interrupt_send@1
                                  0000025d        31   func ,l         0
  _r_csi00_interrupt@1
                                  0000028e        49   func ,l         0
  _r_csi01_interrupt@1
                                  000002d7        85   func ,l         0
  _r_uart2_interrupt_receive@1
                                  0000035c        5f   func ,l         0
  _r_uart2_interrupt_send@1
                                  000003bb        31   func ,l         0
  _r_uart3_interrupt_receive@1
                                  000003ec        5f   func ,l         0
  _r_uart3_interrupt_send@1
                                  0000044b        31   func ,l         0
FILE=.\src\r_cg_timer_user.obj
                                  0000047c  000004a1        26
  _r_tau0_channel0_interrupt@1
                                  0000047c        1c   func ,l         0
  _r_tau0_channel1_interrupt@1
                                  00000498         5   func ,l         0
  _r_tau0_channel2_interrupt@1
                                  0000049d         5   func ,l         0
FILE=.\src\r_cg_wdt_user.obj
                                  000004a2  000004a3         2
  _r_wdt_interrupt@1
                                  000004a2         2   func ,l         0

SECTION=.textf
FILE=.\generate\stkinit.obj
                                  000004a4  000004e7        44
  _stkinit
                                  000004a4         0   none ,g         1
  LSTINIT1
                                  000004b2         0   none ,l         1
  LSTINIT2
                                  000004dc         0   none ,l         2
  LSTINIT3
                                  000004e7         0   none ,l         2
FILE=.\src\EEPROM.obj
                                  000004e8  00000746       25f
  _EEPROM_Init
                                  000004e8        2b   func ,g         1
  _rEE_Status
                                  00000513        1b   func ,g         6
  _sEE_WriteEnable
                                  0000052e        12   func ,g         3
  _sEE_WriteDisable
                                  00000540        12   func ,g         0
  _EE_SPI_Write
                                  00000552        df   func ,g         2
  _EE_SPI_Read
                                  00000631        b7   func ,g         2
  _sEE_Block
                                  000006e8        11   func ,g         0
  _sEE_SendInstruction
                                  000006f9         3   func ,g         0
  _sEE_SendReceiveInstruction
                                  000006fc         4   func ,g         0
  _EE_TransmitData
                                  00000700        2c   func ,g         a
  _sEE_WriteStatusRegister
                                  0000072c        1b   func ,g         2
FILE=.\src\crc32.obj
                                  00000747  000007e5        9f
  _xcrc32
                                  00000747        4e   func ,g         0
  _CRC32
                                  00000795        51   func ,g         0
FILE=.\src\crc8.obj
                                  000007e6  00000845        60
  _crc8_4
                                  000007e6        43   func ,g         1
  _crc8_1
                                  00000829        1d   func ,g         6
FILE=.\src\interrupt_handle.obj
                                  00000846  000008c1        7c
  _adc_int_handle
                                  00000846        7c   func ,g         1
FILE=.\src\main.obj
                                  000008c2  00001e7d      15bc
  _handSensorLED
                                  000008c2        30   func ,g         d
  _setting_default
                                  000008f2        a8   func ,g         0
  _isAcidHigh
                                  0000099a        4f   func ,g         0
  _isAcidLow
                                  000009e9        4f   func ,g         0
  _isAcidEmpty
                                  00000a38        46   func ,g         0
  _isAlkalineHigh
                                  00000a7e        4f   func ,g         0
  _isAlkalineLow
                                  00000acd        4f   func ,g         0
  _isAlkalineEmpty
                                  00000b1c        46   func ,g         0
  _sendToRasPi
                                  00000b62        28   func ,g        19
  _sendRS485
                                  00000b8a        3f   func ,g         3
  _sendR485_7byte
                                  00000bc9        57   func ,g         2
  _isThisCommand
                                  00000c20        3e   func ,g         2
  _RaspberryResponse_nostop
                                  00000c5e       213   func ,g         5
  _InitialOperationModeStart
                                  00000e71        b9   func ,g         1
  _WaterSupplyOperation_nostop
                                  00000f2a       118   func ,g         0
  _stop_waitAlarmConfirm
                                  00001042        42   func ,g         5
  _nostop_waitAlarmConfirm
                                  00001084         c   func ,g         0
  _resetAlarm
                                  00001090         4   func ,g         0
  _Voltage1Check_waitReset
                                  00001094        ab   func ,g         1
  _Voltage2Check_nostop
                                  0000113f        aa   func ,g         1
  _Voltage3Check_waitReset
                                  000011e9        c0   func ,g         1
  _LowVoltageCheck_waitReset
                                  000012a9        eb   func ,g         1
  _OverCurrentCheck_waitReset
                                  00001394       18f   func ,g         1
  _ElectrolyticOperation
                                  00001523        a7   func ,g         1
  _solenoidCheck
                                  000015ca        76   func ,g         0
  _saltWaterTankFullCheck
                                  00001640        22   func ,g         0
  _saltWaterTankEmptyCheck
                                  00001662        10   func ,g         0
  _acidWaterTankSkipCheck
                                  00001672        3b   func ,g         0
  _alkalineWaterTankSkipCheck
                                  000016ad        3f   func ,g         0
  _FilterReplacementCheck
                                  000016ec         2   func ,g         0
  _ElectrolyzeWaterGeneration
                                  000016ee        3f   func ,g         0
  _WaterWashingMode_nostop
                                  0000172d        42   func ,g         1
  _HandWashingMode_nostop
                                  0000176f       1a9   func ,g         1
  _AcidWaterMode_nostop
                                  00001918        b1   func ,g         1
  _AlkalineWaterMode_nostop
                                  000019c9        a9   func ,g         1
  _CallanCleaningMode_nostop
                                  00001a72        8d   func ,g         0
  _main_init_20211111
                                  00001aff         f   func ,g         1
  _main_loop_20211111
                                  00001b0e        6c   func ,g         1
  _electrolyticOperationON
                                  00001b7a        27   func ,g         2
  _electrolyticOperationOFF
                                  00001ba1        42   func ,g         8
  _measureFlowSensor
                                  00001be3        ce   func ,g         1
  _measureFlowSensor_nostop
                                  00001cb1        e4   func ,g         1
  _UpdateMachineStatus
                                  00001d95        e9   func ,g         6
FILE=.\src\r_cg_adc.obj
                                  00001e7e  00001edf        62
  _R_ADC_Create
                                  00001e7e        33   func ,g         2
  _R_ADC_Start
                                  00001eb1         a   func ,g         2
  _R_ADC_Stop
                                  00001ebb         a   func ,g         0
  _R_ADC_Set_OperationOn
                                  00001ec5         4   func ,g         1
  _R_ADC_Set_OperationOff
                                  00001ec9         4   func ,g         0
  _R_ADC_Get_Result
                                  00001ecd         7   func ,g         2
  _R_ADC_Set_ADChannel
                                  00001ed4         c   func ,g         0
FILE=.\src\r_cg_cgc.obj
                                  00001ee0  00001ef5        16
  _R_CGC_Create
                                  00001ee0        16   func ,g         1
FILE=.\src\r_cg_cgc_user.obj
                                  00001ef6  00001ef8         3
  _R_CGC_Get_ResetSource
                                  00001ef6         3   func ,g         1
FILE=.\src\r_cg_dac.obj
                                  00001ef9  00001f2b        33
  _R_DAC_Create
                                  00001ef9        1d   func ,g         2
  _R_DAC0_Start
                                  00001f16         4   func ,g         1
  _R_DAC0_Stop
                                  00001f1a         4   func ,g         0
  _R_DAC0_Set_ConversionValue
                                  00001f1e         3   func ,g         2
  _R_DAC1_Start
                                  00001f21         4   func ,g         1
  _R_DAC1_Stop
                                  00001f25         4   func ,g         0
  _R_DAC1_Set_ConversionValue
                                  00001f29         3   func ,g         2
FILE=.\src\r_cg_port.obj
                                  00001f2c  00001f73        48
  _R_PORT_Create
                                  00001f2c        48   func ,g         1
FILE=.\src\r_cg_port_user.obj
                                  00001f74  00001f74         1
  _R_PORT_Create_UserInit
                                  00001f74         1   func ,g         1
FILE=.\src\r_cg_rtc.obj
                                  00001f75  000020b2       13e
  _R_RTC_Create
                                  00001f75        27   func ,g         2
  _R_RTC_Start
                                  00001f9c         4   func ,g         0
  _R_RTC_Stop
                                  00001fa0         4   func ,g         0
  _R_RTC_Get_CounterValue
                                  00001fa4        51   func ,g         0
  _R_RTC_Set_CounterValue
                                  00001ff5        be   func ,g         0
FILE=.\src\r_cg_serial.obj
                                  000020b3  000025a5       4f3
  _R_CSI01_Receive
                                  000020b3        1a   func ,g         0
  _R_CSI01_Send
                                  000020cd        26   func ,g         0
  _R_SAU0_Create
                                  000020f3        17   func ,g         2
  _R_UART1_Create
                                  0000210a        7e   func ,g         2
  _R_UART1_Start
                                  00002188        26   func ,g         1
  _R_UART1_Stop
                                  000021ae        1e   func ,g         0
  _R_UART1_Receive
                                  000021cc        18   func ,g         0
  _R_UART1_Send
                                  000021e4        29   func ,g         0
  _R_CSI00_Create
                                  0000220d        53   func ,g         2
  _R_CSI00_Start
                                  00002260        26   func ,g         1
  _R_CSI00_Stop
                                  00002286        18   func ,g         0
  _R_CSI00_Send
                                  0000229e        28   func ,g         0
  _R_CSI01_Create
                                  000022c6        5a   func ,g         3
  _R_CSI01_Start
                                  00002320        26   func ,g         1
  _R_CSI01_Stop
                                  00002346        18   func ,g         1
  _R_CSI01_Send_Receive
                                  0000235e        36   func ,g         1
  _R_SAU1_Create
                                  00002394        14   func ,g         2
  _R_UART2_Create
                                  000023a8        7e   func ,g         2
  _R_UART2_Start
                                  00002426        26   func ,g         2
  _R_UART2_Stop
                                  0000244c        1e   func ,g         1
  _R_UART2_Receive
                                  0000246a        18   func ,g         5
  _R_UART2_Send
                                  00002482        29   func ,g         5
  _R_UART3_Create
                                  000024ab        76   func ,g         2
  _R_UART3_Start
                                  00002521        26   func ,g         2
  _R_UART3_Stop
                                  00002547        1e   func ,g         1
  _R_UART3_Receive
                                  00002565        18   func ,g         3
  _R_UART3_Send
                                  0000257d        29   func ,g         2
FILE=.\src\r_cg_serial_user.obj
                                  000025a6  000026f7       152
  _isCommand
                                  000025a6        24   func ,g         1
  _r_uart1_callback_receiveend@1
                                  000025ca         1   func ,l         1
  _r_uart1_callback_softwareoverrun@1
                                  000025cb         1   func ,l         1
  _r_uart1_callback_sendend@1
                                  000025cc         1   func ,l         1
  _r_uart1_callback_error@1
                                  000025cd         1   func ,l         1
  _r_csi00_callback_sendend@1
                                  000025ce         1   func ,l         1
  _r_csi01_callback_receiveend@1
                                  000025cf         7   func ,l         1
  _r_csi01_callback_error@1
                                  000025d6         1   func ,l         1
  _r_csi01_callback_sendend@1
                                  000025d7         4   func ,l         1
  _r_uart2_callback_receiveend@1
                                  000025db        c5   func ,l         1
  _r_uart2_callback_softwareoverrun@1
                                  000026a0         1   func ,l         1
  _r_uart2_callback_sendend@1
                                  000026a1         4   func ,l         1
  _r_uart2_callback_error@1
                                  000026a5         1   func ,l         1
  _r_uart3_callback_receiveend@1
                                  000026a6        49   func ,l         1
  _r_uart3_callback_softwareoverrun@1
                                  000026ef         1   func ,l         1
  _r_uart3_callback_sendend@1
                                  000026f0         7   func ,l         1
  _r_uart3_callback_error@1
                                  000026f7         1   func ,l         1
FILE=.\src\r_cg_timer.obj
                                  000026f8  00002804       10d
  _R_TAU0_Create
                                  000026f8        ad   func ,g         2
  _R_TAU0_Channel0_Start
                                  000027a5        10   func ,g         1
  _R_TAU0_Channel0_Stop
                                  000027b5        10   func ,g         0
  _R_TAU0_Channel1_Start
                                  000027c5        10   func ,g         0
  _R_TAU0_Channel1_Stop
                                  000027d5        10   func ,g         0
  _R_TAU0_Channel2_Start
                                  000027e5        10   func ,g         0
  _R_TAU0_Channel2_Stop
                                  000027f5        10   func ,g         0
FILE=.\src\r_cg_wdt.obj
                                  00002805  00002819        15
  _R_WDT_Create
                                  00002805        11   func ,g         1
  _R_WDT_Restart
                                  00002816         4   func ,g         c
FILE=.\src\r_main.obj
                                  0000281a  00002bd5       3bc
  _nostop_checkHandSensor
                                  0000281a        31   func ,g         0
  _readHS
                                  0000284b        15   func ,g         0
  _main
                                  00002860       315   func ,g         1
  _R_MAIN_UserInit
                                  00002b75        61   func ,g         1
FILE=.\src\r_systeminit.obj
                                  00002bd6  00002c0c        37
  _R_Systeminit
                                  00002bd6        32   func ,g         1
  _hdwinit
                                  00002c08         5   func ,g         1
FILE=.\src\usr_timer.obj
                                  00002c0d  00002d07        fb
  _delay_ms
                                  00002c0d        68   func ,g         4
  _delay
                                  00002c75        18   func ,g         0
  _ns_delay_ms
                                  00002c8d        35   func ,g        2b
  _non_block_delay
                                  00002cc2         2   func ,g         0
  _mTask
                                  00002cc4        44   func ,g         0

SECTION=.const
FILE=.\src\EEPROM.obj
                                  00003000  00003001         2
FILE=.\src\crc32.obj
                                  00003002  00003401       400
  _crc32_table
                                  00003002       400   data ,g         2
FILE=.\src\crc8.obj
                                  00003402  00003501       100
  _crc_table@1
                                  00003402       100   data ,l         2
FILE=.\src\main.obj
                                  00003502  00003505         4
  _time_setting_p
                                  00003502         2   data ,g         0
  _number_setting_p
                                  00003504         2   data ,g         0
FILE=.\src\r_main.obj
                                  00003506  0000350f         a

SECTION=.RLIB
FILE=memcpy
                                  00003510  00003520        11
  _memcpy
                                  00003510         0   none ,g         7
FILE=_COM_faddsub
                                  00003521  0000365b       13b
  __COM_fsub
                                  0000357d         0   none ,g         0
  __COM_fadd
                                  00003585         0   none ,g         2
FILE=_COM_fdiv
                                  0000365c  00003789       12e
  __COM_fdiv
                                  000036bb         0   none ,g         4
FILE=_COM_fge
                                  0000378a  0000379f        16
  __COM_fge
                                  0000378a         0   none ,g         2
FILE=_COM_fgt
                                  000037a0  000037b5        16
  __COM_fgt
                                  000037a0         0   none ,g         3
FILE=_COM_fle
                                  000037b6  000037cb        16
  __COM_fle
                                  000037b6         0   none ,g         3
FILE=_COM_flt
                                  000037cc  000037e1        16
  __COM_flt
                                  000037cc         0   none ,g         6
FILE=_COM_fmul
                                  000037e2  000038ce        ed
  __COM_fmul
                                  0000382d         0   none ,g         8
FILE=_COM_ftoul
                                  000038cf  000038da         c
  __COM_ftoul
                                  000038cf         0   none ,g         2
FILE=_COM_funordered
                                  000038db  000038e5         b
  __COM_funordered
                                  000038db         0   none ,g         7
FILE=_COM_ultof
                                  000038e6  000038eb         6
  __COM_ultof
                                  000038e6         0   none ,g         7
FILE=_REL_fcmp
                                  000038ec  00003923        38
  __REL_fcmp
                                  000038ec         0   none ,g         4
FILE=_REL_fordered_core
                                  00003924  0000393f        1c
  __REL_fordered_core
                                  00003924         0   none ,g         5
FILE=_REL_ftol
                                  00003940  00003974        35
  __REL_ftol
                                  00003940         0   none ,g         1
FILE=_REL_f_inf
                                  00003975  0000397c         8
  __REL_f_inf
                                  00003975         0   none ,g         5
FILE=_REL_f_norm
                                  0000397d  0000398c        10
  __REL_f_norm
                                  0000397d         0   none ,g         3
FILE=_REL_f_round
                                  0000398d  0000399f        13
  __REL_f_round
                                  0000398d         0   none ,g         4
FILE=_REL_ltof
                                  000039a0  000039e9        4a
  __REL_ltof
                                  000039a0         0   none ,g         1
FILE=_COM_lshr
                                  000039ea  00003a0a        21
  __COM_lshr
                                  000039f4         0   none ,g         1

SECTION=.monitor2
FILE=rlink_generates_02
                                  0007fe00  0007ffff       200

SECTION=.bss
FILE=.\src\EEPROM.obj
                                  000f4700  000f4726        27
  _eeprom_status
                                  000f4700         1   data ,g         c
    union  EEPROM_status_u {
                                                   1
      _eeprom_status.refined
                                  000f4700         1
    struct  {
                                                   1
      _eeprom_status.refined.RB
                                  000f4700         1   unsigned char:1(7)
      _eeprom_status.refined.WEN
                                  000f4700         1   unsigned char:1(6)
      _eeprom_status.refined.BP
                                  000f4700         1   unsigned char:2(4)
      _eeprom_status.refined.RSVD
                                  000f4700         1   unsigned char:3(1)
      _eeprom_status.refined.WPEN
                                  000f4700         1   unsigned char:1(0)
    }
      _eeprom_status.raw
                                  000f4700         1   unsigned char
    }
  _spi_flag
                                  000f4702         2   data ,g         3
  _buf
                                  000f4704        23   data ,g        12
FILE=.\src\interrupt_handle.obj
                                  000f4728  000f472b         4
  _g_adc_value
                                  000f4728         4   data ,g         4
FILE=.\src\main.obj
                                  000f472c  000f48e5       1ba
  _g_TickKeeper@1
                                  000f472c        14   data ,l         e
    struct Tick_Keeper_s {
                                                  14
      _g_TickKeeper@1.SV1_ON_minutes
                                  000f472c         4   unsigned long
      _g_TickKeeper@1.SV1_OFF_minutes
                                  000f4730         4   unsigned long
      _g_TickKeeper@1.SV2_ON_minutes
                                  000f4734         4   unsigned long
      _g_TickKeeper@1.SV2_OFF_minutes
                                  000f4738         4   unsigned long
      _g_TickKeeper@1.neutralization
                                  000f473c         4   unsigned long
    }
  _pre_machine_mode@2
                                  000f4740         1   data ,l         2
  _g_callan_clear_flag@3
                                  000f4741         1   data ,l         3
  _g_numberSetting
                                  000f4742        26   data ,g        2f
    struct Number_Setting_s {
                                                  26
      _g_numberSetting.upperVoltage1
                                  000f4742         4   float
      _g_numberSetting.upperVoltage2
                                  000f4746         4   float
      _g_numberSetting.upperVoltage3
                                  000f474a         4   float
      _g_numberSetting.lowerVoltage
                                  000f474e         4   float
      _g_numberSetting.upperCurrent
                                  000f4752         4   float
      _g_numberSetting.lowerCurrent
                                  000f4756         4   float
      _g_numberSetting.upperFlow
                                  000f475a         4   float
      _g_numberSetting.lowerFlow
                                  000f475e         4   float
      _g_numberSetting.cvccCurrent
                                  000f4762         4   float
      _g_numberSetting.crc
                                  000f4766         1   char
    }
  _g_color
                                  000f4768         1   data ,g         c
  _g_pre_color
                                  000f4769         1   data ,g         3
  _g_flow_value
                                  000f476a         4   data ,g         2
  _g_alarm
                                  000f476e         2   data ,g         f
    union  Alarm_Flag_u {
                                                   2
      _g_alarm.refined
                                  000f476e         2
    struct  {
                                                   2
      _g_alarm.refined.overVoltage1
                                  000f476e         1   unsigned char:1(7)
      _g_alarm.refined.overVoltage2
                                  000f476e         1   unsigned char:1(6)
      _g_alarm.refined.overVoltage3
                                  000f476e         1   unsigned char:1(5)
      _g_alarm.refined.overCurrent
                                  000f476e         1   unsigned char:1(4)
      _g_alarm.refined.overFlow
                                  000f476e         1   unsigned char:1(3)
      _g_alarm.refined.underVoltage
                                  000f476e         1   unsigned char:1(2)
      _g_alarm.refined.underCurrent
                                  000f476e         1   unsigned char:1(1)
      _g_alarm.refined.cvcc
                                  000f476e         1   unsigned char:1(0)
      _g_alarm.refined.underFlow
                                  000f476f         1   unsigned char:1(7)
    }
    }
  _g_machine_state
                                  000f4770         8   data ,g        30
    struct Machine_State_u {
                                                   8
      _g_machine_state.akaline
                                  000f4770         1   unsigned char
      _g_machine_state.acid
                                  000f4771         1   unsigned char
      _g_machine_state.water
                                  000f4772         1   unsigned char
      _g_machine_state.handwash
                                  000f4773         1   unsigned char
      _g_machine_state.waterSupply
                                  000f4774         1   unsigned char
      _g_machine_state.flowSensor
                                  000f4775         1   unsigned char
      _g_machine_state.user
                                  000f4776         1   unsigned char
      _g_machine_state.mode
                                  000f4777         1   unsigned char
    }
  _g_io_status
                                  000f4778        12   data ,g        38
    union  IO_Status_u {
                                                  12
      _g_io_status.refined
                                  000f4778        12
    struct  {
                                                  12
      _g_io_status.refined.AlkalineEmptyLevel
                                  000f4778         1   unsigned char:1(7)
      _g_io_status.refined.AlkalineLowLevel
                                  000f4778         1   unsigned char:1(6)
      _g_io_status.refined.AlkalineHighLevel
                                  000f4778         1   unsigned char:1(5)
      _g_io_status.refined.AcidEmptyLevel
                                  000f4778         1   unsigned char:1(4)
      _g_io_status.refined.AcidLowLevel
                                  000f4778         1   unsigned char:1(3)
      _g_io_status.refined.AcidHighLevel
                                  000f4778         1   unsigned char:1(2)
      _g_io_status.refined.SaltLowLevel
                                  000f4778         1   unsigned char:1(1)
      _g_io_status.refined.SaltHighLevel
                                  000f4778         1   unsigned char:1(0)
      _g_io_status.refined.Valve
                                  000f4779         2
    struct  {
                                                   2
      _g_io_status.refined.Valve.SV1
                                  000f4779         1   unsigned char:1(7)
      _g_io_status.refined.Valve.SV2
                                  000f4779         1   unsigned char:1(6)
      _g_io_status.refined.Valve.SV3
                                  000f4779         1   unsigned char:1(5)
      _g_io_status.refined.Valve.SV4
                                  000f4779         1   unsigned char:1(4)
      _g_io_status.refined.Valve.SV5
                                  000f4779         1   unsigned char:1(3)
      _g_io_status.refined.Valve.SV6
                                  000f4779         1   unsigned char:1(2)
      _g_io_status.refined.Valve.SV7
                                  000f4779         1   unsigned char:1(1)
      _g_io_status.refined.Valve.SV8
                                  000f4779         1   unsigned char:1(0)
      _g_io_status.refined.Valve.SV9
                                  000f477a         1   unsigned char:1(7)
      _g_io_status.refined.Valve.RSVD
                                  000f477a         1   unsigned char:7(0)
    }
      _g_io_status.refined.Pump1
                                  000f477b         1   unsigned char:1(7)
      _g_io_status.refined.Pump2
                                  000f477b         1   unsigned char:1(6)
      _g_io_status.refined.SaltPump
                                  000f477b         1   unsigned char:1(5)
      _g_io_status.refined.RSVD1
                                  000f477b         1   unsigned char:4(1)
      _g_io_status.refined.MachineMode
                                  000f477c         1   unsigned char
      _g_io_status.refined.FlowValue
                                  000f477e         4   float
      _g_io_status.refined.CVCCVoltage
                                  000f4782         4   float
      _g_io_status.refined.CVCCCurrent
                                  000f4786         4   float
    }
    }
  _g_pre_io_status
                                  000f478a        12   data ,g         b
    union  IO_Status_u {
                                                  12
      _g_pre_io_status.refined
                                  000f478a        12
    struct  {
                                                  12
      _g_pre_io_status.refined.AlkalineEmptyLevel
                                  000f478a         1   unsigned char:1(7)
      _g_pre_io_status.refined.AlkalineLowLevel
                                  000f478a         1   unsigned char:1(6)
      _g_pre_io_status.refined.AlkalineHighLevel
                                  000f478a         1   unsigned char:1(5)
      _g_pre_io_status.refined.AcidEmptyLevel
                                  000f478a         1   unsigned char:1(4)
      _g_pre_io_status.refined.AcidLowLevel
                                  000f478a         1   unsigned char:1(3)
      _g_pre_io_status.refined.AcidHighLevel
                                  000f478a         1   unsigned char:1(2)
      _g_pre_io_status.refined.SaltLowLevel
                                  000f478a         1   unsigned char:1(1)
      _g_pre_io_status.refined.SaltHighLevel
                                  000f478a         1   unsigned char:1(0)
      _g_pre_io_status.refined.Valve
                                  000f478b         2
    struct  {
                                                   2
      _g_pre_io_status.refined.Valve.SV1
                                  000f478b         1   unsigned char:1(7)
      _g_pre_io_status.refined.Valve.SV2
                                  000f478b         1   unsigned char:1(6)
      _g_pre_io_status.refined.Valve.SV3
                                  000f478b         1   unsigned char:1(5)
      _g_pre_io_status.refined.Valve.SV4
                                  000f478b         1   unsigned char:1(4)
      _g_pre_io_status.refined.Valve.SV5
                                  000f478b         1   unsigned char:1(3)
      _g_pre_io_status.refined.Valve.SV6
                                  000f478b         1   unsigned char:1(2)
      _g_pre_io_status.refined.Valve.SV7
                                  000f478b         1   unsigned char:1(1)
      _g_pre_io_status.refined.Valve.SV8
                                  000f478b         1   unsigned char:1(0)
      _g_pre_io_status.refined.Valve.SV9
                                  000f478c         1   unsigned char:1(7)
      _g_pre_io_status.refined.Valve.RSVD
                                  000f478c         1   unsigned char:7(0)
    }
      _g_pre_io_status.refined.Pump1
                                  000f478d         1   unsigned char:1(7)
      _g_pre_io_status.refined.Pump2
                                  000f478d         1   unsigned char:1(6)
      _g_pre_io_status.refined.SaltPump
                                  000f478d         1   unsigned char:1(5)
      _g_pre_io_status.refined.RSVD1
                                  000f478d         1   unsigned char:4(1)
      _g_pre_io_status.refined.MachineMode
                                  000f478e         1   unsigned char
      _g_pre_io_status.refined.FlowValue
                                  000f4790         4   float
      _g_pre_io_status.refined.CVCCVoltage
                                  000f4794         4   float
      _g_pre_io_status.refined.CVCCCurrent
                                  000f4798         4   float
    }
    }
  __settingTime
                                  000f479c        8e   data ,g         8
    struct Timer_Setting_s {
                                                  8e
      __settingTime.t1_initialWaterDrainageOperation_s
                                  000f479c         4   unsigned long
      __settingTime.t2_flowSensorStartTime_s
                                  000f47a0         4   unsigned long
      __settingTime.t3_flowSensorMonitorTime_s
                                  000f47a4         4   unsigned long
      __settingTime.t4_electrolysisOperationStart_s
                                  000f47a8         4   unsigned long
      __settingTime.t5_electrolysisStopDelay_s
                                  000f47ac         4   unsigned long
      __settingTime.t6_drainageOffTime_h
                                  000f47b0         4   unsigned long
      __settingTime.t7_powerOnPreparation_s
                                  000f47b4         4   unsigned long
      __settingTime.t8_flowRateAdjustmentRelease_s
                                  000f47b8         4   unsigned long
      __settingTime.t9_currentAdjustmentRelease_s
                                  000f47bc         4   unsigned long
      __settingTime.t10_electrolysisCurrentAlarmSpecified_s
                                  000f47c0         4   unsigned long
      __settingTime.t11_overVoltage1Time_s
                                  000f47c4         4   unsigned long
      __settingTime.t12_overVoltage2Time_s
                                  000f47c8         4   unsigned long
      __settingTime.t13_overVoltage3Time_s
                                  000f47cc         4   unsigned long
      __settingTime.t14_lowVoltageStartTime_s
                                  000f47d0         4   unsigned long
      __settingTime.t15_lowVoltageDelayTime_s
                                  000f47d4         4   unsigned long
      __settingTime.t16_currentMonitoringStart_s
                                  000f47d8         4   unsigned long
      __settingTime.t17_solenoidLeakageStartTime_s
                                  000f47dc         4   unsigned long
      __settingTime.t18_fullWaterMonitoringStart_h
                                  000f47e0         4   unsigned long
      __settingTime.t19_waterFilterAlarm_h
                                  000f47e4         4   unsigned long
      __settingTime.t20_waterFilterAlarmIgnore_h
                                  000f47e8         4   unsigned long
      __settingTime.t26_onDelayEmptyLevel_s
                                  000f47ec         4   unsigned long
      __settingTime.t27_onDelayLowLevel_s
                                  000f47f0         4   unsigned long
      __settingTime.t28_onDelayHighLevel_s
                                  000f47f4         4   unsigned long
      __settingTime.t30_offDelayEmptyLevel_s
                                  000f47f8         4   unsigned long
      __settingTime.t31_saltLowLevelDelay_s
                                  000f47fc         4   unsigned long
      __settingTime.t32_saltHighLevelDelay_s
                                  000f4800         4   unsigned long
      __settingTime.t51_alkalineWaterSpoutingTime_s
                                  000f4804         4   unsigned long
      __settingTime.t52_acidWaterSpoutingTime_s
                                  000f4808         4   unsigned long
      __settingTime.t53_washingWaterSpoutingTime_s
                                  000f480c         4   unsigned long
      __settingTime.t54_overLapTime_ms
                                  000f4810         4   unsigned long
      __settingTime.t55_waterDischargeDelay_s
                                  000f4814         4   unsigned long
      __settingTime.t56_acidWaterDownTime_s
                                  000f4818         4   unsigned long
      __settingTime.t59_alkalineWaterDownTime_s
                                  000f481c         4   unsigned long
      __settingTime.t61_curranCleaningIntervalTime_h
                                  000f4820         4   unsigned long
      __settingTime.t62_callanWashSpoutingTime_s
                                  000f4824         4   unsigned long
      __settingTime.crc
                                  000f4828         1   char
    }
  __settingNumber
                                  000f482a        26   data ,g         8
    struct Number_Setting_s {
                                                  26
      __settingNumber.upperVoltage1
                                  000f482a         4   float
      __settingNumber.upperVoltage2
                                  000f482e         4   float
      __settingNumber.upperVoltage3
                                  000f4832         4   float
      __settingNumber.lowerVoltage
                                  000f4836         4   float
      __settingNumber.upperCurrent
                                  000f483a         4   float
      __settingNumber.lowerCurrent
                                  000f483e         4   float
      __settingNumber.upperFlow
                                  000f4842         4   float
      __settingNumber.lowerFlow
                                  000f4846         4   float
      __settingNumber.cvccCurrent
                                  000f484a         4   float
      __settingNumber.crc
                                  000f484e         1   char
    }
  _g_machine_mode
                                  000f4850         1   data ,g         4
  _btod
                                  000f4852         4   data ,g         6
    union  BytesToDouble {
                                                   4
      _btod.refined
                                  000f4852         4
    struct  {
                                                   4
      _btod.refined.data
                                  000f4852         4   unsigned char
    }
      _btod.raw
                                  000f4852         4   unsigned long
    }
  _g_Tick
                                  000f4856        84   data ,g        66
    struct Tick_s {
                                                  84
      _g_Tick.tick500ms
                                  000f4856         4   unsigned long
      _g_Tick.tick1s
                                  000f485a         4   unsigned long
      _g_Tick.tick5s
                                  000f485e         4   unsigned long
      _g_Tick.tickBlink
                                  000f4862         4   unsigned long
      _g_Tick.tickAlkaline
                                  000f4866         4   unsigned long
      _g_Tick.tickAcid
                                  000f486a         4   unsigned long
      _g_Tick.tickWater
                                  000f486e         4   unsigned long
      _g_Tick.tickHandWash
                                  000f4872         4   unsigned long
      _g_Tick.tickWaterSupply
                                  000f4876         4   unsigned long
      _g_Tick.tickFlowMeasurment
                                  000f487a         4   unsigned long
      _g_Tick.tickDebouceHandSensor
                                  000f487e         4   unsigned long
      _g_Tick.tickVoltage1Check
                                  000f4882         4   unsigned long
      _g_Tick.tickVoltage2Check
                                  000f4886         4   unsigned long
      _g_Tick.tickVoltage3Check
                                  000f488a         4   unsigned long
      _g_Tick.tickVoltageLowCheck
                                  000f488e         4   unsigned long
      _g_Tick.tickCurrentCheck
                                  000f4892         4   unsigned long
      _g_Tick.tickElectrolyticOff
                                  000f4896         4   unsigned long
      _g_Tick.tickAcidLevel
                                  000f489a         c   unsigned long
      _g_Tick.tickAlkalineLevel
                                  000f48a6         c   unsigned long
      _g_Tick.tickHandSensor
                                  000f48b2         8   unsigned long
      _g_Tick.tickCustom
                                  000f48ba        20   unsigned long
    }
  _water_solfner_buf
                                  000f48da         7   data ,g         5
    struct UART3_Buffer_s {
                                                   7
      _water_solfner_buf.busy
                                  000f48da         1   unsigned char
      _water_solfner_buf.head
                                  000f48db         1   unsigned char
      _water_solfner_buf.set_number
                                  000f48dc         1   unsigned char
      _water_solfner_buf.set_value
                                  000f48dd         4   unsigned char
    }
  __flow_pulse
                                  000f48e2         4   data ,g         8
FILE=.\src\r_cg_rtc_user.obj
                                  000f48e6  000f48ec         7
  _g_rtc
                                  000f48e6         7   data ,g         0
    struct  {
                                                   7
      _g_rtc.sec
                                  000f48e6         1   unsigned char
      _g_rtc.min
                                  000f48e7         1   unsigned char
      _g_rtc.hour
                                  000f48e8         1   unsigned char
      _g_rtc.day
                                  000f48e9         1   unsigned char
      _g_rtc.week
                                  000f48ea         1   unsigned char
      _g_rtc.month
                                  000f48eb         1   unsigned char
      _g_rtc.year
                                  000f48ec         1   unsigned char
    }
FILE=.\src\r_cg_serial.obj
                                  000f48ee  000f4923        36
  _gp_uart1_tx_address
                                  000f48ee         2   data ,g         5
  _g_uart1_tx_count
                                  000f48f0         2   data ,g         4
  _gp_uart1_rx_address
                                  000f48f2         2   data ,g         3
  _g_uart1_rx_count
                                  000f48f4         2   data ,g         4
  _g_uart1_rx_length
                                  000f48f6         2   data ,g         3
  _gp_csi00_rx_address
                                  000f48f8         2   data ,g         0
  _g_csi00_rx_length
                                  000f48fa         2   data ,g         0
  _g_csi00_rx_count
                                  000f48fc         2   data ,g         0
  _gp_csi00_tx_address
                                  000f48fe         2   data ,g         6
  _g_csi00_send_length
                                  000f4900         2   data ,g         0
  _g_csi00_tx_count
                                  000f4902         2   data ,g         4
  _gp_csi01_rx_address
                                  000f4904         2   data ,g         5
  _g_csi01_rx_length
                                  000f4906         2   data ,g         1
  _g_csi01_rx_count
                                  000f4908         2   data ,g         1
  _gp_csi01_tx_address
                                  000f490a         2   data ,g         7
  _g_csi01_send_length
                                  000f490c         2   data ,g         0
  _g_csi01_tx_count
                                  000f490e         2   data ,g         7
  _gp_uart2_tx_address
                                  000f4910         2   data ,g         5
  _g_uart2_tx_count
                                  000f4912         2   data ,g         4
  _gp_uart2_rx_address
                                  000f4914         2   data ,g         3
  _g_uart2_rx_count
                                  000f4916         2   data ,g         4
  _g_uart2_rx_length
                                  000f4918         2   data ,g         3
  _gp_uart3_tx_address
                                  000f491a         2   data ,g         5
  _g_uart3_tx_count
                                  000f491c         2   data ,g         4
  _gp_uart3_rx_address
                                  000f491e         2   data ,g         3
  _g_uart3_rx_count
                                  000f4920         2   data ,g         4
  _g_uart3_rx_length
                                  000f4922         2   data ,g         3
FILE=.\src\r_cg_serial_user.obj
                                  000f4924  000f49e7        c4
  _g_uart3_rx_data
                                  000f4924         8   data ,g         8
  _send_response_flag
                                  000f492c         1   data ,g         0
  _send_response_time_flag
                                  000f492d         1   data ,g         0
  _send_response_number_flag
                                  000f492e         1   data ,g         0
  _recived_time_setting_flag
                                  000f492f         1   data ,g         0
  _send_respone_status_flag
                                  000f4930         1   data ,g         0
  _recived_number_setting_flag
                                  000f4931         1   data ,g         0
  _commnunication_flag
                                  000f4932         d   data ,g        39
    struct Communicaition_flag_s {
                                                   d
      _commnunication_flag.send_response_flag
                                  000f4932         1   unsigned char
      _commnunication_flag.send_response_time_flag
                                  000f4933         1   unsigned char
      _commnunication_flag.send_response_number_flag
                                  000f4934         1   unsigned char
      _commnunication_flag.recived_number_setting_flag
                                  000f4935         1   unsigned char
      _commnunication_flag.recived_time_setting_flag
                                  000f4936         1   unsigned char
      _commnunication_flag.send_respone_status_flag
                                  000f4937         1   unsigned char
      _commnunication_flag.send_response_mode_flag
                                  000f4938         1   unsigned char
      _commnunication_flag.alarm_clear_flag
                                  000f4939         1   unsigned char
      _commnunication_flag.rs485_send_to_watersolfner_response_flag
                                  000f493a         1   unsigned char
      _commnunication_flag.rs485_send_to_watersolfner_SV1_flag
                                  000f493b         1   unsigned char
      _commnunication_flag.rs485_send_to_valve_response_flag
                                  000f493c         1   unsigned char
      _commnunication_flag.rs485_get_valve_gesture_flag
                                  000f493d         1   unsigned char
      _commnunication_flag.rs485_fault
                                  000f493e         1   unsigned char
    }
  _g_csi_count
                                  000f493f         1   data ,g         0
  _g_csi_err
                                  000f4940         1   data ,g         0
  _g_csi_send_end
                                  000f4941         1   data ,g         1
  _g_csi_rev_end
                                  000f4942         1   data ,g         3
  _g_uart1_send
                                  000f4943         1   data ,g         0
  _g_uart2_sendend
                                  000f4944         1   data ,g         c
  _g_uart2_receive
                                  000f4945         1   data ,g         1
  _g_rx_data
                                  000f4946        a0   data ,g        1d
  _g_uart2_fault
                                  000f49e6         1   data ,g         3
  _g_uart3_sendend
                                  000f49e7         1   data ,g         6
FILE=.\src\r_cg_timer_user.obj
                                  000f49e8  000f49ef         8
  _timer0_ch0_flag
                                  000f49e8         1   data ,g         1
  _timer0_ch1_flag
                                  000f49e9         1   data ,g         1
  _timer0_ch2_flag
                                  000f49ea         1   data ,g         1
  _g_systemTime
                                  000f49ec         4   data ,g        6a
FILE=.\src\r_main.obj
                                  000f49f0  000f4aa0        b1
  _g_TickKeeper@1
                                  000f49f0        14   data ,l        18
    struct Tick_Keeper_s {
                                                  14
      _g_TickKeeper@1.SV1_ON_minutes
                                  000f49f0         4   unsigned long
      _g_TickKeeper@1.SV1_OFF_minutes
                                  000f49f4         4   unsigned long
      _g_TickKeeper@1.SV2_ON_minutes
                                  000f49f8         4   unsigned long
      _g_TickKeeper@1.SV2_OFF_minutes
                                  000f49fc         4   unsigned long
      _g_TickKeeper@1.neutralization
                                  000f4a00         4   unsigned long
    }
  _g_e_status
                                  000f4a04         1   data ,g         0
    union  EEPROM_status_u {
                                                   1
      _g_e_status.refined
                                  000f4a04         1
    struct  {
                                                   1
      _g_e_status.refined.RB
                                  000f4a04         1   unsigned char:1(7)
      _g_e_status.refined.WEN
                                  000f4a04         1   unsigned char:1(6)
      _g_e_status.refined.BP
                                  000f4a04         1   unsigned char:2(4)
      _g_e_status.refined.RSVD
                                  000f4a04         1   unsigned char:3(1)
      _g_e_status.refined.WPEN
                                  000f4a04         1   unsigned char:1(0)
    }
      _g_e_status.raw
                                  000f4a04         1   unsigned char
    }
  _ret_number_setting
                                  000f4a06        26   data ,g         0
    struct Number_Setting_s {
                                                  26
      _ret_number_setting.upperVoltage1
                                  000f4a06         4   float
      _ret_number_setting.upperVoltage2
                                  000f4a0a         4   float
      _ret_number_setting.upperVoltage3
                                  000f4a0e         4   float
      _ret_number_setting.lowerVoltage
                                  000f4a12         4   float
      _ret_number_setting.upperCurrent
                                  000f4a16         4   float
      _ret_number_setting.lowerCurrent
                                  000f4a1a         4   float
      _ret_number_setting.upperFlow
                                  000f4a1e         4   float
      _ret_number_setting.lowerFlow
                                  000f4a22         4   float
      _ret_number_setting.cvccCurrent
                                  000f4a26         4   float
      _ret_number_setting.crc
                                  000f4a2a         1   char
    }
  _flow_p
                                  000f4a2c         1   data ,g         1
  _salt_h_p
                                  000f4a2d         1   data ,g         0
  _g_eeprom_wren
                                  000f4a2e         1   data ,g         0
  _receive_data
                                  000f4a2f         2   data ,g         0
  _receive_setting
                                  000f4a32        26   data ,g         0
    struct Number_Setting_s {
                                                  26
      _receive_setting.upperVoltage1
                                  000f4a32         4   float
      _receive_setting.upperVoltage2
                                  000f4a36         4   float
      _receive_setting.upperVoltage3
                                  000f4a3a         4   float
      _receive_setting.lowerVoltage
                                  000f4a3e         4   float
      _receive_setting.upperCurrent
                                  000f4a42         4   float
      _receive_setting.lowerCurrent
                                  000f4a46         4   float
      _receive_setting.upperFlow
                                  000f4a4a         4   float
      _receive_setting.lowerFlow
                                  000f4a4e         4   float
      _receive_setting.cvccCurrent
                                  000f4a52         4   float
      _receive_setting.crc
                                  000f4a56         1   char
    }
  _set
                                  000f4a58         1   data ,g         0
    union  EEPROM_status_u {
                                                   1
      _set.refined
                                  000f4a58         1
    struct  {
                                                   1
      _set.refined.RB
                                  000f4a58         1   unsigned char:1(7)
      _set.refined.WEN
                                  000f4a58         1   unsigned char:1(6)
      _set.refined.BP
                                  000f4a58         1   unsigned char:2(4)
      _set.refined.RSVD
                                  000f4a58         1   unsigned char:3(1)
      _set.refined.WPEN
                                  000f4a58         1   unsigned char:1(0)
    }
      _set.raw
                                  000f4a58         1   unsigned char
    }
  _rx_data
                                  000f4a5a         c   data ,g         0
  _data_f
                                  000f4a66         4   data ,g         0
  _data_f_test
                                  000f4a6a         4   data ,g         0
    union  byte_to_float {
                                                   4
      _data_f_test.refined
                                  000f4a6a         4
    struct  {
                                                   4
      _data_f_test.refined.b
                                  000f4a6a         4   unsigned char
    }
      _data_f_test.raw
                                  000f4a6a         4   float
    }
  _g_control_buffer
                                  000f4a6e         6   data ,g         5
    struct UART_Buffer_s {
                                                   6
      _g_control_buffer.head
                                  000f4a6e         1   unsigned char
      _g_control_buffer.set_number
                                  000f4a6f         1   unsigned char
      _g_control_buffer.set_value
                                  000f4a70         4   float
    }
  _handsensor_status
                                  000f4a74         1   data ,g         0
    union   {
                                                   1
      _handsensor_status.
                                  000f4a74         1
    struct  {
                                                   1
      _handsensor_status..up_signal
                                  000f4a74         1   unsigned char
    }
      _handsensor_status.status
                                  000f4a74         1   unsigned char
    }
  _g_handsensor_status
                                  000f4a75         2   data ,g         3
  _g_crc
                                  000f4a77         8   data ,g         2
  _g_crc_32
                                  000f4a80        20   data ,g         0
  _rx_count
                                  000f4aa0         1   data ,g         2

SECTION=.dataR
FILE=.\src\main.obj
                                  000f4aa2  000f4b38        97
  _g_timerSetting
                                  000f4aa2        8e   data ,g        66
    struct Timer_Setting_s {
                                                  8e
      _g_timerSetting.t1_initialWaterDrainageOperation_s
                                  000f4aa2         4   unsigned long
      _g_timerSetting.t2_flowSensorStartTime_s
                                  000f4aa6         4   unsigned long
      _g_timerSetting.t3_flowSensorMonitorTime_s
                                  000f4aaa         4   unsigned long
      _g_timerSetting.t4_electrolysisOperationStart_s
                                  000f4aae         4   unsigned long
      _g_timerSetting.t5_electrolysisStopDelay_s
                                  000f4ab2         4   unsigned long
      _g_timerSetting.t6_drainageOffTime_h
                                  000f4ab6         4   unsigned long
      _g_timerSetting.t7_powerOnPreparation_s
                                  000f4aba         4   unsigned long
      _g_timerSetting.t8_flowRateAdjustmentRelease_s
                                  000f4abe         4   unsigned long
      _g_timerSetting.t9_currentAdjustmentRelease_s
                                  000f4ac2         4   unsigned long
      _g_timerSetting.t10_electrolysisCurrentAlarmSpecified_s
                                  000f4ac6         4   unsigned long
      _g_timerSetting.t11_overVoltage1Time_s
                                  000f4aca         4   unsigned long
      _g_timerSetting.t12_overVoltage2Time_s
                                  000f4ace         4   unsigned long
      _g_timerSetting.t13_overVoltage3Time_s
                                  000f4ad2         4   unsigned long
      _g_timerSetting.t14_lowVoltageStartTime_s
                                  000f4ad6         4   unsigned long
      _g_timerSetting.t15_lowVoltageDelayTime_s
                                  000f4ada         4   unsigned long
      _g_timerSetting.t16_currentMonitoringStart_s
                                  000f4ade         4   unsigned long
      _g_timerSetting.t17_solenoidLeakageStartTime_s
                                  000f4ae2         4   unsigned long
      _g_timerSetting.t18_fullWaterMonitoringStart_h
                                  000f4ae6         4   unsigned long
      _g_timerSetting.t19_waterFilterAlarm_h
                                  000f4aea         4   unsigned long
      _g_timerSetting.t20_waterFilterAlarmIgnore_h
                                  000f4aee         4   unsigned long
      _g_timerSetting.t26_onDelayEmptyLevel_s
                                  000f4af2         4   unsigned long
      _g_timerSetting.t27_onDelayLowLevel_s
                                  000f4af6         4   unsigned long
      _g_timerSetting.t28_onDelayHighLevel_s
                                  000f4afa         4   unsigned long
      _g_timerSetting.t30_offDelayEmptyLevel_s
                                  000f4afe         4   unsigned long
      _g_timerSetting.t31_saltLowLevelDelay_s
                                  000f4b02         4   unsigned long
      _g_timerSetting.t32_saltHighLevelDelay_s
                                  000f4b06         4   unsigned long
      _g_timerSetting.t51_alkalineWaterSpoutingTime_s
                                  000f4b0a         4   unsigned long
      _g_timerSetting.t52_acidWaterSpoutingTime_s
                                  000f4b0e         4   unsigned long
      _g_timerSetting.t53_washingWaterSpoutingTime_s
                                  000f4b12         4   unsigned long
      _g_timerSetting.t54_overLapTime_ms
                                  000f4b16         4   unsigned long
      _g_timerSetting.t55_waterDischargeDelay_s
                                  000f4b1a         4   unsigned long
      _g_timerSetting.t56_acidWaterDownTime_s
                                  000f4b1e         4   unsigned long
      _g_timerSetting.t59_alkalineWaterDownTime_s
                                  000f4b22         4   unsigned long
      _g_timerSetting.t61_curranCleaningIntervalTime_h
                                  000f4b26         4   unsigned long
      _g_timerSetting.t62_callanWashSpoutingTime_s
                                  000f4b2a         4   unsigned long
      _g_timerSetting.crc
                                  000f4b2e         1   char
    }
  _g_electrolytic_flag
                                  000f4b30         1   data ,g         2
  _test_control_buf
                                  000f4b32         6   data ,g         0
    struct UART_Buffer_s {
                                                   6
      _test_control_buf.head
                                  000f4b32         1   unsigned char
      _test_control_buf.set_number
                                  000f4b33         1   unsigned char
      _test_control_buf.set_value
                                  000f4b34         4   float
    }
  __pre_flow_state
                                  000f4b38         1   data ,g         2
FILE=.\src\r_main.obj
                                  000f4b3a  000f4b53        1a
  _g_error
                                  000f4b3a         2   data ,g         0
  _g_adc_ch
                                  000f4b3c         2   data ,g         0
  _led_st
                                  000f4b3e         1   data ,g         2
  _send_data
                                  000f4b3f         2   data ,g         0
  _this_size
                                  000f4b41         1   data ,g         0
  _this_size_2
                                  000f4b42         1   data ,g         0
  _send_buf
                                  000f4b43         7   data ,g         0
  _data_crc
                                  000f4b4a         8   data ,g         0
  _dac_out
                                  000f4b52         2   data ,g         2

Absolute value symbols
FILE=rlink_generates_05
  __s.text
                                  0000018a         0   none ,g         0
  __e.text
                                  000004a4         0   none ,g         0
  __s.textf
                                  000004a4         0   none ,g         0
  __e.textf
                                  00002d08         0   none ,g         0
  __s.const
                                  00003000         0   none ,g         0
  __e.const
                                  00003510         0   none ,g         0
  __s.constf
                                  00000080         0   none ,g         0
  __e.constf
                                  00000080         0   none ,g         0
  __s.data
                                  000000d8         0   none ,g         0
  __e.data
                                  0000018a         0   none ,g         0
  __s.sdata
                                  00000080         0   none ,g         0
  __e.sdata
                                  00000080         0   none ,g         0
  __s.bss
                                  000f4700         0   none ,g         0
  __e.bss
                                  000f4aa1         0   none ,g         0
  __s.sbss
                                  000ffe20         0   none ,g         0
  __e.sbss
                                  000ffe20         0   none ,g         0
  __s.dataR
                                  000f4aa2         0   none ,g         0
  __e.dataR
                                  000f4b54         0   none ,g         0
  __s.sdataR
                                  000ffe20         0   none ,g         0
  __e.sdataR
                                  000ffe20         0   none ,g         0
  __s.RLIB
                                  00003510         0   none ,g         0
  __e.RLIB
                                  00003a0b         0   none ,g         0
  __s.SLIB
                                  000000c4         0   none ,g         0
  __e.SLIB
                                  000000c4         0   none ,g         0
  __s.option_byte
                                  000000c0         0   none ,g         0
  __e.option_byte
                                  000000c4         0   none ,g         0
  __s.monitor1
                                  000000ce         0   none ,g         0
  __e.monitor1
                                  000000d8         0   none ,g         0
  __s.monitor2
                                  0007fe00         0   none ,g         0
  __e.monitor2
                                  00080000         0   none ,g         0
  __s.security_id
                                  000000c4         0   none ,g         0
  __e.security_id
                                  000000ce         0   none ,g         0
  __s.vect
                                  00000000         0   none ,g         0
  __e.vect
                                  00000080         0   none ,g         0
  __RAM_ADDR_START
                                  000f3f00         0   none ,g         0
  __RAM_ADDR_END
                                  000ffee0         0   none ,g         0
  __STACK_ADDR_START
                                  000ffe20         0   none ,g         1
  __STACK_ADDR_END
                                  000f4b54         0   none ,g         1

*** Unfilled Areas ***

AREA                                START    END

*** Delete Symbols ***

SYMBOL                                SIZE    INFO

*** Variable Vector Table List ***

ADDRESS  SYMBOL/ADDRESS
00       _start
02       ffff
04       _r_wdt_interrupt@1
06       
08       
0a       
0c       
0e       
10       
12       
14       _r_uart2_interrupt_send@1
16       _r_uart2_interrupt_receive@1
18       
1a       
1c       
1e       _r_csi00_interrupt@1
20       _r_csi01_interrupt@1
22       
24       _r_uart1_interrupt_send@1
26       _r_uart1_interrupt_receive@1
28       
2a       
2c       _r_tau0_channel0_interrupt@1
2e       _r_tau0_channel1_interrupt@1
30       _r_tau0_channel2_interrupt@1
32       
34       _r_adc_interrupt@1
36       
38       
3a       
3c       _r_uart3_interrupt_send@1
3e       _r_uart3_interrupt_receive@1
40       
42       
44       
46       
48       
4a       
4c       
4e       
50       
52       
54       
56       
58       
5a       
5c       
5e       
60       
62       
64       
66       
68       
6a       
6c       
6e       
70       
72       
74       
76       
78       
7a       
7c       
7e       

*** Cross Reference List ***

No   Unit Name   Global.Symbol   Location External Infomation
---- ----------- --------------- -------- ---------------------
0001 cstart
     SECTION=.text
                 _start
                                 0000018a
                 _exit
                                 000001e2 0001(000001e3:.text)
     SECTION=.textf
     SECTION=.const
     SECTION=.constf
     SECTION=.data
     SECTION=.sdata
     SECTION=.bss
     SECTION=.sbss
     SECTION=.dataR
     SECTION=.sdataR
     SECTION=.RLIB
     SECTION=.SLIB
     SECTION=.dataR
     SECTION=.sdataR
0002 stkinit
     SECTION=.textf
                 _stkinit
                                 000004a4 0001(00000192:.text)
0003 EEPROM
     SECTION=.textf
                 _EEPROM_Init
                                 000004e8 0024(0000286a:.textf)
                 _rEE_Status
                                 00000513 0003(00000580:.textf)
                                          0003(000005ab:.textf)
                                          0003(000005ea:.textf)
                                          0003(00000620:.textf)
                                          0003(0000065f:.textf)
                                          0003(000006b3:.textf)
                 _sEE_WriteEnable
                                 0000052e 0003(000005b0:.textf)
                                          0003(00000615:.textf)
                                          0003(0000073c:.textf)
                 _sEE_WriteDisable
                                 00000540
                 _EE_SPI_Write
                                 00000552 0007(00000dc2:.textf)
                                          0007(00000e59:.textf)
                 _EE_SPI_Read
                                 00000631 0024(00002877:.textf)
                                          0024(00002888:.textf)
                 _sEE_Block
                                 000006e8
                 _sEE_SendInstruction
                                 000006f9
                 _sEE_SendReceiveInstruction
                                 000006fc
                 _EE_TransmitData
                                 00000700 0003(00000525:.textf)
                                          0003(0000053c:.textf)
                                          0003(0000054e:.textf)
                                          0003(000005ba:.textf)
                                          0003(0000062f:.textf)
                                          0003(0000066d:.textf)
                                          0003(000006c4:.textf)
                                          0003(000006fb:.textf)
                                          0003(000006ff:.textf)
                                          0003(00000743:.textf)
                 _sEE_WriteStatusRegister
                                 0000072c 0003(00000511:.textf)
                                          0003(000006f8:.textf)
     SECTION=.bss
                 _eeprom_status
                                 000f4700 0003(00000507:.textf)
                                          0003(0000050c:.textf)
                                          0003(0000052a:.textf)
                                          0003(00000583:.textf)
                                          0003(000005a5:.textf)
                                          0003(000005ed:.textf)
                                          0003(0000061a:.textf)
                                          0003(00000662:.textf)
                                          0003(000006b6:.textf)
                                          0003(000006f0:.textf)
                                          0003(000006f5:.textf)
                                          0003(0000072e:.textf)
                 _spi_flag
                                 000f4702 0003(000004fb:.textf)
                                          0003(00000701:.textf)
                                          0003(0000071f:.textf)
                 _buf
                                 000f4704 0003(00000557:.textf)
                                          0003(0000055c:.textf)
                                          0003(00000576:.textf)
                                          0003(0000059a:.textf)
                                          0003(000005b7:.textf)
                                          0003(000005bd:.textf)
                                          0003(000005d4:.textf)
                                          0003(0000060d:.textf)
                                          0003(0000062a:.textf)
                                          0003(00000636:.textf)
                                          0003(0000063b:.textf)
                                          0003(00000655:.textf)
                                          0003(0000066a:.textf)
                                          0003(0000067d:.textf)
                                          0003(00000689:.textf)
                                          0003(000006a0:.textf)
                                          0003(000006c1:.textf)
                                          0003(000006dd:.textf)
     SECTION=.const
0004 crc32
     SECTION=.textf
                 _xcrc32
                                 00000747
                 _CRC32
                                 00000795
     SECTION=.const
                 _crc32_table
                                 00003002 0004(00000767:.textf)
                                          0004(000007b2:.textf)
0005 crc8
     SECTION=.textf
                 _crc8_4
                                 000007e6 0024(00002b4e:.textf)
                 _crc8_1
                                 00000829 0007(00000d04:.textf)
                                          0007(00000d34:.textf)
                                          0007(00000d9e:.textf)
                                          0007(00000e1d:.textf)
                                          0007(00000e2e:.textf)
                                          0024(00002b5a:.textf)
     SECTION=.const
0006 interrupt_handle
     SECTION=.textf
                 _adc_int_handle
                                 00000846 0009(000001ef:.text)
     SECTION=.bss
                 _g_adc_value
                                 000f4728 0006(0000084f:.textf)
                                          0006(00000856:.textf)
                                          0006(00000888:.textf)
                                          0006(0000088f:.textf)
0007 main
     SECTION=.textf
                 _handSensorLED
                                 000008c2 0007(0000176c:.textf)
                                          0007(000017f6:.textf)
                                          0007(00001853:.textf)
                                          0007(000018b5:.textf)
                                          0007(000018fa:.textf)
[...]
                                          0007(0000154b:.textf)
                                          0007(00001551:.textf)
                                          0007(0000158b:.textf)
                                          0007(00001591:.textf)
                                          0007(000015a2:.textf)
                                          0007(000015a8:.textf)
                                          0007(00001650:.textf)
                                          0007(00001656:.textf)
                                          0007(00001714:.textf)
                                          0007(0000171a:.textf)
                                          0007(00001746:.textf)
                                          0007(0000174c:.textf)
                                          0007(0000190a:.textf)
                                          0007(00001910:.textf)
                                          0007(00001941:.textf)
                                          0007(00001947:.textf)
                                          0007(000019f2:.textf)
                                          0007(000019f8:.textf)
                                          0007(00001a95:.textf)
                                          0007(00001a9e:.textf)
                                          0007(00001b2d:.textf)
                                          0007(00001b33:.textf)
                                          0007(00001b93:.textf)
                                          0007(00001b96:.textf)
                                          0007(00001be7:.textf)
                                          0007(00001bec:.textf)
                                          0021(00000480:.text)
                                          0021(00000488:.text)
                                          0021(0000048b:.text)
                                          0021(0000048f:.text)
                                          0024(0000297f:.textf)
                                          0024(00002984:.textf)
                                          0024(000029cd:.textf)
                                          0024(000029d0:.textf)
                                          0024(00002a1a:.textf)
                                          0024(00002a1f:.textf)
                                          0024(00002a4f:.textf)
                                          0024(00002a54:.textf)
                                          0026(00002c13:.textf)
                                          0026(00002c18:.textf)
                                          0026(00002c47:.textf)
                                          0026(00002c4e:.textf)
                                          0026(00002c55:.textf)
                                          0026(00002c5d:.textf)
                                          0026(00002c92:.textf)
                                          0026(00002c97:.textf)
                                          0026(00002cb3:.textf)
                                          0026(00002cb9:.textf)
                                          0026(00002ccc:.textf)
                                          0026(00002cd1:.textf)
                                          0026(00002cfa:.textf)
                                          0026(00002d00:.textf)
     SECTION=.text
0022 r_cg_wdt
     SECTION=.textf
                 _R_WDT_Create
                                 00002805 0025(00002bf9:.textf)
                 _R_WDT_Restart
                                 00002816 0007(00000cac:.textf)
                                          0007(00000cec:.textf)
                                          0007(00000d1c:.textf)
                                          0007(00000d4c:.textf)
                                          0007(00000f21:.textf)
                                          0007(00001034:.textf)
                                          0007(00001079:.textf)
                                          0007(0000157d:.textf)
                                          0007(00001bb2:.textf)
                                          0007(00001c54:.textf)
                                          0024(00002b6f:.textf)
                                          0026(00002c84:.textf)
0023 r_cg_wdt_user
     SECTION=.text
0024 r_main
     SECTION=.textf
                 _nostop_checkHandSensor
                                 0000281a
                 _readHS
                                 0000284b
                 _main
                                 00002860 0001(000001de:.text)
                 _R_MAIN_UserInit
                                 00002b75 0024(00002863:.textf)
     SECTION=.bss
                 _g_e_status
                                 000f4a04
                 _ret_number_setting
                                 000f4a06
                 _flow_p
                                 000f4a2c 0024(00002aa8:.textf)
                 _salt_h_p
                                 000f4a2d
                 _g_eeprom_wren
                                 000f4a2e
                 _receive_data
                                 000f4a2f
                 _receive_setting
                                 000f4a32
                 _set
                                 000f4a58
                 _rx_data
                                 000f4a5a
                 _data_f
                                 000f4a66
                 _data_f_test
                                 000f4a6a
                 _g_control_buffer
                                 000f4a6e 0007(00000b64:.textf)
                                          0007(00000b68:.textf)
                                          0007(00000b6c:.textf)
                                          0007(00000b70:.textf)
                                          0007(00000b7b:.textf)
                 _handsensor_status
                                 000f4a74
                 _g_handsensor_status
                                 000f4a75 0024(00002830:.textf)
                                          0024(00002837:.textf)
                                          0024(00002840:.textf)
                 _g_crc
                                 000f4a77 0024(00002b52:.textf)
                                          0024(00002b5e:.textf)
                 _g_crc_32
                                 000f4a80
                 _rx_count
                                 000f4aa0 0007(00001557:.textf)
                                          0024(00002a0f:.textf)
     SECTION=.dataR
                 _g_error
                                 000f4b3a
                 _g_adc_ch
                                 000f4b3c
                 _led_st
                                 000f4b3e 0024(00002b3b:.textf)
                                          0024(00002b43:.textf)
                 _send_data
                                 000f4b3f
                 _this_size
                                 000f4b41
                 _this_size_2
                                 000f4b42
                 _send_buf
                                 000f4b43
                 _data_crc
                                 000f4b4a
                 _dac_out
                                 000f4b52 0024(00002b61:.textf)
                                          0024(00002b68:.textf)
     SECTION=.const
     SECTION=.data
0025 r_systeminit
     SECTION=.textf
                 _R_Systeminit
                                 00002bd6 0025(00002c0c:.textf)
                 _hdwinit
                                 00002c08 0001(00000196:.text)
0026 usr_timer
     SECTION=.textf
                 _delay_ms
                                 00002c0d 0007(0000160f:.textf)
                                          0024(00002856:.textf)
                                          0024(00002935:.textf)
                                          0026(00002c81:.textf)
                 _delay
                                 00002c75
                 _ns_delay_ms
                                 00002c8d 0007(000009d6:.textf)
                                          0007(00000a25:.textf)
                                          0007(00000a74:.textf)
                                          0007(00000aba:.textf)
                                          0007(00000b09:.textf)
                                          0007(00000b58:.textf)
                                          0007(00000ecc:.textf)
                                          0007(00000f06:.textf)
                                          0007(00000f7a:.textf)
                                          0007(00000f9e:.textf)
                                          0007(00001029:.textf)
                                          0007(0000106c:.textf)
                                          0007(000010f4:.textf)
                                          0007(0000119f:.textf)
                                          0007(00001249:.textf)
                                          0007(0000133e:.textf)
                                          0007(000014da:.textf)
                                          0007(000017e9:.textf)
                                          0007(0000182f:.textf)
                                          0007(00001847:.textf)
                                          0007(0000186f:.textf)
                                          0007(000018a8:.textf)
                                          0007(000018c5:.textf)
                                          0007(000018ee:.textf)
                                          0007(00001960:.textf)
                                          0007(00001993:.textf)
                                          0007(000019ab:.textf)
                                          0007(00001a13:.textf)
                                          0007(00001a3c:.textf)
                                          0007(00001a5e:.textf)
                                          0007(00001ab7:.textf)
                                          0007(00001aea:.textf)
                                          0007(00001b6b:.textf)
                                          0007(00001bd2:.textf)
                                          0007(00001c1c:.textf)
                                          0007(00001d24:.textf)
                                          0024(00002828:.textf)
                                          0024(00002995:.textf)
                                          0024(00002a30:.textf)
                                          0024(00002a6e:.textf)
                                          0024(00002a9c:.textf)
                                          0024(00002ab3:.textf)
                                          0024(00002b33:.textf)
                 _non_block_delay
                                 00002cc2
                 _mTask
                                 00002cc4
0027 memcpy
     SECTION=.RLIB
                 _memcpy
                                 00003510 0007(00000db3:.textf)
                                          0007(00000e4c:.textf)
                                          0024(00002897:.textf)
                                          0024(000028a4:.textf)
                                          0024(000029c3:.textf)
                                          0024(00002a01:.textf)
                                          0024(00002a90:.textf)
0028 _COM_faddsub
     SECTION=.RLIB
                 __COM_fsub
                                 0000357d
                 __COM_fadd
                                 00003585 0007(00001c41:.textf)
                                          0007(00001cfb:.textf)
0029 _COM_fdiv
     SECTION=.RLIB
                 __COM_fdiv
                                 000036bb 0007(00001c82:.textf)
                                          0007(00001c9f:.textf)
                                          0007(00001d61:.textf)
                                          0007(00001d7d:.textf)
0030 _COM_fge
     SECTION=.RLIB
                 __COM_fge
                                 0000378a 0007(000011ba:.textf)
                                          0007(0000125f:.textf)
0031 _COM_fgt
     SECTION=.RLIB
                 __COM_fgt
                                 000037a0 0007(00000fdf:.textf)
                                          0007(0000130b:.textf)
                                          0007(00001473:.textf)
0032 _COM_fle
     SECTION=.RLIB
                 __COM_fle
                                 000037b6 0007(000013d2:.textf)
                                          0007(0000142b:.textf)
                                          0007(000015f7:.textf)
0033 _COM_flt
     SECTION=.RLIB
                 __COM_flt
                                 000037cc 0007(00000fc9:.textf)
                                          0007(000010c1:.textf)
                                          0007(0000116c:.textf)
                                          0007(00001216:.textf)
                                          0007(000013ff:.textf)
                                          0007(000014bb:.textf)
0034 _COM_fmul
     SECTION=.RLIB
                 __COM_fmul
                                 0000382d 0006(00000866:.textf)
                                          0006(00000874:.textf)
                                          0006(0000089f:.textf)
                                          0006(000008ad:.textf)
                                          0007(00001c66:.textf)
                                          0007(00001c74:.textf)
                                          0007(00001d45:.textf)
                                          0007(00001d53:.textf)
0035 _COM_ftoul
     SECTION=.RLIB
                 __COM_ftoul
                                 000038cf 0007(00001369:.textf)
                                          0007(00001438:.textf)
0036 _COM_funordered
     SECTION=.RLIB
                 __COM_funordered
                                 000038db 0007(000010ae:.textf)
                                          0007(00001159:.textf)
                                          0007(00001203:.textf)
                                          0007(000012f8:.textf)
                                          0007(000013ec:.textf)
                                          0007(00001460:.textf)
                                          0007(000014a8:.textf)
0037 _COM_ultof
     SECTION=.RLIB
                 __COM_ultof
                                 000038e6 0006(0000085a:.textf)
                                          0006(00000893:.textf)
                                          0007(00000cc1:.textf)
                                          0007(0000136d:.textf)
                                          0007(0000143c:.textf)
                                          0007(00001c94:.textf)
                                          0007(00001d72:.textf)
0038 _REL_fcmp
     SECTION=.RLIB
                 __REL_fcmp
                                 000038ec 0030(00003794:.RLIB)
                                          0031(000037aa:.RLIB)
                                          0032(000037c0:.RLIB)
                                          0033(000037d6:.RLIB)
0039 _REL_fordered_core
     SECTION=.RLIB
                 __REL_fordered_core
                                 00003924 0030(0000378d:.RLIB)
                                          0031(000037a3:.RLIB)
                                          0032(000037b9:.RLIB)
                                          0033(000037cf:.RLIB)
                                          0036(000038de:.RLIB)
0040 _REL_ftol
     SECTION=.RLIB
                 __REL_ftol
                                 00003940 0035(000038d5:.RLIB)
0041 _REL_f_inf
     SECTION=.RLIB
                 __REL_f_inf
                                 00003975 0028(00003614:.RLIB)
                                          0029(000036a5:.RLIB)
                                          0029(00003745:.RLIB)
                                          0034(000037ff:.RLIB)
                                          0034(000038a2:.RLIB)
0042 _REL_f_norm
     SECTION=.RLIB
                 __REL_f_norm
                                 0000397d 0029(00003686:.RLIB)
                                          0029(000036b1:.RLIB)
                                          0034(00003820:.RLIB)
0043 _REL_f_round
     SECTION=.RLIB
                 __REL_f_round
                                 0000398d 0028(00003621:.RLIB)
                                          0028(00003659:.RLIB)
                                          0029(00003787:.RLIB)
                                          0034(000038af:.RLIB)
0044 _REL_ltof
     SECTION=.RLIB
                 __REL_ltof
                                 000039a0 0037(000038e9:.RLIB)
0045 _COM_lshr
     SECTION=.RLIB
                 __COM_lshr
                                 000039f4 0040(0000396c:.RLIB)
0046 rlink_generates_01
     SECTION=.option_byte
0047 rlink_generates_02
     SECTION=.monitor1
     SECTION=.monitor2
0048 rlink_generates_03
     SECTION=.security_id
0049 rlink_generates_04
     SECTION=.vect
0050 rlink_generates_05
     SECTION=
                 __s.vect
                                 00000000
                 __s.constf
                                 00000080
                 __e.constf
                                 00000080
                 __s.sdata
                                 00000080
                 __e.sdata
                                 00000080
                 __e.vect
                                 00000080
                 __s.option_byte
                                 000000c0
                 __s.SLIB
                                 000000c4
                 __e.SLIB
                                 000000c4
                 __e.option_byte
                                 000000c4
                 __s.security_id
                                 000000c4
                 __s.monitor1
                                 000000ce
                 __e.security_id
                                 000000ce
                 __s.data
                                 000000d8
                 __e.monitor1
                                 000000d8
                 __s.text
                                 0000018a
                 __e.data
                                 0000018a
                 __e.text
                                 000004a4
                 __s.textf
                                 000004a4
                 __e.textf
                                 00002d08
                 __s.const
                                 00003000
                 __e.const
                                 00003510
                 __s.RLIB
                                 00003510
                 __e.RLIB
                                 00003a0b
                 __s.monitor2
                                 0007fe00
                 __e.monitor2
                                 00080000
                 __RAM_ADDR_START
                                 000f3f00
                 __s.bss
                                 000f4700
                 __e.bss
                                 000f4aa1
                 __s.dataR
                                 000f4aa2
                 __e.dataR
                                 000f4b54
                 __STACK_ADDR_END
                                 000f4b54 0001(0000018f:.text)
                 __s.sbss
                                 000ffe20
                 __e.sbss
                                 000ffe20
                 __s.sdataR
                                 000ffe20
                 __e.sdataR
                                 000ffe20
                 __STACK_ADDR_START
                                 000ffe20 0001(0000018c:.text)
                 __RAM_ADDR_END
                                 000ffee0
