Renesas Optimizing Linker (W3.03.00 )             30-Dec-2021 14:35:55

*** Options ***

-subcommand=LinkerControlPCB_HWM.tmp
-MAKEUD=D:\Chieniwa\E2_Studio\ControlPCB_HWM\HardwareDebug/ControlPCB_HWM_l.ud
-device="D:/Chieniwa/E2_Studio/.eclipse/com.renesas.platform_1435879475/DebugComp/RL78/RL78/Common/DR5F104ML.DVF"
-list="ControlPCB_HWM.map"
-show=all
-nooptimize
-entry=_start
-auto_section_layout
-security_id=00000000000000000000
-debug_monitor=7FE00-7FFFF
-user_opt_byte=FFFFF8
-ocdbg=84
-ocdtr
-input=".\generate\cstart.obj"
-input=".\generate\stkinit.obj"
-input=".\src\EEPROM.obj"
-input=".\src\crc32.obj"
-input=".\src\crc8.obj"
-input=".\src\interrupt_handle.obj"
-input=".\src\main.obj"
-input=".\src\r_cg_adc.obj"
-input=".\src\r_cg_adc_user.obj"
-input=".\src\r_cg_cgc.obj"
-input=".\src\r_cg_cgc_user.obj"
-input=".\src\r_cg_dac.obj"
-input=".\src\r_cg_dac_user.obj"
-input=".\src\r_cg_port.obj"
-input=".\src\r_cg_port_user.obj"
-input=".\src\r_cg_rtc.obj"
-input=".\src\r_cg_rtc_user.obj"
-input=".\src\r_cg_serial.obj"
-input=".\src\r_cg_serial_user.obj"
-input=".\src\r_cg_timer.obj"
-input=".\src\r_cg_timer_user.obj"
-input=".\src\r_cg_wdt.obj"
-input=".\src\r_cg_wdt_user.obj"
-input=".\src\r_main.obj"
-input=".\src\r_systeminit.obj"
-input=".\src\usr_timer.obj"
-library="C:\Program Files (x86)\Renesas Electronics\CS+\CC\CC-RL\V1.10.00\lib\rl78em4s99.lib"
-library="C:\Program Files (x86)\Renesas Electronics\CS+\CC\CC-RL\V1.10.00\lib\rl78em4r.lib"
-library="C:\Program Files (x86)\Renesas Electronics\CS+\CC\CC-RL\V1.10.00\lib\malloc_n.lib"
-output="ControlPCB_HWM.abs"
-debug
-nocompress
-rom=.data=.dataR,.sdata=.sdataR
-nomessage
-nologo

*** Error information ***

*** Mapping List ***

SECTION                            START      END         SIZE   ALIGN
.vect
                                  00000000  0000007f        80   0
.constf
                                  00000080  00000080         0   2
.sdata
                                  00000080  00000080         0   2
.option_byte
                                  000000c0  000000c3         4   1
.security_id
                                  000000c4  000000cd         a   1
.SLIB
                                  000000c4  000000c4         0   1
.monitor1
                                  000000ce  000000d7         a   1
.data
                                  000000d8  00000187        b0   2
.text
                                  00000188  000004a1       31a   1
.textf
                                  000004a2  00002fe9      2b48   1
.const
                                  00003000  0000350f       510   2
.RLIB
                                  00003510  000039a8       499   1
.monitor2
                                  0007fe00  0007ffff       200   1
.bss
                                  000f4700  000f4aa8       3a9   2
.dataR
                                  000f4aaa  000f4b59        b0   2
.sbss
                                  000ffe20  000ffe20         0   2
.sdataR
                                  000ffe20  000ffe20         0   2

*** Total Section Size ***

RAMDATA SECTION:  00000459 Byte(s)
ROMDATA SECTION:  00000858 Byte(s)
PROGRAM SECTION:  000032fb Byte(s)

*** Symbol List ***

SECTION=
FILE=                               START        END    SIZE
  SYMBOL                            ADDR        SIZE    INFO      COUNTS  OPT
    STRUCT                                      SIZE
      MEMBER                        ADDR        SIZE    INFO

SECTION=.vect
FILE=rlink_generates_04
                                  00000000  0000007f        80

SECTION=.option_byte
FILE=rlink_generates_01
                                  000000c0  000000c3         4

SECTION=.security_id
FILE=rlink_generates_03
                                  000000c4  000000cd         a

SECTION=.monitor1
FILE=rlink_generates_02
                                  000000ce  000000d7         a

SECTION=.data
FILE=.\src\main.obj
                                  000000d8  0000016c        95
FILE=.\src\r_main.obj
                                  0000016e  00000187        1a

SECTION=.text
FILE=.\generate\cstart.obj
                                  00000188  000001e1        5a
  _start
                                  00000188         0   entry,g         0
  _exit
                                  000001e0         0   none ,g         1
FILE=.\src\r_cg_adc_user.obj
                                  000001e2  000001fb        1a
  _r_adc_interrupt@1
                                  000001e2        1a   func ,l         0
FILE=.\src\r_cg_serial_user.obj
                                  000001fc  00000479       27e
  _r_uart1_interrupt_receive@1
                                  000001fc        5f   func ,l         0
  _r_uart1_interrupt_send@1
                                  0000025b        31   func ,l         0
  _r_csi00_interrupt@1
                                  0000028c        49   func ,l         0
  _r_csi01_interrupt@1
                                  000002d5        85   func ,l         0
  _r_uart2_interrupt_receive@1
                                  0000035a        5f   func ,l         0
  _r_uart2_interrupt_send@1
                                  000003b9        31   func ,l         0
  _r_uart3_interrupt_receive@1
                                  000003ea        5f   func ,l         0
  _r_uart3_interrupt_send@1
                                  00000449        31   func ,l         0
FILE=.\src\r_cg_timer_user.obj
                                  0000047a  0000049f        26
  _r_tau0_channel0_interrupt@1
                                  0000047a        1c   func ,l         0
  _r_tau0_channel1_interrupt@1
                                  00000496         5   func ,l         0
  _r_tau0_channel2_interrupt@1
                                  0000049b         5   func ,l         0
FILE=.\src\r_cg_wdt_user.obj
                                  000004a0  000004a1         2
  _r_wdt_interrupt@1
                                  000004a0         2   func ,l         0

SECTION=.textf
FILE=.\generate\stkinit.obj
                                  000004a2  000004e5        44
  _stkinit
                                  000004a2         0   none ,g         1
  LSTINIT1
                                  000004b0         0   none ,l         1
  LSTINIT2
                                  000004da         0   none ,l         2
  LSTINIT3
                                  000004e5         0   none ,l         2
FILE=.\src\EEPROM.obj
                                  000004e6  00000744       25f
  _EEPROM_Init
                                  000004e6        2b   func ,g         1
  _rEE_Status
                                  00000511        1b   func ,g         6
  _sEE_WriteEnable
                                  0000052c        12   func ,g         3
  _sEE_WriteDisable
                                  0000053e        12   func ,g         0
  _EE_SPI_Write
                                  00000550        df   func ,g         2
  _EE_SPI_Read
                                  0000062f        b7   func ,g         2
  _sEE_Block
                                  000006e6        11   func ,g         0
  _sEE_SendInstruction
                                  000006f7         3   func ,g         0
  _sEE_SendReceiveInstruction
                                  000006fa         4   func ,g         0
  _EE_TransmitData
                                  000006fe        2c   func ,g         a
  _sEE_WriteStatusRegister
                                  0000072a        1b   func ,g         2
FILE=.\src\crc32.obj
                                  00000745  000007e3        9f
  _xcrc32
                                  00000745        4e   func ,g         0
  _CRC32
                                  00000793        51   func ,g         0
FILE=.\src\crc8.obj
                                  000007e4  00000843        60
  _crc8_4
                                  000007e4        43   func ,g         1
  _crc8_1
                                  00000827        1d   func ,g         6
FILE=.\src\interrupt_handle.obj
                                  00000844  000008bf        7c
  _adc_int_handle
                                  00000844        7c   func ,g         1
FILE=.\src\main.obj
                                  000008c0  00002176      18b7
  _handSensorLED
                                  000008c0        30   func ,g         f
  _handSensorLEDBlink
                                  000008f0        1e   func ,g         2
  _setting_default
                                  0000090e        a8   func ,g         0
  _isAcidTankFull
                                  000009b6        49   func ,g         4
  _isAcidTankAlmostFull
                                  000009ff        49   func ,g         0
  _isAcidTankHasSomething
                                  00000a48        48   func ,g         1
  _isAcidTankEmpty
                                  00000a90        48   func ,g         3
  _isAlkalineTankFull
                                  00000ad8        49   func ,g         4
  _isAlkalineTankAlmostFull
                                  00000b21        49   func ,g         0
  _isAlkalineTankHasSomething
                                  00000b6a        48   func ,g         1
  _isAlkalineTankEmpty
                                  00000bb2        48   func ,g         3
  _sendToRasPi_f
                                  00000bfa        28   func ,g        1a
  _sendToRasPi_u32
                                  00000c22        28   func ,g         2
  _sendRS485
                                  00000c4a        3f   func ,g         3
  _sendR485_7byte
                                  00000c89        57   func ,g         2
  _isThisCommand
                                  00000ce0        3e   func ,g         2
  _RaspberryResponse_nostop
                                  00000d1e       1e4   func ,g         2
  _InitialOperationModeStart_nostop
                                  00000f02        30   func ,g         2
  _WaterSupplyOperation_nostop
                                  00000f32       123   func ,g         1
  _stop_waitAlarmConfirm
                                  00001055        3c   func ,g         5
  _nostop_waitAlarmConfirm
                                  00001091         c   func ,g         0
  _resetAlarm
                                  0000109d         4   func ,g         0
  _Voltage1Check_waitReset
                                  000010a1        a3   func ,g         1
  _Voltage2Check_nostop
                                  00001144        aa   func ,g         1
  _Voltage3Check_waitReset
                                  000011ee        c8   func ,g         1
  _LowVoltageCheck_waitReset
                                  000012b6        e4   func ,g         1
  _OverCurrentCheck_waitReset
                                  0000139a       1aa   func ,g         1
  _ElectrolyticOperation_nostop
                                  00001544        d9   func ,g         2
  _solenoidCheck
                                  0000161d        76   func ,g         0
  _saltWaterTankFullCheck
                                  00001693        27   func ,g         0
  _saltWaterTankEmptyCheck
                                  000016ba        10   func ,g         0
  _acidWaterTankSkipCheck
                                  000016ca        3b   func ,g         0
  _alkalineWaterTankSkipCheck
                                  00001705        3f   func ,g         0
  _FilterReplacementCheck
                                  00001744         2   func ,g         0
  _WaterWashingMode_nostop
                                  00001746        6b   func ,g         1
  _HandWashingMode_nostop
                                  000017b1       19f   func ,g         1
  _AcidWaterMode_nostop
                                  00001950        a8   func ,g         1
  _AlkalineWaterMode_nostop
                                  000019f8        aa   func ,g         1
  _main_init_20211111
                                  00001aa2        7f   func ,g         1
  _userAuthHandler_nostop
                                  00001b21        22   func ,g         1
  _ElectrolyzeWaterGeneration_nostop
                                  00001b43        80   func ,g         1
  _isSV1andSV2Off8h
                                  00001bc3        4e   func ,g         1
  _CallanCleaningMode_nostop
                                  00001c11        69   func ,g         1
  _DrainageMode_nostop
                                  00001c7a        ee   func ,g         1
  _NormalMode_nostop
                                  00001d68        53   func ,g         1
  _TestMode_nostop
                                  00001dbb         1   func ,g         0
  _main_loop_20211111
                                  00001dbc         e   func ,g         1
  _electrolyticOperationON
                                  00001dca        2a   func ,g         2
  _isElectrolyticOperationOFF_nostop
                                  00001df4        80   func ,g         1
  _realTimeResponse
                                  00001e74        2b   func ,g         4
  _measureFlowSensor
                                  00001e9f        ce   func ,g         1
  _measureFlowSensor_nostop
                                  00001f6d        e4   func ,g         2
  _UpdateMachineStatus
                                  00002051       126   func ,g         5
FILE=.\src\r_cg_adc.obj
                                  00002177  000021d8        62
  _R_ADC_Create
                                  00002177        33   func ,g         2
  _R_ADC_Start
                                  000021aa         a   func ,g         2
  _R_ADC_Stop
                                  000021b4         a   func ,g         0
  _R_ADC_Set_OperationOn
                                  000021be         4   func ,g         1
  _R_ADC_Set_OperationOff
                                  000021c2         4   func ,g         0
  _R_ADC_Get_Result
                                  000021c6         7   func ,g         2
  _R_ADC_Set_ADChannel
                                  000021cd         c   func ,g         0
FILE=.\src\r_cg_cgc.obj
                                  000021d9  000021ee        16
  _R_CGC_Create
                                  000021d9        16   func ,g         1
FILE=.\src\r_cg_cgc_user.obj
                                  000021ef  000021f1         3
  _R_CGC_Get_ResetSource
                                  000021ef         3   func ,g         1
FILE=.\src\r_cg_dac.obj
                                  000021f2  00002224        33
  _R_DAC_Create
                                  000021f2        1d   func ,g         2
  _R_DAC0_Start
                                  0000220f         4   func ,g         1
  _R_DAC0_Stop
                                  00002213         4   func ,g         0
  _R_DAC0_Set_ConversionValue
                                  00002217         3   func ,g         2
  _R_DAC1_Start
                                  0000221a         4   func ,g         1
  _R_DAC1_Stop
                                  0000221e         4   func ,g         0
  _R_DAC1_Set_ConversionValue
                                  00002222         3   func ,g         2
FILE=.\src\r_cg_port.obj
                                  00002225  0000226c        48
  _R_PORT_Create
                                  00002225        48   func ,g         1
FILE=.\src\r_cg_port_user.obj
                                  0000226d  0000226d         1
  _R_PORT_Create_UserInit
                                  0000226d         1   func ,g         1
FILE=.\src\r_cg_rtc.obj
                                  0000226e  000023ab       13e
  _R_RTC_Create
                                  0000226e        27   func ,g         2
  _R_RTC_Start
                                  00002295         4   func ,g         0
  _R_RTC_Stop
                                  00002299         4   func ,g         0
  _R_RTC_Get_CounterValue
                                  0000229d        51   func ,g         0
  _R_RTC_Set_CounterValue
                                  000022ee        be   func ,g         0
FILE=.\src\r_cg_serial.obj
                                  000023ac  0000289e       4f3
  _R_CSI01_Receive
                                  000023ac        1a   func ,g         0
  _R_CSI01_Send
                                  000023c6        26   func ,g         0
  _R_SAU0_Create
                                  000023ec        17   func ,g         2
  _R_UART1_Create
                                  00002403        7e   func ,g         2
  _R_UART1_Start
                                  00002481        26   func ,g         1
  _R_UART1_Stop
                                  000024a7        1e   func ,g         0
  _R_UART1_Receive
                                  000024c5        18   func ,g         0
  _R_UART1_Send
                                  000024dd        29   func ,g         0
  _R_CSI00_Create
                                  00002506        53   func ,g         2
  _R_CSI00_Start
                                  00002559        26   func ,g         1
  _R_CSI00_Stop
                                  0000257f        18   func ,g         0
  _R_CSI00_Send
                                  00002597        28   func ,g         0
  _R_CSI01_Create
                                  000025bf        5a   func ,g         3
  _R_CSI01_Start
                                  00002619        26   func ,g         1
  _R_CSI01_Stop
                                  0000263f        18   func ,g         1
  _R_CSI01_Send_Receive
                                  00002657        36   func ,g         1
  _R_SAU1_Create
                                  0000268d        14   func ,g         2
  _R_UART2_Create
                                  000026a1        7e   func ,g         2
  _R_UART2_Start
                                  0000271f        26   func ,g         2
  _R_UART2_Stop
                                  00002745        1e   func ,g         1
  _R_UART2_Receive
                                  00002763        18   func ,g         5
  _R_UART2_Send
                                  0000277b        29   func ,g         6
  _R_UART3_Create
                                  000027a4        76   func ,g         2
  _R_UART3_Start
                                  0000281a        26   func ,g         2
  _R_UART3_Stop
                                  00002840        1e   func ,g         1
  _R_UART3_Receive
                                  0000285e        18   func ,g         3
  _R_UART3_Send
                                  00002876        29   func ,g         2
FILE=.\src\r_cg_serial_user.obj
                                  0000289f  00002a42       1a4
  _isCommandNeedResponse
                                  0000289f        24   func ,g         1
  _r_uart1_callback_receiveend@1
                                  000028c3         1   func ,l         1
  _r_uart1_callback_softwareoverrun@1
                                  000028c4         1   func ,l         1
  _r_uart1_callback_sendend@1
                                  000028c5         1   func ,l         1
  _r_uart1_callback_error@1
                                  000028c6         1   func ,l         1
  _r_csi00_callback_sendend@1
                                  000028c7         1   func ,l         1
  _r_csi01_callback_receiveend@1
                                  000028c8         7   func ,l         1
  _r_csi01_callback_error@1
                                  000028cf         1   func ,l         1
  _r_csi01_callback_sendend@1
                                  000028d0         4   func ,l         1
  _r_uart2_callback_receiveend@1
                                  000028d4       117   func ,l         1
  _r_uart2_callback_softwareoverrun@1
                                  000029eb         1   func ,l         1
  _r_uart2_callback_sendend@1
                                  000029ec         4   func ,l         1
  _r_uart2_callback_error@1
                                  000029f0         1   func ,l         1
  _r_uart3_callback_receiveend@1
                                  000029f1        49   func ,l         1
  _r_uart3_callback_softwareoverrun@1
                                  00002a3a         1   func ,l         1
  _r_uart3_callback_sendend@1
                                  00002a3b         7   func ,l         1
  _r_uart3_callback_error@1
                                  00002a42         1   func ,l         1
FILE=.\src\r_cg_timer.obj
                                  00002a43  00002b4f       10d
  _R_TAU0_Create
                                  00002a43        ad   func ,g         2
  _R_TAU0_Channel0_Start
                                  00002af0        10   func ,g         1
  _R_TAU0_Channel0_Stop
                                  00002b00        10   func ,g         0
  _R_TAU0_Channel1_Start
                                  00002b10        10   func ,g         0
  _R_TAU0_Channel1_Stop
                                  00002b20        10   func ,g         0
  _R_TAU0_Channel2_Start
                                  00002b30        10   func ,g         0
  _R_TAU0_Channel2_Stop
                                  00002b40        10   func ,g         0
FILE=.\src\r_cg_wdt.obj
                                  00002b50  00002b64        15
  _R_WDT_Create
                                  00002b50        11   func ,g         1
  _R_WDT_Restart
                                  00002b61         4   func ,g         a
FILE=.\src\r_main.obj
                                  00002b65  00002e80       31c
  _nostop_checkHandSensor
                                  00002b65        31   func ,g         0
  _readHS
                                  00002b96        15   func ,g         0
  _main
                                  00002bab       275   func ,g         1
  _R_MAIN_UserInit
                                  00002e20        61   func ,g         1
FILE=.\src\r_systeminit.obj
                                  00002e81  00002eb7        37
  _R_Systeminit
                                  00002e81        32   func ,g         1
  _hdwinit
                                  00002eb3         5   func ,g         1
FILE=.\src\usr_timer.obj
                                  00002eb8  00002fe9       132
  _delay_ms
                                  00002eb8        68   func ,g         4
  _delay
                                  00002f20        18   func ,g         0
  _ns_delay_ms
                                  00002f38        6c   func ,g        31
  _non_block_delay
                                  00002fa4         2   func ,g         0
  _mTask
                                  00002fa6        44   func ,g         0

SECTION=.const
FILE=.\src\EEPROM.obj
                                  00003000  00003001         2
FILE=.\src\crc32.obj
                                  00003002  00003401       400
  _crc32_table
                                  00003002       400   data ,g         2
FILE=.\src\crc8.obj
                                  00003402  00003501       100
  _crc_table@1
                                  00003402       100   data ,l         2
FILE=.\src\main.obj
                                  00003502  00003505         4
  _time_setting_p
                                  00003502         2   data ,g         0
  _number_setting_p
                                  00003504         2   data ,g         0
FILE=.\src\r_main.obj
                                  00003506  0000350f         a

SECTION=.RLIB
FILE=memcpy
                                  00003510  00003520        11
  _memcpy
                                  00003510         0   none ,g         6
FILE=_COM_faddsub
                                  00003521  0000365b       13b
  __COM_fsub
                                  0000357d         0   none ,g         0
  __COM_fadd
                                  00003585         0   none ,g         2
FILE=_COM_fdiv
                                  0000365c  00003789       12e
  __COM_fdiv
                                  000036bb         0   none ,g         4
FILE=_COM_fge
                                  0000378a  0000379f        16
  __COM_fge
                                  0000378a         0   none ,g         3
FILE=_COM_fgt
                                  000037a0  000037b5        16
  __COM_fgt
                                  000037a0         0   none ,g         5
FILE=_COM_fle
                                  000037b6  000037cb        16
  __COM_fle
                                  000037b6         0   none ,g         2
FILE=_COM_flt
                                  000037cc  000037e1        16
  __COM_flt
                                  000037cc         0   none ,g         7
FILE=_COM_fmul
                                  000037e2  000038ce        ed
  __COM_fmul
                                  0000382d         0   none ,g         8
FILE=_COM_funordered
                                  000038cf  000038d9         b
  __COM_funordered
                                  000038cf         0   none ,g         9
FILE=_COM_ultof
                                  000038da  000038df         6
  __COM_ultof
                                  000038da         0   none ,g         4
FILE=_REL_fcmp
                                  000038e0  00003917        38
  __REL_fcmp
                                  000038e0         0   none ,g         4
FILE=_REL_fordered_core
                                  00003918  00003933        1c
  __REL_fordered_core
                                  00003918         0   none ,g         5
FILE=_REL_f_inf
                                  00003934  0000393b         8
  __REL_f_inf
                                  00003934         0   none ,g         5
FILE=_REL_f_norm
                                  0000393c  0000394b        10
  __REL_f_norm
                                  0000393c         0   none ,g         3
FILE=_REL_f_round
                                  0000394c  0000395e        13
  __REL_f_round
                                  0000394c         0   none ,g         4
FILE=_REL_ltof
                                  0000395f  000039a8        4a
  __REL_ltof
                                  0000395f         0   none ,g         1

SECTION=.monitor2
FILE=rlink_generates_02
                                  0007fe00  0007ffff       200

SECTION=.bss
FILE=.\src\EEPROM.obj
                                  000f4700  000f4726        27
  _eeprom_status
                                  000f4700         1   data ,g         c
    union  EEPROM_status_u {
                                                   1
      _eeprom_status.refined
                                  000f4700         1
    struct  {
                                                   1
      _eeprom_status.refined.RB
                                  000f4700         1   unsigned char:1(7)
      _eeprom_status.refined.WEN
                                  000f4700         1   unsigned char:1(6)
      _eeprom_status.refined.BP
                                  000f4700         1   unsigned char:2(4)
      _eeprom_status.refined.RSVD
                                  000f4700         1   unsigned char:3(1)
      _eeprom_status.refined.WPEN
                                  000f4700         1   unsigned char:1(0)
    }
      _eeprom_status.raw
                                  000f4700         1   unsigned char
    }
  _spi_flag
                                  000f4702         2   data ,g         3
  _buf
                                  000f4704        23   data ,g        12
FILE=.\src\interrupt_handle.obj
                                  000f4728  000f472b         4
  _g_adc_value
                                  000f4728         4   data ,g         4
FILE=.\src\main.obj
                                  000f472c  000f48fb       1d0
  _g_TimeKeeper@1
                                  000f472c         6   data ,l         d
    struct Tick_Keeper_s {
                                                   6
      _g_TimeKeeper@1.electrolyteOff_h
                                  000f472c         1   unsigned char
      _g_TimeKeeper@1.neutralization
                                  000f472e         4   unsigned long
    }
  _g_numberSetting
                                  000f4732        26   data ,g        35
    struct Number_Setting_s {
                                                  26
      _g_numberSetting.upperVoltage1
                                  000f4732         4   float
      _g_numberSetting.upperVoltage2
                                  000f4736         4   float
      _g_numberSetting.upperVoltage3
                                  000f473a         4   float
      _g_numberSetting.lowerVoltage
                                  000f473e         4   float
      _g_numberSetting.upperCurrent
                                  000f4742         4   float
      _g_numberSetting.lowerCurrent
                                  000f4746         4   float
      _g_numberSetting.upperFlow
                                  000f474a         4   float
      _g_numberSetting.lowerFlow
                                  000f474e         4   float
      _g_numberSetting.cvccCurrent
                                  000f4752         4   float
      _g_numberSetting.crc
                                  000f4756         1   char
    }
  _g_color
                                  000f4758         1   data ,g         b
  _g_pre_color
                                  000f4759         1   data ,g         3
  _g_flow_value
                                  000f475a         4   data ,g         2
  _g_alarm
                                  000f475e         2   data ,g         f
    union  Alarm_Flag_u {
                                                   2
      _g_alarm.refined
                                  000f475e         2
    struct  {
                                                   2
      _g_alarm.refined.overVoltage1
                                  000f475e         1   unsigned char:1(7)
      _g_alarm.refined.overVoltage2
                                  000f475e         1   unsigned char:1(6)
      _g_alarm.refined.overVoltage3
                                  000f475e         1   unsigned char:1(5)
      _g_alarm.refined.overCurrent
                                  000f475e         1   unsigned char:1(4)
      _g_alarm.refined.overFlow
                                  000f475e         1   unsigned char:1(3)
      _g_alarm.refined.underVoltage
                                  000f475e         1   unsigned char:1(2)
      _g_alarm.refined.underCurrent
                                  000f475e         1   unsigned char:1(1)
      _g_alarm.refined.cvcc
                                  000f475e         1   unsigned char:1(0)
      _g_alarm.refined.underFlow
                                  000f475f         1   unsigned char:1(7)
    }
    }
  _g_machine_state
                                  000f4760         d   data ,g        69
    struct Machine_State_u {
                                                   d
      _g_machine_state.akaline
                                  000f4760         1   unsigned char
      _g_machine_state.acid
                                  000f4761         1   unsigned char
      _g_machine_state.water
                                  000f4762         1   unsigned char
      _g_machine_state.handwash
                                  000f4763         1   unsigned char
      _g_machine_state.waterSupply
                                  000f4764         1   unsigned char
      _g_machine_state.flowSensor
                                  000f4765         1   unsigned char
      _g_machine_state.callan
                                  000f4766         1   unsigned char
      _g_machine_state.electrolyteOperation
                                  000f4767         1   unsigned char
      _g_machine_state.electrolyteOFF
                                  000f4768         1   unsigned char
      _g_machine_state.drainage
                                  000f4769         1   unsigned char
      _g_machine_state.isMidNight
                                  000f476a         1   unsigned char
      _g_machine_state.user
                                  000f476b         1   unsigned char
      _g_machine_state.mode
                                  000f476c         1   unsigned char
    }
  _g_io_status
                                  000f476e        12   data ,g        2f
    union  IO_Status_u {
                                                  12
      _g_io_status.refined
                                  000f476e        12
    struct  {
                                                  12
      _g_io_status.refined.AlkalineEmptyLevel
                                  000f476e         1   unsigned char:1(7)
      _g_io_status.refined.AlkalineLowLevel
                                  000f476e         1   unsigned char:1(6)
      _g_io_status.refined.AlkalineHighLevel
                                  000f476e         1   unsigned char:1(5)
      _g_io_status.refined.AcidEmptyLevel
                                  000f476e         1   unsigned char:1(4)
      _g_io_status.refined.AcidLowLevel
                                  000f476e         1   unsigned char:1(3)
      _g_io_status.refined.AcidHighLevel
                                  000f476e         1   unsigned char:1(2)
      _g_io_status.refined.SaltLowLevel
                                  000f476e         1   unsigned char:1(1)
      _g_io_status.refined.SaltHighLevel
                                  000f476e         1   unsigned char:1(0)
      _g_io_status.refined.Valve
                                  000f476f         2
    struct  {
                                                   2
      _g_io_status.refined.Valve.SV1
                                  000f476f         1   unsigned char:1(7)
      _g_io_status.refined.Valve.SV2
                                  000f476f         1   unsigned char:1(6)
      _g_io_status.refined.Valve.SV3
                                  000f476f         1   unsigned char:1(5)
      _g_io_status.refined.Valve.SV4
                                  000f476f         1   unsigned char:1(4)
      _g_io_status.refined.Valve.SV5
                                  000f476f         1   unsigned char:1(3)
      _g_io_status.refined.Valve.SV6
                                  000f476f         1   unsigned char:1(2)
      _g_io_status.refined.Valve.SV7
                                  000f476f         1   unsigned char:1(1)
      _g_io_status.refined.Valve.SV8
                                  000f476f         1   unsigned char:1(0)
      _g_io_status.refined.Valve.SV9
                                  000f4770         1   unsigned char:1(7)
      _g_io_status.refined.Valve.RSVD
                                  000f4770         1   unsigned char:7(0)
    }
      _g_io_status.refined.Pump1
                                  000f4771         1   unsigned char:1(7)
      _g_io_status.refined.Pump2
                                  000f4771         1   unsigned char:1(6)
      _g_io_status.refined.SaltPump
                                  000f4771         1   unsigned char:1(5)
      _g_io_status.refined.RSVD1
                                  000f4771         1   unsigned char:4(1)
      _g_io_status.refined.MachineMode_RSVD
                                  000f4772         1   unsigned char
      _g_io_status.refined.FlowValue
                                  000f4774         4   float
      _g_io_status.refined.CVCCVoltage
                                  000f4778         4   float
      _g_io_status.refined.CVCCCurrent
                                  000f477c         4   float
    }
    }
  _g_mean_io_status
                                  000f4780        12   data ,g        17
    union  IO_Status_u {
                                                  12
      _g_mean_io_status.refined
                                  000f4780        12
    struct  {
                                                  12
      _g_mean_io_status.refined.AlkalineEmptyLevel
                                  000f4780         1   unsigned char:1(7)
      _g_mean_io_status.refined.AlkalineLowLevel
                                  000f4780         1   unsigned char:1(6)
      _g_mean_io_status.refined.AlkalineHighLevel
                                  000f4780         1   unsigned char:1(5)
      _g_mean_io_status.refined.AcidEmptyLevel
                                  000f4780         1   unsigned char:1(4)
      _g_mean_io_status.refined.AcidLowLevel
                                  000f4780         1   unsigned char:1(3)
      _g_mean_io_status.refined.AcidHighLevel
                                  000f4780         1   unsigned char:1(2)
      _g_mean_io_status.refined.SaltLowLevel
                                  000f4780         1   unsigned char:1(1)
      _g_mean_io_status.refined.SaltHighLevel
                                  000f4780         1   unsigned char:1(0)
      _g_mean_io_status.refined.Valve
                                  000f4781         2
    struct  {
                                                   2
      _g_mean_io_status.refined.Valve.SV1
                                  000f4781         1   unsigned char:1(7)
      _g_mean_io_status.refined.Valve.SV2
                                  000f4781         1   unsigned char:1(6)
      _g_mean_io_status.refined.Valve.SV3
                                  000f4781         1   unsigned char:1(5)
      _g_mean_io_status.refined.Valve.SV4
                                  000f4781         1   unsigned char:1(4)
      _g_mean_io_status.refined.Valve.SV5
                                  000f4781         1   unsigned char:1(3)
      _g_mean_io_status.refined.Valve.SV6
                                  000f4781         1   unsigned char:1(2)
      _g_mean_io_status.refined.Valve.SV7
                                  000f4781         1   unsigned char:1(1)
      _g_mean_io_status.refined.Valve.SV8
                                  000f4781         1   unsigned char:1(0)
      _g_mean_io_status.refined.Valve.SV9
                                  000f4782         1   unsigned char:1(7)
      _g_mean_io_status.refined.Valve.RSVD
                                  000f4782         1   unsigned char:7(0)
    }
      _g_mean_io_status.refined.Pump1
                                  000f4783         1   unsigned char:1(7)
      _g_mean_io_status.refined.Pump2
                                  000f4783         1   unsigned char:1(6)
      _g_mean_io_status.refined.SaltPump
                                  000f4783         1   unsigned char:1(5)
      _g_mean_io_status.refined.RSVD1
                                  000f4783         1   unsigned char:4(1)
      _g_mean_io_status.refined.MachineMode_RSVD
                                  000f4784         1   unsigned char
      _g_mean_io_status.refined.FlowValue
                                  000f4786         4   float
      _g_mean_io_status.refined.CVCCVoltage
                                  000f478a         4   float
      _g_mean_io_status.refined.CVCCCurrent
                                  000f478e         4   float
    }
    }
  __settingTime
                                  000f4792        8e   data ,g         8
    struct Timer_Setting_s {
                                                  8e
      __settingTime.t1_initialWaterDrainageOperation_s
                                  000f4792         4   unsigned long
      __settingTime.t2_flowSensorStartTime_s
                                  000f4796         4   unsigned long
      __settingTime.t3_flowSensorMonitorTime_s
                                  000f479a         4   unsigned long
      __settingTime.t4_electrolysisOperationStart_s
                                  000f479e         4   unsigned long
      __settingTime.t5_electrolysisStopDelay_s
                                  000f47a2         4   unsigned long
      __settingTime.t6_drainageOffTime_h
                                  000f47a6         4   unsigned long
      __settingTime.t7_powerOnPreparation_s
                                  000f47aa         4   unsigned long
      __settingTime.t8_flowRateAdjustmentRelease_s
                                  000f47ae         4   unsigned long
      __settingTime.t9_currentAdjustmentRelease_s
                                  000f47b2         4   unsigned long
      __settingTime.t10_electrolysisCurrentAlarmSpecified_s
                                  000f47b6         4   unsigned long
      __settingTime.t11_overVoltage1Time_s
                                  000f47ba         4   unsigned long
      __settingTime.t12_overVoltage2Time_s
                                  000f47be         4   unsigned long
      __settingTime.t13_overVoltage3Time_s
                                  000f47c2         4   unsigned long
      __settingTime.t14_lowVoltageStartTime_s
                                  000f47c6         4   unsigned long
      __settingTime.t15_lowVoltageDelayTime_s
                                  000f47ca         4   unsigned long
      __settingTime.t16_currentMonitoringStart_s
                                  000f47ce         4   unsigned long
      __settingTime.t17_solenoidLeakageStartTime_s
                                  000f47d2         4   unsigned long
      __settingTime.t18_fullWaterMonitoringStart_h
                                  000f47d6         4   unsigned long
      __settingTime.t19_waterFilterAlarm_h
                                  000f47da         4   unsigned long
      __settingTime.t20_waterFilterAlarmIgnore_h
                                  000f47de         4   unsigned long
      __settingTime.t26_onDelayEmptyLevel_s
                                  000f47e2         4   unsigned long
      __settingTime.t27_onDelayLowLevel_s
                                  000f47e6         4   unsigned long
      __settingTime.t28_onDelayHighLevel_s
                                  000f47ea         4   unsigned long
      __settingTime.t30_offDelayEmptyLevel_s
                                  000f47ee         4   unsigned long
      __settingTime.t31_saltLowLevelDelay_s
                                  000f47f2         4   unsigned long
      __settingTime.t32_saltHighLevelDelay_s
                                  000f47f6         4   unsigned long
      __settingTime.t51_alkalineWaterSpoutingTime_s
                                  000f47fa         4   unsigned long
      __settingTime.t52_acidWaterSpoutingTime_s
                                  000f47fe         4   unsigned long
      __settingTime.t53_washingWaterSpoutingTime_s
                                  000f4802         4   unsigned long
      __settingTime.t54_overLapTime_ms
                                  000f4806         4   unsigned long
      __settingTime.t55_waterDischargeDelay_s
                                  000f480a         4   unsigned long
      __settingTime.t56_acidWaterDownTime_s
                                  000f480e         4   unsigned long
      __settingTime.t59_alkalineWaterDownTime_s
                                  000f4812         4   unsigned long
      __settingTime.t61_curranCleaningIntervalTime_h
                                  000f4816         4   unsigned long
      __settingTime.t62_callanWashSpoutingTime_s
                                  000f481a         4   unsigned long
      __settingTime.crc
                                  000f481e         1   char
    }
  __settingNumber
                                  000f4820        26   data ,g         8
    struct Number_Setting_s {
                                                  26
      __settingNumber.upperVoltage1
                                  000f4820         4   float
      __settingNumber.upperVoltage2
                                  000f4824         4   float
      __settingNumber.upperVoltage3
                                  000f4828         4   float
      __settingNumber.lowerVoltage
                                  000f482c         4   float
      __settingNumber.upperCurrent
                                  000f4830         4   float
      __settingNumber.lowerCurrent
                                  000f4834         4   float
      __settingNumber.upperFlow
                                  000f4838         4   float
      __settingNumber.lowerFlow
                                  000f483c         4   float
      __settingNumber.cvccCurrent
                                  000f4840         4   float
      __settingNumber.crc
                                  000f4844         1   char
    }
  _g_machine_mode
                                  000f4846         1   data ,g         4
  _btod
                                  000f4848         4   data ,g         6
    union  BytesToDouble {
                                                   4
      _btod.refined
                                  000f4848         4
    struct  {
                                                   4
      _btod.refined.data
                                  000f4848         4   unsigned char
    }
      _btod.raw
                                  000f4848         4   unsigned long
    }
  _g_Tick
                                  000f484c        a4   data ,g        7b
    struct Tick_s {
                                                  a4
      _g_Tick.tick500ms
                                  000f484c         4   unsigned long
      _g_Tick.tick1s
                                  000f4850         4   unsigned long
      _g_Tick.tick5s
                                  000f4854         4   unsigned long
      _g_Tick.tickBlink
                                  000f4858         4   unsigned long
      _g_Tick.tickAlkaline
                                  000f485c         4   unsigned long
      _g_Tick.tickAcid
                                  000f4860         4   unsigned long
      _g_Tick.tickWater
                                  000f4864         4   unsigned long
      _g_Tick.tickHandWash
                                  000f4868         4   unsigned long
      _g_Tick.tickWaterSupply
                                  000f486c         4   unsigned long
      _g_Tick.tickFlowMeasurment
                                  000f4870         4   unsigned long
      _g_Tick.tickDebouceHandSensor
                                  000f4874         4   unsigned long
      _g_Tick.tickVoltage1Check
                                  000f4878         4   unsigned long
      _g_Tick.tickVoltage2Check
                                  000f487c         4   unsigned long
      _g_Tick.tickVoltage3Check
                                  000f4880         4   unsigned long
      _g_Tick.tickVoltageLowCheck
                                  000f4884         4   unsigned long
      _g_Tick.tickCurrentCheck
                                  000f4888         4   unsigned long
      _g_Tick.tickSV1SV2
                                  000f488c         4   unsigned long
      _g_Tick.tickElectrolyticOff
                                  000f4890         4   unsigned long
      _g_Tick.tickWaterSoftenerPCB
                                  000f4894         4   unsigned long
      _g_Tick.tickValvePCB
                                  000f4898         4   unsigned long
      _g_Tick.tickRS485
                                  000f489c         4   unsigned long
      _g_Tick.tickCallan
                                  000f48a0         4   unsigned long
      _g_Tick.tickDrainage
                                  000f48a4         4   unsigned long
      _g_Tick.tickAcidLevel
                                  000f48a8        10   unsigned long
      _g_Tick.tickAlkalineLevel
                                  000f48b8        10   unsigned long
      _g_Tick.tickHandSensor
                                  000f48c8         8   unsigned long
      _g_Tick.tickCustom
                                  000f48d0        20   unsigned long
    }
  _water_solfner_buf
                                  000f48f0         7   data ,g         5
    struct UART3_Buffer_s {
                                                   7
      _water_solfner_buf.busy
                                  000f48f0         1   unsigned char
      _water_solfner_buf.head
                                  000f48f1         1   unsigned char
      _water_solfner_buf.set_number
                                  000f48f2         1   unsigned char
      _water_solfner_buf.set_value
                                  000f48f3         4   unsigned char
    }
  __flow_pulse
                                  000f48f8         4   data ,g         8
FILE=.\src\r_cg_rtc_user.obj
                                  000f48fc  000f4902         7
  _g_rtc
                                  000f48fc         7   data ,g         0
    struct  {
                                                   7
      _g_rtc.sec
                                  000f48fc         1   unsigned char
      _g_rtc.min
                                  000f48fd         1   unsigned char
      _g_rtc.hour
                                  000f48fe         1   unsigned char
      _g_rtc.day
                                  000f48ff         1   unsigned char
      _g_rtc.week
                                  000f4900         1   unsigned char
      _g_rtc.month
                                  000f4901         1   unsigned char
      _g_rtc.year
                                  000f4902         1   unsigned char
    }
FILE=.\src\r_cg_serial.obj
                                  000f4904  000f4939        36
  _gp_uart1_tx_address
                                  000f4904         2   data ,g         5
  _g_uart1_tx_count
                                  000f4906         2   data ,g         4
  _gp_uart1_rx_address
                                  000f4908         2   data ,g         3
  _g_uart1_rx_count
                                  000f490a         2   data ,g         4
  _g_uart1_rx_length
                                  000f490c         2   data ,g         3
  _gp_csi00_rx_address
                                  000f490e         2   data ,g         0
  _g_csi00_rx_length
                                  000f4910         2   data ,g         0
  _g_csi00_rx_count
                                  000f4912         2   data ,g         0
  _gp_csi00_tx_address
                                  000f4914         2   data ,g         6
  _g_csi00_send_length
                                  000f4916         2   data ,g         0
  _g_csi00_tx_count
                                  000f4918         2   data ,g         4
  _gp_csi01_rx_address
                                  000f491a         2   data ,g         5
  _g_csi01_rx_length
                                  000f491c         2   data ,g         1
  _g_csi01_rx_count
                                  000f491e         2   data ,g         1
  _gp_csi01_tx_address
                                  000f4920         2   data ,g         7
  _g_csi01_send_length
                                  000f4922         2   data ,g         0
  _g_csi01_tx_count
                                  000f4924         2   data ,g         7
  _gp_uart2_tx_address
                                  000f4926         2   data ,g         5
  _g_uart2_tx_count
                                  000f4928         2   data ,g         4
  _gp_uart2_rx_address
                                  000f492a         2   data ,g         3
  _g_uart2_rx_count
                                  000f492c         2   data ,g         4
  _g_uart2_rx_length
                                  000f492e         2   data ,g         3
  _gp_uart3_tx_address
                                  000f4930         2   data ,g         5
  _g_uart3_tx_count
                                  000f4932         2   data ,g         4
  _gp_uart3_rx_address
                                  000f4934         2   data ,g         3
  _g_uart3_rx_count
                                  000f4936         2   data ,g         4
  _g_uart3_rx_length
                                  000f4938         2   data ,g         3
FILE=.\src\r_cg_serial_user.obj
                                  000f493a  000f49fd        c4
  _g_uart3_rx_data
                                  000f493a         8   data ,g         8
  _send_response_flag
                                  000f4942         1   data ,g         0
  _send_response_time_flag
                                  000f4943         1   data ,g         0
  _send_response_number_flag
                                  000f4944         1   data ,g         0
  _recived_time_setting_flag
                                  000f4945         1   data ,g         0
  _send_respone_status_flag
                                  000f4946         1   data ,g         0
  _recived_number_setting_flag
                                  000f4947         1   data ,g         0
  _commnunication_flag
                                  000f4948         d   data ,g        3a
    struct Communicaition_flag_s {
                                                   d
      _commnunication_flag.send_response_flag
                                  000f4948         1   unsigned char
      _commnunication_flag.send_response_time_flag
                                  000f4949         1   unsigned char
      _commnunication_flag.send_response_number_flag
                                  000f494a         1   unsigned char
      _commnunication_flag.recived_number_setting_flag
                                  000f494b         1   unsigned char
      _commnunication_flag.recived_time_setting_flag
                                  000f494c         1   unsigned char
      _commnunication_flag.send_respone_status_flag
                                  000f494d         1   unsigned char
      _commnunication_flag.send_response_mode_flag
                                  000f494e         1   unsigned char
      _commnunication_flag.alarm_clear_flag
                                  000f494f         1   unsigned char
      _commnunication_flag.rs485_send_to_watersolfner_response_flag
                                  000f4950         1   unsigned char
      _commnunication_flag.rs485_send_to_watersolfner_SV1_flag
                                  000f4951         1   unsigned char
      _commnunication_flag.rs485_send_to_valve_response_flag
                                  000f4952         1   unsigned char
      _commnunication_flag.rs485_get_valve_gesture_flag
                                  000f4953         1   unsigned char
      _commnunication_flag.rs485_fault
                                  000f4954         1   unsigned char
    }
  _g_csi_count
                                  000f4955         1   data ,g         0
  _g_csi_err
                                  000f4956         1   data ,g         0
  _g_csi_send_end
                                  000f4957         1   data ,g         1
  _g_csi_rev_end
                                  000f4958         1   data ,g         3
  _g_uart1_send
                                  000f4959         1   data ,g         0
  _g_uart2_sendend
                                  000f495a         1   data ,g         e
  _g_uart2_receive
                                  000f495b         1   data ,g         1
  _g_rx_data
                                  000f495c        a0   data ,g        20
  _g_uart2_fault
                                  000f49fc         1   data ,g         3
  _g_uart3_sendend
                                  000f49fd         1   data ,g         6
FILE=.\src\r_cg_timer_user.obj
                                  000f49fe  000f4a05         8
  _timer0_ch0_flag
                                  000f49fe         1   data ,g         1
  _timer0_ch1_flag
                                  000f49ff         1   data ,g         1
  _timer0_ch2_flag
                                  000f4a00         1   data ,g         1
  _g_systemTime
                                  000f4a02         4   data ,g        70
FILE=.\src\r_main.obj
                                  000f4a06  000f4aa8        a3
  _g_e_status
                                  000f4a06         1   data ,g         0
    union  EEPROM_status_u {
                                                   1
      _g_e_status.refined
                                  000f4a06         1
    struct  {
                                                   1
      _g_e_status.refined.RB
                                  000f4a06         1   unsigned char:1(7)
      _g_e_status.refined.WEN
                                  000f4a06         1   unsigned char:1(6)
      _g_e_status.refined.BP
                                  000f4a06         1   unsigned char:2(4)
      _g_e_status.refined.RSVD
                                  000f4a06         1   unsigned char:3(1)
      _g_e_status.refined.WPEN
                                  000f4a06         1   unsigned char:1(0)
    }
      _g_e_status.raw
                                  000f4a06         1   unsigned char
    }
  _ret_number_setting
                                  000f4a08        26   data ,g         0
    struct Number_Setting_s {
                                                  26
      _ret_number_setting.upperVoltage1
                                  000f4a08         4   float
      _ret_number_setting.upperVoltage2
                                  000f4a0c         4   float
      _ret_number_setting.upperVoltage3
                                  000f4a10         4   float
      _ret_number_setting.lowerVoltage
                                  000f4a14         4   float
      _ret_number_setting.upperCurrent
                                  000f4a18         4   float
      _ret_number_setting.lowerCurrent
                                  000f4a1c         4   float
      _ret_number_setting.upperFlow
                                  000f4a20         4   float
      _ret_number_setting.lowerFlow
                                  000f4a24         4   float
      _ret_number_setting.cvccCurrent
                                  000f4a28         4   float
      _ret_number_setting.crc
                                  000f4a2c         1   char
    }
  _flow_p
                                  000f4a2e         1   data ,g         1
  _salt_h_p
                                  000f4a2f         1   data ,g         0
  _g_eeprom_wren
                                  000f4a30         1   data ,g         0
  _receive_data
                                  000f4a31         2   data ,g         0
  _receive_setting
                                  000f4a34        26   data ,g         0
    struct Number_Setting_s {
                                                  26
      _receive_setting.upperVoltage1
                                  000f4a34         4   float
      _receive_setting.upperVoltage2
                                  000f4a38         4   float
      _receive_setting.upperVoltage3
                                  000f4a3c         4   float
      _receive_setting.lowerVoltage
                                  000f4a40         4   float
      _receive_setting.upperCurrent
                                  000f4a44         4   float
      _receive_setting.lowerCurrent
                                  000f4a48         4   float
      _receive_setting.upperFlow
                                  000f4a4c         4   float
      _receive_setting.lowerFlow
                                  000f4a50         4   float
      _receive_setting.cvccCurrent
                                  000f4a54         4   float
      _receive_setting.crc
                                  000f4a58         1   char
    }
  _set
                                  000f4a5a         1   data ,g         0
    union  EEPROM_status_u {
                                                   1
      _set.refined
                                  000f4a5a         1
    struct  {
                                                   1
      _set.refined.RB
                                  000f4a5a         1   unsigned char:1(7)
      _set.refined.WEN
                                  000f4a5a         1   unsigned char:1(6)
      _set.refined.BP
                                  000f4a5a         1   unsigned char:2(4)
      _set.refined.RSVD
                                  000f4a5a         1   unsigned char:3(1)
      _set.refined.WPEN
                                  000f4a5a         1   unsigned char:1(0)
    }
      _set.raw
                                  000f4a5a         1   unsigned char
    }
  _rx_data
                                  000f4a5c         c   data ,g         0
  _data_f
                                  000f4a68         4   data ,g         0
  _data_f_test
                                  000f4a6c         4   data ,g         0
    union  byte_to_float {
                                                   4
      _data_f_test.refined
                                  000f4a6c         4
    struct  {
                                                   4
      _data_f_test.refined.b
                                  000f4a6c         4   unsigned char
    }
      _data_f_test.raw
                                  000f4a6c         4   float
    }
  _g_control_buffer_f
                                  000f4a70         6   data ,g         5
    struct UART_Buffer_float_s {
                                                   6
      _g_control_buffer_f.head
                                  000f4a70         1   unsigned char
      _g_control_buffer_f.set_number
                                  000f4a71         1   unsigned char
      _g_control_buffer_f.set_value
                                  000f4a72         4   float
    }
  _g_control_buffer_u32
                                  000f4a76         6   data ,g         5
    struct UART_Buffer_u32_s {
                                                   6
      _g_control_buffer_u32.head
                                  000f4a76         1   unsigned char
      _g_control_buffer_u32.set_number
                                  000f4a77         1   unsigned char
      _g_control_buffer_u32.set_value
                                  000f4a78         4   unsigned long
    }
  _handsensor_status
                                  000f4a7c         1   data ,g         0
    union   {
                                                   1
      _handsensor_status.
                                  000f4a7c         1
    struct  {
                                                   1
      _handsensor_status..up_signal
                                  000f4a7c         1   unsigned char
    }
      _handsensor_status.status
                                  000f4a7c         1   unsigned char
    }
  _g_handsensor_status
                                  000f4a7d         2   data ,g         3
  _g_crc
                                  000f4a7f         8   data ,g         2
  _g_crc_32
                                  000f4a88        20   data ,g         0
  _rx_count
                                  000f4aa8         1   data ,g         2

SECTION=.dataR
FILE=.\src\main.obj
                                  000f4aaa  000f4b3e        95
  _g_timerSetting
                                  000f4aaa        8e   data ,g        68
    struct Timer_Setting_s {
                                                  8e
      _g_timerSetting.t1_initialWaterDrainageOperation_s
                                  000f4aaa         4   unsigned long
      _g_timerSetting.t2_flowSensorStartTime_s
                                  000f4aae         4   unsigned long
      _g_timerSetting.t3_flowSensorMonitorTime_s
                                  000f4ab2         4   unsigned long
      _g_timerSetting.t4_electrolysisOperationStart_s
                                  000f4ab6         4   unsigned long
      _g_timerSetting.t5_electrolysisStopDelay_s
                                  000f4aba         4   unsigned long
      _g_timerSetting.t6_drainageOffTime_h
                                  000f4abe         4   unsigned long
      _g_timerSetting.t7_powerOnPreparation_s
                                  000f4ac2         4   unsigned long
      _g_timerSetting.t8_flowRateAdjustmentRelease_s
                                  000f4ac6         4   unsigned long
      _g_timerSetting.t9_currentAdjustmentRelease_s
                                  000f4aca         4   unsigned long
      _g_timerSetting.t10_electrolysisCurrentAlarmSpecified_s
                                  000f4ace         4   unsigned long
      _g_timerSetting.t11_overVoltage1Time_s
                                  000f4ad2         4   unsigned long
      _g_timerSetting.t12_overVoltage2Time_s
                                  000f4ad6         4   unsigned long
      _g_timerSetting.t13_overVoltage3Time_s
                                  000f4ada         4   unsigned long
      _g_timerSetting.t14_lowVoltageStartTime_s
                                  000f4ade         4   unsigned long
      _g_timerSetting.t15_lowVoltageDelayTime_s
                                  000f4ae2         4   unsigned long
      _g_timerSetting.t16_currentMonitoringStart_s
                                  000f4ae6         4   unsigned long
      _g_timerSetting.t17_solenoidLeakageStartTime_s
                                  000f4aea         4   unsigned long
      _g_timerSetting.t18_fullWaterMonitoringStart_h
                                  000f4aee         4   unsigned long
      _g_timerSetting.t19_waterFilterAlarm_h
                                  000f4af2         4   unsigned long
      _g_timerSetting.t20_waterFilterAlarmIgnore_h
                                  000f4af6         4   unsigned long
      _g_timerSetting.t26_onDelayEmptyLevel_s
                                  000f4afa         4   unsigned long
      _g_timerSetting.t27_onDelayLowLevel_s
                                  000f4afe         4   unsigned long
      _g_timerSetting.t28_onDelayHighLevel_s
                                  000f4b02         4   unsigned long
      _g_timerSetting.t30_offDelayEmptyLevel_s
                                  000f4b06         4   unsigned long
      _g_timerSetting.t31_saltLowLevelDelay_s
                                  000f4b0a         4   unsigned long
      _g_timerSetting.t32_saltHighLevelDelay_s
                                  000f4b0e         4   unsigned long
      _g_timerSetting.t51_alkalineWaterSpoutingTime_s
                                  000f4b12         4   unsigned long
      _g_timerSetting.t52_acidWaterSpoutingTime_s
                                  000f4b16         4   unsigned long
      _g_timerSetting.t53_washingWaterSpoutingTime_s
                                  000f4b1a         4   unsigned long
      _g_timerSetting.t54_overLapTime_ms
                                  000f4b1e         4   unsigned long
      _g_timerSetting.t55_waterDischargeDelay_s
                                  000f4b22         4   unsigned long
      _g_timerSetting.t56_acidWaterDownTime_s
                                  000f4b26         4   unsigned long
      _g_timerSetting.t59_alkalineWaterDownTime_s
                                  000f4b2a         4   unsigned long
      _g_timerSetting.t61_curranCleaningIntervalTime_h
                                  000f4b2e         4   unsigned long
      _g_timerSetting.t62_callanWashSpoutingTime_s
                                  000f4b32         4   unsigned long
      _g_timerSetting.crc
                                  000f4b36         1   char
    }
  _test_control_buf
                                  000f4b38         6   data ,g         0
    struct UART_Buffer_float_s {
                                                   6
      _test_control_buf.head
                                  000f4b38         1   unsigned char
      _test_control_buf.set_number
                                  000f4b39         1   unsigned char
      _test_control_buf.set_value
                                  000f4b3a         4   float
    }
  __pre_flow_state
                                  000f4b3e         1   data ,g         2
FILE=.\src\r_main.obj
                                  000f4b40  000f4b59        1a
  _g_error
                                  000f4b40         2   data ,g         0
  _g_adc_ch
                                  000f4b42         2   data ,g         0
  _led_st
                                  000f4b44         1   data ,g         2
  _send_data
                                  000f4b45         2   data ,g         0
  _this_size
                                  000f4b47         1   data ,g         0
  _this_size_2
                                  000f4b48         1   data ,g         0
  _send_buf
                                  000f4b49         7   data ,g         0
  _data_crc
                                  000f4b50         8   data ,g         0
  _dac_out
                                  000f4b58         2   data ,g         2

Absolute value symbols
FILE=rlink_generates_05
  __s.text
                                  00000188         0   none ,g         0
  __e.text
                                  000004a2         0   none ,g         0
  __s.textf
                                  000004a2         0   none ,g         0
  __e.textf
                                  00002fea         0   none ,g         0
  __s.const
                                  00003000         0   none ,g         0
  __e.const
                                  00003510         0   none ,g         0
  __s.constf
                                  00000080         0   none ,g         0
  __e.constf
                                  00000080         0   none ,g         0
  __s.data
                                  000000d8         0   none ,g         0
  __e.data
                                  00000188         0   none ,g         0
  __s.sdata
                                  00000080         0   none ,g         0
  __e.sdata
                                  00000080         0   none ,g         0
  __s.bss
                                  000f4700         0   none ,g         0
  __e.bss
                                  000f4aa9         0   none ,g         0
  __s.sbss
                                  000ffe20         0   none ,g         0
  __e.sbss
                                  000ffe20         0   none ,g         0
  __s.dataR
                                  000f4aaa         0   none ,g         0
  __e.dataR
                                  000f4b5a         0   none ,g         0
  __s.sdataR
                                  000ffe20         0   none ,g         0
  __e.sdataR
                                  000ffe20         0   none ,g         0
  __s.RLIB
                                  00003510         0   none ,g         0
  __e.RLIB
                                  000039a9         0   none ,g         0
  __s.SLIB
                                  000000c4         0   none ,g         0
  __e.SLIB
                                  000000c4         0   none ,g         0
  __s.option_byte
                                  000000c0         0   none ,g         0
  __e.option_byte
                                  000000c4         0   none ,g         0
  __s.monitor1
                                  000000ce         0   none ,g         0
  __e.monitor1
                                  000000d8         0   none ,g         0
  __s.monitor2
                                  0007fe00         0   none ,g         0
  __e.monitor2
                                  00080000         0   none ,g         0
  __s.security_id
                                  000000c4         0   none ,g         0
  __e.security_id
                                  000000ce         0   none ,g         0
  __s.vect
                                  00000000         0   none ,g         0
  __e.vect
                                  00000080         0   none ,g         0
  __RAM_ADDR_START
                                  000f3f00         0   none ,g         0
  __RAM_ADDR_END
                                  000ffee0         0   none ,g         0
  __STACK_ADDR_START
                                  000ffe20         0   none ,g         1
  __STACK_ADDR_END
                                  000f4b5a         0   none ,g         1

*** Unfilled Areas ***

AREA                                START    END

*** Delete Symbols ***

SYMBOL                                SIZE    INFO

*** Variable Vector Table List ***

ADDRESS  SYMBOL/ADDRESS
00       _start
02       ffff
04       _r_wdt_interrupt@1
06       
08       
0a       
0c       
0e       
10       
12       
14       _r_uart2_interrupt_send@1
16       _r_uart2_interrupt_receive@1
18       
1a       
1c       
1e       _r_csi00_interrupt@1
20       _r_csi01_interrupt@1
22       
24       _r_uart1_interrupt_send@1
26       _r_uart1_interrupt_receive@1
28       
2a       
2c       _r_tau0_channel0_interrupt@1
2e       _r_tau0_channel1_interrupt@1
30       _r_tau0_channel2_interrupt@1
32       
34       _r_adc_interrupt@1
36       
38       
3a       
3c       _r_uart3_interrupt_send@1
3e       _r_uart3_interrupt_receive@1
40       
42       
44       
46       
48       
4a       
4c       
4e       
50       
52       
54       
56       
58       
5a       
5c       
5e       
60       
62       
64       
66       
68       
6a       
6c       
6e       
70       
72       
74       
76       
78       
7a       
7c       
7e       

*** Cross Reference List ***

No   Unit Name   Global.Symbol   Location External Infomation
---- ----------- --------------- -------- ---------------------
0001 cstart
     SECTION=.text
                 _start
                                 00000188
                 _exit
                                 000001e0 0001(000001e1:.text)
     SECTION=.textf
     SECTION=.const
     SECTION=.constf
     SECTION=.data
     SECTION=.sdata
     SECTION=.bss
     SECTION=.sbss
     SECTION=.dataR
     SECTION=.sdataR
     SECTION=.RLIB
     SECTION=.SLIB
     SECTION=.dataR
     SECTION=.sdataR
0002 stkinit
     SECTION=.textf
                 _stkinit
                                 000004a2 0001(00000190:.text)
0003 EEPROM
     SECTION=.textf
                 _EEPROM_Init
                                 000004e6 0024(00002bb5:.textf)
                 _rEE_Status
                                 00000511 0003(0000057e:.textf)
                                          0003(000005a9:.textf)
                                          0003(000005e8:.textf)
                                          0003(0000061e:.textf)
                                          0003(0000065d:.textf)
                                          0003(000006b1:.textf)
                 _sEE_WriteEnable
                                 0000052c 0003(000005ae:.textf)
                                          0003(00000613:.textf)
                                          0003(0000073a:.textf)
                 _sEE_WriteDisable
                                 0000053e
                 _EE_SPI_Write
                                 00000550 0007(00000e53:.textf)
                                          0007(00000eea:.textf)
                 _EE_SPI_Read
                                 0000062f 0024(00002bc2:.textf)
                                          0024(00002bd3:.textf)
                 _sEE_Block
                                 000006e6
                 _sEE_SendInstruction
                                 000006f7
                 _sEE_SendReceiveInstruction
                                 000006fa
                 _EE_TransmitData
                                 000006fe 0003(00000523:.textf)
                                          0003(0000053a:.textf)
                                          0003(0000054c:.textf)
                                          0003(000005b8:.textf)
                                          0003(0000062d:.textf)
                                          0003(0000066b:.textf)
                                          0003(000006c2:.textf)
                                          0003(000006f9:.textf)
                                          0003(000006fd:.textf)
                                          0003(00000741:.textf)
                 _sEE_WriteStatusRegister
                                 0000072a 0003(0000050f:.textf)
                                          0003(000006f6:.textf)
     SECTION=.bss
                 _eeprom_status
                                 000f4700 0003(00000505:.textf)
                                          0003(0000050a:.textf)
                                          0003(00000528:.textf)
                                          0003(00000581:.textf)
                                          0003(000005a3:.textf)
                                          0003(000005eb:.textf)
                                          0003(00000618:.textf)
                                          0003(00000660:.textf)
                                          0003(000006b4:.textf)
                                          0003(000006ee:.textf)
                                          0003(000006f3:.textf)
                                          0003(0000072c:.textf)
                 _spi_flag
                                 000f4702 0003(000004f9:.textf)
                                          0003(000006ff:.textf)
                                          0003(0000071d:.textf)
                 _buf
                                 000f4704 0003(00000555:.textf)
                                          0003(0000055a:.textf)
                                          0003(00000574:.textf)
                                          0003(00000598:.textf)
                                          0003(000005b5:.textf)
                                          0003(000005bb:.textf)
                                          0003(000005d2:.textf)
                                          0003(0000060b:.textf)
                                          0003(00000628:.textf)
                                          0003(00000634:.textf)
                                          0003(00000639:.textf)
                                          0003(00000653:.textf)
                                          0003(00000668:.textf)
                                          0003(0000067b:.textf)
                                          0003(00000687:.textf)
                                          0003(0000069e:.textf)
                                          0003(000006bf:.textf)
                                          0003(000006db:.textf)
     SECTION=.const
0004 crc32
     SECTION=.textf
                 _xcrc32
                                 00000745
                 _CRC32
                                 00000793
     SECTION=.const
                 _crc32_table
                                 00003002 0004(00000765:.textf)
                                          0004(000007b0:.textf)
0005 crc8
     SECTION=.textf
                 _crc8_4
                                 000007e4 0024(00002df9:.textf)
                 _crc8_1
                                 00000827 0007(00000d95:.textf)
                                          0007(00000dc5:.textf)
                                          0007(00000e2f:.textf)
                                          0007(00000eae:.textf)
                                          0007(00000ebf:.textf)
[...]
                                          0007(0000181d:.textf)
                                          0007(00001979:.textf)
                                          0007(0000197f:.textf)
                                          0007(00001a21:.textf)
                                          0007(00001a27:.textf)
                                          0007(00001c03:.textf)
                                          0007(00001c09:.textf)
                                          0007(00001c2e:.textf)
                                          0007(00001c34:.textf)
                                          0007(00001d0d:.textf)
                                          0007(00001d13:.textf)
                                          0007(00001daf:.textf)
                                          0007(00001db5:.textf)
                                          0007(00001de6:.textf)
                                          0007(00001de9:.textf)
                                          0007(00001e57:.textf)
                                          0007(00001e5d:.textf)
                                          0007(00001ea3:.textf)
                                          0007(00001ea8:.textf)
                                          0021(0000047e:.text)
                                          0021(00000486:.text)
                                          0021(00000489:.text)
                                          0021(0000048d:.text)
                                          0024(00002ca9:.textf)
                                          0024(00002caf:.textf)
                                          0024(00002cfb:.textf)
                                          0024(00002cfe:.textf)
                                          0024(00002d46:.textf)
                                          0024(00002d4c:.textf)
                                          0024(00002d7b:.textf)
                                          0024(00002d81:.textf)
                                          0026(00002ebe:.textf)
                                          0026(00002ec3:.textf)
                                          0026(00002ef2:.textf)
                                          0026(00002ef9:.textf)
                                          0026(00002f00:.textf)
                                          0026(00002f08:.textf)
                                          0026(00002f42:.textf)
                                          0026(00002f49:.textf)
                                          0026(00002f68:.textf)
                                          0026(00002f6e:.textf)
                                          0026(00002f74:.textf)
                                          0026(00002f77:.textf)
                                          0026(00002f81:.textf)
                                          0026(00002f84:.textf)
                                          0026(00002fae:.textf)
                                          0026(00002fb3:.textf)
                                          0026(00002fdc:.textf)
                                          0026(00002fe2:.textf)
     SECTION=.text
0022 r_cg_wdt
     SECTION=.textf
                 _R_WDT_Create
                                 00002b50 0025(00002ea4:.textf)
                 _R_WDT_Restart
                                 00002b61 0007(00000d44:.textf)
                                          0007(00000d7d:.textf)
                                          0007(00000dad:.textf)
                                          0007(00000ddd:.textf)
                                          0007(0000103f:.textf)
                                          0007(00001ab4:.textf)
                                          0007(00001e7e:.textf)
                                          0007(00001f10:.textf)
                                          0024(00002e1a:.textf)
                                          0026(00002f2f:.textf)
0023 r_cg_wdt_user
     SECTION=.text
0024 r_main
     SECTION=.textf
                 _nostop_checkHandSensor
                                 00002b65
                 _readHS
                                 00002b96
                 _main
                                 00002bab 0001(000001dc:.text)
                 _R_MAIN_UserInit
                                 00002e20 0024(00002bae:.textf)
     SECTION=.bss
                 _g_e_status
                                 000f4a06
                 _ret_number_setting
                                 000f4a08
                 _flow_p
                                 000f4a2e 0024(00002dbb:.textf)
                 _salt_h_p
                                 000f4a2f
                 _g_eeprom_wren
                                 000f4a30
                 _receive_data
                                 000f4a31
                 _receive_setting
                                 000f4a34
                 _set
                                 000f4a5a
                 _rx_data
                                 000f4a5c
                 _data_f
                                 000f4a68
                 _data_f_test
                                 000f4a6c
                 _g_control_buffer_f
                                 000f4a70 0007(00000bfc:.textf)
                                          0007(00000c00:.textf)
                                          0007(00000c04:.textf)
                                          0007(00000c08:.textf)
                                          0007(00000c13:.textf)
                 _g_control_buffer_u32
                                 000f4a76 0007(00000c24:.textf)
                                          0007(00000c28:.textf)
                                          0007(00000c2c:.textf)
                                          0007(00000c30:.textf)
                                          0007(00000c3b:.textf)
                 _handsensor_status
                                 000f4a7c
                 _g_handsensor_status
                                 000f4a7d 0024(00002b7b:.textf)
                                          0024(00002b82:.textf)
                                          0024(00002b8b:.textf)
                 _g_crc
                                 000f4a7f 0024(00002dfd:.textf)
                                          0024(00002e09:.textf)
                 _g_crc_32
                                 000f4a88
                 _rx_count
                                 000f4aa8 0007(00001d0a:.textf)
                                          0024(00002d3b:.textf)
     SECTION=.dataR
                 _g_error
                                 000f4b40
                 _g_adc_ch
                                 000f4b42
                 _led_st
                                 000f4b44 0024(00002de6:.textf)
                                          0024(00002dee:.textf)
                 _send_data
                                 000f4b45
                 _this_size
                                 000f4b47
                 _this_size_2
                                 000f4b48
                 _send_buf
                                 000f4b49
                 _data_crc
                                 000f4b50
                 _dac_out
                                 000f4b58 0024(00002e0c:.textf)
                                          0024(00002e13:.textf)
     SECTION=.const
     SECTION=.data
0025 r_systeminit
     SECTION=.textf
                 _R_Systeminit
                                 00002e81 0025(00002eb7:.textf)
                 _hdwinit
                                 00002eb3 0001(00000194:.text)
0026 usr_timer
     SECTION=.textf
                 _delay_ms
                                 00002eb8 0007(00001662:.textf)
                                          0024(00002ba1:.textf)
                                          0024(00002c5f:.textf)
                                          0026(00002f2c:.textf)
                 _delay
                                 00002f20
                 _ns_delay_ms
                                 00002f38 0007(000008f7:.textf)
                                          0007(000009d8:.textf)
                                          0007(00000a21:.textf)
                                          0007(00000a6a:.textf)
                                          0007(00000ac3:.textf)
                                          0007(00000afa:.textf)
                                          0007(00000b43:.textf)
                                          0007(00000b8c:.textf)
                                          0007(00000be5:.textf)
                                          0007(00000f82:.textf)
                                          0007(00000fa6:.textf)
                                          0007(00001034:.textf)
                                          0007(0000107f:.textf)
                                          0007(00001101:.textf)
                                          0007(000011a4:.textf)
                                          0007(0000124e:.textf)
                                          0007(0000134b:.textf)
                                          0007(000014f7:.textf)
                                          0007(0000177e:.textf)
                                          0007(00001832:.textf)
                                          0007(00001875:.textf)
                                          0007(0000188d:.textf)
                                          0007(000018ba:.textf)
                                          0007(000018f0:.textf)
                                          0007(0000190e:.textf)
                                          0007(00001937:.textf)
                                          0007(00001998:.textf)
                                          0007(000019ca:.textf)
                                          0007(000019e4:.textf)
                                          0007(00001a42:.textf)
                                          0007(00001a74:.textf)
                                          0007(00001a8e:.textf)
                                          0007(00001bf7:.textf)
                                          0007(00001c68:.textf)
                                          0007(00001cbd:.textf)
                                          0007(00001d24:.textf)
                                          0007(00001d9d:.textf)
                                          0007(00001e1d:.textf)
                                          0007(00001e38:.textf)
                                          0007(00001e8a:.textf)
                                          0007(00001ed8:.textf)
                                          0007(00001fe0:.textf)
                                          0024(00002b73:.textf)
                                          0024(00002cbf:.textf)
                                          0024(00002d5c:.textf)
                                          0024(00002d9a:.textf)
                                          0024(00002dc6:.textf)
                                          0024(00002dd2:.textf)
                                          0024(00002dde:.textf)
                 _non_block_delay
                                 00002fa4
                 _mTask
                                 00002fa6
0027 memcpy
     SECTION=.RLIB
                 _memcpy
                                 00003510 0007(00000e44:.textf)
                                          0007(00000edd:.textf)
                                          0024(00002be2:.textf)
                                          0024(00002bef:.textf)
                                          0024(00002ced:.textf)
                                          0024(00002d2d:.textf)
0028 _COM_faddsub
     SECTION=.RLIB
                 __COM_fsub
                                 0000357d
                 __COM_fadd
                                 00003585 0007(00001efd:.textf)
                                          0007(00001fb7:.textf)
0029 _COM_fdiv
     SECTION=.RLIB
                 __COM_fdiv
                                 000036bb 0007(00001f3e:.textf)
                                          0007(00001f5b:.textf)
                                          0007(0000201d:.textf)
                                          0007(00002039:.textf)
0030 _COM_fge
     SECTION=.RLIB
                 __COM_fge
                                 0000378a 0007(000011bf:.textf)
                                          0007(00001269:.textf)
                                          0007(00001af2:.textf)
0031 _COM_fgt
     SECTION=.RLIB
                 __COM_fgt
                                 000037a0 0007(00000fea:.textf)
                                          0007(00001318:.textf)
                                          0007(00001444:.textf)
                                          0007(00001490:.textf)
                                          0007(00001cf3:.textf)
0032 _COM_fle
     SECTION=.RLIB
                 __COM_fle
                                 000037b6 0007(000013d8:.textf)
                                          0007(0000164a:.textf)
0033 _COM_flt
     SECTION=.RLIB
                 __COM_flt
                                 000037cc 0007(00000fd4:.textf)
                                          0007(000010ce:.textf)
                                          0007(00001171:.textf)
                                          0007(0000121b:.textf)
                                          0007(00001405:.textf)
                                          0007(000014d8:.textf)
                                          0007(00001cdd:.textf)
0034 _COM_fmul
     SECTION=.RLIB
                 __COM_fmul
                                 0000382d 0006(00000864:.textf)
                                          0006(00000872:.textf)
                                          0006(0000089d:.textf)
                                          0006(000008ab:.textf)
                                          0007(00001f22:.textf)
                                          0007(00001f30:.textf)
                                          0007(00002001:.textf)
                                          0007(0000200f:.textf)
0035 _COM_funordered
     SECTION=.RLIB
                 __COM_funordered
                                 000038cf 0007(000010bb:.textf)
                                          0007(0000115e:.textf)
                                          0007(00001208:.textf)
                                          0007(00001305:.textf)
                                          0007(000013f2:.textf)
                                          0007(00001431:.textf)
                                          0007(0000147d:.textf)
                                          0007(000014c5:.textf)
                                          0007(00001adf:.textf)
0036 _COM_ultof
     SECTION=.RLIB
                 __COM_ultof
                                 000038da 0006(00000858:.textf)
                                          0006(00000891:.textf)
                                          0007(00001f50:.textf)
                                          0007(0000202e:.textf)
0037 _REL_fcmp
     SECTION=.RLIB
                 __REL_fcmp
                                 000038e0 0030(00003794:.RLIB)
                                          0031(000037aa:.RLIB)
                                          0032(000037c0:.RLIB)
                                          0033(000037d6:.RLIB)
0038 _REL_fordered_core
     SECTION=.RLIB
                 __REL_fordered_core
                                 00003918 0030(0000378d:.RLIB)
                                          0031(000037a3:.RLIB)
                                          0032(000037b9:.RLIB)
                                          0033(000037cf:.RLIB)
                                          0035(000038d2:.RLIB)
0039 _REL_f_inf
     SECTION=.RLIB
                 __REL_f_inf
                                 00003934 0028(00003614:.RLIB)
                                          0029(000036a5:.RLIB)
                                          0029(00003745:.RLIB)
                                          0034(000037ff:.RLIB)
                                          0034(000038a2:.RLIB)
0040 _REL_f_norm
     SECTION=.RLIB
                 __REL_f_norm
                                 0000393c 0029(00003686:.RLIB)
                                          0029(000036b1:.RLIB)
                                          0034(00003820:.RLIB)
0041 _REL_f_round
     SECTION=.RLIB
                 __REL_f_round
                                 0000394c 0028(00003621:.RLIB)
                                          0028(00003659:.RLIB)
                                          0029(00003787:.RLIB)
                                          0034(000038af:.RLIB)
0042 _REL_ltof
     SECTION=.RLIB
                 __REL_ltof
                                 0000395f 0036(000038dd:.RLIB)
0043 rlink_generates_01
     SECTION=.option_byte
0044 rlink_generates_02
     SECTION=.monitor1
     SECTION=.monitor2
0045 rlink_generates_03
     SECTION=.security_id
0046 rlink_generates_04
     SECTION=.vect
0047 rlink_generates_05
     SECTION=
                 __s.vect
                                 00000000
                 __s.constf
                                 00000080
                 __e.constf
                                 00000080
                 __s.sdata
                                 00000080
                 __e.sdata
                                 00000080
                 __e.vect
                                 00000080
                 __s.option_byte
                                 000000c0
                 __s.SLIB
                                 000000c4
                 __e.SLIB
                                 000000c4
                 __e.option_byte
                                 000000c4
                 __s.security_id
                                 000000c4
                 __s.monitor1
                                 000000ce
                 __e.security_id
                                 000000ce
                 __s.data
                                 000000d8
                 __e.monitor1
                                 000000d8
                 __s.text
                                 00000188
                 __e.data
                                 00000188
                 __e.text
                                 000004a2
                 __s.textf
                                 000004a2
                 __e.textf
                                 00002fea
                 __s.const
                                 00003000
                 __e.const
                                 00003510
                 __s.RLIB
                                 00003510
                 __e.RLIB
                                 000039a9
                 __s.monitor2
                                 0007fe00
                 __e.monitor2
                                 00080000
                 __RAM_ADDR_START
                                 000f3f00
                 __s.bss
                                 000f4700
                 __e.bss
                                 000f4aa9
                 __s.dataR
                                 000f4aaa
                 __e.dataR
                                 000f4b5a
                 __STACK_ADDR_END
                                 000f4b5a 0001(0000018d:.text)
                 __s.sbss
                                 000ffe20
                 __e.sbss
                                 000ffe20
                 __s.sdataR
                                 000ffe20
                 __e.sdataR
                                 000ffe20
                 __STACK_ADDR_START
                                 000ffe20 0001(0000018a:.text)
                 __RAM_ADDR_END
                                 000ffee0
