Renesas Optimizing Linker (W3.03.00 )             20-Dec-2021 17:36:48

*** Options ***

-subcommand=LinkerControlPCB_HWM.tmp
-MAKEUD=D:\Chieniwa\E2_Studio\ControlPCB_HWM\HardwareDebug/ControlPCB_HWM_l.ud
-device="D:/Chieniwa/E2_Studio/.eclipse/com.renesas.platform_1435879475/DebugComp/RL78/RL78/Common/DR5F104ML.DVF"
-list="ControlPCB_HWM.map"
-show=all
-nooptimize
-entry=_start
-auto_section_layout
-security_id=00000000000000000000
-debug_monitor=7FE00-7FFFF
-user_opt_byte=FFFFF8
-ocdbg=84
-ocdtr
-input=".\generate\cstart.obj"
-input=".\generate\stkinit.obj"
-input=".\src\EEPROM.obj"
-input=".\src\crc32.obj"
-input=".\src\crc8.obj"
-input=".\src\interrupt_handle.obj"
-input=".\src\main.obj"
-input=".\src\r_cg_adc.obj"
-input=".\src\r_cg_adc_user.obj"
-input=".\src\r_cg_cgc.obj"
-input=".\src\r_cg_cgc_user.obj"
-input=".\src\r_cg_dac.obj"
-input=".\src\r_cg_dac_user.obj"
-input=".\src\r_cg_port.obj"
-input=".\src\r_cg_port_user.obj"
-input=".\src\r_cg_rtc.obj"
-input=".\src\r_cg_rtc_user.obj"
-input=".\src\r_cg_serial.obj"
-input=".\src\r_cg_serial_user.obj"
-input=".\src\r_cg_timer.obj"
-input=".\src\r_cg_timer_user.obj"
-input=".\src\r_cg_wdt.obj"
-input=".\src\r_cg_wdt_user.obj"
-input=".\src\r_main.obj"
-input=".\src\r_systeminit.obj"
-input=".\src\usr_timer.obj"
-library="C:\Program Files (x86)\Renesas Electronics\CS+\CC\CC-RL\V1.10.00\lib\rl78em4s99.lib"
-library="C:\Program Files (x86)\Renesas Electronics\CS+\CC\CC-RL\V1.10.00\lib\rl78em4r.lib"
-library="C:\Program Files (x86)\Renesas Electronics\CS+\CC\CC-RL\V1.10.00\lib\malloc_n.lib"
-output="ControlPCB_HWM.abs"
-debug
-nocompress
-rom=.data=.dataR,.sdata=.sdataR
-nomessage
-nologo

*** Error information ***

*** Mapping List ***

SECTION                            START      END         SIZE   ALIGN
.vect
                                  00000000  0000007f        80   0
.constf
                                  00000080  00000080         0   2
.sdata
                                  00000080  00000080         0   2
.option_byte
                                  000000c0  000000c3         4   1
.security_id
                                  000000c4  000000cd         a   1
.SLIB
                                  000000c4  000000c4         0   1
.monitor1
                                  000000ce  000000d7         a   1
.data
                                  000000d8  00000155        7e   2
.text
                                  00000156  0000046f       31a   1
.textf
                                  00000470  0000288c      241d   1
.RLIB
                                  0000288d  00002d87       4fb   1
.const
                                  00003000  00003504       505   2
.monitor2
                                  0007fe00  0007ffff       200   1
.bss
                                  000f4700  000f4a8a       38b   2
.dataR
                                  000f4a8c  000f4b09        7e   2
.sbss
                                  000ffe20  000ffe20         0   2
.sdataR
                                  000ffe20  000ffe20         0   2

*** Total Section Size ***

RAMDATA SECTION:  00000409 Byte(s)
ROMDATA SECTION:  0000081b Byte(s)
PROGRAM SECTION:  00002c32 Byte(s)

*** Symbol List ***

SECTION=
FILE=                               START        END    SIZE
  SYMBOL                            ADDR        SIZE    INFO      COUNTS  OPT
    STRUCT                                      SIZE
      MEMBER                        ADDR        SIZE    INFO

SECTION=.vect
FILE=rlink_generates_04
                                  00000000  0000007f        80

SECTION=.option_byte
FILE=rlink_generates_01
                                  000000c0  000000c3         4

SECTION=.security_id
FILE=rlink_generates_03
                                  000000c4  000000cd         a

SECTION=.monitor1
FILE=rlink_generates_02
                                  000000ce  000000d7         a

SECTION=.data
FILE=.\src\main.obj
                                  000000d8  0000013b        64
FILE=.\src\r_main.obj
                                  0000013c  00000155        1a

SECTION=.text
FILE=.\generate\cstart.obj
                                  00000156  000001af        5a
  _start
                                  00000156         0   entry,g         0
  _exit
                                  000001ae         0   none ,g         1
FILE=.\src\r_cg_adc_user.obj
                                  000001b0  000001c9        1a
  _r_adc_interrupt@1
                                  000001b0        1a   func ,l         0
FILE=.\src\r_cg_serial_user.obj
                                  000001ca  00000447       27e
  _r_uart1_interrupt_receive@1
                                  000001ca        5f   func ,l         0
  _r_uart1_interrupt_send@1
                                  00000229        31   func ,l         0
  _r_csi00_interrupt@1
                                  0000025a        49   func ,l         0
  _r_csi01_interrupt@1
                                  000002a3        85   func ,l         0
  _r_uart2_interrupt_receive@1
                                  00000328        5f   func ,l         0
  _r_uart2_interrupt_send@1
                                  00000387        31   func ,l         0
  _r_uart3_interrupt_receive@1
                                  000003b8        5f   func ,l         0
  _r_uart3_interrupt_send@1
                                  00000417        31   func ,l         0
FILE=.\src\r_cg_timer_user.obj
                                  00000448  0000046d        26
  _r_tau0_channel0_interrupt@1
                                  00000448        1c   func ,l         0
  _r_tau0_channel1_interrupt@1
                                  00000464         5   func ,l         0
  _r_tau0_channel2_interrupt@1
                                  00000469         5   func ,l         0
FILE=.\src\r_cg_wdt_user.obj
                                  0000046e  0000046f         2
  _r_wdt_interrupt@1
                                  0000046e         2   func ,l         0

SECTION=.textf
FILE=.\generate\stkinit.obj
                                  00000470  000004b3        44
  _stkinit
                                  00000470         0   none ,g         1
  LSTINIT1
                                  0000047e         0   none ,l         1
  LSTINIT2
                                  000004a8         0   none ,l         2
  LSTINIT3
                                  000004b3         0   none ,l         2
FILE=.\src\EEPROM.obj
                                  000004b4  00000718       265
  _EEPROM_Init
                                  000004b4        2b   func ,g         1
  _rEE_Status
                                  000004df        1b   func ,g         6
  _sEE_WriteEnable
                                  000004fa        12   func ,g         3
  _sEE_WriteDisable
                                  0000050c        12   func ,g         0
  _EE_SPI_Write
                                  0000051e        e2   func ,g         2
  _EE_SPI_Read
                                  00000600        ba   func ,g         2
  _sEE_Block
                                  000006ba        11   func ,g         0
  _sEE_SendInstruction
                                  000006cb         3   func ,g         0
  _sEE_SendReceiveInstruction
                                  000006ce         4   func ,g         0
  _EE_TransmitData
                                  000006d2        2c   func ,g         a
  _sEE_WriteStatusRegister
                                  000006fe        1b   func ,g         2
FILE=.\src\crc32.obj
                                  00000719  000007b7        9f
  _xcrc32
                                  00000719        4e   func ,g         0
  _CRC32
                                  00000767        51   func ,g         0
FILE=.\src\crc8.obj
                                  000007b8  00000817        60
  _crc8_4
                                  000007b8        43   func ,g         1
  _crc8_1
                                  000007fb        1d   func ,g         5
FILE=.\src\interrupt_handle.obj
                                  00000818  00000893        7c
  _adc_int_handle
                                  00000818        7c   func ,g         1
FILE=.\src\main.obj
                                  00000894  00001b8c      12f9
  _handSensorLED
                                  00000894        30   func ,g         d
  _setting_default
                                  000008c4        a8   func ,g         0
  _isAcidHigh
                                  0000096c        4f   func ,g         0
  _isAcidLow
                                  000009bb        4f   func ,g         0
  _isAcidEmpty
                                  00000a0a        46   func ,g         0
  _isAlkalineHigh
                                  00000a50        4f   func ,g         0
  _isAlkalineLow
                                  00000a9f        4f   func ,g         0
  _isAlkalineEmpty
                                  00000aee        46   func ,g         0
  _sendToRasPi
                                  00000b34        33   func ,g        13
  _sendToWaterSolfner
                                  00000b67        28   func ,g         0
  _RaspberryResponse_nostop
                                  00000b8f       1d1   func ,g         1
  _InitialOperationModeStart
                                  00000d60       123   func ,g         1
  _nostop_WaterSupplyOperation
                                  00000e83        62   func ,g         1
  _stop_waitAlarmConfirm
                                  00000ee5        21   func ,g         5
  _nostop_waitAlarmConfirm
                                  00000f06        18   func ,g         0
  _Voltage1Check_waitReset
                                  00000f1e        a3   func ,g         1
  _Voltage2Check_loop
                                  00000fc1        8e   func ,g         1
  _Voltage3Check_waitReset
                                  0000104f        a0   func ,g         1
  _LowVoltageCheck_waitReset
                                  000010ef        d8   func ,g         1
  _OverCurrentCheck_waitReset
                                  000011c7       173   func ,g         1
  _ElectrolyticOperation
                                  0000133a        4f   func ,g         1
  _solenoidCheck
                                  00001389        76   func ,g         0
  _saltWaterTankFullCheck
                                  000013ff        13   func ,g         0
  _saltWaterTankEmptyCheck
                                  00001412        10   func ,g         0
  _acidWaterTankSkipCheck
                                  00001422        3b   func ,g         0
  _alkalineWaterTankSkipCheck
                                  0000145d        3f   func ,g         0
  _FilterReplacementCheck
                                  0000149c         2   func ,g         0
  _ElectrolyzeWaterGeneration
                                  0000149e        30   func ,g         1
  _WaterWashingMode_nostop
                                  000014ce        42   func ,g         0
  _HandWashingMode_nostop
                                  00001510       16e   func ,g         1
  _AcidWaterMode_nostop
                                  0000167e        a3   func ,g         0
  _AlkalineWaterMode_nostop
                                  00001721        a5   func ,g         0
  _CallanCleaningMode_nostop
                                  000017c6        8d   func ,g         0
  _main_init_20211111
                                  00001853        68   func ,g         1
  _main_loop_20211111
                                  000018bb         3   func ,g         0
  _electrolyticOperationON
                                  000018be        27   func ,g         2
  _electrolyticOperationOFF
                                  000018e5        1a   func ,g         6
  _measureFlowSensor
                                  000018ff        c8   func ,g         1
  _nostop_measureFlowSensor
                                  000019c7        dd   func ,g         0
  _UpdateMachineStatus
                                  00001aa4        e9   func ,g         7
FILE=.\src\r_cg_adc.obj
                                  00001b8d  00001bee        62
  _R_ADC_Create
                                  00001b8d        33   func ,g         2
  _R_ADC_Start
                                  00001bc0         a   func ,g         2
  _R_ADC_Stop
                                  00001bca         a   func ,g         0
  _R_ADC_Set_OperationOn
                                  00001bd4         4   func ,g         1
  _R_ADC_Set_OperationOff
                                  00001bd8         4   func ,g         0
  _R_ADC_Get_Result
                                  00001bdc         7   func ,g         2
  _R_ADC_Set_ADChannel
                                  00001be3         c   func ,g         0
FILE=.\src\r_cg_cgc.obj
                                  00001bef  00001c04        16
  _R_CGC_Create
                                  00001bef        16   func ,g         1
FILE=.\src\r_cg_cgc_user.obj
                                  00001c05  00001c07         3
  _R_CGC_Get_ResetSource
                                  00001c05         3   func ,g         1
FILE=.\src\r_cg_dac.obj
                                  00001c08  00001c3a        33
  _R_DAC_Create
                                  00001c08        1d   func ,g         2
  _R_DAC0_Start
                                  00001c25         4   func ,g         1
  _R_DAC0_Stop
                                  00001c29         4   func ,g         0
  _R_DAC0_Set_ConversionValue
                                  00001c2d         3   func ,g         2
  _R_DAC1_Start
                                  00001c30         4   func ,g         1
  _R_DAC1_Stop
                                  00001c34         4   func ,g         0
  _R_DAC1_Set_ConversionValue
                                  00001c38         3   func ,g         2
FILE=.\src\r_cg_port.obj
                                  00001c3b  00001c82        48
  _R_PORT_Create
                                  00001c3b        48   func ,g         1
FILE=.\src\r_cg_port_user.obj
                                  00001c83  00001c83         1
  _R_PORT_Create_UserInit
                                  00001c83         1   func ,g         1
FILE=.\src\r_cg_rtc.obj
                                  00001c84  00001dc1       13e
  _R_RTC_Create
                                  00001c84        27   func ,g         2
  _R_RTC_Start
                                  00001cab         4   func ,g         1
  _R_RTC_Stop
                                  00001caf         4   func ,g         0
  _R_RTC_Get_CounterValue
                                  00001cb3        51   func ,g         0
  _R_RTC_Set_CounterValue
                                  00001d04        be   func ,g         1
FILE=.\src\r_cg_serial.obj
                                  00001dc2  000022b4       4f3
  _R_CSI01_Receive
                                  00001dc2        1a   func ,g         0
  _R_CSI01_Send
                                  00001ddc        26   func ,g         0
  _R_SAU0_Create
                                  00001e02        17   func ,g         2
  _R_UART1_Create
                                  00001e19        7e   func ,g         2
  _R_UART1_Start
                                  00001e97        26   func ,g         1
  _R_UART1_Stop
                                  00001ebd        1e   func ,g         0
  _R_UART1_Receive
                                  00001edb        18   func ,g         0
  _R_UART1_Send
                                  00001ef3        29   func ,g         0
  _R_CSI00_Create
                                  00001f1c        53   func ,g         2
  _R_CSI00_Start
                                  00001f6f        26   func ,g         1
  _R_CSI00_Stop
                                  00001f95        18   func ,g         0
  _R_CSI00_Send
                                  00001fad        28   func ,g         0
  _R_CSI01_Create
                                  00001fd5        5a   func ,g         3
  _R_CSI01_Start
                                  0000202f        26   func ,g         1
  _R_CSI01_Stop
                                  00002055        18   func ,g         1
  _R_CSI01_Send_Receive
                                  0000206d        36   func ,g         1
  _R_SAU1_Create
                                  000020a3        14   func ,g         2
  _R_UART2_Create
                                  000020b7        7e   func ,g         2
  _R_UART2_Start
                                  00002135        26   func ,g         2
  _R_UART2_Stop
                                  0000215b        1e   func ,g         1
  _R_UART2_Receive
                                  00002179        18   func ,g         4
  _R_UART2_Send
                                  00002191        29   func ,g         5
  _R_UART3_Create
                                  000021ba        76   func ,g         2
  _R_UART3_Start
                                  00002230        26   func ,g         1
  _R_UART3_Stop
                                  00002256        1e   func ,g         0
  _R_UART3_Receive
                                  00002274        18   func ,g         2
  _R_UART3_Send
                                  0000228c        29   func ,g         2
FILE=.\src\r_cg_serial_user.obj
                                  000022b5  000023bb       107
  _isCommand
                                  000022b5        22   func ,g         1
  _r_uart1_callback_receiveend@1
                                  000022d7         1   func ,l         1
  _r_uart1_callback_softwareoverrun@1
                                  000022d8         1   func ,l         1
  _r_uart1_callback_sendend@1
                                  000022d9         1   func ,l         1
  _r_uart1_callback_error@1
                                  000022da         1   func ,l         1
  _r_csi00_callback_sendend@1
                                  000022db         1   func ,l         1
  _r_csi01_callback_receiveend@1
                                  000022dc         7   func ,l         1
  _r_csi01_callback_error@1
                                  000022e3         1   func ,l         1
  _r_csi01_callback_sendend@1
                                  000022e4         4   func ,l         1
  _r_uart2_callback_receiveend@1
                                  000022e8        96   func ,l         1
  _r_uart2_callback_softwareoverrun@1
                                  0000237e         1   func ,l         1
  _r_uart2_callback_sendend@1
                                  0000237f         4   func ,l         1
  _r_uart2_callback_error@1
                                  00002383         1   func ,l         1
  _r_uart3_callback_receiveend@1
                                  00002384        2f   func ,l         1
  _r_uart3_callback_softwareoverrun@1
                                  000023b3         1   func ,l         1
  _r_uart3_callback_sendend@1
                                  000023b4         7   func ,l         1
  _r_uart3_callback_error@1
                                  000023bb         1   func ,l         1
FILE=.\src\r_cg_timer.obj
                                  000023bc  000024c8       10d
  _R_TAU0_Create
                                  000023bc        ad   func ,g         2
  _R_TAU0_Channel0_Start
                                  00002469        10   func ,g         1
  _R_TAU0_Channel0_Stop
                                  00002479        10   func ,g         0
  _R_TAU0_Channel1_Start
                                  00002489        10   func ,g         0
  _R_TAU0_Channel1_Stop
                                  00002499        10   func ,g         0
  _R_TAU0_Channel2_Start
                                  000024a9        10   func ,g         0
  _R_TAU0_Channel2_Stop
                                  000024b9        10   func ,g         0
FILE=.\src\r_cg_wdt.obj
                                  000024c9  000024dd        15
  _R_WDT_Create
                                  000024c9        11   func ,g         1
  _R_WDT_Restart
                                  000024da         4   func ,g         c
FILE=.\src\r_main.obj
                                  000024de  0000275a       27d
  _nostop_checkHandSensor
                                  000024de        31   func ,g         0
  _readHS
                                  0000250f        15   func ,g         0
  _main
                                  00002524       1d6   func ,g         1
  _R_MAIN_UserInit
                                  000026fa        61   func ,g         1
FILE=.\src\r_systeminit.obj
                                  0000275b  00002791        37
  _R_Systeminit
                                  0000275b        32   func ,g         1
  _hdwinit
                                  0000278d         5   func ,g         1
FILE=.\src\usr_timer.obj
                                  00002792  0000288c        fb
  _delay_ms
                                  00002792        68   func ,g         4
  _delay
                                  000027fa        18   func ,g         1
  _ns_delay_ms
                                  00002812        35   func ,g        24
  _non_block_delay
                                  00002847         2   func ,g         0
  _mTask
                                  00002849        44   func ,g         0

SECTION=.RLIB
FILE=memcpy
                                  0000288d  0000289d        11
  _memcpy
                                  0000288d         0   none ,g         3
FILE=_COM_faddsub
                                  0000289e  000029d8       13b
  __COM_fsub
                                  000028fa         0   none ,g         0
  __COM_fadd
                                  00002902         0   none ,g         2
FILE=_COM_fdiv
                                  000029d9  00002b06       12e
  __COM_fdiv
                                  00002a38         0   none ,g         4
FILE=_COM_fge
                                  00002b07  00002b1c        16
  __COM_fge
                                  00002b07         0   none ,g         2
FILE=_COM_fgt
                                  00002b1d  00002b32        16
  __COM_fgt
                                  00002b1d         0   none ,g         3
FILE=_COM_fle
                                  00002b33  00002b48        16
  __COM_fle
                                  00002b33         0   none ,g         1
FILE=_COM_flt
                                  00002b49  00002b5e        16
  __COM_flt
                                  00002b49         0   none ,g         4
FILE=_COM_fmul
                                  00002b5f  00002c4b        ed
  __COM_fmul
                                  00002baa         0   none ,g         8
FILE=_COM_ftoul
                                  00002c4c  00002c57         c
  __COM_ftoul
                                  00002c4c         0   none ,g         6
FILE=_COM_funordered
                                  00002c58  00002c62         b
  __COM_funordered
                                  00002c58         0   none ,g         8
FILE=_COM_ultof
                                  00002c63  00002c68         6
  __COM_ultof
                                  00002c63         0   none ,g         9
FILE=_REL_fcmp
                                  00002c69  00002ca0        38
  __REL_fcmp
                                  00002c69         0   none ,g         4
FILE=_REL_fordered_core
                                  00002ca1  00002cbc        1c
  __REL_fordered_core
                                  00002ca1         0   none ,g         5
FILE=_REL_ftol
                                  00002cbd  00002cf1        35
  __REL_ftol
                                  00002cbd         0   none ,g         1
FILE=_REL_f_inf
                                  00002cf2  00002cf9         8
  __REL_f_inf
                                  00002cf2         0   none ,g         5
FILE=_REL_f_norm
                                  00002cfa  00002d09        10
  __REL_f_norm
                                  00002cfa         0   none ,g         3
FILE=_REL_f_round
                                  00002d0a  00002d1c        13
  __REL_f_round
                                  00002d0a         0   none ,g         4
FILE=_REL_ltof
                                  00002d1d  00002d66        4a
  __REL_ltof
                                  00002d1d         0   none ,g         1
FILE=_COM_lshr
                                  00002d67  00002d87        21
  __COM_lshr
                                  00002d71         0   none ,g         1

SECTION=.const
FILE=.\src\EEPROM.obj
                                  00003000  00003001         2
FILE=.\src\crc32.obj
                                  00003002  00003401       400
  _crc32_table
                                  00003002       400   data ,g         2
FILE=.\src\crc8.obj
                                  00003402  00003501       100
  _crc_table@1
                                  00003402       100   data ,l         2
FILE=.\src\main.obj
                                  00003502  00003504         3
  _io_statusSize
                                  00003502         1   data ,g         0
  _timeSettingSize
                                  00003503         1   data ,g         0
  _numberSettingSize
                                  00003504         1   data ,g         0

SECTION=.monitor2
FILE=rlink_generates_02
                                  0007fe00  0007ffff       200

SECTION=.bss
FILE=.\src\EEPROM.obj
                                  000f4700  000f4726        27
  _eeprom_status
                                  000f4700         1   data ,g         c
    union  EEPROM_status_u {
                                                   1
      _eeprom_status.refined
                                  000f4700         1
    struct  {
                                                   1
      _eeprom_status.refined.RB
                                  000f4700         1   unsigned char:1(7)
      _eeprom_status.refined.WEN
                                  000f4700         1   unsigned char:1(6)
      _eeprom_status.refined.BP
                                  000f4700         1   unsigned char:2(4)
      _eeprom_status.refined.RSVD
                                  000f4700         1   unsigned char:3(1)
      _eeprom_status.refined.WPEN
                                  000f4700         1   unsigned char:1(0)
    }
      _eeprom_status.raw
                                  000f4700         1   unsigned char
    }
  _spi_flag
                                  000f4702         2   data ,g         3
  _buf
                                  000f4704        23   data ,g        12
FILE=.\src\interrupt_handle.obj
                                  000f4728  000f472b         4
  _g_adc_value
                                  000f4728         4   data ,g         4
FILE=.\src\main.obj
                                  000f472c  000f48a9       17e
  _g_Tick@1
                                  000f472c        80   data ,l        40
    struct Tick_s {
                                                  80
      _g_Tick@1.tick500ms
                                  000f472c         4   unsigned long
      _g_Tick@1.tick1s
                                  000f4730         4   unsigned long
      _g_Tick@1.tick5s
                                  000f4734         4   unsigned long
      _g_Tick@1.tickBlink
                                  000f4738         4   unsigned long
      _g_Tick@1.tickAlkaline
                                  000f473c         4   unsigned long
      _g_Tick@1.tickAcid
                                  000f4740         4   unsigned long
      _g_Tick@1.tickWater
                                  000f4744         4   unsigned long
      _g_Tick@1.tickHandWash
                                  000f4748         4   unsigned long
      _g_Tick@1.tickWaterSupply
                                  000f474c         4   unsigned long
      _g_Tick@1.tickFlowMeasurment
                                  000f4750         4   unsigned long
      _g_Tick@1.tickDebouceHandSensor
                                  000f4754         4   unsigned long
      _g_Tick@1.tickVoltage1Check
                                  000f4758         4   unsigned long
      _g_Tick@1.tickVoltage2Check
                                  000f475c         4   unsigned long
      _g_Tick@1.tickVoltage3Check
                                  000f4760         4   unsigned long
      _g_Tick@1.tickVoltageLowCheck
                                  000f4764         4   unsigned long
      _g_Tick@1.tickCurrentCheck
                                  000f4768         4   unsigned long
      _g_Tick@1.tickAcidLevel
                                  000f476c         c   unsigned long
      _g_Tick@1.tickAlkalineLevel
                                  000f4778         c   unsigned long
      _g_Tick@1.tickHandSensor
                                  000f4784         8   unsigned long
      _g_Tick@1.tickCustom
                                  000f478c        20   unsigned long
    }
  _g_TickKeeper@2
                                  000f47ac        14   data ,l         e
    struct Tick_Keeper_s {
                                                  14
      _g_TickKeeper@2.SV1_ON_minutes
                                  000f47ac         4   unsigned long
      _g_TickKeeper@2.SV1_OFF_minutes
                                  000f47b0         4   unsigned long
      _g_TickKeeper@2.SV2_ON_minutes
                                  000f47b4         4   unsigned long
      _g_TickKeeper@2.SV2_OFF_minutes
                                  000f47b8         4   unsigned long
      _g_TickKeeper@2.neutralization
                                  000f47bc         4   unsigned long
    }
  _pre_machine_mode@3
                                  000f47c0         1   data ,l         2
  __settingTime@4
                                  000f47c2        62   data ,l         3
    struct Timer_Setting_s {
                                                  62
      __settingTime@4.t2_flowSensorStartTime_s
                                  000f47c2         4   unsigned long
      __settingTime@4.t3_flowSensorMonitorTime_s
                                  000f47c6         4   unsigned long
      __settingTime@4.t6_drainageOffTime_h
                                  000f47ca         4   unsigned long
      __settingTime@4.t11_overVoltage1Time_s
                                  000f47ce         4   unsigned long
      __settingTime@4.t12_overVoltage2Time_s
                                  000f47d2         4   unsigned long
      __settingTime@4.t13_overVoltage3Time_s
                                  000f47d6         4   unsigned long
      __settingTime@4.t14_lowVoltageStartTime_s
                                  000f47da         4   unsigned long
      __settingTime@4.t15_lowVoltageDelayTime_s
                                  000f47de         4   unsigned long
      __settingTime@4.t17_solenoidLeakageStartTime_s
                                  000f47e2         4   unsigned long
      __settingTime@4.t51_alkalineWaterSpoutingTime_s
                                  000f47e6         4   unsigned long
      __settingTime@4.t52_acidWaterSpoutingTime_s
                                  000f47ea         4   unsigned long
      __settingTime@4.t53_washingWaterSpoutingTime_s
                                  000f47ee         4   unsigned long
      __settingTime@4.t54_overLapTime_ms
                                  000f47f2         4   unsigned long
      __settingTime@4.t56_acidWaterDownTime_s
                                  000f47f6         4   unsigned long
      __settingTime@4.t59_alkalineWaterDownTime_s
                                  000f47fa         4   unsigned long
      __settingTime@4.t61_curranCleaningIntervalTime_h
                                  000f47fe         4   unsigned long
      __settingTime@4.t62_callanWashSpoutingTime_s
                                  000f4802         4   unsigned long
      __settingTime@4.crc
                                  000f4806         1   char
      __settingTime@4.t26_onDelayEmptyLevel_s
                                  000f4808         4   unsigned long
      __settingTime@4.t27_onDelayLowLevel_s
                                  000f480c         4   unsigned long
      __settingTime@4.t28_onDelayHighLevel_s
                                  000f4810         4   unsigned long
      __settingTime@4.t30_offDelayEmptyLevel_s
                                  000f4814         4   unsigned long
      __settingTime@4.t31_saltLowLevelDelay_s
                                  000f4818         4   unsigned long
      __settingTime@4.t32_saltHighLevelDelay_s
                                  000f481c         4   unsigned long
      __settingTime@4.t55_waterDischargeDelay_s
                                  000f4820         4   unsigned long
    }
  __settingNumber@5
                                  000f4824        26   data ,l         5
    struct Number_Setting_s {
                                                  26
      __settingNumber@5.upperVoltage1
                                  000f4824         4   float
      __settingNumber@5.upperVoltage2
                                  000f4828         4   float
      __settingNumber@5.upperVoltage3
                                  000f482c         4   float
      __settingNumber@5.lowerVoltage
                                  000f4830         4   float
      __settingNumber@5.upperCurrent
                                  000f4834         4   float
      __settingNumber@5.lowerCurrent
                                  000f4838         4   float
      __settingNumber@5.upperFlow
                                  000f483c         4   float
      __settingNumber@5.lowerFlow
                                  000f4840         4   float
      __settingNumber@5.crc
                                  000f4844         1   char
      __settingNumber@5.cvccCurrent
                                  000f4846         4   float
    }
  _g_callan_clear_flag@6
                                  000f484a         1   data ,l         3
  _g_numberSetting
                                  000f484c        26   data ,g        28
    struct Number_Setting_s {
                                                  26
      _g_numberSetting.upperVoltage1
                                  000f484c         4   float
      _g_numberSetting.upperVoltage2
                                  000f4850         4   float
      _g_numberSetting.upperVoltage3
                                  000f4854         4   float
      _g_numberSetting.lowerVoltage
                                  000f4858         4   float
      _g_numberSetting.upperCurrent
                                  000f485c         4   float
      _g_numberSetting.lowerCurrent
                                  000f4860         4   float
      _g_numberSetting.upperFlow
                                  000f4864         4   float
      _g_numberSetting.lowerFlow
                                  000f4868         4   float
      _g_numberSetting.crc
                                  000f486c         1   char
      _g_numberSetting.cvccCurrent
                                  000f486e         4   float
    }
  _g_color
                                  000f4872         1   data ,g         d
  _g_pre_color
                                  000f4873         1   data ,g         3
  _g_flow_value
                                  000f4874         4   data ,g         2
  _g_alarm
                                  000f4878         2   data ,g         f
    union  Alarm_Flag_u {
                                                   2
      _g_alarm.refined
                                  000f4878         2
    struct  {
                                                   2
      _g_alarm.refined.overVoltage1
                                  000f4878         1   unsigned char:1(7)
      _g_alarm.refined.overVoltage2
                                  000f4878         1   unsigned char:1(6)
      _g_alarm.refined.overVoltage3
                                  000f4878         1   unsigned char:1(5)
      _g_alarm.refined.overCurrent
                                  000f4878         1   unsigned char:1(4)
      _g_alarm.refined.overFlow
                                  000f4878         1   unsigned char:1(3)
      _g_alarm.refined.underVoltage
                                  000f4878         1   unsigned char:1(2)
      _g_alarm.refined.underCurrent
                                  000f4878         1   unsigned char:1(1)
      _g_alarm.refined.underFlow
                                  000f4878         1   unsigned char:1(0)
      _g_alarm.refined.cvcc
                                  000f4879         1   unsigned char:1(7)
    }
    }
  _g_machine_state
                                  000f487a         8   data ,g        27
    struct Machine_State_u {
                                                   8
      _g_machine_state.akaline
                                  000f487a         1   unsigned char
      _g_machine_state.acid
                                  000f487b         1   unsigned char
      _g_machine_state.water
                                  000f487c         1   unsigned char
      _g_machine_state.handwash
                                  000f487d         1   unsigned char
      _g_machine_state.waterSupply
                                  000f487e         1   unsigned char
      _g_machine_state.flowSensor
                                  000f487f         1   unsigned char
      _g_machine_state.user
                                  000f4880         1   unsigned char
      _g_machine_state.mode
                                  000f4881         1   unsigned char
    }
  _g_io_status
                                  000f4882        12   data ,g        34
    union  IO_Status_u {
                                                  12
      _g_io_status.refined
                                  000f4882        12
    struct  {
                                                  12
      _g_io_status.refined.AlkalineEmptyLevel
                                  000f4882         1   unsigned char:1(7)
      _g_io_status.refined.AlkalineLowLevel
                                  000f4882         1   unsigned char:1(6)
      _g_io_status.refined.AlkalineHighLevel
                                  000f4882         1   unsigned char:1(5)
      _g_io_status.refined.AcidEmptyLevel
                                  000f4882         1   unsigned char:1(4)
      _g_io_status.refined.AcidLowLevel
                                  000f4882         1   unsigned char:1(3)
      _g_io_status.refined.AcidHighLevel
                                  000f4882         1   unsigned char:1(2)
      _g_io_status.refined.SaltLowLevel
                                  000f4882         1   unsigned char:1(1)
      _g_io_status.refined.SaltHighLevel
                                  000f4882         1   unsigned char:1(0)
      _g_io_status.refined.Valve
                                  000f4883         2
    struct  {
                                                   2
      _g_io_status.refined.Valve.SV1
                                  000f4883         1   unsigned char:1(7)
      _g_io_status.refined.Valve.SV2
                                  000f4883         1   unsigned char:1(6)
      _g_io_status.refined.Valve.SV3
                                  000f4883         1   unsigned char:1(5)
      _g_io_status.refined.Valve.SV4
                                  000f4883         1   unsigned char:1(4)
      _g_io_status.refined.Valve.SV5
                                  000f4883         1   unsigned char:1(3)
      _g_io_status.refined.Valve.SV6
                                  000f4883         1   unsigned char:1(2)
      _g_io_status.refined.Valve.SV7
                                  000f4883         1   unsigned char:1(1)
      _g_io_status.refined.Valve.SV8
                                  000f4883         1   unsigned char:1(0)
      _g_io_status.refined.Valve.SV9
                                  000f4884         1   unsigned char:1(7)
      _g_io_status.refined.Valve.RSVD
                                  000f4884         1   unsigned char:7(0)
    }
      _g_io_status.refined.Pump1
                                  000f4885         1   unsigned char:1(7)
      _g_io_status.refined.Pump2
                                  000f4885         1   unsigned char:1(6)
      _g_io_status.refined.SaltPump
                                  000f4885         1   unsigned char:1(5)
      _g_io_status.refined.RSVD1
                                  000f4885         1   unsigned char:4(1)
      _g_io_status.refined.MachineMode
                                  000f4886         1   unsigned char
      _g_io_status.refined.FlowValue
                                  000f4888         4   float
      _g_io_status.refined.CVCCVoltage
                                  000f488c         4   float
      _g_io_status.refined.CVCCCurrent
                                  000f4890         4   float
    }
    }
  _g_pre_io_status
                                  000f4894        12   data ,g        11
    union  IO_Status_u {
                                                  12
      _g_pre_io_status.refined
                                  000f4894        12
    struct  {
                                                  12
      _g_pre_io_status.refined.AlkalineEmptyLevel
                                  000f4894         1   unsigned char:1(7)
      _g_pre_io_status.refined.AlkalineLowLevel
                                  000f4894         1   unsigned char:1(6)
      _g_pre_io_status.refined.AlkalineHighLevel
                                  000f4894         1   unsigned char:1(5)
      _g_pre_io_status.refined.AcidEmptyLevel
                                  000f4894         1   unsigned char:1(4)
      _g_pre_io_status.refined.AcidLowLevel
                                  000f4894         1   unsigned char:1(3)
      _g_pre_io_status.refined.AcidHighLevel
                                  000f4894         1   unsigned char:1(2)
      _g_pre_io_status.refined.SaltLowLevel
                                  000f4894         1   unsigned char:1(1)
      _g_pre_io_status.refined.SaltHighLevel
                                  000f4894         1   unsigned char:1(0)
      _g_pre_io_status.refined.Valve
                                  000f4895         2
    struct  {
                                                   2
      _g_pre_io_status.refined.Valve.SV1
                                  000f4895         1   unsigned char:1(7)
      _g_pre_io_status.refined.Valve.SV2
                                  000f4895         1   unsigned char:1(6)
      _g_pre_io_status.refined.Valve.SV3
                                  000f4895         1   unsigned char:1(5)
      _g_pre_io_status.refined.Valve.SV4
                                  000f4895         1   unsigned char:1(4)
      _g_pre_io_status.refined.Valve.SV5
                                  000f4895         1   unsigned char:1(3)
      _g_pre_io_status.refined.Valve.SV6
                                  000f4895         1   unsigned char:1(2)
      _g_pre_io_status.refined.Valve.SV7
                                  000f4895         1   unsigned char:1(1)
      _g_pre_io_status.refined.Valve.SV8
                                  000f4895         1   unsigned char:1(0)
      _g_pre_io_status.refined.Valve.SV9
                                  000f4896         1   unsigned char:1(7)
      _g_pre_io_status.refined.Valve.RSVD
                                  000f4896         1   unsigned char:7(0)
    }
      _g_pre_io_status.refined.Pump1
                                  000f4897         1   unsigned char:1(7)
      _g_pre_io_status.refined.Pump2
                                  000f4897         1   unsigned char:1(6)
      _g_pre_io_status.refined.SaltPump
                                  000f4897         1   unsigned char:1(5)
      _g_pre_io_status.refined.RSVD1
                                  000f4897         1   unsigned char:4(1)
      _g_pre_io_status.refined.MachineMode
                                  000f4898         1   unsigned char
      _g_pre_io_status.refined.FlowValue
                                  000f489a         4   float
      _g_pre_io_status.refined.CVCCVoltage
                                  000f489e         4   float
      _g_pre_io_status.refined.CVCCCurrent
                                  000f48a2         4   float
    }
    }
  __flow_pulse
                                  000f48a6         4   data ,g         8
FILE=.\src\r_cg_rtc_user.obj
                                  000f48aa  000f48b0         7
  _g_rtc
                                  000f48aa         7   data ,g         3
    struct  {
                                                   7
      _g_rtc.sec
                                  000f48aa         1   unsigned char
      _g_rtc.min
                                  000f48ab         1   unsigned char
      _g_rtc.hour
                                  000f48ac         1   unsigned char
      _g_rtc.day
                                  000f48ad         1   unsigned char
      _g_rtc.week
                                  000f48ae         1   unsigned char
      _g_rtc.month
                                  000f48af         1   unsigned char
      _g_rtc.year
                                  000f48b0         1   unsigned char
    }
FILE=.\src\r_cg_serial.obj
                                  000f48b2  000f48e7        36
  _gp_uart1_tx_address
                                  000f48b2         2   data ,g         5
  _g_uart1_tx_count
                                  000f48b4         2   data ,g         4
  _gp_uart1_rx_address
                                  000f48b6         2   data ,g         3
  _g_uart1_rx_count
                                  000f48b8         2   data ,g         4
  _g_uart1_rx_length
                                  000f48ba         2   data ,g         3
  _gp_csi00_rx_address
                                  000f48bc         2   data ,g         0
  _g_csi00_rx_length
                                  000f48be         2   data ,g         0
  _g_csi00_rx_count
                                  000f48c0         2   data ,g         0
  _gp_csi00_tx_address
                                  000f48c2         2   data ,g         6
  _g_csi00_send_length
                                  000f48c4         2   data ,g         0
  _g_csi00_tx_count
                                  000f48c6         2   data ,g         4
  _gp_csi01_rx_address
                                  000f48c8         2   data ,g         5
  _g_csi01_rx_length
                                  000f48ca         2   data ,g         1
  _g_csi01_rx_count
                                  000f48cc         2   data ,g         1
  _gp_csi01_tx_address
                                  000f48ce         2   data ,g         7
  _g_csi01_send_length
                                  000f48d0         2   data ,g         0
  _g_csi01_tx_count
                                  000f48d2         2   data ,g         7
  _gp_uart2_tx_address
                                  000f48d4         2   data ,g         5
  _g_uart2_tx_count
                                  000f48d6         2   data ,g         4
  _gp_uart2_rx_address
                                  000f48d8         2   data ,g         3
  _g_uart2_rx_count
                                  000f48da         2   data ,g         4
  _g_uart2_rx_length
                                  000f48dc         2   data ,g         3
  _gp_uart3_tx_address
                                  000f48de         2   data ,g         5
  _g_uart3_tx_count
                                  000f48e0         2   data ,g         4
  _gp_uart3_rx_address
                                  000f48e2         2   data ,g         3
  _g_uart3_rx_count
                                  000f48e4         2   data ,g         4
  _g_uart3_rx_length
                                  000f48e6         2   data ,g         3
FILE=.\src\r_cg_serial_user.obj
                                  000f48e8  000f4944        5d
  _send_response_flag
                                  000f48e8         1   data ,g         0
  _send_response_time_flag
                                  000f48e9         1   data ,g         0
  _send_response_number_flag
                                  000f48ea         1   data ,g         0
  _recived_time_setting_flag
                                  000f48eb         1   data ,g         0
  _send_respone_status_flag
                                  000f48ec         1   data ,g         0
  _recived_number_setting_flag
                                  000f48ed         1   data ,g         0
  _commnunication_flag
                                  000f48ee         6   data ,g        18
    struct Communicaition_flag_s {
                                                   6
      _commnunication_flag.send_response_flag
                                  000f48ee         1   unsigned char
      _commnunication_flag.send_response_time_flag
                                  000f48ef         1   unsigned char
      _commnunication_flag.send_response_number_flag
                                  000f48f0         1   unsigned char
      _commnunication_flag.recived_number_setting_flag
                                  000f48f1         1   unsigned char
      _commnunication_flag.recived_time_setting_flag
                                  000f48f2         1   unsigned char
      _commnunication_flag.send_respone_status_flag
                                  000f48f3         1   unsigned char
    }
  _g_csi_count
                                  000f48f4         1   data ,g         0
  _g_csi_err
                                  000f48f5         1   data ,g         0
  _g_csi_send_end
                                  000f48f6         1   data ,g         1
  _g_csi_rev_end
                                  000f48f7         1   data ,g         3
  _g_uart1_send
                                  000f48f8         1   data ,g         0
  _g_uart2_sendend
                                  000f48f9         1   data ,g         c
  _g_uart2_receive
                                  000f48fa         1   data ,g         1
  _g_rx_data
                                  000f48fb        48   data ,g        1c
  _g_uart2_fault
                                  000f4943         1   data ,g         3
  _g_uart3_sendend
                                  000f4944         1   data ,g         3
FILE=.\src\r_cg_timer_user.obj
                                  000f4946  000f494d         8
  _timer0_ch0_flag
                                  000f4946         1   data ,g         1
  _timer0_ch1_flag
                                  000f4947         1   data ,g         1
  _timer0_ch2_flag
                                  000f4948         1   data ,g         1
  _g_systemTime
                                  000f494a         4   data ,g        46
FILE=.\src\r_main.obj
                                  000f494e  000f4a8a       13d
  _g_Tick@1
                                  000f494e        80   data ,l         9
    struct Tick_s {
                                                  80
      _g_Tick@1.tick500ms
                                  000f494e         4   unsigned long
      _g_Tick@1.tick1s
                                  000f4952         4   unsigned long
      _g_Tick@1.tick5s
                                  000f4956         4   unsigned long
      _g_Tick@1.tickBlink
                                  000f495a         4   unsigned long
      _g_Tick@1.tickAlkaline
                                  000f495e         4   unsigned long
      _g_Tick@1.tickAcid
                                  000f4962         4   unsigned long
      _g_Tick@1.tickWater
                                  000f4966         4   unsigned long
      _g_Tick@1.tickHandWash
                                  000f496a         4   unsigned long
      _g_Tick@1.tickWaterSupply
                                  000f496e         4   unsigned long
      _g_Tick@1.tickFlowMeasurment
                                  000f4972         4   unsigned long
      _g_Tick@1.tickDebouceHandSensor
                                  000f4976         4   unsigned long
      _g_Tick@1.tickVoltage1Check
                                  000f497a         4   unsigned long
      _g_Tick@1.tickVoltage2Check
                                  000f497e         4   unsigned long
      _g_Tick@1.tickVoltage3Check
                                  000f4982         4   unsigned long
      _g_Tick@1.tickVoltageLowCheck
                                  000f4986         4   unsigned long
      _g_Tick@1.tickCurrentCheck
                                  000f498a         4   unsigned long
      _g_Tick@1.tickAcidLevel
                                  000f498e         c   unsigned long
      _g_Tick@1.tickAlkalineLevel
                                  000f499a         c   unsigned long
      _g_Tick@1.tickHandSensor
                                  000f49a6         8   unsigned long
      _g_Tick@1.tickCustom
                                  000f49ae        20   unsigned long
    }
  _g_TickKeeper@2
                                  000f49ce        14   data ,l        18
    struct Tick_Keeper_s {
                                                  14
      _g_TickKeeper@2.SV1_ON_minutes
                                  000f49ce         4   unsigned long
      _g_TickKeeper@2.SV1_OFF_minutes
                                  000f49d2         4   unsigned long
      _g_TickKeeper@2.SV2_ON_minutes
                                  000f49d6         4   unsigned long
      _g_TickKeeper@2.SV2_OFF_minutes
                                  000f49da         4   unsigned long
      _g_TickKeeper@2.neutralization
                                  000f49de         4   unsigned long
    }
  _g_e_status
                                  000f49e2         1   data ,g         0
    union  EEPROM_status_u {
                                                   1
      _g_e_status.refined
                                  000f49e2         1
    struct  {
                                                   1
      _g_e_status.refined.RB
                                  000f49e2         1   unsigned char:1(7)
      _g_e_status.refined.WEN
                                  000f49e2         1   unsigned char:1(6)
      _g_e_status.refined.BP
                                  000f49e2         1   unsigned char:2(4)
      _g_e_status.refined.RSVD
                                  000f49e2         1   unsigned char:3(1)
      _g_e_status.refined.WPEN
                                  000f49e2         1   unsigned char:1(0)
    }
      _g_e_status.raw
                                  000f49e2         1   unsigned char
    }
  _ret_number_setting
                                  000f49e4        26   data ,g         0
    struct Number_Setting_s {
                                                  26
      _ret_number_setting.upperVoltage1
                                  000f49e4         4   float
      _ret_number_setting.upperVoltage2
                                  000f49e8         4   float
      _ret_number_setting.upperVoltage3
                                  000f49ec         4   float
      _ret_number_setting.lowerVoltage
                                  000f49f0         4   float
      _ret_number_setting.upperCurrent
                                  000f49f4         4   float
      _ret_number_setting.lowerCurrent
                                  000f49f8         4   float
      _ret_number_setting.upperFlow
                                  000f49fc         4   float
      _ret_number_setting.lowerFlow
                                  000f4a00         4   float
      _ret_number_setting.crc
                                  000f4a04         1   char
      _ret_number_setting.cvccCurrent
                                  000f4a06         4   float
    }
  _flow_p
                                  000f4a0a         1   data ,g         1
  _salt_h_p
                                  000f4a0b         1   data ,g         0
  _g_eeprom_wren
                                  000f4a0c         1   data ,g         0
  _receive_data
                                  000f4a0d         2   data ,g         0
  _receive_setting
                                  000f4a10        26   data ,g         0
    struct Number_Setting_s {
                                                  26
      _receive_setting.upperVoltage1
                                  000f4a10         4   float
      _receive_setting.upperVoltage2
                                  000f4a14         4   float
      _receive_setting.upperVoltage3
                                  000f4a18         4   float
      _receive_setting.lowerVoltage
                                  000f4a1c         4   float
      _receive_setting.upperCurrent
                                  000f4a20         4   float
      _receive_setting.lowerCurrent
                                  000f4a24         4   float
      _receive_setting.upperFlow
                                  000f4a28         4   float
      _receive_setting.lowerFlow
                                  000f4a2c         4   float
      _receive_setting.crc
                                  000f4a30         1   char
      _receive_setting.cvccCurrent
                                  000f4a32         4   float
    }
  _set
                                  000f4a36         1   data ,g         0
    union  EEPROM_status_u {
                                                   1
      _set.refined
                                  000f4a36         1
    struct  {
                                                   1
      _set.refined.RB
                                  000f4a36         1   unsigned char:1(7)
      _set.refined.WEN
                                  000f4a36         1   unsigned char:1(6)
      _set.refined.BP
                                  000f4a36         1   unsigned char:2(4)
      _set.refined.RSVD
                                  000f4a36         1   unsigned char:3(1)
      _set.refined.WPEN
                                  000f4a36         1   unsigned char:1(0)
    }
      _set.raw
                                  000f4a36         1   unsigned char
    }
  _rx_data
                                  000f4a38         c   data ,g         0
  _data_f
                                  000f4a44         4   data ,g         0
  _data_f_test
                                  000f4a48         4   data ,g         0
    union  byte_to_float {
                                                   4
      _data_f_test.refined
                                  000f4a48         4
    struct  {
                                                   4
      _data_f_test.refined.b
                                  000f4a48         4   unsigned char
    }
      _data_f_test.raw
                                  000f4a48         4   float
    }
  _g_control_buffer
                                  000f4a4c         6   data ,g         a
    struct UART_Buffer_s {
                                                   6
      _g_control_buffer.head
                                  000f4a4c         1   unsigned char
      _g_control_buffer.set_number
                                  000f4a4d         1   unsigned char
      _g_control_buffer.set_value
                                  000f4a4e         4   unsigned long
    }
  _handsensor_status
                                  000f4a52         1   data ,g         0
    union   {
                                                   1
      _handsensor_status.
                                  000f4a52         1
    struct  {
                                                   1
      _handsensor_status..up_signal
                                  000f4a52         1   unsigned char
    }
      _handsensor_status.status
                                  000f4a52         1   unsigned char
    }
  _g_handsensor_status
                                  000f4a53         2   data ,g         3
  _rec_buf
                                  000f4a55         c   data ,g         5
  _g_crc
                                  000f4a61         8   data ,g         2
  _g_crc_32
                                  000f4a6a        20   data ,g         0
  _rx_count
                                  000f4a8a         1   data ,g         2

SECTION=.dataR
FILE=.\src\main.obj
                                  000f4a8c  000f4aef        64
  _g_timerSetting
                                  000f4a8c        62   data ,g        60
    struct Timer_Setting_s {
                                                  62
      _g_timerSetting.t2_flowSensorStartTime_s
                                  000f4a8c         4   unsigned long
      _g_timerSetting.t3_flowSensorMonitorTime_s
                                  000f4a90         4   unsigned long
      _g_timerSetting.t6_drainageOffTime_h
                                  000f4a94         4   unsigned long
      _g_timerSetting.t11_overVoltage1Time_s
                                  000f4a98         4   unsigned long
      _g_timerSetting.t12_overVoltage2Time_s
                                  000f4a9c         4   unsigned long
      _g_timerSetting.t13_overVoltage3Time_s
                                  000f4aa0         4   unsigned long
      _g_timerSetting.t14_lowVoltageStartTime_s
                                  000f4aa4         4   unsigned long
      _g_timerSetting.t15_lowVoltageDelayTime_s
                                  000f4aa8         4   unsigned long
      _g_timerSetting.t17_solenoidLeakageStartTime_s
                                  000f4aac         4   unsigned long
      _g_timerSetting.t51_alkalineWaterSpoutingTime_s
                                  000f4ab0         4   unsigned long
      _g_timerSetting.t52_acidWaterSpoutingTime_s
                                  000f4ab4         4   unsigned long
      _g_timerSetting.t53_washingWaterSpoutingTime_s
                                  000f4ab8         4   unsigned long
      _g_timerSetting.t54_overLapTime_ms
                                  000f4abc         4   unsigned long
      _g_timerSetting.t56_acidWaterDownTime_s
                                  000f4ac0         4   unsigned long
      _g_timerSetting.t59_alkalineWaterDownTime_s
                                  000f4ac4         4   unsigned long
      _g_timerSetting.t61_curranCleaningIntervalTime_h
                                  000f4ac8         4   unsigned long
      _g_timerSetting.t62_callanWashSpoutingTime_s
                                  000f4acc         4   unsigned long
      _g_timerSetting.crc
                                  000f4ad0         1   char
      _g_timerSetting.t26_onDelayEmptyLevel_s
                                  000f4ad2         4   unsigned long
      _g_timerSetting.t27_onDelayLowLevel_s
                                  000f4ad6         4   unsigned long
      _g_timerSetting.t28_onDelayHighLevel_s
                                  000f4ada         4   unsigned long
      _g_timerSetting.t30_offDelayEmptyLevel_s
                                  000f4ade         4   unsigned long
      _g_timerSetting.t31_saltLowLevelDelay_s
                                  000f4ae2         4   unsigned long
      _g_timerSetting.t32_saltHighLevelDelay_s
                                  000f4ae6         4   unsigned long
      _g_timerSetting.t55_waterDischargeDelay_s
                                  000f4aea         4   unsigned long
    }
  _g_electrolytic_flag
                                  000f4aee         1   data ,g         2
  __pre_flow_state
                                  000f4aef         1   data ,g         2
FILE=.\src\r_main.obj
                                  000f4af0  000f4b09        1a
  _g_error
                                  000f4af0         2   data ,g         0
  _g_adc_ch
                                  000f4af2         2   data ,g         0
  _led_st
                                  000f4af4         1   data ,g         2
  _send_data
                                  000f4af5         2   data ,g         0
  _this_size
                                  000f4af7         1   data ,g         0
  _this_size_2
                                  000f4af8         1   data ,g         0
  _send_buf
                                  000f4af9         7   data ,g         0
  _data_crc
                                  000f4b00         8   data ,g         0
  _dac_out
                                  000f4b08         2   data ,g         2

Absolute value symbols
FILE=rlink_generates_05
  __s.text
                                  00000156         0   none ,g         0
  __e.text
                                  00000470         0   none ,g         0
  __s.textf
                                  00000470         0   none ,g         0
  __e.textf
                                  0000288d         0   none ,g         0
  __s.const
                                  00003000         0   none ,g         0
  __e.const
                                  00003505         0   none ,g         0
  __s.constf
                                  00000080         0   none ,g         0
  __e.constf
                                  00000080         0   none ,g         0
  __s.data
                                  000000d8         0   none ,g         0
  __e.data
                                  00000156         0   none ,g         0
  __s.sdata
                                  00000080         0   none ,g         0
  __e.sdata
                                  00000080         0   none ,g         0
  __s.bss
                                  000f4700         0   none ,g         0
  __e.bss
                                  000f4a8b         0   none ,g         0
  __s.sbss
                                  000ffe20         0   none ,g         0
  __e.sbss
                                  000ffe20         0   none ,g         0
  __s.dataR
                                  000f4a8c         0   none ,g         0
  __e.dataR
                                  000f4b0a         0   none ,g         0
  __s.sdataR
                                  000ffe20         0   none ,g         0
  __e.sdataR
                                  000ffe20         0   none ,g         0
  __s.RLIB
                                  0000288d         0   none ,g         0
  __e.RLIB
                                  00002d88         0   none ,g         0
  __s.SLIB
                                  000000c4         0   none ,g         0
  __e.SLIB
                                  000000c4         0   none ,g         0
  __s.option_byte
                                  000000c0         0   none ,g         0
  __e.option_byte
                                  000000c4         0   none ,g         0
  __s.monitor1
                                  000000ce         0   none ,g         0
  __e.monitor1
                                  000000d8         0   none ,g         0
  __s.monitor2
                                  0007fe00         0   none ,g         0
  __e.monitor2
                                  00080000         0   none ,g         0
  __s.security_id
                                  000000c4         0   none ,g         0
  __e.security_id
                                  000000ce         0   none ,g         0
  __s.vect
                                  00000000         0   none ,g         0
  __e.vect
                                  00000080         0   none ,g         0
  __RAM_ADDR_START
                                  000f3f00         0   none ,g         0
  __RAM_ADDR_END
                                  000ffee0         0   none ,g         0
  __STACK_ADDR_START
                                  000ffe20         0   none ,g         1
  __STACK_ADDR_END
                                  000f4b0a         0   none ,g         1

*** Unfilled Areas ***

AREA                                START    END

*** Delete Symbols ***

SYMBOL                                SIZE    INFO

*** Variable Vector Table List ***

ADDRESS  SYMBOL/ADDRESS
00       _start
02       ffff
04       _r_wdt_interrupt@1
06       
08       
0a       
0c       
0e       
10       
12       
14       _r_uart2_interrupt_send@1
16       _r_uart2_interrupt_receive@1
18       
1a       
1c       
1e       _r_csi00_interrupt@1
20       _r_csi01_interrupt@1
22       
24       _r_uart1_interrupt_send@1
26       _r_uart1_interrupt_receive@1
28       
2a       
2c       _r_tau0_channel0_interrupt@1
2e       _r_tau0_channel1_interrupt@1
30       _r_tau0_channel2_interrupt@1
32       
34       _r_adc_interrupt@1
36       
38       
3a       
3c       _r_uart3_interrupt_send@1
3e       _r_uart3_interrupt_receive@1
40       
42       
44       
46       
48       
4a       
4c       
4e       
50       
52       
54       
56       
58       
5a       
5c       
5e       
60       
62       
64       
66       
68       
6a       
6c       
6e       
70       
72       
74       
76       
78       
7a       
7c       
7e       

*** Cross Reference List ***

No   Unit Name   Global.Symbol   Location External Infomation
---- ----------- --------------- -------- ---------------------
0001 cstart
     SECTION=.text
                 _start
                                 00000156
                 _exit
                                 000001ae 0001(000001af:.text)
     SECTION=.textf
     SECTION=.const
     SECTION=.constf
     SECTION=.data
     SECTION=.sdata
     SECTION=.bss
     SECTION=.sbss
     SECTION=.dataR
     SECTION=.sdataR
     SECTION=.RLIB
     SECTION=.SLIB
     SECTION=.dataR
     SECTION=.sdataR
0002 stkinit
     SECTION=.textf
                 _stkinit
                                 00000470 0001(0000015e:.text)
0003 EEPROM
     SECTION=.textf
                 _EEPROM_Init
                                 000004b4 0024(0000252c:.textf)
                 _rEE_Status
                                 000004df 0003(00000549:.textf)
                                          0003(00000574:.textf)
                                          0003(000005b9:.textf)
                                          0003(000005ef:.textf)
                                          0003(0000062b:.textf)
                                          0003(00000685:.textf)
                 _sEE_WriteEnable
                                 000004fa 0003(00000579:.textf)
                                          0003(000005e4:.textf)
                                          0003(0000070e:.textf)
                 _sEE_WriteDisable
                                 0000050c
                 _EE_SPI_Write
                                 0000051e 0007(00000cd6:.textf)
                                          0007(00000d50:.textf)
                 _EE_SPI_Read
                                 00000600 0024(00002537:.textf)
                                          0024(00002544:.textf)
                 _sEE_Block
                                 000006ba
                 _sEE_SendInstruction
                                 000006cb
                 _sEE_SendReceiveInstruction
                                 000006ce
                 _EE_TransmitData
                                 000006d2 0003(000004f1:.textf)
                                          0003(00000508:.textf)
                                          0003(0000051a:.textf)
                                          0003(00000583:.textf)
                                          0003(000005fe:.textf)
                                          0003(00000639:.textf)
                                          0003(00000696:.textf)
                                          0003(000006cd:.textf)
                                          0003(000006d1:.textf)
                                          0003(00000715:.textf)
                 _sEE_WriteStatusRegister
                                 000006fe 0003(000004dd:.textf)
                                          0003(000006ca:.textf)
     SECTION=.bss
                 _eeprom_status
                                 000f4700 0003(000004d3:.textf)
                                          0003(000004d8:.textf)
                                          0003(000004f6:.textf)
                                          0003(0000054c:.textf)
                                          0003(0000056e:.textf)
                                          0003(000005bc:.textf)
                                          0003(000005e9:.textf)
                                          0003(0000062e:.textf)
                                          0003(00000688:.textf)
                                          0003(000006c2:.textf)
                                          0003(000006c7:.textf)
                                          0003(00000700:.textf)
                 _spi_flag
                                 000f4702 0003(000004c7:.textf)
                                          0003(000006d3:.textf)
                                          0003(000006f1:.textf)
                 _buf
                                 000f4704 0003(00000523:.textf)
                                          0003(00000528:.textf)
                                          0003(00000540:.textf)
                                          0003(00000563:.textf)
                                          0003(00000580:.textf)
                                          0003(00000586:.textf)
                                          0003(0000059c:.textf)
                                          0003(000005dc:.textf)
                                          0003(000005f9:.textf)
                                          0003(00000605:.textf)
                                          0003(0000060a:.textf)
                                          0003(00000622:.textf)
                                          0003(00000636:.textf)
                                          0003(00000649:.textf)
                                          0003(00000655:.textf)
                                          0003(0000066b:.textf)
                                          0003(00000693:.textf)
                                          0003(000006af:.textf)
     SECTION=.const
0004 crc32
     SECTION=.textf
                 _xcrc32
                                 00000719
                 _CRC32
                                 00000767
     SECTION=.const
                 _crc32_table
                                 00003002 0004(00000739:.textf)
                                          0004(00000784:.textf)
0005 crc8
     SECTION=.textf
                 _crc8_4
                                 000007b8 0024(000026a9:.textf)
                 _crc8_1
                                 000007fb 0007(00000bec:.textf)
                                          0007(00000c1f:.textf)
                                          0007(00000caa:.textf)
                                          0007(00000d26:.textf)
                                          0024(000026b5:.textf)
     SECTION=.const
0006 interrupt_handle
     SECTION=.textf
                 _adc_int_handle
                                 00000818 0009(000001bb:.text)
     SECTION=.bss
                 _g_adc_value
                                 000f4728 0006(00000821:.textf)
                                          0006(00000828:.textf)
                                          0006(0000085a:.textf)
                                          0006(00000861:.textf)
0007 main
     SECTION=.textf
                 _handSensorLED
                                 00000894 0007(0000150e:.textf)
                                          0007(0000156d:.textf)
                                          0007(000015c7:.textf)
                                          0007(0000162b:.textf)
                                          0007(00001671:.textf)
                                          0007(000016b1:.textf)
                                          0007(0000171c:.textf)
                                          0007(00001756:.textf)
                                          0007(000017c1:.textf)
                                          0007(0000181f:.textf)
                                          0007(00001850:.textf)
                                          0024(00002587:.textf)
                                          0024(00002596:.textf)
                 _setting_default
                                 000008c4
                 _isAcidHigh
                                 0000096c
                 _isAcidLow
                                 000009bb
                 _isAcidEmpty
                                 00000a0a
                 _isAlkalineHigh
                                 00000a50
                 _isAlkalineLow
                                 00000a9f
                 _isAlkalineEmpty
                                 00000aee
                 _sendToRasPi
                                 00000b34 0007(00000cbd:.textf)
                                          0007(00000cde:.textf)
                                          0007(00000d39:.textf)
                                          0007(00000d58:.textf)
                                          0007(00000f9e:.textf)
                                          0007(0000103b:.textf)
                                          0007(000010d3:.textf)
                                          0007(000011ab:.textf)
                                          0007(00001262:.textf)
                                          0007(0000131c:.textf)
                                          0007(0000137c:.textf)
                                          0007(000013fc:.textf)
                                          0007(0000140d:.textf)
                                          0007(0000141f:.textf)
                                          0007(0000145b:.textf)
                                          0007(0000149a:.textf)
                                          0007(00001579:.textf)
                                          0007(000015d0:.textf)
                                          0007(000018ae:.textf)
                 _sendToWaterSolfner
                                 00000b67
                 _RaspberryResponse_nostop
                                 00000b8f 0024(0000258f:.textf)
                 _InitialOperationModeStart
                                 00000d60 0007(00001859:.textf)
                 _nostop_WaterSupplyOperation
                                 00000e83 0007(0000185f:.textf)
                 _stop_waitAlarmConfirm
                                 00000ee5 0007(00000faa:.textf)
                                          0007(000010d8:.textf)
                                          0007(000011b0:.textf)
                                          0007(00001321:.textf)
                                          0007(00001381:.textf)
                 _nostop_waitAlarmConfirm
                                 00000f06
                 _Voltage1Check_waitReset
                                 00000f1e 0007(0000133e:.textf)
                 _Voltage2Check_loop
[...]
                                          0007(0000103e:.textf)
                                          0007(00001044:.textf)
                                          0007(000010e2:.textf)
                                          0007(000010e8:.textf)
                                          0007(000010f2:.textf)
                                          0007(0000110e:.textf)
                                          0007(000011ba:.textf)
                                          0007(000011c0:.textf)
                                          0007(000011ca:.textf)
                                          0007(000011cd:.textf)
                                          0007(000011d0:.textf)
                                          0007(000011d3:.textf)
                                          0007(0000132b:.textf)
                                          0007(00001331:.textf)
                                          0007(000014e8:.textf)
                                          0007(000014ee:.textf)
                                          0007(00001545:.textf)
                                          0007(0000154b:.textf)
                                          0007(0000169d:.textf)
                                          0007(000016a3:.textf)
                                          0007(00001740:.textf)
                                          0007(00001746:.textf)
                                          0007(000017e9:.textf)
                                          0007(000017f2:.textf)
                                          0007(000018d7:.textf)
                                          0007(000018da:.textf)
                                          0007(00001902:.textf)
                                          0007(00001907:.textf)
                                          0021(0000044c:.text)
                                          0021(00000454:.text)
                                          0021(00000457:.text)
                                          0021(0000045b:.text)
                                          0024(000025d6:.textf)
                                          0024(000025dc:.textf)
                                          0024(000026e8:.textf)
                                          0024(000026ee:.textf)
                                          0026(00002798:.textf)
                                          0026(0000279d:.textf)
                                          0026(000027cc:.textf)
                                          0026(000027d3:.textf)
                                          0026(000027da:.textf)
                                          0026(000027e2:.textf)
                                          0026(00002817:.textf)
                                          0026(0000281c:.textf)
                                          0026(00002838:.textf)
                                          0026(0000283e:.textf)
                                          0026(00002851:.textf)
                                          0026(00002856:.textf)
                                          0026(0000287f:.textf)
                                          0026(00002885:.textf)
     SECTION=.text
0022 r_cg_wdt
     SECTION=.textf
                 _R_WDT_Create
                                 000024c9 0025(0000277e:.textf)
                 _R_WDT_Restart
                                 000024da 0007(00000bad:.textf)
                                          0007(00000bd1:.textf)
                                          0007(00000c04:.textf)
                                          0007(00000c37:.textf)
                                          0007(00000e7a:.textf)
                                          0007(00000ed9:.textf)
                                          0007(00000ef9:.textf)
                                          0007(000012fe:.textf)
                                          0007(0000135e:.textf)
                                          0007(0000196b:.textf)
                                          0024(000026f4:.textf)
                                          0026(00002809:.textf)
0023 r_cg_wdt_user
     SECTION=.text
0024 r_main
     SECTION=.textf
                 _nostop_checkHandSensor
                                 000024de
                 _readHS
                                 0000250f
                 _main
                                 00002524 0001(000001aa:.text)
                 _R_MAIN_UserInit
                                 000026fa 0024(00002525:.textf)
     SECTION=.bss
                 _g_e_status
                                 000f49e2
                 _ret_number_setting
                                 000f49e4
                 _flow_p
                                 000f4a0a 0024(00002603:.textf)
                 _salt_h_p
                                 000f4a0b
                 _g_eeprom_wren
                                 000f4a0c
                 _receive_data
                                 000f4a0d
                 _receive_setting
                                 000f4a10
                 _set
                                 000f4a36
                 _rx_data
                                 000f4a38
                 _data_f
                                 000f4a44
                 _data_f_test
                                 000f4a48
                 _g_control_buffer
                                 000f4a4c 0007(00000b3e:.textf)
                                          0007(00000b42:.textf)
                                          0007(00000b4c:.textf)
                                          0007(00000b51:.textf)
                                          0007(00000b57:.textf)
                                          0007(00000b69:.textf)
                                          0007(00000b6d:.textf)
                                          0007(00000b71:.textf)
                                          0007(00000b75:.textf)
                                          0007(00000b80:.textf)
                 _handsensor_status
                                 000f4a52
                 _g_handsensor_status
                                 000f4a53 0024(000024f4:.textf)
                                          0024(000024fb:.textf)
                                          0024(00002504:.textf)
                 _rec_buf
                                 000f4a55 0019(00002388:.textf)
                                          0019(0000238f:.textf)
                                          0019(000023a3:.textf)
                                          0019(000023ad:.textf)
                                          0024(00002578:.textf)
                 _g_crc
                                 000f4a61 0024(000026ad:.textf)
                                          0024(000026b9:.textf)
                 _g_crc_32
                                 000f4a6a
                 _rx_count
                                 000f4a8a 0007(00000be4:.textf)
                                          0007(00000c17:.textf)
     SECTION=.dataR
                 _g_error
                                 000f4af0
                 _g_adc_ch
                                 000f4af2
                 _led_st
                                 000f4af4 0024(00002696:.textf)
                                          0024(0000269e:.textf)
                 _send_data
                                 000f4af5
                 _this_size
                                 000f4af7
                 _this_size_2
                                 000f4af8
                 _send_buf
                                 000f4af9
                 _data_crc
                                 000f4b00
                 _dac_out
                                 000f4b08 0024(000026bc:.textf)
                                          0024(000026c3:.textf)
     SECTION=.data
0025 r_systeminit
     SECTION=.textf
                 _R_Systeminit
                                 0000275b 0025(00002791:.textf)
                 _hdwinit
                                 0000278d 0001(00000162:.text)
0026 usr_timer
     SECTION=.textf
                 _delay_ms
                                 00002792 0007(000013ce:.textf)
                                          0024(0000251a:.textf)
                                          0024(000025f0:.textf)
                                          0026(00002806:.textf)
                 _delay
                                 000027fa 0007(000018f5:.textf)
                 _ns_delay_ms
                                 00002812 0007(000009a8:.textf)
                                          0007(000009f7:.textf)
                                          0007(00000a46:.textf)
                                          0007(00000a8c:.textf)
                                          0007(00000adb:.textf)
                                          0007(00000b2a:.textf)
                                          0007(00000e1e:.textf)
                                          0007(00000e57:.textf)
                                          0007(00000eb6:.textf)
                                          0007(00000f7e:.textf)
                                          0007(00001021:.textf)
                                          0007(000010af:.textf)
                                          0007(00001184:.textf)
                                          0007(000012f6:.textf)
                                          0007(00001560:.textf)
                                          0007(000015a3:.textf)
                                          0007(000015bb:.textf)
                                          0007(000015e8:.textf)
                                          0007(0000161e:.textf)
                                          0007(0000163c:.textf)
                                          0007(00001665:.textf)
                                          0007(000016bc:.textf)
                                          0007(000016e5:.textf)
                                          0007(0000170d:.textf)
                                          0007(00001761:.textf)
                                          0007(0000178a:.textf)
                                          0007(000017b2:.textf)
                                          0007(0000180b:.textf)
                                          0007(0000183e:.textf)
                                          0007(00001933:.textf)
                                          0007(00001a33:.textf)
                                          0024(000024ec:.textf)
                                          0024(000025a6:.textf)
                                          0024(0000260e:.textf)
                                          0024(0000268e:.textf)
                                          0024(000026db:.textf)
                 _non_block_delay
                                 00002847
                 _mTask
                                 00002849
0027 memcpy
     SECTION=.RLIB
                 _memcpy
                                 0000288d 0007(00000cc9:.textf)
                                          0007(00000d45:.textf)
                                          0024(0000255a:.textf)
0028 _COM_faddsub
     SECTION=.RLIB
                 __COM_fsub
                                 000028fa
                 __COM_fadd
                                 00002902 0007(00001958:.textf)
                                          0007(00001a0a:.textf)
0029 _COM_fdiv
     SECTION=.RLIB
                 __COM_fdiv
                                 00002a38 0007(00001999:.textf)
                                          0007(000019b5:.textf)
                                          0007(00001a70:.textf)
                                          0007(00001a8c:.textf)
0030 _COM_fge
     SECTION=.RLIB
                 __COM_fge
                                 00002b07 0007(00001201:.textf)
                                          0007(0000188f:.textf)
0031 _COM_fgt
     SECTION=.RLIB
                 __COM_fgt
                                 00002b1d 0007(00001151:.textf)
                                          0007(0000122f:.textf)
                                          0007(0000128f:.textf)
0032 _COM_fle
     SECTION=.RLIB
                 __COM_fle
                                 00002b33 0007(000013b6:.textf)
0033 _COM_flt
     SECTION=.RLIB
                 __COM_flt
                                 00002b49 0007(00000f4b:.textf)
                                          0007(00000fee:.textf)
                                          0007(0000107c:.textf)
                                          0007(000012d7:.textf)
0034 _COM_fmul
     SECTION=.RLIB
                 __COM_fmul
                                 00002baa 0006(00000838:.textf)
                                          0006(00000846:.textf)
                                          0006(00000871:.textf)
                                          0006(0000087f:.textf)
                                          0007(0000197d:.textf)
                                          0007(0000198b:.textf)
                                          0007(00001a54:.textf)
                                          0007(00001a62:.textf)
0035 _COM_ftoul
     SECTION=.RLIB
                 __COM_ftoul
                                 00002c4c 0007(00000b3a:.textf)
                                          0007(00000f90:.textf)
                                          0007(000010c5:.textf)
                                          0007(0000119d:.textf)
                                          0007(00001254:.textf)
                                          0007(0000130e:.textf)
0036 _COM_funordered
     SECTION=.RLIB
                 __COM_funordered
                                 00002c58 0007(00000f38:.textf)
                                          0007(00000fdb:.textf)
                                          0007(00001069:.textf)
                                          0007(0000113e:.textf)
                                          0007(0000121c:.textf)
                                          0007(0000127c:.textf)
                                          0007(000012c4:.textf)
                                          0007(0000187c:.textf)
0037 _COM_ultof
     SECTION=.RLIB
                 __COM_ultof
                                 00002c63 0006(0000082c:.textf)
                                          0006(00000865:.textf)
                                          0007(00000f94:.textf)
                                          0007(000010c9:.textf)
                                          0007(000011a1:.textf)
                                          0007(00001258:.textf)
                                          0007(00001312:.textf)
                                          0007(000019aa:.textf)
                                          0007(00001a81:.textf)
0038 _REL_fcmp
     SECTION=.RLIB
                 __REL_fcmp
                                 00002c69 0030(00002b11:.RLIB)
                                          0031(00002b27:.RLIB)
                                          0032(00002b3d:.RLIB)
                                          0033(00002b53:.RLIB)
0039 _REL_fordered_core
     SECTION=.RLIB
                 __REL_fordered_core
                                 00002ca1 0030(00002b0a:.RLIB)
                                          0031(00002b20:.RLIB)
                                          0032(00002b36:.RLIB)
                                          0033(00002b4c:.RLIB)
                                          0036(00002c5b:.RLIB)
0040 _REL_ftol
     SECTION=.RLIB
                 __REL_ftol
                                 00002cbd 0035(00002c52:.RLIB)
0041 _REL_f_inf
     SECTION=.RLIB
                 __REL_f_inf
                                 00002cf2 0028(00002991:.RLIB)
                                          0029(00002a22:.RLIB)
                                          0029(00002ac2:.RLIB)
                                          0034(00002b7c:.RLIB)
                                          0034(00002c1f:.RLIB)
0042 _REL_f_norm
     SECTION=.RLIB
                 __REL_f_norm
                                 00002cfa 0029(00002a03:.RLIB)
                                          0029(00002a2e:.RLIB)
                                          0034(00002b9d:.RLIB)
0043 _REL_f_round
     SECTION=.RLIB
                 __REL_f_round
                                 00002d0a 0028(0000299e:.RLIB)
                                          0028(000029d6:.RLIB)
                                          0029(00002b04:.RLIB)
                                          0034(00002c2c:.RLIB)
0044 _REL_ltof
     SECTION=.RLIB
                 __REL_ltof
                                 00002d1d 0037(00002c66:.RLIB)
0045 _COM_lshr
     SECTION=.RLIB
                 __COM_lshr
                                 00002d71 0040(00002ce9:.RLIB)
0046 rlink_generates_01
     SECTION=.option_byte
0047 rlink_generates_02
     SECTION=.monitor1
     SECTION=.monitor2
0048 rlink_generates_03
     SECTION=.security_id
0049 rlink_generates_04
     SECTION=.vect
0050 rlink_generates_05
     SECTION=
                 __s.vect
                                 00000000
                 __s.constf
                                 00000080
                 __e.constf
                                 00000080
                 __s.sdata
                                 00000080
                 __e.sdata
                                 00000080
                 __e.vect
                                 00000080
                 __s.option_byte
                                 000000c0
                 __s.SLIB
                                 000000c4
                 __e.SLIB
                                 000000c4
                 __e.option_byte
                                 000000c4
                 __s.security_id
                                 000000c4
                 __s.monitor1
                                 000000ce
                 __e.security_id
                                 000000ce
                 __s.data
                                 000000d8
                 __e.monitor1
                                 000000d8
                 __s.text
                                 00000156
                 __e.data
                                 00000156
                 __e.text
                                 00000470
                 __s.textf
                                 00000470
                 __e.textf
                                 0000288d
                 __s.RLIB
                                 0000288d
                 __e.RLIB
                                 00002d88
                 __s.const
                                 00003000
                 __e.const
                                 00003505
                 __s.monitor2
                                 0007fe00
                 __e.monitor2
                                 00080000
                 __RAM_ADDR_START
                                 000f3f00
                 __s.bss
                                 000f4700
                 __e.bss
                                 000f4a8b
                 __s.dataR
                                 000f4a8c
                 __e.dataR
                                 000f4b0a
                 __STACK_ADDR_END
                                 000f4b0a 0001(0000015b:.text)
                 __s.sbss
                                 000ffe20
                 __e.sbss
                                 000ffe20
                 __s.sdataR
                                 000ffe20
                 __e.sdataR
                                 000ffe20
                 __STACK_ADDR_START
                                 000ffe20 0001(00000158:.text)
                 __RAM_ADDR_END
                                 000ffee0
