Renesas Optimizing Linker (W3.03.00 )             04-Jan-2022 16:29:29

*** Options ***

-subcommand=LinkerControlPCB_HWM.tmp
-MAKEUD=D:\Chieniwa\E2_Studio\ControlPCB_HWM\HardwareDebug/ControlPCB_HWM_l.ud
-device="D:/Chieniwa/E2_Studio/.eclipse/com.renesas.platform_1435879475/DebugComp/RL78/RL78/Common/DR5F104ML.DVF"
-list="ControlPCB_HWM.map"
-show=all
-nooptimize
-entry=_start
-auto_section_layout
-security_id=00000000000000000000
-debug_monitor=7FE00-7FFFF
-user_opt_byte=FFFFF8
-ocdbg=84
-ocdtr
-input=".\generate\cstart.obj"
-input=".\generate\stkinit.obj"
-input=".\src\EEPROM.obj"
-input=".\src\crc32.obj"
-input=".\src\crc8.obj"
-input=".\src\interrupt_handle.obj"
-input=".\src\main.obj"
-input=".\src\r_cg_adc.obj"
-input=".\src\r_cg_adc_user.obj"
-input=".\src\r_cg_cgc.obj"
-input=".\src\r_cg_cgc_user.obj"
-input=".\src\r_cg_dac.obj"
-input=".\src\r_cg_dac_user.obj"
-input=".\src\r_cg_port.obj"
-input=".\src\r_cg_port_user.obj"
-input=".\src\r_cg_rtc.obj"
-input=".\src\r_cg_rtc_user.obj"
-input=".\src\r_cg_serial.obj"
-input=".\src\r_cg_serial_user.obj"
-input=".\src\r_cg_timer.obj"
-input=".\src\r_cg_timer_user.obj"
-input=".\src\r_cg_wdt.obj"
-input=".\src\r_cg_wdt_user.obj"
-input=".\src\r_main.obj"
-input=".\src\r_systeminit.obj"
-input=".\src\usr_timer.obj"
-library="C:\Program Files (x86)\Renesas Electronics\CS+\CC\CC-RL\V1.10.00\lib\rl78em4s99.lib"
-library="C:\Program Files (x86)\Renesas Electronics\CS+\CC\CC-RL\V1.10.00\lib\rl78em4r.lib"
-library="C:\Program Files (x86)\Renesas Electronics\CS+\CC\CC-RL\V1.10.00\lib\malloc_n.lib"
-output="ControlPCB_HWM.abs"
-debug
-nocompress
-rom=.data=.dataR,.sdata=.sdataR
-nomessage
-nologo

*** Error information ***

*** Mapping List ***

SECTION                            START      END         SIZE   ALIGN
.vect
                                  00000000  0000007f        80   0
.constf
                                  00000080  00000080         0   2
.sdata
                                  00000080  00000080         0   2
.option_byte
                                  000000c0  000000c3         4   1
.security_id
                                  000000c4  000000cd         a   1
.SLIB
                                  000000c4  000000c4         0   1
.monitor1
                                  000000ce  000000d7         a   1
.data
                                  000000d8  0000018f        b8   2
.text
                                  00000190  000004a9       31a   1
.RLIB
                                  000004aa  00000942       499   1
.const
                                  00003000  0000350f       510   2
.textf
                                  00003510  00006330      2e21   1
.monitor2
                                  0007fe00  0007ffff       200   1
.bss
                                  000f4700  000f4abc       3bd   2
.dataR
                                  000f4abe  000f4b75        b8   2
.sbss
                                  000ffe20  000ffe20         0   2
.sdataR
                                  000ffe20  000ffe20         0   2

*** Total Section Size ***

RAMDATA SECTION:  00000475 Byte(s)
ROMDATA SECTION:  00000860 Byte(s)
PROGRAM SECTION:  000035d4 Byte(s)

*** Symbol List ***

SECTION=
FILE=                               START        END    SIZE
  SYMBOL                            ADDR        SIZE    INFO      COUNTS  OPT
    STRUCT                                      SIZE
      MEMBER                        ADDR        SIZE    INFO

SECTION=.vect
FILE=rlink_generates_04
                                  00000000  0000007f        80

SECTION=.option_byte
FILE=rlink_generates_01
                                  000000c0  000000c3         4

SECTION=.security_id
FILE=rlink_generates_03
                                  000000c4  000000cd         a

SECTION=.monitor1
FILE=rlink_generates_02
                                  000000ce  000000d7         a

SECTION=.data
FILE=.\src\main.obj
                                  000000d8  00000174        9d
FILE=.\src\r_main.obj
                                  00000176  0000018f        1a

SECTION=.text
FILE=.\generate\cstart.obj
                                  00000190  000001e9        5a
  _start
                                  00000190         0   entry,g         0
  _exit
                                  000001e8         0   none ,g         1
FILE=.\src\r_cg_adc_user.obj
                                  000001ea  00000203        1a
  _r_adc_interrupt@1
                                  000001ea        1a   func ,l         0
FILE=.\src\r_cg_serial_user.obj
                                  00000204  00000481       27e
  _r_uart1_interrupt_receive@1
                                  00000204        5f   func ,l         0
  _r_uart1_interrupt_send@1
                                  00000263        31   func ,l         0
  _r_csi00_interrupt@1
                                  00000294        49   func ,l         0
  _r_csi01_interrupt@1
                                  000002dd        85   func ,l         0
  _r_uart2_interrupt_receive@1
                                  00000362        5f   func ,l         0
  _r_uart2_interrupt_send@1
                                  000003c1        31   func ,l         0
  _r_uart3_interrupt_receive@1
                                  000003f2        5f   func ,l         0
  _r_uart3_interrupt_send@1
                                  00000451        31   func ,l         0
FILE=.\src\r_cg_timer_user.obj
                                  00000482  000004a7        26
  _r_tau0_channel0_interrupt@1
                                  00000482        1c   func ,l         0
  _r_tau0_channel1_interrupt@1
                                  0000049e         5   func ,l         0
  _r_tau0_channel2_interrupt@1
                                  000004a3         5   func ,l         0
FILE=.\src\r_cg_wdt_user.obj
                                  000004a8  000004a9         2
  _r_wdt_interrupt@1
                                  000004a8         2   func ,l         0

SECTION=.RLIB
FILE=memcpy
                                  000004aa  000004ba        11
  _memcpy
                                  000004aa         0   none ,g         6
FILE=_COM_faddsub
                                  000004bb  000005f5       13b
  __COM_fsub
                                  00000517         0   none ,g         0
  __COM_fadd
                                  0000051f         0   none ,g         2
FILE=_COM_fdiv
                                  000005f6  00000723       12e
  __COM_fdiv
                                  00000655         0   none ,g         4
FILE=_COM_fge
                                  00000724  00000739        16
  __COM_fge
                                  00000724         0   none ,g         3
FILE=_COM_fgt
                                  0000073a  0000074f        16
  __COM_fgt
                                  0000073a         0   none ,g         5
FILE=_COM_fle
                                  00000750  00000765        16
  __COM_fle
                                  00000750         0   none ,g         2
FILE=_COM_flt
                                  00000766  0000077b        16
  __COM_flt
                                  00000766         0   none ,g         7
FILE=_COM_fmul
                                  0000077c  00000868        ed
  __COM_fmul
                                  000007c7         0   none ,g         8
FILE=_COM_funordered
                                  00000869  00000873         b
  __COM_funordered
                                  00000869         0   none ,g         9
FILE=_COM_ultof
                                  00000874  00000879         6
  __COM_ultof
                                  00000874         0   none ,g         4
FILE=_REL_fcmp
                                  0000087a  000008b1        38
  __REL_fcmp
                                  0000087a         0   none ,g         4
FILE=_REL_fordered_core
                                  000008b2  000008cd        1c
  __REL_fordered_core
                                  000008b2         0   none ,g         5
FILE=_REL_f_inf
                                  000008ce  000008d5         8
  __REL_f_inf
                                  000008ce         0   none ,g         5
FILE=_REL_f_norm
                                  000008d6  000008e5        10
  __REL_f_norm
                                  000008d6         0   none ,g         3
FILE=_REL_f_round
                                  000008e6  000008f8        13
  __REL_f_round
                                  000008e6         0   none ,g         4
FILE=_REL_ltof
                                  000008f9  00000942        4a
  __REL_ltof
                                  000008f9         0   none ,g         1

SECTION=.const
FILE=.\src\EEPROM.obj
                                  00003000  00003001         2
FILE=.\src\crc32.obj
                                  00003002  00003401       400
  _crc32_table
                                  00003002       400   data ,g         2
FILE=.\src\crc8.obj
                                  00003402  00003501       100
  _crc_table@1
                                  00003402       100   data ,l         2
FILE=.\src\main.obj
                                  00003502  00003505         4
  _time_setting_p
                                  00003502         2   data ,g         0
  _number_setting_p
                                  00003504         2   data ,g         0
FILE=.\src\r_main.obj
                                  00003506  0000350f         a

SECTION=.textf
FILE=.\generate\stkinit.obj
                                  00003510  00003553        44
  _stkinit
                                  00003510         0   none ,g         1
  LSTINIT1
                                  0000351e         0   none ,l         1
  LSTINIT2
                                  00003548         0   none ,l         2
  LSTINIT3
                                  00003553         0   none ,l         2
FILE=.\src\EEPROM.obj
                                  00003554  000037b2       25f
  _EEPROM_Init
                                  00003554        2b   func ,g         1
  _rEE_Status
                                  0000357f        1b   func ,g         6
  _sEE_WriteEnable
                                  0000359a        12   func ,g         3
  _sEE_WriteDisable
                                  000035ac        12   func ,g         0
  _EE_SPI_Write
                                  000035be        df   func ,g         2
  _EE_SPI_Read
                                  0000369d        b7   func ,g         2
  _sEE_Block
                                  00003754        11   func ,g         0
  _sEE_SendInstruction
                                  00003765         3   func ,g         0
  _sEE_SendReceiveInstruction
                                  00003768         4   func ,g         0
  _EE_TransmitData
                                  0000376c        2c   func ,g         a
  _sEE_WriteStatusRegister
                                  00003798        1b   func ,g         2
FILE=.\src\crc32.obj
                                  000037b3  00003851        9f
  _xcrc32
                                  000037b3        4e   func ,g         0
  _CRC32
                                  00003801        51   func ,g         0
FILE=.\src\crc8.obj
                                  00003852  000038b1        60
  _crc8_4
                                  00003852        43   func ,g         1
  _crc8_1
                                  00003895        1d   func ,g         6
FILE=.\src\interrupt_handle.obj
                                  000038b2  0000392d        7c
  _adc_int_handle
                                  000038b2        7c   func ,g         1
FILE=.\src\main.obj
                                  0000392e  00005481      1b54
  _handSensorLED
                                  0000392e        30   func ,g         f
  _handSensorLEDBlink
                                  0000395e        1e   func ,g         2
  _setting_default
                                  0000397c        a8   func ,g         0
  _isAcidTankFull
                                  00003a24        49   func ,g         5
  _isAcidTankAlmostFull
                                  00003a6d        49   func ,g         0
  _isAcidTankHasSomething
                                  00003ab6        48   func ,g         1
  _isAcidTankEmpty
                                  00003afe        48   func ,g         3
  _isAlkalineTankFull
                                  00003b46        49   func ,g         5
  _isAlkalineTankAlmostFull
                                  00003b8f        49   func ,g         0
  _isAlkalineTankHasSomething
                                  00003bd8        48   func ,g         1
  _isAlkalineTankEmpty
                                  00003c20        48   func ,g         3
  _sendToRasPi_f
                                  00003c68        28   func ,g        1a
  _sendToRasPi_u32
                                  00003c90        28   func ,g         2
  _sendRS485
                                  00003cb8        3f   func ,g         3
  _sendR485_7byte
                                  00003cf7        57   func ,g         2
  _isThisCommand
                                  00003d4e        3e   func ,g         2
  _RaspberryResponse_nostop
                                  00003d8c       1e4   func ,g         2
  _InitialOperationModeStart_nostop
                                  00003f70        30   func ,g         2
  _WaterSupplyOperation_nostop
                                  00003fa0       11a   func ,g         1
  _stop_waitAlarmConfirm
                                  000040ba        3c   func ,g         5
  _nostop_waitAlarmConfirm
                                  000040f6         c   func ,g         0
  _resetAlarm
                                  00004102         4   func ,g         0
  _Voltage1Check_waitReset
                                  00004106        a3   func ,g         1
  _Voltage2Check_nostop
                                  000041a9        aa   func ,g         1
  _Voltage3Check_waitReset
                                  00004253        c8   func ,g         1
  _LowVoltageCheck_waitReset
                                  0000431b        e4   func ,g         1
  _OverCurrentCheck_waitReset
                                  000043ff       1aa   func ,g         1
  _ElectrolyticOperation_nostop
                                  000045a9        d9   func ,g         3
  _solenoidCheck
                                  00004682        76   func ,g         0
  _saltWaterTankFullCheck
                                  000046f8        27   func ,g         0
  _saltWaterTankEmptyCheck
                                  0000471f        10   func ,g         0
  _acidWaterTankSkipCheck
                                  0000472f        3b   func ,g         0
  _alkalineWaterTankSkipCheck
                                  0000476a        3f   func ,g         0
  _FilterReplacementCheck
                                  000047a9         2   func ,g         0
  _WaterWashingMode_nostop
                                  000047ab        6b   func ,g         1
  _HandWashingMode_nostop
                                  00004816       19f   func ,g         1
  _AcidWaterMode_nostop
                                  000049b5        a8   func ,g         1
  _AlkalineWaterMode_nostop
                                  00004a5d        aa   func ,g         1
  _main_init_20211111
                                  00004b07        7f   func ,g         0
  _userAuthHandler_nostop
                                  00004b86        22   func ,g         1
  _ElectrolyzeWaterGeneration_nostop
                                  00004ba8        80   func ,g         1
  _isSV1andSV2Off8h
                                  00004c28        4e   func ,g         1
  _CallanCleaningMode_nostop
                                  00004c76        69   func ,g         1
  _DrainageMode_nostop
                                  00004cdf        ee   func ,g         1
  _NormalMode_nostop
                                  00004dcd        53   func ,g         1
  _TestPowerOn_nostop_keepstate
                                  00004e20        d7   func ,g         1
  _FlowRateAdjustmentMode_nostop_keepstate
                                  00004ef7        7c   func ,g         1
  _CurrentAdjustmentMode_nostop_keepstate
                                  00004f73        48   func ,g         0
  _ElectrolyteAdjustmentOperation
                                  00004fbb        54   func ,g         0
  _TestOperation_nostop
                                  0000500f        26   func ,g         0
  _NeutralizationTreatment
                                  00005035        6c   func ,g         0
  _main_loop_20211111
                                  000050a1         f   func ,g         1
  _electrolyticOperationON
                                  000050b0        2a   func ,g         4
  _isElectrolyticOperationOFF_nostop
                                  000050da        a5   func ,g         1
  _realTimeResponse
                                  0000517f        2b   func ,g         4
  _measureFlowSensor
                                  000051aa        ce   func ,g         1
  _measureFlowSensor_nostop
                                  00005278        e4   func ,g         3
  _UpdateMachineStatus
                                  0000535c       126   func ,g         5
FILE=.\src\r_cg_adc.obj
                                  00005482  000054e3        62
  _R_ADC_Create
                                  00005482        33   func ,g         2
  _R_ADC_Start
                                  000054b5         a   func ,g         2
  _R_ADC_Stop
                                  000054bf         a   func ,g         0
  _R_ADC_Set_OperationOn
                                  000054c9         4   func ,g         1
  _R_ADC_Set_OperationOff
                                  000054cd         4   func ,g         0
  _R_ADC_Get_Result
                                  000054d1         7   func ,g         2
  _R_ADC_Set_ADChannel
                                  000054d8         c   func ,g         0
FILE=.\src\r_cg_cgc.obj
                                  000054e4  000054f9        16
  _R_CGC_Create
                                  000054e4        16   func ,g         1
FILE=.\src\r_cg_cgc_user.obj
                                  000054fa  000054fc         3
  _R_CGC_Get_ResetSource
                                  000054fa         3   func ,g         1
FILE=.\src\r_cg_dac.obj
                                  000054fd  0000552f        33
  _R_DAC_Create
                                  000054fd        1d   func ,g         2
  _R_DAC0_Start
                                  0000551a         4   func ,g         1
  _R_DAC0_Stop
                                  0000551e         4   func ,g         0
  _R_DAC0_Set_ConversionValue
                                  00005522         3   func ,g         2
  _R_DAC1_Start
                                  00005525         4   func ,g         1
  _R_DAC1_Stop
                                  00005529         4   func ,g         0
  _R_DAC1_Set_ConversionValue
                                  0000552d         3   func ,g         2
FILE=.\src\r_cg_port.obj
                                  00005530  00005577        48
  _R_PORT_Create
                                  00005530        48   func ,g         1
FILE=.\src\r_cg_port_user.obj
                                  00005578  00005578         1
  _R_PORT_Create_UserInit
                                  00005578         1   func ,g         1
FILE=.\src\r_cg_rtc.obj
                                  00005579  000056b6       13e
  _R_RTC_Create
                                  00005579        27   func ,g         2
  _R_RTC_Start
                                  000055a0         4   func ,g         0
  _R_RTC_Stop
                                  000055a4         4   func ,g         0
  _R_RTC_Get_CounterValue
                                  000055a8        51   func ,g         0
  _R_RTC_Set_CounterValue
                                  000055f9        be   func ,g         0
FILE=.\src\r_cg_serial.obj
                                  000056b7  00005ba9       4f3
  _R_CSI01_Receive
                                  000056b7        1a   func ,g         0
  _R_CSI01_Send
                                  000056d1        26   func ,g         0
  _R_SAU0_Create
                                  000056f7        17   func ,g         2
  _R_UART1_Create
                                  0000570e        7e   func ,g         2
  _R_UART1_Start
                                  0000578c        26   func ,g         1
  _R_UART1_Stop
                                  000057b2        1e   func ,g         0
  _R_UART1_Receive
                                  000057d0        18   func ,g         0
  _R_UART1_Send
                                  000057e8        29   func ,g         0
  _R_CSI00_Create
                                  00005811        53   func ,g         2
  _R_CSI00_Start
                                  00005864        26   func ,g         1
  _R_CSI00_Stop
                                  0000588a        18   func ,g         0
  _R_CSI00_Send
                                  000058a2        28   func ,g         0
  _R_CSI01_Create
                                  000058ca        5a   func ,g         3
  _R_CSI01_Start
                                  00005924        26   func ,g         1
  _R_CSI01_Stop
                                  0000594a        18   func ,g         1
  _R_CSI01_Send_Receive
                                  00005962        36   func ,g         1
  _R_SAU1_Create
                                  00005998        14   func ,g         2
  _R_UART2_Create
                                  000059ac        7e   func ,g         2
  _R_UART2_Start
                                  00005a2a        26   func ,g         2
  _R_UART2_Stop
                                  00005a50        1e   func ,g         1
  _R_UART2_Receive
                                  00005a6e        18   func ,g         5
  _R_UART2_Send
                                  00005a86        29   func ,g         6
  _R_UART3_Create
                                  00005aaf        76   func ,g         2
  _R_UART3_Start
                                  00005b25        26   func ,g         2
  _R_UART3_Stop
                                  00005b4b        1e   func ,g         1
  _R_UART3_Receive
                                  00005b69        18   func ,g         3
  _R_UART3_Send
                                  00005b81        29   func ,g         2
FILE=.\src\r_cg_serial_user.obj
                                  00005baa  00005d8d       1e4
  _isCommandNeedResponse
                                  00005baa        24   func ,g         1
  _r_uart1_callback_receiveend@1
                                  00005bce         1   func ,l         1
  _r_uart1_callback_softwareoverrun@1
                                  00005bcf         1   func ,l         1
  _r_uart1_callback_sendend@1
                                  00005bd0         1   func ,l         1
  _r_uart1_callback_error@1
                                  00005bd1         1   func ,l         1
  _r_csi00_callback_sendend@1
                                  00005bd2         1   func ,l         1
  _r_csi01_callback_receiveend@1
                                  00005bd3         7   func ,l         1
  _r_csi01_callback_error@1
                                  00005bda         1   func ,l         1
  _r_csi01_callback_sendend@1
                                  00005bdb         4   func ,l         1
  _r_uart2_callback_receiveend@1
                                  00005bdf       157   func ,l         1
  _r_uart2_callback_softwareoverrun@1
                                  00005d36         1   func ,l         1
  _r_uart2_callback_sendend@1
                                  00005d37         4   func ,l         1
  _r_uart2_callback_error@1
                                  00005d3b         1   func ,l         1
  _r_uart3_callback_receiveend@1
                                  00005d3c        49   func ,l         1
  _r_uart3_callback_softwareoverrun@1
                                  00005d85         1   func ,l         1
  _r_uart3_callback_sendend@1
                                  00005d86         7   func ,l         1
  _r_uart3_callback_error@1
                                  00005d8d         1   func ,l         1
FILE=.\src\r_cg_timer.obj
                                  00005d8e  00005e9a       10d
  _R_TAU0_Create
                                  00005d8e        ad   func ,g         2
  _R_TAU0_Channel0_Start
                                  00005e3b        10   func ,g         1
  _R_TAU0_Channel0_Stop
                                  00005e4b        10   func ,g         0
  _R_TAU0_Channel1_Start
                                  00005e5b        10   func ,g         0
  _R_TAU0_Channel1_Stop
                                  00005e6b        10   func ,g         0
  _R_TAU0_Channel2_Start
                                  00005e7b        10   func ,g         0
  _R_TAU0_Channel2_Stop
                                  00005e8b        10   func ,g         0
FILE=.\src\r_cg_wdt.obj
                                  00005e9b  00005eaf        15
  _R_WDT_Create
                                  00005e9b        11   func ,g         1
  _R_WDT_Restart
                                  00005eac         4   func ,g         a
FILE=.\src\r_main.obj
                                  00005eb0  000061c7       318
  _nostop_checkHandSensor
                                  00005eb0        31   func ,g         0
  _readHS
                                  00005ee1        15   func ,g         0
  _main
                                  00005ef6       271   func ,g         1
  _R_MAIN_UserInit
                                  00006167        61   func ,g         1
FILE=.\src\r_systeminit.obj
                                  000061c8  000061fe        37
  _R_Systeminit
                                  000061c8        32   func ,g         1
  _hdwinit
                                  000061fa         5   func ,g         1
FILE=.\src\usr_timer.obj
                                  000061ff  00006330       132
  _delay_ms
                                  000061ff        68   func ,g         4
  _delay
                                  00006267        18   func ,g         0
  _ns_delay_ms
                                  0000627f        6c   func ,g        39
  _non_block_delay
                                  000062eb         2   func ,g         0
  _mTask
                                  000062ed        44   func ,g         0

SECTION=.monitor2
FILE=rlink_generates_02
                                  0007fe00  0007ffff       200

SECTION=.bss
FILE=.\src\EEPROM.obj
                                  000f4700  000f4726        27
  _eeprom_status
                                  000f4700         1   data ,g         c
    union  EEPROM_status_u {
                                                   1
      _eeprom_status.refined
                                  000f4700         1
    struct  {
                                                   1
      _eeprom_status.refined.RB
                                  000f4700         1   unsigned char:1(7)
      _eeprom_status.refined.WEN
                                  000f4700         1   unsigned char:1(6)
      _eeprom_status.refined.BP
                                  000f4700         1   unsigned char:2(4)
      _eeprom_status.refined.RSVD
                                  000f4700         1   unsigned char:3(1)
      _eeprom_status.refined.WPEN
                                  000f4700         1   unsigned char:1(0)
    }
      _eeprom_status.raw
                                  000f4700         1   unsigned char
    }
  _spi_flag
                                  000f4702         2   data ,g         3
  _buf
                                  000f4704        23   data ,g        12
FILE=.\src\interrupt_handle.obj
                                  000f4728  000f472b         4
  _g_adc_value
                                  000f4728         4   data ,g         4
FILE=.\src\main.obj
                                  000f472c  000f490d       1e2
  _g_TimeKeeper@1
                                  000f472c         6   data ,l         e
    struct Tick_Keeper_s {
                                                   6
      _g_TimeKeeper@1.electrolyteOff_h
                                  000f472c         1   unsigned char
      _g_TimeKeeper@1.neutralization
                                  000f472e         4   unsigned long
    }
  _g_numberSetting
                                  000f4732        26   data ,g        35
    struct Number_Setting_s {
                                                  26
      _g_numberSetting.upperVoltage1
                                  000f4732         4   float
      _g_numberSetting.upperVoltage2
                                  000f4736         4   float
      _g_numberSetting.upperVoltage3
                                  000f473a         4   float
      _g_numberSetting.lowerVoltage
                                  000f473e         4   float
      _g_numberSetting.upperCurrent
                                  000f4742         4   float
      _g_numberSetting.lowerCurrent
                                  000f4746         4   float
      _g_numberSetting.upperFlow
                                  000f474a         4   float
      _g_numberSetting.lowerFlow
                                  000f474e         4   float
      _g_numberSetting.cvccCurrent
                                  000f4752         4   float
      _g_numberSetting.crc
                                  000f4756         1   char
    }
  _g_neutralization_time_s
                                  000f4758         4   data ,g         8
  _g_color
                                  000f475c         1   data ,g         b
  _g_pre_color
                                  000f475d         1   data ,g         3
  _g_flow_value
                                  000f475e         4   data ,g         2
  _g_alarm
                                  000f4762         2   data ,g         f
    union  Alarm_Flag_u {
                                                   2
      _g_alarm.refined
                                  000f4762         2
    struct  {
                                                   2
      _g_alarm.refined.overVoltage1
                                  000f4762         1   unsigned char:1(7)
      _g_alarm.refined.overVoltage2
                                  000f4762         1   unsigned char:1(6)
      _g_alarm.refined.overVoltage3
                                  000f4762         1   unsigned char:1(5)
      _g_alarm.refined.overCurrent
                                  000f4762         1   unsigned char:1(4)
      _g_alarm.refined.overFlow
                                  000f4762         1   unsigned char:1(3)
      _g_alarm.refined.underVoltage
                                  000f4762         1   unsigned char:1(2)
      _g_alarm.refined.underCurrent
                                  000f4762         1   unsigned char:1(1)
      _g_alarm.refined.cvcc
                                  000f4762         1   unsigned char:1(0)
      _g_alarm.refined.underFlow
                                  000f4763         1   unsigned char:1(7)
    }
    }
  _g_machine_state
                                  000f4764         f   data ,g        6f
    struct Machine_State_u {
                                                   f
      _g_machine_state.akaline
                                  000f4764         1   unsigned char
      _g_machine_state.acid
                                  000f4765         1   unsigned char
      _g_machine_state.water
                                  000f4766         1   unsigned char
      _g_machine_state.handwash
                                  000f4767         1   unsigned char
      _g_machine_state.waterSupply
                                  000f4768         1   unsigned char
      _g_machine_state.flowSensor
                                  000f4769         1   unsigned char
      _g_machine_state.callan
                                  000f476a         1   unsigned char
      _g_machine_state.electrolyteOperation
                                  000f476b         1   unsigned char
      _g_machine_state.electrolyteOFF
                                  000f476c         1   unsigned char
      _g_machine_state.drainage
                                  000f476d         1   unsigned char
      _g_machine_state.isMidNight
                                  000f476e         1   unsigned char
      _g_machine_state.test
                                  000f476f         1   unsigned char
      _g_machine_state.neutrlization
                                  000f4770         1   unsigned char
      _g_machine_state.user
                                  000f4771         1   unsigned char
      _g_machine_state.mode
                                  000f4772         1   unsigned char
    }
  _g_io_status
                                  000f4774        12   data ,g        2f
    union  IO_Status_u {
                                                  12
      _g_io_status.refined
                                  000f4774        12
    struct  {
                                                  12
      _g_io_status.refined.AlkalineEmptyLevel
                                  000f4774         1   unsigned char:1(7)
      _g_io_status.refined.AlkalineLowLevel
                                  000f4774         1   unsigned char:1(6)
      _g_io_status.refined.AlkalineHighLevel
                                  000f4774         1   unsigned char:1(5)
      _g_io_status.refined.AcidEmptyLevel
                                  000f4774         1   unsigned char:1(4)
      _g_io_status.refined.AcidLowLevel
                                  000f4774         1   unsigned char:1(3)
      _g_io_status.refined.AcidHighLevel
                                  000f4774         1   unsigned char:1(2)
      _g_io_status.refined.SaltLowLevel
                                  000f4774         1   unsigned char:1(1)
      _g_io_status.refined.SaltHighLevel
                                  000f4774         1   unsigned char:1(0)
      _g_io_status.refined.Valve
                                  000f4775         2
    struct  {
                                                   2
      _g_io_status.refined.Valve.SV1
                                  000f4775         1   unsigned char:1(7)
      _g_io_status.refined.Valve.SV2
                                  000f4775         1   unsigned char:1(6)
      _g_io_status.refined.Valve.SV3
                                  000f4775         1   unsigned char:1(5)
      _g_io_status.refined.Valve.SV4
                                  000f4775         1   unsigned char:1(4)
      _g_io_status.refined.Valve.SV5
                                  000f4775         1   unsigned char:1(3)
      _g_io_status.refined.Valve.SV6
                                  000f4775         1   unsigned char:1(2)
      _g_io_status.refined.Valve.SV7
                                  000f4775         1   unsigned char:1(1)
      _g_io_status.refined.Valve.SV8
                                  000f4775         1   unsigned char:1(0)
      _g_io_status.refined.Valve.SV9
                                  000f4776         1   unsigned char:1(7)
      _g_io_status.refined.Valve.RSVD
                                  000f4776         1   unsigned char:7(0)
    }
      _g_io_status.refined.Pump1
                                  000f4777         1   unsigned char:1(7)
      _g_io_status.refined.Pump2
                                  000f4777         1   unsigned char:1(6)
      _g_io_status.refined.SaltPump
                                  000f4777         1   unsigned char:1(5)
      _g_io_status.refined.RSVD1
                                  000f4777         1   unsigned char:4(1)
      _g_io_status.refined.MachineMode_RSVD
                                  000f4778         1   unsigned char
      _g_io_status.refined.FlowValue
                                  000f477a         4   float
      _g_io_status.refined.CVCCVoltage
                                  000f477e         4   float
      _g_io_status.refined.CVCCCurrent
                                  000f4782         4   float
    }
    }
  _g_mean_io_status
                                  000f4786        12   data ,g        17
    union  IO_Status_u {
                                                  12
      _g_mean_io_status.refined
                                  000f4786        12
    struct  {
                                                  12
      _g_mean_io_status.refined.AlkalineEmptyLevel
                                  000f4786         1   unsigned char:1(7)
      _g_mean_io_status.refined.AlkalineLowLevel
                                  000f4786         1   unsigned char:1(6)
      _g_mean_io_status.refined.AlkalineHighLevel
                                  000f4786         1   unsigned char:1(5)
      _g_mean_io_status.refined.AcidEmptyLevel
                                  000f4786         1   unsigned char:1(4)
      _g_mean_io_status.refined.AcidLowLevel
                                  000f4786         1   unsigned char:1(3)
      _g_mean_io_status.refined.AcidHighLevel
                                  000f4786         1   unsigned char:1(2)
      _g_mean_io_status.refined.SaltLowLevel
                                  000f4786         1   unsigned char:1(1)
      _g_mean_io_status.refined.SaltHighLevel
                                  000f4786         1   unsigned char:1(0)
      _g_mean_io_status.refined.Valve
                                  000f4787         2
    struct  {
                                                   2
      _g_mean_io_status.refined.Valve.SV1
                                  000f4787         1   unsigned char:1(7)
      _g_mean_io_status.refined.Valve.SV2
                                  000f4787         1   unsigned char:1(6)
      _g_mean_io_status.refined.Valve.SV3
                                  000f4787         1   unsigned char:1(5)
      _g_mean_io_status.refined.Valve.SV4
                                  000f4787         1   unsigned char:1(4)
      _g_mean_io_status.refined.Valve.SV5
                                  000f4787         1   unsigned char:1(3)
      _g_mean_io_status.refined.Valve.SV6
                                  000f4787         1   unsigned char:1(2)
      _g_mean_io_status.refined.Valve.SV7
                                  000f4787         1   unsigned char:1(1)
      _g_mean_io_status.refined.Valve.SV8
                                  000f4787         1   unsigned char:1(0)
      _g_mean_io_status.refined.Valve.SV9
                                  000f4788         1   unsigned char:1(7)
      _g_mean_io_status.refined.Valve.RSVD
                                  000f4788         1   unsigned char:7(0)
    }
      _g_mean_io_status.refined.Pump1
                                  000f4789         1   unsigned char:1(7)
      _g_mean_io_status.refined.Pump2
                                  000f4789         1   unsigned char:1(6)
      _g_mean_io_status.refined.SaltPump
                                  000f4789         1   unsigned char:1(5)
      _g_mean_io_status.refined.RSVD1
                                  000f4789         1   unsigned char:4(1)
      _g_mean_io_status.refined.MachineMode_RSVD
                                  000f478a         1   unsigned char
      _g_mean_io_status.refined.FlowValue
                                  000f478c         4   float
      _g_mean_io_status.refined.CVCCVoltage
                                  000f4790         4   float
      _g_mean_io_status.refined.CVCCCurrent
                                  000f4794         4   float
    }
    }
  __settingTime
                                  000f4798        96   data ,g         8
    struct Timer_Setting_s {
                                                  96
      __settingTime.t1_initialWaterDrainageOperation_s
                                  000f4798         4   unsigned long
      __settingTime.t2_flowSensorStartTime_s
                                  000f479c         4   unsigned long
      __settingTime.t3_flowSensorMonitorTime_s
                                  000f47a0         4   unsigned long
      __settingTime.t4_electrolysisOperationStart_s
                                  000f47a4         4   unsigned long
      __settingTime.t5_electrolysisStopDelay_s
                                  000f47a8         4   unsigned long
      __settingTime.t6_drainageOffTime_h
                                  000f47ac         4   unsigned long
      __settingTime.t7_powerOnPreparation_s
                                  000f47b0         4   unsigned long
      __settingTime.t8_flowRateAdjustmentRelease_s
                                  000f47b4         4   unsigned long
      __settingTime.t9_currentAdjustmentRelease_s
                                  000f47b8         4   unsigned long
      __settingTime.t10_electrolysisCurrentAlarmSpecified_s
                                  000f47bc         4   unsigned long
      __settingTime.t11_overVoltage1Time_s
                                  000f47c0         4   unsigned long
      __settingTime.t12_overVoltage2Time_s
                                  000f47c4         4   unsigned long
      __settingTime.t13_overVoltage3Time_s
                                  000f47c8         4   unsigned long
      __settingTime.t14_lowVoltageStartTime_s
                                  000f47cc         4   unsigned long
      __settingTime.t15_lowVoltageDelayTime_s
                                  000f47d0         4   unsigned long
      __settingTime.t16_currentMonitoringStart_s
                                  000f47d4         4   unsigned long
      __settingTime.t17_solenoidLeakageStartTime_s
                                  000f47d8         4   unsigned long
      __settingTime.t18_fullWaterMonitoringStart_h
                                  000f47dc         4   unsigned long
      __settingTime.t19_waterFilterAlarm_h
                                  000f47e0         4   unsigned long
      __settingTime.t20_waterFilterAlarmIgnore_h
                                  000f47e4         4   unsigned long
      __settingTime.t26_onDelayEmptyLevel_s
                                  000f47e8         4   unsigned long
      __settingTime.t27_onDelayLowLevel_s
                                  000f47ec         4   unsigned long
      __settingTime.t28_onDelayHighLevel_s
                                  000f47f0         4   unsigned long
      __settingTime.t30_offDelayEmptyLevel_s
                                  000f47f4         4   unsigned long
      __settingTime.t31_saltLowLevelDelay_s
                                  000f47f8         4   unsigned long
      __settingTime.t32_saltHighLevelDelay_s
                                  000f47fc         4   unsigned long
      __settingTime.t33_neutralizationStartTime_h
                                  000f4800         4   unsigned long
      __settingTime.t34_neutralizationOpenTime_s
                                  000f4804         4   unsigned long
      __settingTime.t51_alkalineWaterSpoutingTime_s
                                  000f4808         4   unsigned long
      __settingTime.t52_acidWaterSpoutingTime_s
                                  000f480c         4   unsigned long
      __settingTime.t53_washingWaterSpoutingTime_s
                                  000f4810         4   unsigned long
      __settingTime.t54_overLapTime_ms
                                  000f4814         4   unsigned long
      __settingTime.t55_waterDischargeDelay_s
                                  000f4818         4   unsigned long
      __settingTime.t56_acidWaterDownTime_s
                                  000f481c         4   unsigned long
      __settingTime.t59_alkalineWaterDownTime_s
                                  000f4820         4   unsigned long
      __settingTime.t61_curranCleaningIntervalTime_h
                                  000f4824         4   unsigned long
      __settingTime.t62_callanWashSpoutingTime_s
                                  000f4828         4   unsigned long
      __settingTime.crc
                                  000f482c         1   char
    }
  __settingNumber
                                  000f482e        26   data ,g         8
    struct Number_Setting_s {
                                                  26
      __settingNumber.upperVoltage1
                                  000f482e         4   float
      __settingNumber.upperVoltage2
                                  000f4832         4   float
      __settingNumber.upperVoltage3
                                  000f4836         4   float
      __settingNumber.lowerVoltage
                                  000f483a         4   float
      __settingNumber.upperCurrent
                                  000f483e         4   float
      __settingNumber.lowerCurrent
                                  000f4842         4   float
      __settingNumber.upperFlow
                                  000f4846         4   float
      __settingNumber.lowerFlow
                                  000f484a         4   float
      __settingNumber.cvccCurrent
                                  000f484e         4   float
      __settingNumber.crc
                                  000f4852         1   char
    }
  _g_machine_mode
                                  000f4854         1   data ,g         4
  _g_machine_test_mode
                                  000f4855         1   data ,g         0
  _btod
                                  000f4856         4   data ,g         6
    union  BytesToDouble {
                                                   4
      _btod.refined
                                  000f4856         4
    struct  {
                                                   4
      _btod.refined.data
                                  000f4856         4   unsigned char
    }
      _btod.raw
                                  000f4856         4   unsigned long
    }
  _g_Tick
                                  000f485a        a8   data ,g        7d
    struct Tick_s {
                                                  a8
      _g_Tick.tick500ms
                                  000f485a         4   unsigned long
      _g_Tick.tick1s
                                  000f485e         4   unsigned long
      _g_Tick.tick5s
                                  000f4862         4   unsigned long
      _g_Tick.tickBlink
                                  000f4866         4   unsigned long
      _g_Tick.tickAlkaline
                                  000f486a         4   unsigned long
      _g_Tick.tickAcid
                                  000f486e         4   unsigned long
      _g_Tick.tickWater
                                  000f4872         4   unsigned long
      _g_Tick.tickHandWash
                                  000f4876         4   unsigned long
      _g_Tick.tickWaterSupply
                                  000f487a         4   unsigned long
      _g_Tick.tickFlowMeasurment
                                  000f487e         4   unsigned long
      _g_Tick.tickDebouceHandSensor
                                  000f4882         4   unsigned long
      _g_Tick.tickVoltage1Check
                                  000f4886         4   unsigned long
      _g_Tick.tickVoltage2Check
                                  000f488a         4   unsigned long
      _g_Tick.tickVoltage3Check
                                  000f488e         4   unsigned long
      _g_Tick.tickVoltageLowCheck
                                  000f4892         4   unsigned long
      _g_Tick.tickCurrentCheck
                                  000f4896         4   unsigned long
      _g_Tick.tickSV1SV2
                                  000f489a         4   unsigned long
      _g_Tick.tickElectrolyticOff
                                  000f489e         4   unsigned long
      _g_Tick.tickWaterSoftenerPCB
                                  000f48a2         4   unsigned long
      _g_Tick.tickValvePCB
                                  000f48a6         4   unsigned long
      _g_Tick.tickRS485
                                  000f48aa         4   unsigned long
      _g_Tick.tickCallan
                                  000f48ae         4   unsigned long
      _g_Tick.tickDrainage
                                  000f48b2         4   unsigned long
      _g_Tick.tickTestOperation
                                  000f48b6         4   unsigned long
      _g_Tick.tickAcidLevel
                                  000f48ba        10   unsigned long
      _g_Tick.tickAlkalineLevel
                                  000f48ca        10   unsigned long
      _g_Tick.tickHandSensor
                                  000f48da         8   unsigned long
      _g_Tick.tickCustom
                                  000f48e2        20   unsigned long
    }
  _water_solfner_buf
                                  000f4902         7   data ,g         5
    struct UART3_Buffer_s {
                                                   7
      _water_solfner_buf.busy
                                  000f4902         1   unsigned char
      _water_solfner_buf.head
                                  000f4903         1   unsigned char
      _water_solfner_buf.set_number
                                  000f4904         1   unsigned char
      _water_solfner_buf.set_value
                                  000f4905         4   unsigned char
    }
  __flow_pulse
                                  000f490a         4   data ,g         8
FILE=.\src\r_cg_rtc_user.obj
                                  000f490e  000f4914         7
  _g_rtc
                                  000f490e         7   data ,g         0
    struct  {
                                                   7
      _g_rtc.sec
                                  000f490e         1   unsigned char
      _g_rtc.min
                                  000f490f         1   unsigned char
      _g_rtc.hour
                                  000f4910         1   unsigned char
      _g_rtc.day
                                  000f4911         1   unsigned char
      _g_rtc.week
                                  000f4912         1   unsigned char
      _g_rtc.month
                                  000f4913         1   unsigned char
      _g_rtc.year
                                  000f4914         1   unsigned char
    }
FILE=.\src\r_cg_serial.obj
                                  000f4916  000f494b        36
  _gp_uart1_tx_address
                                  000f4916         2   data ,g         5
  _g_uart1_tx_count
                                  000f4918         2   data ,g         4
  _gp_uart1_rx_address
                                  000f491a         2   data ,g         3
  _g_uart1_rx_count
                                  000f491c         2   data ,g         4
  _g_uart1_rx_length
                                  000f491e         2   data ,g         3
  _gp_csi00_rx_address
                                  000f4920         2   data ,g         0
  _g_csi00_rx_length
                                  000f4922         2   data ,g         0
  _g_csi00_rx_count
                                  000f4924         2   data ,g         0
  _gp_csi00_tx_address
                                  000f4926         2   data ,g         6
  _g_csi00_send_length
                                  000f4928         2   data ,g         0
  _g_csi00_tx_count
                                  000f492a         2   data ,g         4
  _gp_csi01_rx_address
                                  000f492c         2   data ,g         5
  _g_csi01_rx_length
                                  000f492e         2   data ,g         1
  _g_csi01_rx_count
                                  000f4930         2   data ,g         1
  _gp_csi01_tx_address
                                  000f4932         2   data ,g         7
  _g_csi01_send_length
                                  000f4934         2   data ,g         0
  _g_csi01_tx_count
                                  000f4936         2   data ,g         7
  _gp_uart2_tx_address
                                  000f4938         2   data ,g         5
  _g_uart2_tx_count
                                  000f493a         2   data ,g         4
  _gp_uart2_rx_address
                                  000f493c         2   data ,g         3
  _g_uart2_rx_count
                                  000f493e         2   data ,g         4
  _g_uart2_rx_length
                                  000f4940         2   data ,g         3
  _gp_uart3_tx_address
                                  000f4942         2   data ,g         5
  _g_uart3_tx_count
                                  000f4944         2   data ,g         4
  _gp_uart3_rx_address
                                  000f4946         2   data ,g         3
  _g_uart3_rx_count
                                  000f4948         2   data ,g         4
  _g_uart3_rx_length
                                  000f494a         2   data ,g         3
FILE=.\src\r_cg_serial_user.obj
                                  000f494c  000f4a10        c5
  _g_uart3_rx_data
                                  000f494c         8   data ,g         8
  _send_response_flag
                                  000f4954         1   data ,g         0
  _send_response_time_flag
                                  000f4955         1   data ,g         0
  _send_response_number_flag
                                  000f4956         1   data ,g         0
  _recived_time_setting_flag
                                  000f4957         1   data ,g         0
  _send_respone_status_flag
                                  000f4958         1   data ,g         0
  _recived_number_setting_flag
                                  000f4959         1   data ,g         0
  _commnunication_flag
                                  000f495a         e   data ,g        41
    struct Communicaition_flag_s {
                                                   e
      _commnunication_flag.send_response_flag
                                  000f495a         1   unsigned char
      _commnunication_flag.send_response_time_flag
                                  000f495b         1   unsigned char
      _commnunication_flag.send_response_number_flag
                                  000f495c         1   unsigned char
      _commnunication_flag.recived_number_setting_flag
                                  000f495d         1   unsigned char
      _commnunication_flag.recived_time_setting_flag
                                  000f495e         1   unsigned char
      _commnunication_flag.send_respone_status_flag
                                  000f495f         1   unsigned char
      _commnunication_flag.send_response_mode_flag
                                  000f4960         1   unsigned char
      _commnunication_flag.alarm_clear_flag
                                  000f4961         1   unsigned char
      _commnunication_flag.test_flag
                                  000f4962         1   unsigned char
      _commnunication_flag.rs485_send_to_watersolfner_response_flag
                                  000f4963         1   unsigned char
      _commnunication_flag.rs485_send_to_watersolfner_SV1_flag
                                  000f4964         1   unsigned char
      _commnunication_flag.rs485_send_to_valve_response_flag
                                  000f4965         1   unsigned char
      _commnunication_flag.rs485_get_valve_gesture_flag
                                  000f4966         1   unsigned char
      _commnunication_flag.rs485_fault
                                  000f4967         1   unsigned char
    }
  _g_csi_count
                                  000f4968         1   data ,g         0
  _g_csi_err
                                  000f4969         1   data ,g         0
  _g_csi_send_end
                                  000f496a         1   data ,g         1
  _g_csi_rev_end
                                  000f496b         1   data ,g         3
  _g_uart1_send
                                  000f496c         1   data ,g         0
  _g_uart2_sendend
                                  000f496d         1   data ,g         e
  _g_uart2_receive
                                  000f496e         1   data ,g         1
  _g_rx_data
                                  000f496f        a0   data ,g        25
  _g_uart2_fault
                                  000f4a0f         1   data ,g         3
  _g_uart3_sendend
                                  000f4a10         1   data ,g         6
FILE=.\src\r_cg_timer_user.obj
                                  000f4a12  000f4a19         8
  _timer0_ch0_flag
                                  000f4a12         1   data ,g         1
  _timer0_ch1_flag
                                  000f4a13         1   data ,g         1
  _timer0_ch2_flag
                                  000f4a14         1   data ,g         1
  _g_systemTime
                                  000f4a16         4   data ,g        78
FILE=.\src\r_main.obj
                                  000f4a1a  000f4abc        a3
  _g_e_status
                                  000f4a1a         1   data ,g         0
    union  EEPROM_status_u {
                                                   1
      _g_e_status.refined
                                  000f4a1a         1
    struct  {
                                                   1
      _g_e_status.refined.RB
                                  000f4a1a         1   unsigned char:1(7)
      _g_e_status.refined.WEN
                                  000f4a1a         1   unsigned char:1(6)
      _g_e_status.refined.BP
                                  000f4a1a         1   unsigned char:2(4)
      _g_e_status.refined.RSVD
                                  000f4a1a         1   unsigned char:3(1)
      _g_e_status.refined.WPEN
                                  000f4a1a         1   unsigned char:1(0)
    }
      _g_e_status.raw
                                  000f4a1a         1   unsigned char
    }
  _ret_number_setting
                                  000f4a1c        26   data ,g         0
    struct Number_Setting_s {
                                                  26
      _ret_number_setting.upperVoltage1
                                  000f4a1c         4   float
      _ret_number_setting.upperVoltage2
                                  000f4a20         4   float
      _ret_number_setting.upperVoltage3
                                  000f4a24         4   float
      _ret_number_setting.lowerVoltage
                                  000f4a28         4   float
      _ret_number_setting.upperCurrent
                                  000f4a2c         4   float
      _ret_number_setting.lowerCurrent
                                  000f4a30         4   float
      _ret_number_setting.upperFlow
                                  000f4a34         4   float
      _ret_number_setting.lowerFlow
                                  000f4a38         4   float
      _ret_number_setting.cvccCurrent
                                  000f4a3c         4   float
      _ret_number_setting.crc
                                  000f4a40         1   char
    }
  _flow_p
                                  000f4a42         1   data ,g         1
  _salt_h_p
                                  000f4a43         1   data ,g         0
  _g_eeprom_wren
                                  000f4a44         1   data ,g         0
  _receive_data
                                  000f4a45         2   data ,g         0
  _receive_setting
                                  000f4a48        26   data ,g         0
    struct Number_Setting_s {
                                                  26
      _receive_setting.upperVoltage1
                                  000f4a48         4   float
      _receive_setting.upperVoltage2
                                  000f4a4c         4   float
      _receive_setting.upperVoltage3
                                  000f4a50         4   float
      _receive_setting.lowerVoltage
                                  000f4a54         4   float
      _receive_setting.upperCurrent
                                  000f4a58         4   float
      _receive_setting.lowerCurrent
                                  000f4a5c         4   float
      _receive_setting.upperFlow
                                  000f4a60         4   float
      _receive_setting.lowerFlow
                                  000f4a64         4   float
      _receive_setting.cvccCurrent
                                  000f4a68         4   float
      _receive_setting.crc
                                  000f4a6c         1   char
    }
  _set
                                  000f4a6e         1   data ,g         0
    union  EEPROM_status_u {
                                                   1
      _set.refined
                                  000f4a6e         1
    struct  {
                                                   1
      _set.refined.RB
                                  000f4a6e         1   unsigned char:1(7)
      _set.refined.WEN
                                  000f4a6e         1   unsigned char:1(6)
      _set.refined.BP
                                  000f4a6e         1   unsigned char:2(4)
      _set.refined.RSVD
                                  000f4a6e         1   unsigned char:3(1)
      _set.refined.WPEN
                                  000f4a6e         1   unsigned char:1(0)
    }
      _set.raw
                                  000f4a6e         1   unsigned char
    }
  _rx_data
                                  000f4a70         c   data ,g         0
  _data_f
                                  000f4a7c         4   data ,g         0
  _data_f_test
                                  000f4a80         4   data ,g         0
    union  byte_to_float {
                                                   4
      _data_f_test.refined
                                  000f4a80         4
    struct  {
                                                   4
      _data_f_test.refined.b
                                  000f4a80         4   unsigned char
    }
      _data_f_test.raw
                                  000f4a80         4   float
    }
  _g_control_buffer_f
                                  000f4a84         6   data ,g         5
    struct UART_Buffer_float_s {
                                                   6
      _g_control_buffer_f.head
                                  000f4a84         1   unsigned char
      _g_control_buffer_f.set_number
                                  000f4a85         1   unsigned char
      _g_control_buffer_f.set_value
                                  000f4a86         4   float
    }
  _g_control_buffer_u32
                                  000f4a8a         6   data ,g         5
    struct UART_Buffer_u32_s {
                                                   6
      _g_control_buffer_u32.head
                                  000f4a8a         1   unsigned char
      _g_control_buffer_u32.set_number
                                  000f4a8b         1   unsigned char
      _g_control_buffer_u32.set_value
                                  000f4a8c         4   unsigned long
    }
  _handsensor_status
                                  000f4a90         1   data ,g         0
    union   {
                                                   1
      _handsensor_status.
                                  000f4a90         1
    struct  {
                                                   1
      _handsensor_status..up_signal
                                  000f4a90         1   unsigned char
    }
      _handsensor_status.status
                                  000f4a90         1   unsigned char
    }
  _g_handsensor_status
                                  000f4a91         2   data ,g         3
  _g_crc
                                  000f4a93         8   data ,g         2
  _g_crc_32
                                  000f4a9c        20   data ,g         0
  _rx_count
                                  000f4abc         1   data ,g         2

SECTION=.dataR
FILE=.\src\main.obj
                                  000f4abe  000f4b5a        9d
  _g_timerSetting
                                  000f4abe        96   data ,g        6c
    struct Timer_Setting_s {
                                                  96
      _g_timerSetting.t1_initialWaterDrainageOperation_s
                                  000f4abe         4   unsigned long
      _g_timerSetting.t2_flowSensorStartTime_s
                                  000f4ac2         4   unsigned long
      _g_timerSetting.t3_flowSensorMonitorTime_s
                                  000f4ac6         4   unsigned long
      _g_timerSetting.t4_electrolysisOperationStart_s
                                  000f4aca         4   unsigned long
      _g_timerSetting.t5_electrolysisStopDelay_s
                                  000f4ace         4   unsigned long
      _g_timerSetting.t6_drainageOffTime_h
                                  000f4ad2         4   unsigned long
      _g_timerSetting.t7_powerOnPreparation_s
                                  000f4ad6         4   unsigned long
      _g_timerSetting.t8_flowRateAdjustmentRelease_s
                                  000f4ada         4   unsigned long
      _g_timerSetting.t9_currentAdjustmentRelease_s
                                  000f4ade         4   unsigned long
      _g_timerSetting.t10_electrolysisCurrentAlarmSpecified_s
                                  000f4ae2         4   unsigned long
      _g_timerSetting.t11_overVoltage1Time_s
                                  000f4ae6         4   unsigned long
      _g_timerSetting.t12_overVoltage2Time_s
                                  000f4aea         4   unsigned long
      _g_timerSetting.t13_overVoltage3Time_s
                                  000f4aee         4   unsigned long
      _g_timerSetting.t14_lowVoltageStartTime_s
                                  000f4af2         4   unsigned long
      _g_timerSetting.t15_lowVoltageDelayTime_s
                                  000f4af6         4   unsigned long
      _g_timerSetting.t16_currentMonitoringStart_s
                                  000f4afa         4   unsigned long
      _g_timerSetting.t17_solenoidLeakageStartTime_s
                                  000f4afe         4   unsigned long
      _g_timerSetting.t18_fullWaterMonitoringStart_h
                                  000f4b02         4   unsigned long
      _g_timerSetting.t19_waterFilterAlarm_h
                                  000f4b06         4   unsigned long
      _g_timerSetting.t20_waterFilterAlarmIgnore_h
                                  000f4b0a         4   unsigned long
      _g_timerSetting.t26_onDelayEmptyLevel_s
                                  000f4b0e         4   unsigned long
      _g_timerSetting.t27_onDelayLowLevel_s
                                  000f4b12         4   unsigned long
      _g_timerSetting.t28_onDelayHighLevel_s
                                  000f4b16         4   unsigned long
      _g_timerSetting.t30_offDelayEmptyLevel_s
                                  000f4b1a         4   unsigned long
      _g_timerSetting.t31_saltLowLevelDelay_s
                                  000f4b1e         4   unsigned long
      _g_timerSetting.t32_saltHighLevelDelay_s
                                  000f4b22         4   unsigned long
      _g_timerSetting.t33_neutralizationStartTime_h
                                  000f4b26         4   unsigned long
      _g_timerSetting.t34_neutralizationOpenTime_s
                                  000f4b2a         4   unsigned long
      _g_timerSetting.t51_alkalineWaterSpoutingTime_s
                                  000f4b2e         4   unsigned long
      _g_timerSetting.t52_acidWaterSpoutingTime_s
                                  000f4b32         4   unsigned long
      _g_timerSetting.t53_washingWaterSpoutingTime_s
                                  000f4b36         4   unsigned long
      _g_timerSetting.t54_overLapTime_ms
                                  000f4b3a         4   unsigned long
      _g_timerSetting.t55_waterDischargeDelay_s
                                  000f4b3e         4   unsigned long
      _g_timerSetting.t56_acidWaterDownTime_s
                                  000f4b42         4   unsigned long
      _g_timerSetting.t59_alkalineWaterDownTime_s
                                  000f4b46         4   unsigned long
      _g_timerSetting.t61_curranCleaningIntervalTime_h
                                  000f4b4a         4   unsigned long
      _g_timerSetting.t62_callanWashSpoutingTime_s
                                  000f4b4e         4   unsigned long
      _g_timerSetting.crc
                                  000f4b52         1   char
    }
  _test_control_buf
                                  000f4b54         6   data ,g         0
    struct UART_Buffer_float_s {
                                                   6
      _test_control_buf.head
                                  000f4b54         1   unsigned char
      _test_control_buf.set_number
                                  000f4b55         1   unsigned char
      _test_control_buf.set_value
                                  000f4b56         4   float
    }
  __pre_flow_state
                                  000f4b5a         1   data ,g         2
FILE=.\src\r_main.obj
                                  000f4b5c  000f4b75        1a
  _g_error
                                  000f4b5c         2   data ,g         0
  _g_adc_ch
                                  000f4b5e         2   data ,g         0
  _led_st
                                  000f4b60         1   data ,g         2
  _send_data
                                  000f4b61         2   data ,g         0
  _this_size
                                  000f4b63         1   data ,g         0
  _this_size_2
                                  000f4b64         1   data ,g         0
  _send_buf
                                  000f4b65         7   data ,g         0
  _data_crc
                                  000f4b6c         8   data ,g         0
  _dac_out
                                  000f4b74         2   data ,g         2

Absolute value symbols
FILE=rlink_generates_05
  __s.text
                                  00000190         0   none ,g         0
  __e.text
                                  000004aa         0   none ,g         0
  __s.textf
                                  00003510         0   none ,g         0
  __e.textf
                                  00006331         0   none ,g         0
  __s.const
                                  00003000         0   none ,g         0
  __e.const
                                  00003510         0   none ,g         0
  __s.constf
                                  00000080         0   none ,g         0
  __e.constf
                                  00000080         0   none ,g         0
  __s.data
                                  000000d8         0   none ,g         0
  __e.data
                                  00000190         0   none ,g         0
  __s.sdata
                                  00000080         0   none ,g         0
  __e.sdata
                                  00000080         0   none ,g         0
  __s.bss
                                  000f4700         0   none ,g         0
  __e.bss
                                  000f4abd         0   none ,g         0
  __s.sbss
                                  000ffe20         0   none ,g         0
  __e.sbss
                                  000ffe20         0   none ,g         0
  __s.dataR
                                  000f4abe         0   none ,g         0
  __e.dataR
                                  000f4b76         0   none ,g         0
  __s.sdataR
                                  000ffe20         0   none ,g         0
  __e.sdataR
                                  000ffe20         0   none ,g         0
  __s.RLIB
                                  000004aa         0   none ,g         0
  __e.RLIB
                                  00000943         0   none ,g         0
  __s.SLIB
                                  000000c4         0   none ,g         0
  __e.SLIB
                                  000000c4         0   none ,g         0
  __s.option_byte
                                  000000c0         0   none ,g         0
  __e.option_byte
                                  000000c4         0   none ,g         0
  __s.monitor1
                                  000000ce         0   none ,g         0
  __e.monitor1
                                  000000d8         0   none ,g         0
  __s.monitor2
                                  0007fe00         0   none ,g         0
  __e.monitor2
                                  00080000         0   none ,g         0
  __s.security_id
                                  000000c4         0   none ,g         0
  __e.security_id
                                  000000ce         0   none ,g         0
  __s.vect
                                  00000000         0   none ,g         0
  __e.vect
                                  00000080         0   none ,g         0
  __RAM_ADDR_START
                                  000f3f00         0   none ,g         0
  __RAM_ADDR_END
                                  000ffee0         0   none ,g         0
  __STACK_ADDR_START
                                  000ffe20         0   none ,g         1
  __STACK_ADDR_END
                                  000f4b76         0   none ,g         1

*** Unfilled Areas ***

AREA                                START    END

*** Delete Symbols ***

SYMBOL                                SIZE    INFO

*** Variable Vector Table List ***

ADDRESS  SYMBOL/ADDRESS
00       _start
02       ffff
04       _r_wdt_interrupt@1
06       
08       
0a       
0c       
0e       
10       
12       
14       _r_uart2_interrupt_send@1
16       _r_uart2_interrupt_receive@1
18       
1a       
1c       
1e       _r_csi00_interrupt@1
20       _r_csi01_interrupt@1
22       
24       _r_uart1_interrupt_send@1
26       _r_uart1_interrupt_receive@1
28       
2a       
2c       _r_tau0_channel0_interrupt@1
2e       _r_tau0_channel1_interrupt@1
30       _r_tau0_channel2_interrupt@1
32       
34       _r_adc_interrupt@1
36       
38       
3a       
3c       _r_uart3_interrupt_send@1
3e       _r_uart3_interrupt_receive@1
40       
42       
44       
46       
48       
4a       
4c       
4e       
50       
52       
54       
56       
58       
5a       
5c       
5e       
60       
62       
64       
66       
68       
6a       
6c       
6e       
70       
72       
74       
76       
78       
7a       
7c       
7e       

*** Cross Reference List ***

No   Unit Name   Global.Symbol   Location External Infomation
---- ----------- --------------- -------- ---------------------
0001 cstart
     SECTION=.text
                 _start
                                 00000190
                 _exit
                                 000001e8 0001(000001e9:.text)
     SECTION=.textf
     SECTION=.const
     SECTION=.constf
     SECTION=.data
     SECTION=.sdata
     SECTION=.bss
     SECTION=.sbss
     SECTION=.dataR
     SECTION=.sdataR
     SECTION=.RLIB
     SECTION=.SLIB
     SECTION=.dataR
     SECTION=.sdataR
0002 stkinit
     SECTION=.textf
                 _stkinit
                                 00003510 0001(00000198:.text)
0003 EEPROM
     SECTION=.textf
                 _EEPROM_Init
                                 00003554 0024(00005f00:.textf)
                 _rEE_Status
                                 0000357f 0003(000035ec:.textf)
                                          0003(00003617:.textf)
                                          0003(00003656:.textf)
                                          0003(0000368c:.textf)
                                          0003(000036cb:.textf)
                                          0003(0000371f:.textf)
                 _sEE_WriteEnable
                                 0000359a 0003(0000361c:.textf)
                                          0003(00003681:.textf)
                                          0003(000037a8:.textf)
                 _sEE_WriteDisable
                                 000035ac
                 _EE_SPI_Write
                                 000035be 0007(00003ec1:.textf)
                                          0007(00003f58:.textf)
                 _EE_SPI_Read
                                 0000369d 0024(00005f0d:.textf)
                                          0024(00005f1e:.textf)
                 _sEE_Block
                                 00003754
                 _sEE_SendInstruction
                                 00003765
                 _sEE_SendReceiveInstruction
                                 00003768
                 _EE_TransmitData
                                 0000376c 0003(00003591:.textf)
                                          0003(000035a8:.textf)
                                          0003(000035ba:.textf)
                                          0003(00003626:.textf)
                                          0003(0000369b:.textf)
                                          0003(000036d9:.textf)
                                          0003(00003730:.textf)
                                          0003(00003767:.textf)
                                          0003(0000376b:.textf)
                                          0003(000037af:.textf)
                 _sEE_WriteStatusRegister
                                 00003798 0003(0000357d:.textf)
                                          0003(00003764:.textf)
     SECTION=.bss
                 _eeprom_status
                                 000f4700 0003(00003573:.textf)
                                          0003(00003578:.textf)
                                          0003(00003596:.textf)
                                          0003(000035ef:.textf)
                                          0003(00003611:.textf)
                                          0003(00003659:.textf)
                                          0003(00003686:.textf)
                                          0003(000036ce:.textf)
                                          0003(00003722:.textf)
                                          0003(0000375c:.textf)
                                          0003(00003761:.textf)
                                          0003(0000379a:.textf)
                 _spi_flag
                                 000f4702 0003(00003567:.textf)
                                          0003(0000376d:.textf)
                                          0003(0000378b:.textf)
                 _buf
                                 000f4704 0003(000035c3:.textf)
                                          0003(000035c8:.textf)
                                          0003(000035e2:.textf)
                                          0003(00003606:.textf)
                                          0003(00003623:.textf)
[...]
                                          0007(00004f32:.textf)
                                          0007(00004fa9:.textf)
                                          0007(00004faf:.textf)
                                          0007(00004ff7:.textf)
                                          0007(00004ffc:.textf)
                                          0007(000050cc:.textf)
                                          0007(000050cf:.textf)
                                          0007(00005162:.textf)
                                          0007(00005168:.textf)
                                          0007(000051ae:.textf)
                                          0007(000051b3:.textf)
                                          0021(00000486:.text)
                                          0021(0000048e:.text)
                                          0021(00000491:.text)
                                          0021(00000495:.text)
                                          0024(00005ff0:.textf)
                                          0024(00005ff6:.textf)
                                          0024(00006042:.textf)
                                          0024(00006045:.textf)
                                          0024(0000608d:.textf)
                                          0024(00006093:.textf)
                                          0024(000060c2:.textf)
                                          0024(000060c8:.textf)
                                          0026(00006205:.textf)
                                          0026(0000620a:.textf)
                                          0026(00006239:.textf)
                                          0026(00006240:.textf)
                                          0026(00006247:.textf)
                                          0026(0000624f:.textf)
                                          0026(00006289:.textf)
                                          0026(00006290:.textf)
                                          0026(000062af:.textf)
                                          0026(000062b5:.textf)
                                          0026(000062bb:.textf)
                                          0026(000062be:.textf)
                                          0026(000062c8:.textf)
                                          0026(000062cb:.textf)
                                          0026(000062f5:.textf)
                                          0026(000062fa:.textf)
                                          0026(00006323:.textf)
                                          0026(00006329:.textf)
     SECTION=.text
0022 r_cg_wdt
     SECTION=.textf
                 _R_WDT_Create
                                 00005e9b 0025(000061eb:.textf)
                 _R_WDT_Restart
                                 00005eac 0007(00003db2:.textf)
                                          0007(00003deb:.textf)
                                          0007(00003e1b:.textf)
                                          0007(00003e4b:.textf)
                                          0007(000040ad:.textf)
                                          0007(00004b19:.textf)
                                          0007(00005189:.textf)
                                          0007(0000521b:.textf)
                                          0024(00006161:.textf)
                                          0026(00006276:.textf)
0023 r_cg_wdt_user
     SECTION=.text
0024 r_main
     SECTION=.textf
                 _nostop_checkHandSensor
                                 00005eb0
                 _readHS
                                 00005ee1
                 _main
                                 00005ef6 0001(000001e4:.text)
                 _R_MAIN_UserInit
                                 00006167 0024(00005ef9:.textf)
     SECTION=.bss
                 _g_e_status
                                 000f4a1a
                 _ret_number_setting
                                 000f4a1c
                 _flow_p
                                 000f4a42 0024(00006102:.textf)
                 _salt_h_p
                                 000f4a43
                 _g_eeprom_wren
                                 000f4a44
                 _receive_data
                                 000f4a45
                 _receive_setting
                                 000f4a48
                 _set
                                 000f4a6e
                 _rx_data
                                 000f4a70
                 _data_f
                                 000f4a7c
                 _data_f_test
                                 000f4a80
                 _g_control_buffer_f
                                 000f4a84 0007(00003c6a:.textf)
                                          0007(00003c6e:.textf)
                                          0007(00003c72:.textf)
                                          0007(00003c76:.textf)
                                          0007(00003c81:.textf)
                 _g_control_buffer_u32
                                 000f4a8a 0007(00003c92:.textf)
                                          0007(00003c96:.textf)
                                          0007(00003c9a:.textf)
                                          0007(00003c9e:.textf)
                                          0007(00003ca9:.textf)
                 _handsensor_status
                                 000f4a90
                 _g_handsensor_status
                                 000f4a91 0024(00005ec6:.textf)
                                          0024(00005ecd:.textf)
                                          0024(00005ed6:.textf)
                 _g_crc
                                 000f4a93 0024(00006144:.textf)
                                          0024(00006150:.textf)
                 _g_crc_32
                                 000f4a9c
                 _rx_count
                                 000f4abc 0007(00004d6f:.textf)
                                          0024(00006082:.textf)
     SECTION=.dataR
                 _g_error
                                 000f4b5c
                 _g_adc_ch
                                 000f4b5e
                 _led_st
                                 000f4b60 0024(0000612d:.textf)
                                          0024(00006135:.textf)
                 _send_data
                                 000f4b61
                 _this_size
                                 000f4b63
                 _this_size_2
                                 000f4b64
                 _send_buf
                                 000f4b65
                 _data_crc
                                 000f4b6c
                 _dac_out
                                 000f4b74 0024(00006153:.textf)
                                          0024(0000615a:.textf)
     SECTION=.const
     SECTION=.data
0025 r_systeminit
     SECTION=.textf
                 _R_Systeminit
                                 000061c8 0025(000061fe:.textf)
                 _hdwinit
                                 000061fa 0001(0000019c:.text)
0026 usr_timer
     SECTION=.textf
                 _delay_ms
                                 000061ff 0007(000046c7:.textf)
                                          0024(00005eec:.textf)
                                          0024(00005fa6:.textf)
                                          0026(00006273:.textf)
                 _delay
                                 00006267
                 _ns_delay_ms
                                 0000627f 0007(00003965:.textf)
                                          0007(00003a46:.textf)
                                          0007(00003a8f:.textf)
                                          0007(00003ad8:.textf)
                                          0007(00003b31:.textf)
                                          0007(00003b68:.textf)
                                          0007(00003bb1:.textf)
                                          0007(00003bfa:.textf)
                                          0007(00003c53:.textf)
                                          0007(00003ff0:.textf)
                                          0007(00004014:.textf)
                                          0007(000040a2:.textf)
                                          0007(000040e4:.textf)
                                          0007(00004166:.textf)
                                          0007(00004209:.textf)
                                          0007(000042b3:.textf)
                                          0007(000043b0:.textf)
                                          0007(0000455c:.textf)
                                          0007(000047e3:.textf)
                                          0007(00004897:.textf)
                                          0007(000048da:.textf)
                                          0007(000048f2:.textf)
                                          0007(0000491f:.textf)
                                          0007(00004955:.textf)
                                          0007(00004973:.textf)
                                          0007(0000499c:.textf)
                                          0007(000049fd:.textf)
                                          0007(00004a2f:.textf)
                                          0007(00004a49:.textf)
                                          0007(00004aa7:.textf)
                                          0007(00004ad9:.textf)
                                          0007(00004af3:.textf)
                                          0007(00004c5c:.textf)
                                          0007(00004ccd:.textf)
                                          0007(00004d22:.textf)
                                          0007(00004d89:.textf)
                                          0007(00004e02:.textf)
                                          0007(00004e33:.textf)
                                          0007(00004f15:.textf)
                                          0007(00004f43:.textf)
                                          0007(00004f58:.textf)
                                          0007(00004f8a:.textf)
                                          0007(00004fd2:.textf)
                                          0007(0000508c:.textf)
                                          0007(00005106:.textf)
                                          0007(00005121:.textf)
                                          0007(00005149:.textf)
                                          0007(00005195:.textf)
                                          0007(000051e3:.textf)
                                          0007(000052eb:.textf)
                                          0024(00005ebe:.textf)
                                          0024(00006006:.textf)
                                          0024(000060a3:.textf)
                                          0024(000060e1:.textf)
                                          0024(0000610d:.textf)
                                          0024(00006119:.textf)
                                          0024(00006125:.textf)
                 _non_block_delay
                                 000062eb
                 _mTask
                                 000062ed
0027 memcpy
     SECTION=.RLIB
                 _memcpy
                                 000004aa 0007(00003eb2:.textf)
                                          0007(00003f4b:.textf)
                                          0024(00005f2d:.textf)
                                          0024(00005f3a:.textf)
                                          0024(00006034:.textf)
                                          0024(00006074:.textf)
0028 _COM_faddsub
     SECTION=.RLIB
                 __COM_fsub
                                 00000517
                 __COM_fadd
                                 0000051f 0007(00005208:.textf)
                                          0007(000052c2:.textf)
0029 _COM_fdiv
     SECTION=.RLIB
                 __COM_fdiv
                                 00000655 0007(00005249:.textf)
                                          0007(00005266:.textf)
                                          0007(00005328:.textf)
                                          0007(00005344:.textf)
0030 _COM_fge
     SECTION=.RLIB
                 __COM_fge
                                 00000724 0007(00004224:.textf)
                                          0007(000042ce:.textf)
                                          0007(00004b57:.textf)
0031 _COM_fgt
     SECTION=.RLIB
                 __COM_fgt
                                 0000073a 0007(00004058:.textf)
                                          0007(0000437d:.textf)
                                          0007(000044a9:.textf)
                                          0007(000044f5:.textf)
                                          0007(00004d58:.textf)
0032 _COM_fle
     SECTION=.RLIB
                 __COM_fle
                                 00000750 0007(0000443d:.textf)
                                          0007(000046af:.textf)
0033 _COM_flt
     SECTION=.RLIB
                 __COM_flt
                                 00000766 0007(00004042:.textf)
                                          0007(00004133:.textf)
                                          0007(000041d6:.textf)
                                          0007(00004280:.textf)
                                          0007(0000446a:.textf)
                                          0007(0000453d:.textf)
                                          0007(00004d42:.textf)
0034 _COM_fmul
     SECTION=.RLIB
                 __COM_fmul
                                 000007c7 0006(000038d2:.textf)
                                          0006(000038e0:.textf)
                                          0006(0000390b:.textf)
                                          0006(00003919:.textf)
                                          0007(0000522d:.textf)
                                          0007(0000523b:.textf)
                                          0007(0000530c:.textf)
                                          0007(0000531a:.textf)
0035 _COM_funordered
     SECTION=.RLIB
                 __COM_funordered
                                 00000869 0007(00004120:.textf)
                                          0007(000041c3:.textf)
                                          0007(0000426d:.textf)
                                          0007(0000436a:.textf)
                                          0007(00004457:.textf)
                                          0007(00004496:.textf)
                                          0007(000044e2:.textf)
                                          0007(0000452a:.textf)
                                          0007(00004b44:.textf)
0036 _COM_ultof
     SECTION=.RLIB
                 __COM_ultof
                                 00000874 0006(000038c6:.textf)
                                          0006(000038ff:.textf)
                                          0007(0000525b:.textf)
                                          0007(00005339:.textf)
0037 _REL_fcmp
     SECTION=.RLIB
                 __REL_fcmp
                                 0000087a 0030(0000072e:.RLIB)
                                          0031(00000744:.RLIB)
                                          0032(0000075a:.RLIB)
                                          0033(00000770:.RLIB)
0038 _REL_fordered_core
     SECTION=.RLIB
                 __REL_fordered_core
                                 000008b2 0030(00000727:.RLIB)
                                          0031(0000073d:.RLIB)
                                          0032(00000753:.RLIB)
                                          0033(00000769:.RLIB)
                                          0035(0000086c:.RLIB)
0039 _REL_f_inf
     SECTION=.RLIB
                 __REL_f_inf
                                 000008ce 0028(000005ae:.RLIB)
                                          0029(0000063f:.RLIB)
                                          0029(000006df:.RLIB)
                                          0034(00000799:.RLIB)
                                          0034(0000083c:.RLIB)
0040 _REL_f_norm
     SECTION=.RLIB
                 __REL_f_norm
                                 000008d6 0029(00000620:.RLIB)
                                          0029(0000064b:.RLIB)
                                          0034(000007ba:.RLIB)
0041 _REL_f_round
     SECTION=.RLIB
                 __REL_f_round
                                 000008e6 0028(000005bb:.RLIB)
                                          0028(000005f3:.RLIB)
                                          0029(00000721:.RLIB)
                                          0034(00000849:.RLIB)
0042 _REL_ltof
     SECTION=.RLIB
                 __REL_ltof
                                 000008f9 0036(00000877:.RLIB)
0043 rlink_generates_01
     SECTION=.option_byte
0044 rlink_generates_02
     SECTION=.monitor1
     SECTION=.monitor2
0045 rlink_generates_03
     SECTION=.security_id
0046 rlink_generates_04
     SECTION=.vect
0047 rlink_generates_05
     SECTION=
                 __s.vect
                                 00000000
                 __s.constf
                                 00000080
                 __e.constf
                                 00000080
                 __s.sdata
                                 00000080
                 __e.sdata
                                 00000080
                 __e.vect
                                 00000080
                 __s.option_byte
                                 000000c0
                 __s.SLIB
                                 000000c4
                 __e.SLIB
                                 000000c4
                 __e.option_byte
                                 000000c4
                 __s.security_id
                                 000000c4
                 __s.monitor1
                                 000000ce
                 __e.security_id
                                 000000ce
                 __s.data
                                 000000d8
                 __e.monitor1
                                 000000d8
                 __s.text
                                 00000190
                 __e.data
                                 00000190
                 __e.text
                                 000004aa
                 __s.RLIB
                                 000004aa
                 __e.RLIB
                                 00000943
                 __s.const
                                 00003000
                 __s.textf
                                 00003510
                 __e.const
                                 00003510
                 __e.textf
                                 00006331
                 __s.monitor2
                                 0007fe00
                 __e.monitor2
                                 00080000
                 __RAM_ADDR_START
                                 000f3f00
                 __s.bss
                                 000f4700
                 __e.bss
                                 000f4abd
                 __s.dataR
                                 000f4abe
                 __e.dataR
                                 000f4b76
                 __STACK_ADDR_END
                                 000f4b76 0001(00000195:.text)
                 __s.sbss
                                 000ffe20
                 __e.sbss
                                 000ffe20
                 __s.sdataR
                                 000ffe20
                 __e.sdataR
                                 000ffe20
                 __STACK_ADDR_START
                                 000ffe20 0001(00000192:.text)
                 __RAM_ADDR_END
                                 000ffee0
