Renesas Optimizing Linker (W3.03.00 )             07-Dec-2021 17:52:13

*** Options ***

-subcommand=LinkerControlPCB_HWM.tmp
-MAKEUD=D:\Chieniwa\E2_Studio\ControlPCB_HWM\HardwareDebug/ControlPCB_HWM_l.ud
-device="D:/Chieniwa/E2_Studio/.eclipse/com.renesas.platform_1435879475/DebugComp/RL78/RL78/Common/DR5F104ML.DVF"
-list="ControlPCB_HWM.map"
-show=all
-nooptimize
-entry=_start
-auto_section_layout
-security_id=00000000000000000000
-debug_monitor=7FE00-7FFFF
-user_opt_byte=FFFFF8
-ocdbg=84
-ocdtr
-input=".\generate\cstart.obj"
-input=".\generate\stkinit.obj"
-input=".\src\EEPROM.obj"
-input=".\src\crc32.obj"
-input=".\src\crc8.obj"
-input=".\src\interrupt_handle.obj"
-input=".\src\main.obj"
-input=".\src\r_cg_adc.obj"
-input=".\src\r_cg_adc_user.obj"
-input=".\src\r_cg_cgc.obj"
-input=".\src\r_cg_cgc_user.obj"
-input=".\src\r_cg_dac.obj"
-input=".\src\r_cg_dac_user.obj"
-input=".\src\r_cg_port.obj"
-input=".\src\r_cg_port_user.obj"
-input=".\src\r_cg_rtc.obj"
-input=".\src\r_cg_rtc_user.obj"
-input=".\src\r_cg_serial.obj"
-input=".\src\r_cg_serial_user.obj"
-input=".\src\r_cg_timer.obj"
-input=".\src\r_cg_timer_user.obj"
-input=".\src\r_cg_wdt.obj"
-input=".\src\r_cg_wdt_user.obj"
-input=".\src\r_main.obj"
-input=".\src\r_systeminit.obj"
-input=".\src\usr_timer.obj"
-library="C:\Program Files (x86)\Renesas Electronics\CS+\CC\CC-RL\V1.10.00\lib\rl78em4s99.lib"
-library="C:\Program Files (x86)\Renesas Electronics\CS+\CC\CC-RL\V1.10.00\lib\rl78em4r.lib"
-library="C:\Program Files (x86)\Renesas Electronics\CS+\CC\CC-RL\V1.10.00\lib\malloc_n.lib"
-output="ControlPCB_HWM.abs"
-debug
-nocompress
-rom=.data=.dataR,.sdata=.sdataR
-nomessage
-nologo

*** Error information ***

*** Mapping List ***

SECTION                            START      END         SIZE   ALIGN
.vect
                                  00000000  0000007f        80   0
.constf
                                  00000080  00000080         0   2
.sdata
                                  00000080  00000080         0   2
.option_byte
                                  000000c0  000000c3         4   1
.security_id
                                  000000c4  000000cd         a   1
.SLIB
                                  000000c4  000000c4         0   1
.monitor1
                                  000000ce  000000d7         a   1
.data
                                  000000d8  00000151        7a   2
.text
                                  00000152  0000046b       31a   1
.textf
                                  0000046c  00001f45      1ada   1
.RLIB
                                  00001f46  0000244e       509   1
.const
                                  00003000  00003501       502   2
.monitor2
                                  0007fe00  0007ffff       200   1
.bss
                                  000f4700  000f48a7       1a8   2
.dataR
                                  000f48a8  000f4921        7a   2
.sbss
                                  000ffe20  000ffe20         0   2
.sdataR
                                  000ffe20  000ffe20         0   2

*** Total Section Size ***

RAMDATA SECTION:  00000222 Byte(s)
ROMDATA SECTION:  00000814 Byte(s)
PROGRAM SECTION:  000022fd Byte(s)

*** Symbol List ***

SECTION=
FILE=                               START        END    SIZE
  SYMBOL                            ADDR        SIZE    INFO      COUNTS  OPT
    STRUCT                                      SIZE
      MEMBER                        ADDR        SIZE    INFO

SECTION=.vect
FILE=rlink_generates_04
                                  00000000  0000007f        80

SECTION=.option_byte
FILE=rlink_generates_01
                                  000000c0  000000c3         4

SECTION=.security_id
FILE=rlink_generates_03
                                  000000c4  000000cd         a

SECTION=.monitor1
FILE=rlink_generates_02
                                  000000ce  000000d7         a

SECTION=.data
FILE=.\src\main.obj
                                  000000d8  00000122        4b
FILE=.\src\r_main.obj
                                  00000124  00000151        2e

SECTION=.text
FILE=.\generate\cstart.obj
                                  00000152  000001ab        5a
  _start
                                  00000152         0   entry,g         0
  _exit
                                  000001aa         0   none ,g         1
FILE=.\src\r_cg_adc_user.obj
                                  000001ac  000001c5        1a
  _r_adc_interrupt@1
                                  000001ac        1a   func ,l         0
FILE=.\src\r_cg_serial_user.obj
                                  000001c6  00000443       27e
  _r_uart1_interrupt_receive@1
                                  000001c6        5f   func ,l         0
  _r_uart1_interrupt_send@1
                                  00000225        31   func ,l         0
  _r_csi00_interrupt@1
                                  00000256        49   func ,l         0
  _r_csi01_interrupt@1
                                  0000029f        85   func ,l         0
  _r_uart2_interrupt_receive@1
                                  00000324        5f   func ,l         0
  _r_uart2_interrupt_send@1
                                  00000383        31   func ,l         0
  _r_uart3_interrupt_receive@1
                                  000003b4        5f   func ,l         0
  _r_uart3_interrupt_send@1
                                  00000413        31   func ,l         0
FILE=.\src\r_cg_timer_user.obj
                                  00000444  00000469        26
  _r_tau0_channel0_interrupt@1
                                  00000444        1c   func ,l         0
  _r_tau0_channel1_interrupt@1
                                  00000460         5   func ,l         0
  _r_tau0_channel2_interrupt@1
                                  00000465         5   func ,l         0
FILE=.\src\r_cg_wdt_user.obj
                                  0000046a  0000046b         2
  _r_wdt_interrupt@1
                                  0000046a         2   func ,l         0

SECTION=.textf
FILE=.\generate\stkinit.obj
                                  0000046c  000004af        44
  _stkinit
                                  0000046c         0   none ,g         1
  LSTINIT1
                                  0000047a         0   none ,l         1
  LSTINIT2
                                  000004a4         0   none ,l         2
  LSTINIT3
                                  000004af         0   none ,l         2
FILE=.\src\EEPROM.obj
                                  000004b0  0000062a       17b
  _EEPROM_Init
                                  000004b0        2b   func ,g         1
  _rEE_Status
                                  000004db        1b   func ,g         1
  _sEE_WriteEnable
                                  000004f6        12   func ,g         2
  _sEE_WriteDisable
                                  00000508        12   func ,g         0
  _EE_SPI_Write
                                  0000051a        5a   func ,g         0
  _EE_SPI_Read
                                  00000574        58   func ,g         0
  _sEE_Block
                                  000005cc        11   func ,g         0
  _sEE_SendInstruction
                                  000005dd         3   func ,g         0
  _sEE_SendReceiveInstruction
                                  000005e0         4   func ,g         0
  _EE_TransmitData
                                  000005e4        2c   func ,g         8
  _sEE_WriteStatusRegister
                                  00000610        1b   func ,g         2
FILE=.\src\crc32.obj
                                  0000062b  000006c9        9f
  _xcrc32
                                  0000062b        4e   func ,g         0
  _CRC32
                                  00000679        51   func ,g         0
FILE=.\src\crc8.obj
                                  000006ca  00000729        60
  _crc8_4
                                  000006ca        43   func ,g         1
  _crc8_1
                                  0000070d        1d   func ,g         3
FILE=.\src\interrupt_handle.obj
                                  0000072a  000007a5        7c
  _adc_int_handle
                                  0000072a        7c   func ,g         1
FILE=.\src\main.obj
                                  000007a6  000012c9       b24
  _handSensorLED
                                  000007a6        30   func ,g         d
  _setting_default
                                  000007d6        9b   func ,g         1
  _sendToRasPi
                                  00000871        33   func ,g         e
  _InitialOperationModeStart
                                  000008a4        5e   func ,g         1
  _FlowSensorCheck
                                  00000902        a5   func ,g         1
  _WaterSupplyOperation
                                  000009a7        4b   func ,g         1
  _Voltage1Check
                                  000009f2        5b   func ,g         1
  _Voltage2Check
                                  00000a4d        b4   func ,g         1
  _Voltage3Check
                                  00000b01        bd   func ,g         1
  _LowVoltageCheck
                                  00000bbe        e3   func ,g         1
  _OverCurrentCheck
                                  00000ca1        fb   func ,g         1
  _ElectrolyticOperation
                                  00000d9c        59   func ,g         1
  _solenoidCheck
                                  00000df5        76   func ,g         0
  _saltWaterTankFullCheck
                                  00000e6b        13   func ,g         0
  _saltWaterTankEmptyCheck
                                  00000e7e        10   func ,g         0
  _acidWaterTankSkipCheck
                                  00000e8e        3b   func ,g         0
  _alkalineWaterTankSkipCheck
                                  00000ec9        3f   func ,g         0
  _OpenSV1
                                  00000f08         4   func ,g         0
  _CloseSV1
                                  00000f0c         4   func ,g         0
  _OpenSV2
                                  00000f10         4   func ,g         0
  _CloseSV2
                                  00000f14         4   func ,g         0
  _FilterReplacementCheck
                                  00000f18         2   func ,g         0
  _ElectrolyzeWaterGeneration
                                  00000f1a        26   func ,g         1
  _WaterWashingMode
                                  00000f40        3d   func ,g         1
  _HandWashingMode
                                  00000f7d        da   func ,g         0
  _AcidWaterMode
                                  00001057        7d   func ,g         0
  _AlkalineWaterMode
                                  000010d4        7d   func ,g         0
  _nostop_CallanCleaningMode
                                  00001151        8d   func ,g         0
  _main_20211111
                                  000011de         9   func ,g         0
  _main_20211111_while
                                  000011e7         6   func ,g         0
  _electrolyticOperationON
                                  000011ed        27   func ,g         3
  _electrolyticOperationOFF
                                  00001214        1a   func ,g         8
  _measureFlowSensor
                                  0000122e        9c   func ,g         1
FILE=.\src\r_cg_adc.obj
                                  000012ca  0000132b        62
  _R_ADC_Create
                                  000012ca        33   func ,g         2
  _R_ADC_Start
                                  000012fd         a   func ,g         2
  _R_ADC_Stop
                                  00001307         a   func ,g         0
  _R_ADC_Set_OperationOn
                                  00001311         4   func ,g         1
  _R_ADC_Set_OperationOff
                                  00001315         4   func ,g         0
  _R_ADC_Get_Result
                                  00001319         7   func ,g         2
  _R_ADC_Set_ADChannel
                                  00001320         c   func ,g         0
FILE=.\src\r_cg_cgc.obj
                                  0000132c  00001341        16
  _R_CGC_Create
                                  0000132c        16   func ,g         1
FILE=.\src\r_cg_cgc_user.obj
                                  00001342  00001344         3
  _R_CGC_Get_ResetSource
                                  00001342         3   func ,g         1
FILE=.\src\r_cg_dac.obj
                                  00001345  00001377        33
  _R_DAC_Create
                                  00001345        1d   func ,g         1
  _R_DAC0_Start
                                  00001362         4   func ,g         0
  _R_DAC0_Stop
                                  00001366         4   func ,g         0
  _R_DAC0_Set_ConversionValue
                                  0000136a         3   func ,g         0
  _R_DAC1_Start
                                  0000136d         4   func ,g         0
  _R_DAC1_Stop
                                  00001371         4   func ,g         0
  _R_DAC1_Set_ConversionValue
                                  00001375         3   func ,g         0
FILE=.\src\r_cg_port.obj
                                  00001378  000013bf        48
  _R_PORT_Create
                                  00001378        48   func ,g         1
FILE=.\src\r_cg_port_user.obj
                                  000013c0  000013c0         1
  _R_PORT_Create_UserInit
                                  000013c0         1   func ,g         1
FILE=.\src\r_cg_rtc.obj
                                  000013c1  000014fe       13e
  _R_RTC_Create
                                  000013c1        27   func ,g         2
  _R_RTC_Start
                                  000013e8         4   func ,g         1
  _R_RTC_Stop
                                  000013ec         4   func ,g         0
  _R_RTC_Get_CounterValue
                                  000013f0        51   func ,g         0
  _R_RTC_Set_CounterValue
                                  00001441        be   func ,g         1
FILE=.\src\r_cg_serial.obj
                                  000014ff  000019f1       4f3
  _R_CSI01_Receive
                                  000014ff        1a   func ,g         0
  _R_CSI01_Send
                                  00001519        26   func ,g         0
  _R_SAU0_Create
                                  0000153f        17   func ,g         2
  _R_UART1_Create
                                  00001556        7e   func ,g         2
  _R_UART1_Start
                                  000015d4        26   func ,g         1
  _R_UART1_Stop
                                  000015fa        1e   func ,g         0
  _R_UART1_Receive
                                  00001618        18   func ,g         0
  _R_UART1_Send
                                  00001630        29   func ,g         0
  _R_CSI00_Create
                                  00001659        53   func ,g         2
  _R_CSI00_Start
                                  000016ac        26   func ,g         1
  _R_CSI00_Stop
                                  000016d2        18   func ,g         0
  _R_CSI00_Send
                                  000016ea        28   func ,g         0
  _R_CSI01_Create
                                  00001712        5a   func ,g         3
  _R_CSI01_Start
                                  0000176c        26   func ,g         1
  _R_CSI01_Stop
                                  00001792        18   func ,g         1
  _R_CSI01_Send_Receive
                                  000017aa        36   func ,g         1
  _R_SAU1_Create
                                  000017e0        14   func ,g         2
  _R_UART2_Create
                                  000017f4        7e   func ,g         2
  _R_UART2_Start
                                  00001872        26   func ,g         2
  _R_UART2_Stop
                                  00001898        1e   func ,g         1
  _R_UART2_Receive
                                  000018b6        18   func ,g         2
  _R_UART2_Send
                                  000018ce        29   func ,g         4
  _R_UART3_Create
                                  000018f7        76   func ,g         2
  _R_UART3_Start
                                  0000196d        26   func ,g         1
  _R_UART3_Stop
                                  00001993        1e   func ,g         0
  _R_UART3_Receive
                                  000019b1        18   func ,g         2
  _R_UART3_Send
                                  000019c9        29   func ,g         1
FILE=.\src\r_cg_serial_user.obj
                                  000019f2  00001a77        86
  _sendResponse
                                  000019f2         a   func ,g         1
  _isCommand
                                  000019fc        20   func ,g         0
  _r_uart1_callback_receiveend@1
                                  00001a1c         1   func ,l         1
  _r_uart1_callback_softwareoverrun@1
                                  00001a1d         1   func ,l         1
  _r_uart1_callback_sendend@1
                                  00001a1e         1   func ,l         1
  _r_uart1_callback_error@1
                                  00001a1f         1   func ,l         1
  _r_csi00_callback_sendend@1
                                  00001a20         1   func ,l         1
  _r_csi01_callback_receiveend@1
                                  00001a21         7   func ,l         1
  _r_csi01_callback_error@1
                                  00001a28         1   func ,l         1
  _r_csi01_callback_sendend@1
                                  00001a29         4   func ,l         1
  _r_uart2_callback_receiveend@1
                                  00001a2d        35   func ,l         1
  _r_uart2_callback_softwareoverrun@1
                                  00001a62         1   func ,l         1
  _r_uart2_callback_sendend@1
                                  00001a63         4   func ,l         1
  _r_uart2_callback_error@1
                                  00001a67         1   func ,l         1
  _r_uart3_callback_receiveend@1
                                  00001a68         a   func ,l         1
  _r_uart3_callback_softwareoverrun@1
                                  00001a72         1   func ,l         1
  _r_uart3_callback_sendend@1
                                  00001a73         4   func ,l         1
  _r_uart3_callback_error@1
                                  00001a77         1   func ,l         1
FILE=.\src\r_cg_timer.obj
                                  00001a78  00001b84       10d
  _R_TAU0_Create
                                  00001a78        ad   func ,g         2
  _R_TAU0_Channel0_Start
                                  00001b25        10   func ,g         1
  _R_TAU0_Channel0_Stop
                                  00001b35        10   func ,g         0
  _R_TAU0_Channel1_Start
                                  00001b45        10   func ,g         0
  _R_TAU0_Channel1_Stop
                                  00001b55        10   func ,g         0
  _R_TAU0_Channel2_Start
                                  00001b65        10   func ,g         0
  _R_TAU0_Channel2_Stop
                                  00001b75        10   func ,g         0
FILE=.\src\r_cg_wdt.obj
                                  00001b85  00001b99        15
  _R_WDT_Create
                                  00001b85        11   func ,g         1
  _R_WDT_Restart
                                  00001b96         4   func ,g        14
FILE=.\src\r_main.obj
                                  00001b9a  00001e13       27a
  _readHS
                                  00001b9a        15   func ,g         9
  _main
                                  00001baf       21a   func ,g         1
  _R_MAIN_UserInit
                                  00001dc9        4b   func ,g         1
FILE=.\src\r_systeminit.obj
                                  00001e14  00001e4a        37
  _R_Systeminit
                                  00001e14        32   func ,g         1
  _hdwinit
                                  00001e46         5   func ,g         1
FILE=.\src\usr_timer.obj
                                  00001e4b  00001f45        fb
  _delay_ms
                                  00001e4b        68   func ,g        16
  _delay
                                  00001eb3        18   func ,g         5
  _ns_delay_ms
                                  00001ecb        35   func ,g         6
  _non_block_delay
                                  00001f00         2   func ,g         0
  _mTask
                                  00001f02        44   func ,g         0

SECTION=.RLIB
FILE=memcpy
                                  00001f46  00001f56        11
  _memcpy
                                  00001f46         0   none ,g         1
FILE=memset
                                  00001f57  00001f64         e
  _memset
                                  00001f57         0   none ,g         2
FILE=_COM_faddsub
                                  00001f65  0000209f       13b
  __COM_fsub
                                  00001fc1         0   none ,g         0
  __COM_fadd
                                  00001fc9         0   none ,g         1
FILE=_COM_fdiv
                                  000020a0  000021cd       12e
  __COM_fdiv
                                  000020ff         0   none ,g         1
FILE=_COM_fge
                                  000021ce  000021e3        16
  __COM_fge
                                  000021ce         0   none ,g         3
FILE=_COM_fgt
                                  000021e4  000021f9        16
  __COM_fgt
                                  000021e4         0   none ,g         1
FILE=_COM_fle
                                  000021fa  0000220f        16
  __COM_fle
                                  000021fa         0   none ,g         3
FILE=_COM_flt
                                  00002210  00002225        16
  __COM_flt
                                  00002210         0   none ,g         3
FILE=_COM_fmul
                                  00002226  00002312        ed
  __COM_fmul
                                  00002271         0   none ,g         d
FILE=_COM_ftoul
                                  00002313  0000231e         c
  __COM_ftoul
                                  00002313         0   none ,g         8
FILE=_COM_funordered
                                  0000231f  00002329         b
  __COM_funordered
                                  0000231f         0   none ,g         6
FILE=_COM_ultof
                                  0000232a  0000232f         6
  __COM_ultof
                                  0000232a         0   none ,g         a
FILE=_REL_fcmp
                                  00002330  00002367        38
  __REL_fcmp
                                  00002330         0   none ,g         4
FILE=_REL_fordered_core
                                  00002368  00002383        1c
  __REL_fordered_core
                                  00002368         0   none ,g         5
FILE=_REL_ftol
                                  00002384  000023b8        35
  __REL_ftol
                                  00002384         0   none ,g         1
FILE=_REL_f_inf
                                  000023b9  000023c0         8
  __REL_f_inf
                                  000023b9         0   none ,g         5
FILE=_REL_f_norm
                                  000023c1  000023d0        10
  __REL_f_norm
                                  000023c1         0   none ,g         3
FILE=_REL_f_round
                                  000023d1  000023e3        13
  __REL_f_round
                                  000023d1         0   none ,g         4
FILE=_REL_ltof
                                  000023e4  0000242d        4a
  __REL_ltof
                                  000023e4         0   none ,g         1
FILE=_COM_lshr
                                  0000242e  0000244e        21
  __COM_lshr
                                  00002438         0   none ,g         1

SECTION=.const
FILE=.\src\EEPROM.obj
                                  00003000  00003001         2
FILE=.\src\crc32.obj
                                  00003002  00003401       400
  _crc32_table
                                  00003002       400   data ,g         2
FILE=.\src\crc8.obj
                                  00003402  00003501       100
  _crc_table@1
                                  00003402       100   data ,l         2

SECTION=.monitor2
FILE=rlink_generates_02
                                  0007fe00  0007ffff       200

SECTION=.bss
FILE=.\src\EEPROM.obj
                                  000f4700  000f4703         4
  _eeprom_status
                                  000f4700         1   data ,g         8
    union  EEPROM_status_u {
                                                   1
      _eeprom_status.refined
                                  000f4700         1
    struct  {
                                                   1
      _eeprom_status.refined.RB
                                  000f4700         1   unsigned char:1(7)
      _eeprom_status.refined.WEN
                                  000f4700         1   unsigned char:1(6)
      _eeprom_status.refined.BP
                                  000f4700         1   unsigned char:2(4)
      _eeprom_status.refined.RSVD
                                  000f4700         1   unsigned char:3(1)
      _eeprom_status.refined.WPEN
                                  000f4700         1   unsigned char:1(0)
    }
      _eeprom_status.raw
                                  000f4700         1   unsigned char
    }
  _spi_flag
                                  000f4702         2   data ,g         3
FILE=.\src\interrupt_handle.obj
                                  000f4704  000f4707         4
  _g_adc_value
                                  000f4704         4   data ,g         4
FILE=.\src\main.obj
                                  000f4708  000f477b        74
  _g_Tick@1
                                  000f4708        30   data ,l         6
    struct Tick_s {
                                                  30
      _g_Tick@1.tick1s
                                  000f4708         4   unsigned long
      _g_Tick@1.tick500ms
                                  000f470c         4   unsigned long
      _g_Tick@1.tick5s
                                  000f4710         4   unsigned long
      _g_Tick@1.tickBlink
                                  000f4714         4   unsigned long
      _g_Tick@1.tickCustom
                                  000f4718        20   unsigned long
    }
  _g_TickKeeper@2
                                  000f4738        10   data ,l         4
    struct Tick_Keeper_s {
                                                  10
      _g_TickKeeper@2.SV1_ON_minutes
                                  000f4738         4   unsigned long
      _g_TickKeeper@2.SV1_OFF_minutes
                                  000f473c         4   unsigned long
      _g_TickKeeper@2.SV2_ON_minutes
                                  000f4740         4   unsigned long
      _g_TickKeeper@2.SV2_OFF_minutes
                                  000f4744         4   unsigned long
    }
  _g_callan_clear_flag@3
                                  000f4748         1   data ,l         3
  _g_numberSetting
                                  000f474a        22   data ,g        22
    struct Number_Setting_s {
                                                  22
      _g_numberSetting.upperVoltage1
                                  000f474a         4   float
      _g_numberSetting.upperVoltage2
                                  000f474e         4   float
      _g_numberSetting.upperVoltage3
                                  000f4752         4   float
      _g_numberSetting.lowerVoltage
                                  000f4756         4   float
      _g_numberSetting.upperCurrent
                                  000f475a         4   float
      _g_numberSetting.lowerCurrent
                                  000f475e         4   float
      _g_numberSetting.upperFlow
                                  000f4762         4   float
      _g_numberSetting.lowerFlow
                                  000f4766         4   float
      _g_numberSetting.crc
                                  000f476a         1   char
    }
  _g_color
                                  000f476c         1   data ,g        14
  _g_pre_color
                                  000f476d         1   data ,g         4
  _g_cvcc_current
                                  000f476e         4   data ,g         6
  _g_cvcc_voltge
                                  000f4772         4   data ,g         c
  _g_alarm
                                  000f4776         1   data ,g         0
  _g_flow_value
                                  000f4778         4   data ,g         6
FILE=.\src\r_cg_rtc_user.obj
                                  000f477c  000f4782         7
  _g_rtc
                                  000f477c         7   data ,g         3
    struct  {
                                                   7
      _g_rtc.sec
                                  000f477c         1   unsigned char
      _g_rtc.min
                                  000f477d         1   unsigned char
      _g_rtc.hour
                                  000f477e         1   unsigned char
      _g_rtc.day
                                  000f477f         1   unsigned char
      _g_rtc.week
                                  000f4780         1   unsigned char
      _g_rtc.month
                                  000f4781         1   unsigned char
      _g_rtc.year
                                  000f4782         1   unsigned char
    }
FILE=.\src\r_cg_serial.obj
                                  000f4784  000f47b9        36
  _gp_uart1_tx_address
                                  000f4784         2   data ,g         5
  _g_uart1_tx_count
                                  000f4786         2   data ,g         4
  _gp_uart1_rx_address
                                  000f4788         2   data ,g         3
  _g_uart1_rx_count
                                  000f478a         2   data ,g         4
  _g_uart1_rx_length
                                  000f478c         2   data ,g         3
  _gp_csi00_rx_address
                                  000f478e         2   data ,g         0
  _g_csi00_rx_length
                                  000f4790         2   data ,g         0
  _g_csi00_rx_count
                                  000f4792         2   data ,g         0
  _gp_csi00_tx_address
                                  000f4794         2   data ,g         6
  _g_csi00_send_length
                                  000f4796         2   data ,g         0
  _g_csi00_tx_count
                                  000f4798         2   data ,g         4
  _gp_csi01_rx_address
                                  000f479a         2   data ,g         5
  _g_csi01_rx_length
                                  000f479c         2   data ,g         1
  _g_csi01_rx_count
                                  000f479e         2   data ,g         1
  _gp_csi01_tx_address
                                  000f47a0         2   data ,g         7
  _g_csi01_send_length
                                  000f47a2         2   data ,g         0
  _g_csi01_tx_count
                                  000f47a4         2   data ,g         7
  _gp_uart2_tx_address
                                  000f47a6         2   data ,g         5
  _g_uart2_tx_count
                                  000f47a8         2   data ,g         4
  _gp_uart2_rx_address
                                  000f47aa         2   data ,g         3
  _g_uart2_rx_count
                                  000f47ac         2   data ,g         4
  _g_uart2_rx_length
                                  000f47ae         2   data ,g         3
  _gp_uart3_tx_address
                                  000f47b0         2   data ,g         5
  _g_uart3_tx_count
                                  000f47b2         2   data ,g         4
  _gp_uart3_rx_address
                                  000f47b4         2   data ,g         3
  _g_uart3_rx_count
                                  000f47b6         2   data ,g         4
  _g_uart3_rx_length
                                  000f47b8         2   data ,g         3
FILE=.\src\r_cg_serial_user.obj
                                  000f47ba  000f47e5        2c
  _send_response_flag
                                  000f47ba         1   data ,g         3
  _send_response_time_flag
                                  000f47bb         1   data ,g         3
  _send_response_number_flag
                                  000f47bc         1   data ,g         0
  _g_csi_count
                                  000f47bd         1   data ,g         0
  _g_csi_err
                                  000f47be         1   data ,g         0
  _g_csi_send_end
                                  000f47bf         1   data ,g         1
  _g_csi_rev_end
                                  000f47c0         1   data ,g         3
  _g_uart1_send
                                  000f47c1         1   data ,g         0
  _g_uart2_sendend
                                  000f47c2         1   data ,g         a
  _g_uart2_receive
                                  000f47c3         1   data ,g         1
  _g_rx_data
                                  000f47c4        20   data ,g         f
  _g_uart2_fault
                                  000f47e4         1   data ,g         3
  _g_uart3_sendend
                                  000f47e5         1   data ,g         3
FILE=.\src\r_cg_timer_user.obj
                                  000f47e6  000f47ed         8
  _timer0_ch0_flag
                                  000f47e6         1   data ,g         1
  _timer0_ch1_flag
                                  000f47e7         1   data ,g         1
  _timer0_ch2_flag
                                  000f47e8         1   data ,g         1
  _g_systemTime
                                  000f47ea         4   data ,g        22
FILE=.\src\r_main.obj
                                  000f47ee  000f48a7        ba
  _g_Tick@1
                                  000f47ee        30   data ,l         3
    struct Tick_s {
                                                  30
      _g_Tick@1.tick1s
                                  000f47ee         4   unsigned long
      _g_Tick@1.tick500ms
                                  000f47f2         4   unsigned long
      _g_Tick@1.tick5s
                                  000f47f6         4   unsigned long
      _g_Tick@1.tickBlink
                                  000f47fa         4   unsigned long
      _g_Tick@1.tickCustom
                                  000f47fe        20   unsigned long
    }
  _g_TickKeeper@2
                                  000f481e        10   data ,l        18
    struct Tick_Keeper_s {
                                                  10
      _g_TickKeeper@2.SV1_ON_minutes
                                  000f481e         4   unsigned long
      _g_TickKeeper@2.SV1_OFF_minutes
                                  000f4822         4   unsigned long
      _g_TickKeeper@2.SV2_ON_minutes
                                  000f4826         4   unsigned long
      _g_TickKeeper@2.SV2_OFF_minutes
                                  000f482a         4   unsigned long
    }
  _g_e_status
                                  000f482e         1   data ,g         0
    union  EEPROM_status_u {
                                                   1
      _g_e_status.refined
                                  000f482e         1
    struct  {
                                                   1
      _g_e_status.refined.RB
                                  000f482e         1   unsigned char:1(7)
      _g_e_status.refined.WEN
                                  000f482e         1   unsigned char:1(6)
      _g_e_status.refined.BP
                                  000f482e         1   unsigned char:2(4)
      _g_e_status.refined.RSVD
                                  000f482e         1   unsigned char:3(1)
      _g_e_status.refined.WPEN
                                  000f482e         1   unsigned char:1(0)
    }
      _g_e_status.raw
                                  000f482e         1   unsigned char
    }
  _flow_p
                                  000f482f         1   data ,g         1
  _salt_h_p
                                  000f4830         1   data ,g         0
  _g_eeprom_wren
                                  000f4831         1   data ,g         0
  _receive_data
                                  000f4832         2   data ,g         0
  _receive_setting
                                  000f4834        22   data ,g         0
    struct Number_Setting_s {
                                                  22
      _receive_setting.upperVoltage1
                                  000f4834         4   float
      _receive_setting.upperVoltage2
                                  000f4838         4   float
      _receive_setting.upperVoltage3
                                  000f483c         4   float
      _receive_setting.lowerVoltage
                                  000f4840         4   float
      _receive_setting.upperCurrent
                                  000f4844         4   float
      _receive_setting.lowerCurrent
                                  000f4848         4   float
      _receive_setting.upperFlow
                                  000f484c         4   float
      _receive_setting.lowerFlow
                                  000f4850         4   float
      _receive_setting.crc
                                  000f4854         1   char
    }
  _set
                                  000f4856         1   data ,g         0
    union  EEPROM_status_u {
                                                   1
      _set.refined
                                  000f4856         1
    struct  {
                                                   1
      _set.refined.RB
                                  000f4856         1   unsigned char:1(7)
      _set.refined.WEN
                                  000f4856         1   unsigned char:1(6)
      _set.refined.BP
                                  000f4856         1   unsigned char:2(4)
      _set.refined.RSVD
                                  000f4856         1   unsigned char:3(1)
      _set.refined.WPEN
                                  000f4856         1   unsigned char:1(0)
    }
      _set.raw
                                  000f4856         1   unsigned char
    }
  _rx_data
                                  000f4858         c   data ,g         0
  _data_f
                                  000f4864         4   data ,g         0
  _data_f_test
                                  000f4868         4   data ,g         0
    union  byte_to_float {
                                                   4
      _data_f_test.refined
                                  000f4868         4
    struct  {
                                                   4
      _data_f_test.refined.b
                                  000f4868         4   unsigned char
    }
      _data_f_test.raw
                                  000f4868         4   float
    }
  _g_control_buffer
                                  000f486c         6   data ,g         5
    struct UART_Buffer_s {
                                                   6
      _g_control_buffer.head
                                  000f486c         1   unsigned char
      _g_control_buffer.set_number
                                  000f486d         1   unsigned char
      _g_control_buffer.set_value
                                  000f486e         4   unsigned long
    }
  _this_size
                                  000f4872         1   data ,g         1
  _rec_buf
                                  000f4873         c   data ,g         2
  _g_crc
                                  000f487f         8   data ,g         2
  _g_crc_32
                                  000f4888        20   data ,g         0

SECTION=.dataR
FILE=.\src\main.obj
                                  000f48a8  000f48f2        4b
  _g_timerSetting
                                  000f48a8        46   data ,g        4e
    struct Timer_Setting_s {
                                                  46
      _g_timerSetting.t2_flowSensorStartTime
                                  000f48a8         4   unsigned long
      _g_timerSetting.t3_flowSensorMonitorTime
                                  000f48ac         4   unsigned long
      _g_timerSetting.t6_drainageOffTime
                                  000f48b0         4   unsigned long
      _g_timerSetting.t11_overVoltage1Time
                                  000f48b4         4   unsigned long
      _g_timerSetting.t12_overVoltage2Time
                                  000f48b8         4   unsigned long
      _g_timerSetting.t13_overVoltage3Time
                                  000f48bc         4   unsigned long
      _g_timerSetting.t14_lowVoltageStartTime
                                  000f48c0         4   unsigned long
      _g_timerSetting.t15_lowVoltageDelayTime
                                  000f48c4         4   unsigned long
      _g_timerSetting.t17_solenoidLeakageStartTime
                                  000f48c8         4   unsigned long
      _g_timerSetting.t51
                                  000f48cc         4   unsigned long
      _g_timerSetting.t52
                                  000f48d0         4   unsigned long
      _g_timerSetting.t53
                                  000f48d4         4   unsigned long
      _g_timerSetting.t54
                                  000f48d8         4   unsigned long
      _g_timerSetting.t56
                                  000f48dc         4   unsigned long
      _g_timerSetting.t59
                                  000f48e0         4   unsigned long
      _g_timerSetting.t61
                                  000f48e4         4   unsigned long
      _g_timerSetting.t62
                                  000f48e8         4   unsigned long
      _g_timerSetting.crc
                                  000f48ec         1   char
    }
  _g_neutralization_time
                                  000f48ee         4   data ,g         8
  _g_electrolytic_flag
                                  000f48f2         1   data ,g         2
FILE=.\src\r_main.obj
                                  000f48f4  000f4921        2e
  _g_error
                                  000f48f4         2   data ,g         0
  _g_adc_ch
                                  000f48f6         2   data ,g         0
  _led_st
                                  000f48f8         1   data ,g         2
  _e_send
                                  000f48f9         c   data ,g         0
  _e_data
                                  000f4905         c   data ,g         0
  _send_data
                                  000f4911         2   data ,g         0
  _send_buf
                                  000f4913         7   data ,g         2
  _data_crc
                                  000f491a         8   data ,g         0

Absolute value symbols
FILE=rlink_generates_05
  __s.text
                                  00000152         0   none ,g         0
  __e.text
                                  0000046c         0   none ,g         0
  __s.textf
                                  0000046c         0   none ,g         0
  __e.textf
                                  00001f46         0   none ,g         0
  __s.const
                                  00003000         0   none ,g         0
  __e.const
                                  00003502         0   none ,g         0
  __s.constf
                                  00000080         0   none ,g         0
  __e.constf
                                  00000080         0   none ,g         0
  __s.data
                                  000000d8         0   none ,g         0
  __e.data
                                  00000152         0   none ,g         0
  __s.sdata
                                  00000080         0   none ,g         0
  __e.sdata
                                  00000080         0   none ,g         0
  __s.bss
                                  000f4700         0   none ,g         0
  __e.bss
                                  000f48a8         0   none ,g         0
  __s.sbss
                                  000ffe20         0   none ,g         0
  __e.sbss
                                  000ffe20         0   none ,g         0
  __s.dataR
                                  000f48a8         0   none ,g         0
  __e.dataR
                                  000f4922         0   none ,g         0
  __s.sdataR
                                  000ffe20         0   none ,g         0
  __e.sdataR
                                  000ffe20         0   none ,g         0
  __s.RLIB
                                  00001f46         0   none ,g         0
  __e.RLIB
                                  0000244f         0   none ,g         0
  __s.SLIB
                                  000000c4         0   none ,g         0
  __e.SLIB
                                  000000c4         0   none ,g         0
  __s.option_byte
                                  000000c0         0   none ,g         0
  __e.option_byte
                                  000000c4         0   none ,g         0
  __s.monitor1
                                  000000ce         0   none ,g         0
  __e.monitor1
                                  000000d8         0   none ,g         0
  __s.monitor2
                                  0007fe00         0   none ,g         0
  __e.monitor2
                                  00080000         0   none ,g         0
  __s.security_id
                                  000000c4         0   none ,g         0
  __e.security_id
                                  000000ce         0   none ,g         0
  __s.vect
                                  00000000         0   none ,g         0
  __e.vect
                                  00000080         0   none ,g         0
  __RAM_ADDR_START
                                  000f3f00         0   none ,g         0
  __RAM_ADDR_END
                                  000ffee0         0   none ,g         0
  __STACK_ADDR_START
                                  000ffe20         0   none ,g         1
  __STACK_ADDR_END
                                  000f4922         0   none ,g         1

*** Unfilled Areas ***

AREA                                START    END

*** Delete Symbols ***

SYMBOL                                SIZE    INFO

*** Variable Vector Table List ***

ADDRESS  SYMBOL/ADDRESS
00       _start
02       ffff
04       _r_wdt_interrupt@1
06       
08       
0a       
0c       
0e       
10       
12       
14       _r_uart2_interrupt_send@1
16       _r_uart2_interrupt_receive@1
18       
1a       
1c       
1e       _r_csi00_interrupt@1
20       _r_csi01_interrupt@1
22       
24       _r_uart1_interrupt_send@1
26       _r_uart1_interrupt_receive@1
28       
2a       
2c       _r_tau0_channel0_interrupt@1
2e       _r_tau0_channel1_interrupt@1
30       _r_tau0_channel2_interrupt@1
32       
34       _r_adc_interrupt@1
36       
38       
3a       
3c       _r_uart3_interrupt_send@1
3e       _r_uart3_interrupt_receive@1
40       
42       
44       
46       
48       
4a       
4c       
4e       
50       
52       
54       
56       
58       
5a       
5c       
5e       
60       
62       
64       
66       
68       
6a       
6c       
6e       
70       
72       
74       
76       
78       
7a       
7c       
7e       

*** Cross Reference List ***

No   Unit Name   Global.Symbol   Location External Infomation
---- ----------- --------------- -------- ---------------------
0001 cstart
     SECTION=.text
                 _start
                                 00000152
                 _exit
                                 000001aa 0001(000001ab:.text)
     SECTION=.textf
     SECTION=.const
     SECTION=.constf
     SECTION=.data
     SECTION=.sdata
     SECTION=.bss
     SECTION=.sbss
     SECTION=.dataR
     SECTION=.sdataR
     SECTION=.RLIB
     SECTION=.SLIB
     SECTION=.dataR
     SECTION=.sdataR
0002 stkinit
     SECTION=.textf
                 _stkinit
                                 0000046c 0001(0000015a:.text)
0003 EEPROM
     SECTION=.textf
                 _EEPROM_Init
                                 000004b0 0024(00001bb8:.textf)
                 _rEE_Status
                                 000004db 0003(00000592:.textf)
                 _sEE_WriteEnable
                                 000004f6 0003(00000560:.textf)
                                          0003(00000620:.textf)
                 _sEE_WriteDisable
                                 00000508
                 _EE_SPI_Write
                                 0000051a
                 _EE_SPI_Read
                                 00000574
                 _sEE_Block
                                 000005cc
                 _sEE_SendInstruction
                                 000005dd
                 _sEE_SendReceiveInstruction
                                 000005e0
                 _EE_TransmitData
                                 000005e4 0003(000004ed:.textf)
                                          0003(00000504:.textf)
                                          0003(00000516:.textf)
                                          0003(0000056f:.textf)
                                          0003(000005a7:.textf)
                                          0003(000005df:.textf)
                                          0003(000005e3:.textf)
                                          0003(00000627:.textf)
                 _sEE_WriteStatusRegister
                                 00000610 0003(000004d9:.textf)
                                          0003(000005dc:.textf)
     SECTION=.bss
                 _eeprom_status
                                 000f4700 0003(000004cf:.textf)
                                          0003(000004d4:.textf)
                                          0003(000004f2:.textf)
                                          0003(0000053a:.textf)
                                          0003(00000595:.textf)
                                          0003(000005d4:.textf)
                                          0003(000005d9:.textf)
                                          0003(00000612:.textf)
                 _spi_flag
                                 000f4702 0003(000004c3:.textf)
                                          0003(000005e5:.textf)
                                          0003(00000603:.textf)
     SECTION=.const
0004 crc32
     SECTION=.textf
                 _xcrc32
                                 0000062b
                 _CRC32
                                 00000679
     SECTION=.const
                 _crc32_table
                                 00003002 0004(0000064b:.textf)
                                          0004(00000696:.textf)
0005 crc8
     SECTION=.textf
                 _crc8_4
                                 000006ca 0024(00001d6f:.textf)
                 _crc8_1
                                 0000070d 0024(00001c35:.textf)
                                          0024(00001d63:.textf)
                                          0024(00001d7b:.textf)
     SECTION=.const
0006 interrupt_handle
     SECTION=.textf
                 _adc_int_handle
                                 0000072a 0009(000001b7:.text)
     SECTION=.bss
                 _g_adc_value
                                 000f4704 0006(00000733:.textf)
                                          0006(0000073a:.textf)
                                          0006(0000076c:.textf)
                                          0006(00000773:.textf)
0007 main
     SECTION=.textf
                 _handSensorLED
                                 000007a6 0007(00000f53:.textf)
                                          0007(00000f7b:.textf)
                                          0007(00000f92:.textf)
                                          0007(00000fc0:.textf)
                                          0007(00001005:.textf)
                                          0007(00001053:.textf)
                                          0007(00001085:.textf)
                                          0007(000010cf:.textf)
                                          0007(00001102:.textf)
                                          0007(0000114c:.textf)
                                          0007(000011aa:.textf)
                                          0007(000011db:.textf)
                                          0024(00001dbf:.textf)
                 _setting_default
                                 000007d6 0024(00001bbc:.textf)
                 _sendToRasPi
                                 00000871 0007(000009a2:.textf)
                                          0007(000009e8:.textf)
                                          0007(00000a31:.textf)
                                          0007(00000ae1:.textf)
                                          0007(00000ba2:.textf)
                                          0007(00000c85:.textf)
                                          0007(00000cfb:.textf)
                                          0007(00000d80:.textf)
                                          0007(00000ddd:.textf)
                                          0007(00000e68:.textf)
                                          0007(00000e79:.textf)
                                          0007(00000e8b:.textf)
                                          0007(00000ec7:.textf)
                                          0007(00000f06:.textf)
                 _InitialOperationModeStart
                                 000008a4 0007(000011df:.textf)
                 _FlowSensorCheck
                                 00000902 0007(000009c2:.textf)
                 _WaterSupplyOperation
                                 000009a7 0007(000011e2:.textf)
                 _Voltage1Check
                                 000009f2 0007(00000da0:.textf)
                 _Voltage2Check
                                 00000a4d 0007(00000da6:.textf)
                 _Voltage3Check
                                 00000b01 0007(00000da9:.textf)
                 _LowVoltageCheck
                                 00000bbe 0007(00000daf:.textf)
                 _OverCurrentCheck
                                 00000ca1 0007(00000db5:.textf)
                 _ElectrolyticOperation
                                 00000d9c 0007(000011e5:.textf)
                 _solenoidCheck
                                 00000df5
                 _saltWaterTankFullCheck
                                 00000e6b
                 _saltWaterTankEmptyCheck
                                 00000e7e
                 _acidWaterTankSkipCheck
                                 00000e8e
                 _alkalineWaterTankSkipCheck
                                 00000ec9
                 _OpenSV1
                                 00000f08
                 _CloseSV1
                                 00000f0c
                 _OpenSV2
                                 00000f10
                 _CloseSV2
                                 00000f14
                 _FilterReplacementCheck
                                 00000f18
                 _ElectrolyzeWaterGeneration
                                 00000f1a 0007(000011e8:.textf)
                 _WaterWashingMode
                                 00000f40 0007(000011eb:.textf)
                 _HandWashingMode
                                 00000f7d
                 _AcidWaterMode
                                 00001057
                 _AlkalineWaterMode
                                 000010d4
                 _nostop_CallanCleaningMode
                                 00001151
                 _main_20211111
                                 000011de
                 _main_20211111_while
                                 000011e7
                 _electrolyticOperationON
                                 000011ed 0007(00000bc1:.textf)
                                          0007(00000d9d:.textf)
                                          0007(00000f3e:.textf)
                 _electrolyticOperationOFF
                                 00001214 0007(00000a34:.textf)
                                          0007(00000ba5:.textf)
                                          0007(00000c88:.textf)
                                          0007(00000d83:.textf)
                                          0007(00000dd3:.textf)
                                          0007(00000de0:.textf)
                                          0007(00000e7c:.textf)
                                          0007(00000f3b:.textf)
                 _measureFlowSensor
                                 0000122e 0007(00000912:.textf)
     SECTION=.bss
                 _g_numberSetting
                                 000f474a 0007(000007da:.textf)
                                          0007(000007e0:.textf)
                                          0007(000007e3:.textf)
                                          0007(000007e6:.textf)
                                          0007(000007ec:.textf)
                                          0007(000007f2:.textf)
                                          0007(000007f5:.textf)
                                          0007(000007f8:.textf)
                                          0007(000007fe:.textf)
                                          0007(00000801:.textf)
                                          0007(00000805:.textf)
                                          0007(00000808:.textf)
                                          0007(0000080c:.textf)
                                          0007(0000080f:.textf)
                                          0007(00000836:.textf)
                                          0007(0000083c:.textf)
                                          0007(00000920:.textf)
                                          0007(00000926:.textf)
                                          0007(00000959:.textf)
                                          0007(0000095f:.textf)
                                          0007(000009f5:.textf)
                                          0007(000009f9:.textf)
                                          0007(00000a66:.textf)
                                          0007(00000a6c:.textf)
                                          0007(00000b1a:.textf)
                                          0007(00000b20:.textf)
                                          0007(00000bf6:.textf)
                                          0007(00000bfc:.textf)
                                          0007(00000ca4:.textf)
                                          0007(00000ca8:.textf)
                                          0007(00000cbe:.textf)
                                          0007(00000cc1:.textf)
                                          0007(00000cfe:.textf)
                                          0007(00000d04:.textf)
                 _g_color
                                 000f476c 0007(000007a7:.textf)
                                          0007(000007d0:.textf)
                                          0007(00000f4d:.textf)
                                          0007(00000f76:.textf)
                                          0007(00000f8c:.textf)
                                          0007(00000fb9:.textf)
                                          0007(00000fff:.textf)
                                          0007(0000104e:.textf)
                                          0007(0000107e:.textf)
                                          0007(000010c9:.textf)
                                          0007(000010fb:.textf)
                                          0007(00001146:.textf)
                                          0007(0000119e:.textf)
                                          0007(000011a7:.textf)
                                          0007(000011d7:.textf)
                                          0024(00001bf7:.textf)
                                          0024(00001d8b:.textf)
                                          0024(00001d91:.textf)
                                          0024(00001d95:.textf)
                                          0024(00001dbc:.textf)
                 _g_pre_color
                                 000f476d 0007(000007aa:.textf)
                                          0007(000007d3:.textf)
                                          0024(00001bfa:.textf)
                                          0024(00001d98:.textf)
                 _g_cvcc_current
                                 000f476e 0006(00000799:.textf)
                                          0006(0000079d:.textf)
                                          0007(00000cac:.textf)
                                          0007(00000cb2:.textf)
                                          0007(00000d0a:.textf)
                                          0007(00000d10:.textf)
                 _g_cvcc_voltge
                                 000f4772 0006(00000760:.textf)
                                          0006(00000764:.textf)
                                          0007(000009fd:.textf)
                                          0007(00000a03:.textf)
                                          0007(00000a72:.textf)
                                          0007(00000a78:.textf)
                                          0007(00000ac7:.textf)
                                          0007(00000aca:.textf)
                                          0007(00000b25:.textf)
                                          0007(00000b2a:.textf)
                                          0007(00000c01:.textf)
                                          0007(00000c06:.textf)
                 _g_alarm
                                 000f4776
                 _g_flow_value
                                 000f4778 0007(00000917:.textf)
                                          0007(0000091d:.textf)
                                          0007(000009ce:.textf)
                                          0007(000009d1:.textf)
                                          0007(00000e0f:.textf)
                                          0007(00000e12:.textf)
     SECTION=.dataR
                 _g_timerSetting
                                 000f48a8 0007(00000812:.textf)
                                          0007(00000815:.textf)
                                          0007(00000818:.textf)
                                          0007(0000081b:.textf)
                                          0007(0000081e:.textf)
                                          0007(00000821:.textf)
                                          0007(00000824:.textf)
                                          0007(00000827:.textf)
                                          0007(0000082a:.textf)
                                          0007(0000082d:.textf)
                                          0007(00000830:.textf)
                                          0007(00000842:.textf)
                                          0007(00000848:.textf)
                                          0007(0000084b:.textf)
                                          0007(0000084e:.textf)
                                          0007(00000851:.textf)
                                          0007(00000857:.textf)
                                          0007(0000085d:.textf)
                                          0007(00000860:.textf)
                                          0007(00000866:.textf)
                                          0007(0000086a:.textf)
                                          0007(0000086e:.textf)
                                          0007(000009bf:.textf)
                                          0007(00000a53:.textf)
                                          0007(00000a5b:.textf)
                                          0007(00000ab2:.textf)
                                          0007(00000abc:.textf)
                                          0007(00000b07:.textf)
                                          0007(00000b0f:.textf)
                                          0007(00000bd5:.textf)
                                          0007(00000bdb:.textf)
                                          0007(00000be3:.textf)
                                          0007(00000beb:.textf)
                                          0007(00000df8:.textf)
                                          0007(00000e04:.textf)
                                          0007(00000e3e:.textf)
                                          0007(00000e4a:.textf)
                                          0007(00000fa3:.textf)
                                          0007(00000fa6:.textf)
                                          0007(00000faa:.textf)
                                          0007(00000fb0:.textf)
                                          0007(00000fd1:.textf)
                                          0007(00000fd4:.textf)
                                          0007(00000fe9:.textf)
                                          0007(00000fec:.textf)
                                          0007(00000ff0:.textf)
                                          0007(00000ff6:.textf)
                                          0007(0000100b:.textf)
                                          0007(0000100e:.textf)
                                          0007(00001023:.textf)
                                          0007(00001026:.textf)
                                          0007(0000102a:.textf)
                                          0007(00001030:.textf)
                                          0007(000010a1:.textf)
                                          0007(000010a8:.textf)
                                          0007(0000111e:.textf)
                                          0007(00001125:.textf)
                                          0007(00001152:.textf)
                                          0007(00001155:.textf)
                                          0007(000011ad:.textf)
                                          0007(000011b9:.textf)
                                          0019(00001a4f:.textf)
                                          0019(00001a52:.textf)
                                          0019(00001a59:.textf)
                                          0019(00001a5c:.textf)
                                          0024(00001c32:.textf)
                                          0024(00001c39:.textf)
                                          0024(00001c3f:.textf)
                                          0024(00001d45:.textf)
                                          0024(00001d48:.textf)
                                          0024(00001d4b:.textf)
                                          0024(00001d4f:.textf)
                                          0024(00001d55:.textf)
                                          0024(00001d5b:.textf)
                                          0024(00001d60:.textf)
                                          0024(00001d67:.textf)
                                          0024(00001d6c:.textf)
                                          0024(00001d78:.textf)
                 _g_neutralization_time
                                 000f48ee 0007(00000bca:.textf)
                                          0007(00000bd2:.textf)
                                          0007(000011fa:.textf)
                                          0007(000011fd:.textf)
                                          0007(0000120d:.textf)
                                          0007(00001211:.textf)
                                          0007(00001216:.textf)
                                          0007(00001219:.textf)
                 _g_electrolytic_flag
                                 000f48f2 0007(000011f7:.textf)
                                          0007(0000122b:.textf)
     SECTION=.data
0008 r_cg_adc
     SECTION=.textf
                 _R_ADC_Create
                                 000012ca 0024(00001e09:.textf)
                                          0025(00001e2f:.textf)
                 _R_ADC_Start
                                 000012fd 0006(000007a3:.textf)
                                          0024(00001e11:.textf)
                 _R_ADC_Stop
                                 00001307
                 _R_ADC_Set_OperationOn
                                 00001311 0024(00001e0d:.textf)
                 _R_ADC_Set_OperationOff
                                 00001315
                 _R_ADC_Get_Result
                                 00001319 0006(00000736:.textf)
                                          0006(0000076f:.textf)
                 _R_ADC_Set_ADChannel
                                 00001320
0009 r_cg_adc_user
     SECTION=.text
0010 r_cg_cgc
     SECTION=.textf
                 _R_CGC_Create
                                 0000132c 0025(00001e1f:.textf)
0011 r_cg_cgc_user
     SECTION=.textf
                 _R_CGC_Get_ResetSource
                                 00001342 0025(00001e1b:.textf)
0012 r_cg_dac
     SECTION=.textf
                 _R_DAC_Create
                                 00001345 0025(00001e3f:.textf)
                 _R_DAC0_Start
                                 00001362
                 _R_DAC0_Stop
                                 00001366
                 _R_DAC0_Set_ConversionValue
                                 0000136a
                 _R_DAC1_Start
                                 0000136d
                 _R_DAC1_Stop
                                 00001371
                 _R_DAC1_Set_ConversionValue
                                 00001375
0013 r_cg_dac_user
0014 r_cg_port
     SECTION=.textf
                 _R_PORT_Create
                                 00001378 0025(00001e23:.textf)
0015 r_cg_port_user
     SECTION=.textf
                 _R_PORT_Create_UserInit
                                 000013c0 0024(00001de9:.textf)
0016 r_cg_rtc
     SECTION=.textf
                 _R_RTC_Create
                                 000013c1 0024(00001de5:.textf)
                                          0025(00001e3b:.textf)
                 _R_RTC_Start
                                 000013e8 0024(00001bdc:.textf)
                 _R_RTC_Stop
                                 000013ec
                 _R_RTC_Get_CounterValue
                                 000013f0
                 _R_RTC_Set_CounterValue
                                 00001441 0024(00001bd6:.textf)
0017 r_cg_rtc_user
     SECTION=.bss
                 _g_rtc
                                 000f477c 0024(00001bc0:.textf)
                                          0024(00001bc4:.textf)
                                          0024(00001bcf:.textf)
0018 r_cg_serial
     SECTION=.textf
                 _R_CSI01_Receive
                                 000014ff
                 _R_CSI01_Send
                                 00001519
                 _R_SAU0_Create
                                 0000153f 0024(00001dd1:.textf)
                                          0025(00001e27:.textf)
                 _R_UART1_Create
                                 00001556 0018(0000154e:.textf)
                                          0024(00001dd9:.textf)
                 _R_UART1_Start
                                 000015d4 0024(00001dfd:.textf)
                 _R_UART1_Stop
                                 000015fa
                 _R_UART1_Receive
                                 00001618
                 _R_UART1_Send
                                 00001630
                 _R_CSI00_Create
                                 00001659 0018(00001551:.textf)
                                          0024(00001df1:.textf)
                 _R_CSI00_Start
                                 000016ac 0024(00001e05:.textf)
                 _R_CSI00_Stop
                                 000016d2
                 _R_CSI00_Send
                                 000016ea
                 _R_CSI01_Create
                                 00001712 0003(000004b3:.textf)
                                          0018(00001554:.textf)
                                          0024(00001ded:.textf)
                 _R_CSI01_Start
                                 0000176c 0003(000005f0:.textf)
                 _R_CSI01_Stop
                                 00001792 0019(00001a25:.textf)
                 _R_CSI01_Send_Receive
                                 000017aa 0003(000005ff:.textf)
                 _R_SAU1_Create
                                 000017e0 0024(00001dd5:.textf)
                                          0025(00001e2b:.textf)
                 _R_UART2_Create
                                 000017f4 0018(000017ef:.textf)
                                          0024(00001ddd:.textf)
                 _R_UART2_Start
                                 00001872 0024(00001c84:.textf)
                                          0024(00001e01:.textf)
                 _R_UART2_Stop
                                 00001898 0024(00001c78:.textf)
                 _R_UART2_Receive
                                 000018b6 0019(00001a34:.textf)
                                          0024(00001be6:.textf)
                 _R_UART2_Send
                                 000018ce 0007(00000897:.textf)
                                          0019(000019f9:.textf)
                                          0024(00001c12:.textf)
                                          0024(00001c42:.textf)
                 _R_UART3_Create
                                 000018f7 0018(000017f2:.textf)
                                          0024(00001de1:.textf)
                 _R_UART3_Start
                                 0000196d 0024(00001df9:.textf)
                 _R_UART3_Stop
                                 00001993
                 _R_UART3_Receive
                                 000019b1 0019(00001a6f:.textf)
                                          0024(00001bf3:.textf)
                 _R_UART3_Send
                                 000019c9 0024(00001dae:.textf)
     SECTION=.bss
                 _gp_uart1_tx_address
                                 000f4784 0018(0000163f:.textf)
                                          0018(00001648:.textf)
                                          0018(00001650:.textf)
                                          0019(00000247:.text)
                                          0019(0000024f:.text)
                 _g_uart1_tx_count
                                 000f4786 0018(00001643:.textf)
                                          0018(00001653:.textf)
                                          0019(00000230:.text)
                                          0019(00000252:.text)
                 _gp_uart1_rx_address
                                 000f4788 0018(0000162c:.textf)
                                          0019(000001fb:.text)
                                          0019(000001ff:.text)
                 _g_uart1_rx_count
                                 000f478a 0018(00001624:.textf)
                                          0019(000001f3:.text)
                                          0019(00000202:.text)
                                          0019(00000208:.text)
                 _g_uart1_rx_length
                                 000f478c 0018(00001628:.textf)
                                          0019(000001f0:.text)
                                          0019(00000205:.text)
                 _gp_csi00_rx_address
                                 000f478e
                 _g_csi00_rx_length
                                 000f4790
                 _g_csi00_rx_count
                                 000f4792
                 _gp_csi00_tx_address
                                 000f4794 0018(00001530:.textf)
                                          0018(000016fc:.textf)
                                          0018(00001701:.textf)
                                          0018(00001709:.textf)
                                          0019(00000290:.text)
                                          0019(00000298:.text)
                 _g_csi00_send_length
                                 000f4796
                 _g_csi00_tx_count
                                 000f4798 0018(000016f8:.textf)
                                          0018(0000170c:.textf)
                                          0019(00000283:.text)
                                          0019(0000029b:.text)
                 _gp_csi01_rx_address
                                 000f479a 0018(00001512:.textf)
                                          0018(000017be:.textf)
                                          0019(000002d4:.text)
                                          0019(000002ee:.text)
                                          0019(000002fe:.text)
                 _g_csi01_rx_length
                                 000f479c 0018(0000150a:.textf)
                 _g_csi01_rx_count
                                 000f479e 0018(0000150e:.textf)
                 _gp_csi01_tx_address
                                 000f47a0 0018(0000152b:.textf)
                                          0018(00001536:.textf)
                                          0018(000017ba:.textf)
                                          0018(000017c4:.textf)
                                          0018(000017d6:.textf)
                                          0019(00000301:.text)
                                          0019(00000312:.text)
                 _g_csi01_send_length
                                 000f47a2
                 _g_csi01_tx_count
                                 000f47a4 0018(00001527:.textf)
                                          0018(00001539:.textf)
                                          0018(000017b6:.textf)
                                          0018(000017d9:.textf)
                                          0019(000002c7:.text)
                                          0019(000002ce:.text)
                                          0019(00000315:.text)
                 _gp_uart2_tx_address
                                 000f47a6 0018(000018dd:.textf)
                                          0018(000018e6:.textf)
                                          0018(000018ee:.textf)
                                          0019(000003a5:.text)
                                          0019(000003ad:.text)
                 _g_uart2_tx_count
                                 000f47a8 0018(000018e1:.textf)
                                          0018(000018f1:.textf)
                                          0019(0000038e:.text)
                                          0019(000003b0:.text)
                 _gp_uart2_rx_address
                                 000f47aa 0018(000018ca:.textf)
                                          0019(00000359:.text)
                                          0019(0000035d:.text)
                 _g_uart2_rx_count
                                 000f47ac 0018(000018c2:.textf)
                                          0019(00000351:.text)
                                          0019(00000360:.text)
[...]
                                          0024(00001c72:.textf)
                                          0024(00001c88:.textf)
                 _g_uart3_sendend
                                 000f47e5 0019(00001a74:.textf)
                                          0024(00001da0:.textf)
                                          0024(00001db4:.textf)
     SECTION=.text
0020 r_cg_timer
     SECTION=.textf
                 _R_TAU0_Create
                                 00001a78 0024(00001dcd:.textf)
                                          0025(00001e33:.textf)
                 _R_TAU0_Channel0_Start
                                 00001b25 0024(00001df5:.textf)
                 _R_TAU0_Channel0_Stop
                                 00001b35
                 _R_TAU0_Channel1_Start
                                 00001b45
                 _R_TAU0_Channel1_Stop
                                 00001b55
                 _R_TAU0_Channel2_Start
                                 00001b65
                 _R_TAU0_Channel2_Stop
                                 00001b75
0021 r_cg_timer_user
     SECTION=.bss
                 _timer0_ch0_flag
                                 000f47e6 0021(0000045a:.text)
                 _timer0_ch1_flag
                                 000f47e7 0021(00000461:.text)
                 _timer0_ch2_flag
                                 000f47e8 0021(00000466:.text)
                 _g_systemTime
                                 000f47ea 0007(00000bc4:.textf)
                                          0007(00000bc7:.textf)
                                          0007(0000105a:.textf)
                                          0007(0000105f:.textf)
                                          0007(0000108d:.textf)
                                          0007(00001093:.textf)
                                          0007(000010d7:.textf)
                                          0007(000010dc:.textf)
                                          0007(0000110a:.textf)
                                          0007(00001110:.textf)
                                          0007(00001174:.textf)
                                          0007(0000117d:.textf)
                                          0007(00001206:.textf)
                                          0007(00001209:.textf)
                                          0007(00001233:.textf)
                                          0007(00001238:.textf)
                                          0021(00000448:.text)
                                          0021(00000450:.text)
                                          0021(00000453:.text)
                                          0021(00000457:.text)
                                          0026(00001e51:.textf)
                                          0026(00001e56:.textf)
                                          0026(00001e85:.textf)
                                          0026(00001e8c:.textf)
                                          0026(00001e93:.textf)
                                          0026(00001e9b:.textf)
                                          0026(00001ed0:.textf)
                                          0026(00001ed5:.textf)
                                          0026(00001ef1:.textf)
                                          0026(00001ef7:.textf)
                                          0026(00001f0a:.textf)
                                          0026(00001f0f:.textf)
                                          0026(00001f38:.textf)
                                          0026(00001f3e:.textf)
     SECTION=.text
0022 r_cg_wdt
     SECTION=.textf
                 _R_WDT_Create
                                 00001b85 0025(00001e37:.textf)
                 _R_WDT_Restart
                                 00001b96 0007(000008e9:.textf)
                                          0007(00000a44:.textf)
                                          0007(00000ae4:.textf)
                                          0007(00000b6a:.textf)
                                          0007(00000bb5:.textf)
                                          0007(00000c46:.textf)
                                          0007(00000c4f:.textf)
                                          0007(00000c98:.textf)
                                          0007(00000d4c:.textf)
                                          0007(00000d93:.textf)
                                          0007(00000df0:.textf)
                                          0007(00000f60:.textf)
                                          0007(00001043:.textf)
                                          0007(000010b0:.textf)
                                          0007(0000112d:.textf)
                                          0007(00001289:.textf)
                                          0024(00001c1d:.textf)
                                          0024(00001c4d:.textf)
                                          0024(00001dc3:.textf)
                                          0026(00001ec2:.textf)
0023 r_cg_wdt_user
     SECTION=.text
0024 r_main
     SECTION=.textf
                 _readHS
                                 00001b9a 0007(00000f42:.textf)
                                          0007(00000f59:.textf)
                                          0007(00000f7f:.textf)
                                          0007(0000103c:.textf)
                                          0007(00001064:.textf)
                                          0007(00001088:.textf)
                                          0007(000010e1:.textf)
                                          0007(00001105:.textf)
                                          0024(00001d82:.textf)
                 _main
                                 00001baf 0001(000001a6:.text)
                 _R_MAIN_UserInit
                                 00001dc9 0024(00001bb1:.textf)
     SECTION=.bss
                 _g_e_status
                                 000f482e
                 _flow_p
                                 000f482f 0024(00001c93:.textf)
                 _salt_h_p
                                 000f4830
                 _g_eeprom_wren
                                 000f4831
                 _receive_data
                                 000f4832
                 _receive_setting
                                 000f4834
                 _set
                                 000f4856
                 _rx_data
                                 000f4858
                 _data_f
                                 000f4864
                 _data_f_test
                                 000f4868
                 _g_control_buffer
                                 000f486c 0007(0000087b:.textf)
                                          0007(0000087f:.textf)
                                          0007(00000889:.textf)
                                          0007(0000088e:.textf)
                                          0007(00000894:.textf)
                 _this_size
                                 000f4872 0024(00001bfe:.textf)
                 _rec_buf
                                 000f4873 0019(00001a6c:.textf)
                                          0024(00001bf0:.textf)
                 _g_crc
                                 000f487f 0024(00001d73:.textf)
                                          0024(00001d7f:.textf)
                 _g_crc_32
                                 000f4888
     SECTION=.dataR
                 _g_error
                                 000f48f4
                 _g_adc_ch
                                 000f48f6
                 _led_st
                                 000f48f8 0024(00001d26:.textf)
                                          0024(00001d3e:.textf)
                 _e_send
                                 000f48f9
                 _e_data
                                 000f4905
                 _send_data
                                 000f4911
                 _send_buf
                                 000f4913 0024(00001da5:.textf)
                                          0024(00001dab:.textf)
                 _data_crc
                                 000f491a
     SECTION=.data
0025 r_systeminit
     SECTION=.textf
                 _R_Systeminit
                                 00001e14 0025(00001e4a:.textf)
                 _hdwinit
                                 00001e46 0001(0000015e:.text)
0026 usr_timer
     SECTION=.textf
                 _delay_ms
                                 00001e4b 0007(000009b8:.textf)
                                          0007(00000aad:.textf)
                                          0007(00000b66:.textf)
                                          0007(00000c42:.textf)
                                          0007(00000d48:.textf)
                                          0007(00000e3a:.textf)
                                          0007(00000f9c:.textf)
                                          0007(00000fb5:.textf)
                                          0007(00000fca:.textf)
                                          0007(00000fd7:.textf)
                                          0007(00000fe2:.textf)
                                          0007(00000ffb:.textf)
                                          0007(00001011:.textf)
                                          0007(0000101c:.textf)
                                          0007(00001035:.textf)
                                          0007(00001077:.textf)
                                          0007(000010c2:.textf)
                                          0007(000010f4:.textf)
                                          0007(0000113f:.textf)
                                          0024(00001ba5:.textf)
                                          0024(00001c80:.textf)
                                          0026(00001ebf:.textf)
                 _delay
                                 00001eb3 0007(00000908:.textf)
                                          0007(000009ad:.textf)
                                          0007(000009ef:.textf)
                                          0007(00000f6f:.textf)
                                          0007(00001224:.textf)
                 _ns_delay_ms
                                 00001ecb 0007(00001196:.textf)
                                          0007(000011c9:.textf)
                                          0007(00001251:.textf)
                                          0024(00001c5e:.textf)
                                          0024(00001c9e:.textf)
                                          0024(00001d1e:.textf)
                 _non_block_delay
                                 00001f00
                 _mTask
                                 00001f02
0027 memcpy
     SECTION=.RLIB
                 _memcpy
                                 00001f46 0024(00001bd2:.textf)
0028 memset
     SECTION=.RLIB
                 _memset
                                 00001f57 0003(0000052b:.textf)
                                          0003(00000583:.textf)
0029 _COM_faddsub
     SECTION=.RLIB
                 __COM_fsub
                                 00001fc1
                 __COM_fadd
                                 00001fc9 0007(00001276:.textf)
0030 _COM_fdiv
     SECTION=.RLIB
                 __COM_fdiv
                                 000020ff 0007(000012c4:.textf)
0031 _COM_fge
     SECTION=.RLIB
                 __COM_fge
                                 000021ce 0007(00000980:.textf)
                                          0007(00000a08:.textf)
                                          0007(00000cb7:.textf)
0032 _COM_fgt
     SECTION=.RLIB
                 __COM_fgt
                                 000021e4 0007(00000c29:.textf)
0033 _COM_fle
     SECTION=.RLIB
                 __COM_fle
                                 000021fa 0007(00000944:.textf)
                                          0007(00000ccd:.textf)
                                          0007(00000e22:.textf)
0034 _COM_flt
     SECTION=.RLIB
                 __COM_flt
                                 00002210 0007(00000a94:.textf)
                                          0007(00000b4d:.textf)
                                          0007(00000d28:.textf)
0035 _COM_fmul
     SECTION=.RLIB
                 __COM_fmul
                                 00002271 0006(0000074a:.textf)
                                          0006(00000758:.textf)
                                          0006(00000783:.textf)
                                          0006(00000791:.textf)
                                          0007(000009d4:.textf)
                                          0007(00000a1d:.textf)
                                          0007(00000acd:.textf)
                                          0007(00000b8e:.textf)
                                          0007(00000c71:.textf)
                                          0007(00000ce7:.textf)
                                          0007(00000d6c:.textf)
                                          0007(0000129b:.textf)
                                          0007(000012a9:.textf)
0036 _COM_ftoul
     SECTION=.RLIB
                 __COM_ftoul
                                 00002313 0007(00000877:.textf)
                                          0007(000009da:.textf)
                                          0007(00000a23:.textf)
                                          0007(00000ad3:.textf)
                                          0007(00000b94:.textf)
                                          0007(00000c77:.textf)
                                          0007(00000ced:.textf)
                                          0007(00000d72:.textf)
0037 _COM_funordered
     SECTION=.RLIB
                 __COM_funordered
                                 0000231f 0007(00000931:.textf)
                                          0007(0000096d:.textf)
                                          0007(00000a81:.textf)
                                          0007(00000b3a:.textf)
                                          0007(00000c16:.textf)
                                          0007(00000d15:.textf)
0038 _COM_ultof
     SECTION=.RLIB
                 __COM_ultof
                                 0000232a 0006(0000073e:.textf)
                                          0006(00000777:.textf)
                                          0007(000009de:.textf)
                                          0007(00000a27:.textf)
                                          0007(00000ad7:.textf)
                                          0007(00000b98:.textf)
                                          0007(00000c7b:.textf)
                                          0007(00000cf1:.textf)
                                          0007(00000d76:.textf)
                                          0007(000012b9:.textf)
0039 _REL_fcmp
     SECTION=.RLIB
                 __REL_fcmp
                                 00002330 0031(000021d8:.RLIB)
                                          0032(000021ee:.RLIB)
                                          0033(00002204:.RLIB)
                                          0034(0000221a:.RLIB)
0040 _REL_fordered_core
     SECTION=.RLIB
                 __REL_fordered_core
                                 00002368 0031(000021d1:.RLIB)
                                          0032(000021e7:.RLIB)
                                          0033(000021fd:.RLIB)
                                          0034(00002213:.RLIB)
                                          0037(00002322:.RLIB)
0041 _REL_ftol
     SECTION=.RLIB
                 __REL_ftol
                                 00002384 0036(00002319:.RLIB)
0042 _REL_f_inf
     SECTION=.RLIB
                 __REL_f_inf
                                 000023b9 0029(00002058:.RLIB)
                                          0030(000020e9:.RLIB)
                                          0030(00002189:.RLIB)
                                          0035(00002243:.RLIB)
                                          0035(000022e6:.RLIB)
0043 _REL_f_norm
     SECTION=.RLIB
                 __REL_f_norm
                                 000023c1 0030(000020ca:.RLIB)
                                          0030(000020f5:.RLIB)
                                          0035(00002264:.RLIB)
0044 _REL_f_round
     SECTION=.RLIB
                 __REL_f_round
                                 000023d1 0029(00002065:.RLIB)
                                          0029(0000209d:.RLIB)
                                          0030(000021cb:.RLIB)
                                          0035(000022f3:.RLIB)
0045 _REL_ltof
     SECTION=.RLIB
                 __REL_ltof
                                 000023e4 0038(0000232d:.RLIB)
0046 _COM_lshr
     SECTION=.RLIB
                 __COM_lshr
                                 00002438 0041(000023b0:.RLIB)
0047 rlink_generates_01
     SECTION=.option_byte
0048 rlink_generates_02
     SECTION=.monitor1
     SECTION=.monitor2
0049 rlink_generates_03
     SECTION=.security_id
0050 rlink_generates_04
     SECTION=.vect
0051 rlink_generates_05
     SECTION=
                 __s.vect
                                 00000000
                 __s.constf
                                 00000080
                 __e.constf
                                 00000080
                 __s.sdata
                                 00000080
                 __e.sdata
                                 00000080
                 __e.vect
                                 00000080
                 __s.option_byte
                                 000000c0
                 __s.SLIB
                                 000000c4
                 __e.SLIB
                                 000000c4
                 __e.option_byte
                                 000000c4
                 __s.security_id
                                 000000c4
                 __s.monitor1
                                 000000ce
                 __e.security_id
                                 000000ce
                 __s.data
                                 000000d8
                 __e.monitor1
                                 000000d8
                 __s.text
                                 00000152
                 __e.data
                                 00000152
                 __e.text
                                 0000046c
                 __s.textf
                                 0000046c
                 __e.textf
                                 00001f46
                 __s.RLIB
                                 00001f46
                 __e.RLIB
                                 0000244f
                 __s.const
                                 00003000
                 __e.const
                                 00003502
                 __s.monitor2
                                 0007fe00
                 __e.monitor2
                                 00080000
                 __RAM_ADDR_START
                                 000f3f00
                 __s.bss
                                 000f4700
                 __e.bss
                                 000f48a8
                 __s.dataR
                                 000f48a8
                 __e.dataR
                                 000f4922
                 __STACK_ADDR_END
                                 000f4922 0001(00000157:.text)
                 __s.sbss
                                 000ffe20
                 __e.sbss
                                 000ffe20
                 __s.sdataR
                                 000ffe20
                 __e.sdataR
                                 000ffe20
                 __STACK_ADDR_START
                                 000ffe20 0001(00000154:.text)
                 __RAM_ADDR_END
                                 000ffee0
